--- STDERR:              domain-client-operator tests::test_domain_block_production ---
2023-12-22 14:45:40+00:00 [//Ferdie (Consensus)] 🔨 Initializing Genesis block/state (state: 0x7766…c36a, header-hash: 0x8c9e…5de0)    
2023-12-22 14:45:43+00:00 [//Ferdie (Consensus)] 🏷  Local node identity is: 12D3KooWF77EaZHgmag6uY43XAXZ36UB6edgPNXButSB6rqQhAkK    
2023-12-22 14:45:43+00:00 [//Ferdie (Consensus)] 💻 Operating system: windows    
2023-12-22 14:45:43+00:00 [//Ferdie (Consensus)] 💻 CPU architecture: x86_64    
2023-12-22 14:45:43+00:00 [//Ferdie (Consensus)] 💻 Target environment: msvc    
2023-12-22 14:45:43+00:00 [//Ferdie (Consensus)] 📦 Highest known block at #0    
2023-12-22 14:45:43+00:00 [//Ferdie (Consensus)] Running JSON-RPC server: addr=127.0.0.1:53498, allowed origins=["*"]    
2023-12-22 14:45:49+00:00 [//Alice (DomainId(0))] 🔨 Initializing Genesis block/state (state: 0xab16…2b47, header-hash: 0x7aea…1834)    
2023-12-22 14:45:49+00:00 [//Alice (DomainId(0))] Using default protocol ID "sup" because none is configured in the chain specs    
2023-12-22 14:45:49+00:00 [//Alice (DomainId(0))] 🏷  Local node identity is: 12D3KooWNigS6D2SYds6PiNJwgy59oe23X1jPzv7ubWFhVyDkJZ9    
2023-12-22 14:45:54+00:00 [//Alice (DomainId(0))] 💻 Operating system: windows    
2023-12-22 14:45:54+00:00 [//Alice (DomainId(0))] 💻 CPU architecture: x86_64    
2023-12-22 14:45:54+00:00 [//Alice (DomainId(0))] 💻 Target environment: msvc    
2023-12-22 14:45:54+00:00 [//Alice (DomainId(0))] 📦 Highest known block at #0    
2023-12-22 14:45:54+00:00 [//Alice (DomainId(0))] Running JSON-RPC server: addr=127.0.0.1:53501, allowed origins=["*"]    
2023-12-22 14:45:56+00:00 [//Alice (DomainId(0))] 👷 Running as Operator[0]...
2023-12-22 14:45:56+00:00 [//Alice (DomainId(0))] Starting relayer for chain: Domain(DomainId(0))
2023-12-22 14:45:56+00:00 [//Alice (DomainId(0))] 📦 Claimed bundle at slot 1
2023-12-22 14:45:56+00:00 [//Alice (DomainId(0))] 🔖 Producing bundle at slot Slot(1)
2023-12-22 14:45:56+00:00 [//Alice (DomainId(0))] Submitted bundle from slot 1, extrinsics: 0    
2023-12-22 14:45:56+00:00 [//Alice (DomainId(0))] acknowledgement_sender_stream tag="New slot Slot(1)"
2023-12-22 14:45:56+00:00 [Ferdie] 🎁 Prepared block for proposing at 1 (9 ms) [hash: 0x3910af1ce0e53e974bc37753acb21b44ed085aa781acc4acf5377fb044be7757; parent_hash: 0x8c9e…5de0; extrinsics (2): [0x0ec8…ebc3, 0xf221…d59b]]
2023-12-22 14:45:56+00:00 [//Ferdie (Consensus)] ✨ Imported #1 (0x3910…7757)    
2023-12-22 14:45:56+00:00 [//Alice (DomainId(0))] ✨ Imported #1 (0x1fe8…42d5)    
2023-12-22 14:45:56+00:00 [//Alice (DomainId(0))] Starting transaction listener for Chain: Domain(DomainId(0))
2023-12-22 14:45:56+00:00 [//Alice (DomainId(0))] acknowledgement_sender_stream tag="Import block #1"
2023-12-22 14:45:56+00:00 [Ferdie] 🎁 Prepared block for proposing at 2 (5 ms) [hash: 0xe8bbe1ad59704118bd6c476e6ef1de296cd480c03e4569e827c81f1079cb65d4; parent_hash: 0x3910…7757; extrinsics (1): [0x66e9…4f59]]
2023-12-22 14:45:56+00:00 [//Ferdie (Consensus)] ✨ Imported #2 (0xe8bb…65d4)    
2023-12-22 14:45:56+00:00 [//Alice (DomainId(0))] acknowledgement_sender_stream tag="Import block #2"
2023-12-22 14:45:56+00:00 [//Alice (DomainId(0))] 📦 Claimed bundle at slot 3
2023-12-22 14:45:56+00:00 [//Alice (DomainId(0))] 🔖 Producing bundle at slot Slot(3)
2023-12-22 14:45:56+00:00 [//Alice (DomainId(0))] Submitted bundle from slot 3, extrinsics: 0    
2023-12-22 14:45:56+00:00 [//Alice (DomainId(0))] acknowledgement_sender_stream tag="New slot Slot(3)"
2023-12-22 14:45:56+00:00 [Ferdie] 🎁 Prepared block for proposing at 3 (9 ms) [hash: 0xbacfb7c9e21ced5ea0096141146539b212758ce0161e7dde6e9ff351096490d3; parent_hash: 0xe8bb…65d4; extrinsics (2): [0x1d67…4604, 0x3edc…adc4]]
2023-12-22 14:45:56+00:00 [//Ferdie (Consensus)] ✨ Imported #3 (0xbacf…90d3)    
2023-12-22 14:45:57+00:00 [//Alice (DomainId(0))] acknowledgement_sender_stream tag="Import block #3"
2023-12-22 14:45:57+00:00 [Ferdie] 🎁 Prepared block for proposing at 4 (5 ms) [hash: 0x3f1968d183037613b075ca021bfb520d72310f7cf49f0afe401954f65ad8afdf; parent_hash: 0xbacf…90d3; extrinsics (1): [0x4c2a…3058]]
2023-12-22 14:45:57+00:00 [//Ferdie (Consensus)] ✨ Imported #4 (0x3f19…afdf)    
2023-12-22 14:45:57+00:00 [//Alice (DomainId(0))] ✨ Imported #2 (0xc361…d0dc)    
2023-12-22 14:45:57+00:00 [//Alice (DomainId(0))] acknowledgement_sender_stream tag="Import block #4"
2023-12-22 14:45:57+00:00 [//Alice (DomainId(0))] 📦 Claimed bundle at slot 5
2023-12-22 14:45:57+00:00 [//Alice (DomainId(0))] 🔖 Producing bundle at slot Slot(5)
2023-12-22 14:45:57+00:00 [//Alice (DomainId(0))] Submitted bundle from slot 5, extrinsics: 0    
2023-12-22 14:45:57+00:00 [//Alice (DomainId(0))] acknowledgement_sender_stream tag="New slot Slot(5)"
2023-12-22 14:45:57+00:00 [Ferdie] 🎁 Prepared block for proposing at 5 (9 ms) [hash: 0x201bc4b19095cbb64e2ffc8bd4165c431a1be98a2e490bd634c277a539cfeb27; parent_hash: 0x3f19…afdf; extrinsics (2): [0xc1de…4d60, 0xf500…fa00]]
2023-12-22 14:45:57+00:00 [//Ferdie (Consensus)] ✨ Imported #5 (0x201b…eb27)    
2023-12-22 14:45:57+00:00 [//Alice (DomainId(0))] ✨ Imported #3 (0x5b39…791d)    
2023-12-22 14:45:57+00:00 [//Alice (DomainId(0))] acknowledgement_sender_stream tag="Import block #5"
2023-12-22 14:45:57+00:00 [Ferdie] 🎁 Prepared block for proposing at 6 (5 ms) [hash: 0xb7fb498b47a85cf87c0e094070b49a93ceaa3d2f94b78296b7be33daa9146d3a; parent_hash: 0x201b…eb27; extrinsics (1): [0xf79b…7548]]
2023-12-22 14:45:57+00:00 [//Ferdie (Consensus)] ✨ Imported #6 (0xb7fb…6d3a)    
2023-12-22 14:45:57+00:00 [//Alice (DomainId(0))] acknowledgement_sender_stream tag="Import block #6"
2023-12-22 14:45:57+00:00 [//Alice (DomainId(0))] 📦 Claimed bundle at slot 7
2023-12-22 14:45:57+00:00 [//Alice (DomainId(0))] 🔖 Producing bundle at slot Slot(7)
2023-12-22 14:45:57+00:00 [//Alice (DomainId(0))] Submitted bundle from slot 7, extrinsics: 0    
2023-12-22 14:45:57+00:00 [//Alice (DomainId(0))] acknowledgement_sender_stream tag="New slot Slot(7)"
2023-12-22 14:45:57+00:00 [Ferdie] 🎁 Prepared block for proposing at 7 (9 ms) [hash: 0x77b12bdd001e7411949ff9d4548af52e430bd130b3cfb685ed06174e6f72c3e5; parent_hash: 0xb7fb…6d3a; extrinsics (2): [0xc85b…8515, 0x3add…45a2]]
2023-12-22 14:45:57+00:00 [//Ferdie (Consensus)] ✨ Imported #7 (0x77b1…c3e5)    
2023-12-22 14:45:57+00:00 [//Alice (DomainId(0))] ✨ Imported #4 (0x01eb…e699)    
2023-12-22 14:45:57+00:00 [//Alice (DomainId(0))] acknowledgement_sender_stream tag="Import block #7"
2023-12-22 14:45:57+00:00 [Ferdie] 🎁 Prepared block for proposing at 8 (5 ms) [hash: 0x210634a7036962bf45898431c5c3579a7a3d0f51f30ba02bc14fffe04822d3ef; parent_hash: 0x77b1…c3e5; extrinsics (1): [0x8ab3…de12]]
2023-12-22 14:45:57+00:00 [//Ferdie (Consensus)] ✨ Imported #8 (0x2106…d3ef)    
2023-12-22 14:45:57+00:00 [//Alice (DomainId(0))] acknowledgement_sender_stream tag="Import block #8"
2023-12-22 14:45:57+00:00 [//Alice (DomainId(0))] 📦 Claimed bundle at slot 9
2023-12-22 14:45:57+00:00 [//Alice (DomainId(0))] 🔖 Producing bundle at slot Slot(9)
2023-12-22 14:45:57+00:00 [//Alice (DomainId(0))] Submitted bundle from slot 9, extrinsics: 0    
2023-12-22 14:45:57+00:00 [//Alice (DomainId(0))] acknowledgement_sender_stream tag="New slot Slot(9)"
2023-12-22 14:45:57+00:00 [Ferdie] 🎁 Prepared block for proposing at 9 (9 ms) [hash: 0x0ecddb50d3476e494f0b5a0f82559eb866c1825d9ad3375ab0ee55acfcfe369c; parent_hash: 0x2106…d3ef; extrinsics (2): [0xe73f…947f, 0x9192…5a39]]
2023-12-22 14:45:57+00:00 [//Ferdie (Consensus)] ✨ Imported #9 (0x0ecd…369c)    
2023-12-22 14:45:57+00:00 [//Alice (DomainId(0))] ✨ Imported #5 (0xfbf8…1b17)    
2023-12-22 14:45:57+00:00 [//Alice (DomainId(0))] acknowledgement_sender_stream tag="Import block #9"
2023-12-22 14:45:57+00:00 [Ferdie] 🎁 Prepared block for proposing at 10 (5 ms) [hash: 0x87335e202479879782ad4a26dbc1b7c67c0530d5b45f4a63b2931b3d8e26a60c; parent_hash: 0x0ecd…369c; extrinsics (1): [0x0939…47f1]]
2023-12-22 14:45:57+00:00 [//Ferdie (Consensus)] ✨ Imported #10 (0x8733…a60c)    
2023-12-22 14:45:57+00:00 [//Alice (DomainId(0))] acknowledgement_sender_stream tag="Import block #10"
2023-12-22 14:45:57+00:00 [//Alice (DomainId(0))] 📦 Claimed bundle at slot 11
2023-12-22 14:45:57+00:00 [//Alice (DomainId(0))] 🔖 Producing bundle at slot Slot(11)
2023-12-22 14:45:57+00:00 [//Alice (DomainId(0))] Submitted bundle from slot 11, extrinsics: 0    
2023-12-22 14:45:57+00:00 [//Alice (DomainId(0))] acknowledgement_sender_stream tag="New slot Slot(11)"
2023-12-22 14:45:57+00:00 [Ferdie] 🎁 Prepared block for proposing at 11 (9 ms) [hash: 0x22ded607ea93705aebc69d9372009bc899bf0123a92393cbb16064fbb3ff6651; parent_hash: 0x8733…a60c; extrinsics (2): [0x927b…d7f1, 0xcf2a…fcf4]]
2023-12-22 14:45:57+00:00 [//Ferdie (Consensus)] ✨ Imported #11 (0x22de…6651)    
2023-12-22 14:45:57+00:00 [//Alice (DomainId(0))] ✨ Imported #6 (0x9dd8…13e3)    
2023-12-22 14:45:57+00:00 [//Alice (DomainId(0))] acknowledgement_sender_stream tag="Import block #11"
2023-12-22 14:45:57+00:00 [Ferdie] 🎁 Prepared block for proposing at 12 (6 ms) [hash: 0xf52955f303c3e084411129d10796d32e5100e03c72c2feb79e7b114c8e3cc4e3; parent_hash: 0x22de…6651; extrinsics (1): [0xd6b7…c542]]
2023-12-22 14:45:57+00:00 [//Ferdie (Consensus)] ✨ Imported #12 (0xf529…c4e3)    
2023-12-22 14:45:58+00:00 [//Alice (DomainId(0))] acknowledgement_sender_stream tag="Import block #12"
2023-12-22 14:45:58+00:00 [//Alice (DomainId(0))] 📦 Claimed bundle at slot 13
2023-12-22 14:45:58+00:00 [//Alice (DomainId(0))] 🔖 Producing bundle at slot Slot(13)
2023-12-22 14:45:58+00:00 [//Alice (DomainId(0))] Submitted bundle from slot 13, extrinsics: 0    
2023-12-22 14:45:58+00:00 [//Alice (DomainId(0))] acknowledgement_sender_stream tag="New slot Slot(13)"
2023-12-22 14:45:58+00:00 [Ferdie] 🎁 Prepared block for proposing at 13 (9 ms) [hash: 0x0963f661b7c0ebe95d285b727c88f8d94939176401bc822ec3d4a50b65de9904; parent_hash: 0xf529…c4e3; extrinsics (2): [0xbf52…263b, 0xfffb…487b]]
2023-12-22 14:45:58+00:00 [//Ferdie (Consensus)] ✨ Imported #13 (0x0963…9904)    
2023-12-22 14:45:58+00:00 [//Alice (DomainId(0))] acknowledgement_sender_stream tag="Import block #13"
2023-12-22 14:45:58+00:00 [Ferdie] 🎁 Prepared block for proposing at 14 (5 ms) [hash: 0x2b398b7593dc8fe4ee389b9338646cf527e9894f7044f1cca38a0105217b456f; parent_hash: 0x0963…9904; extrinsics (1): [0xb309…9a82]]
2023-12-22 14:45:58+00:00 [//Alice (DomainId(0))] ✨ Imported #7 (0xe969…0c04)    
2023-12-22 14:45:58+00:00 [//Ferdie (Consensus)] ✨ Imported #14 (0x2b39…456f)    
2023-12-22 14:45:58+00:00 [//Alice (DomainId(0))] acknowledgement_sender_stream tag="Import block #14"
2023-12-22 14:45:58+00:00 [//Alice (DomainId(0))] 📦 Claimed bundle at slot 15
2023-12-22 14:45:58+00:00 [//Alice (DomainId(0))] 🔖 Producing bundle at slot Slot(15)
2023-12-22 14:45:58+00:00 [//Alice (DomainId(0))] Submitted bundle from slot 15, extrinsics: 0    
2023-12-22 14:45:58+00:00 [//Alice (DomainId(0))] acknowledgement_sender_stream tag="New slot Slot(15)"
2023-12-22 14:45:58+00:00 [Ferdie] 🎁 Prepared block for proposing at 15 (8 ms) [hash: 0xf45e17b256e1b5b1c9eeee9fb6e397a8af21cd4943d83cb300dd6895eb4bdd43; parent_hash: 0x2b39…456f; extrinsics (2): [0x8ad6…7df8, 0x49eb…46e6]]
2023-12-22 14:45:58+00:00 [//Ferdie (Consensus)] ✨ Imported #15 (0xf45e…dd43)    
2023-12-22 14:45:58+00:00 [//Alice (DomainId(0))] ✨ Imported #8 (0xf56c…36b7)    
2023-12-22 14:45:58+00:00 [//Alice (DomainId(0))] acknowledgement_sender_stream tag="Import block #15"
2023-12-22 14:45:58+00:00 [Ferdie] 🎁 Prepared block for proposing at 16 (5 ms) [hash: 0xf90df61b564ae16dafce6be2bbc371425dc0d0c85ffe0d9c9729cf6762e49a30; parent_hash: 0xf45e…dd43; extrinsics (1): [0x6241…10ef]]
2023-12-22 14:45:58+00:00 [//Ferdie (Consensus)] ✨ Imported #16 (0xf90d…9a30)    
2023-12-22 14:45:58+00:00 [//Alice (DomainId(0))] acknowledgement_sender_stream tag="Import block #16"
2023-12-22 14:45:58+00:00 [//Alice (DomainId(0))] 📦 Claimed bundle at slot 17
2023-12-22 14:45:58+00:00 [//Alice (DomainId(0))] 🔖 Producing bundle at slot Slot(17)
2023-12-22 14:45:58+00:00 [//Alice (DomainId(0))] Submitted bundle from slot 17, extrinsics: 0    
2023-12-22 14:45:58+00:00 [//Alice (DomainId(0))] acknowledgement_sender_stream tag="New slot Slot(17)"
2023-12-22 14:45:58+00:00 [Ferdie] 🎁 Prepared block for proposing at 17 (9 ms) [hash: 0xdd4d604e6085ac379ae92d47462b4e60ea110ce7aa28605e8f8a3f45db57ac0d; parent_hash: 0xf90d…9a30; extrinsics (2): [0xbc98…ce6f, 0x06e6…a164]]
2023-12-22 14:45:58+00:00 [//Ferdie (Consensus)] ✨ Imported #17 (0xdd4d…ac0d)    
2023-12-22 14:45:58+00:00 [//Alice (DomainId(0))] ✨ Imported #9 (0x7992…b7d2)    
2023-12-22 14:45:58+00:00 [//Alice (DomainId(0))] acknowledgement_sender_stream tag="Import block #17"
2023-12-22 14:45:58+00:00 [Ferdie] 🎁 Prepared block for proposing at 18 (5 ms) [hash: 0xc09a1c911f788b4983ed3b9f92f7b1223ecdabe0d0227cd5782bcd114591ce05; parent_hash: 0xdd4d…ac0d; extrinsics (1): [0xcb96…24d2]]
2023-12-22 14:45:58+00:00 [//Ferdie (Consensus)] ✨ Imported #18 (0xc09a…ce05)    
2023-12-22 14:45:58+00:00 [//Alice (DomainId(0))] acknowledgement_sender_stream tag="Import block #18"
2023-12-22 14:45:58+00:00 [//Alice (DomainId(0))] 📦 Claimed bundle at slot 19
2023-12-22 14:45:58+00:00 [//Alice (DomainId(0))] 🔖 Producing bundle at slot Slot(19)
2023-12-22 14:45:58+00:00 [//Alice (DomainId(0))] Submitted bundle from slot 19, extrinsics: 0    
2023-12-22 14:45:58+00:00 [//Alice (DomainId(0))] acknowledgement_sender_stream tag="New slot Slot(19)"
2023-12-22 14:45:58+00:00 [Ferdie] 🎁 Prepared block for proposing at 19 (9 ms) [hash: 0xb8a17c373beb663ac7cbaf86cd55a34d48435425b3863e1ca00925c0670627ca; parent_hash: 0xc09a…ce05; extrinsics (2): [0x5766…cccf, 0x3fd5…3a91]]
2023-12-22 14:45:58+00:00 [//Ferdie (Consensus)] ✨ Imported #19 (0xb8a1…27ca)    
2023-12-22 14:45:58+00:00 [//Alice (DomainId(0))] ✨ Imported #10 (0x6b9e…812c)    
2023-12-22 14:45:58+00:00 [//Alice (DomainId(0))] acknowledgement_sender_stream tag="Import block #19"
2023-12-22 14:45:58+00:00 [Ferdie] 🎁 Prepared block for proposing at 20 (5 ms) [hash: 0xea0a9336fdf1c2d8844d7df82cdd0e2bd16958a42d46ea145f3d2966764eca16; parent_hash: 0xb8a1…27ca; extrinsics (1): [0x3c21…c06f]]
2023-12-22 14:45:58+00:00 [//Ferdie (Consensus)] ✨ Imported #20 (0xea0a…ca16)    
2023-12-22 14:45:58+00:00 [//Alice (DomainId(0))] acknowledgement_sender_stream tag="Import block #20"
2023-12-22 14:45:58+00:00 [//Alice (DomainId(0))] 📦 Claimed bundle at slot 21
2023-12-22 14:45:58+00:00 [//Alice (DomainId(0))] 🔖 Producing bundle at slot Slot(21)
2023-12-22 14:45:58+00:00 [//Alice (DomainId(0))] Submitted bundle from slot 21, extrinsics: 0    
2023-12-22 14:45:58+00:00 [//Alice (DomainId(0))] acknowledgement_sender_stream tag="New slot Slot(21)"
2023-12-22 14:45:58+00:00 [Ferdie] 🎁 Prepared block for proposing at 21 (9 ms) [hash: 0x89b104bf6fa483662014587bd66c2c23296b94378efa4401505f020f4a9a3e41; parent_hash: 0xea0a…ca16; extrinsics (2): [0x50ff…a8a8, 0x4563…aaca]]
2023-12-22 14:45:58+00:00 [//Ferdie (Consensus)] ✨ Imported #21 (0x89b1…3e41)    
2023-12-22 14:45:58+00:00 [//Alice (DomainId(0))] ✨ Imported #11 (0x0050…9668)    
2023-12-22 14:45:58+00:00 [//Alice (DomainId(0))] acknowledgement_sender_stream tag="Import block #21"
2023-12-22 14:45:58+00:00 [Ferdie] 🎁 Prepared block for proposing at 22 (5 ms) [hash: 0x09880b458736b78807e00a8d77a80c542916314b8a3af8f109d8907c62d6c49f; parent_hash: 0x89b1…3e41; extrinsics (1): [0xcb26…9218]]
2023-12-22 14:45:58+00:00 [//Ferdie (Consensus)] ✨ Imported #22 (0x0988…c49f)    
2023-12-22 14:45:58+00:00 [//Alice (DomainId(0))] acknowledgement_sender_stream tag="Import block #22"
2023-12-22 14:45:58+00:00 [//Alice (DomainId(0))] 📦 Claimed bundle at slot 23
2023-12-22 14:45:58+00:00 [//Alice (DomainId(0))] 🔖 Producing bundle at slot Slot(23)
2023-12-22 14:45:58+00:00 [//Alice (DomainId(0))] Submitted bundle from slot 23, extrinsics: 0    
2023-12-22 14:45:58+00:00 [//Alice (DomainId(0))] acknowledgement_sender_stream tag="New slot Slot(23)"
2023-12-22 14:45:58+00:00 [Ferdie] 🎁 Prepared block for proposing at 23 (9 ms) [hash: 0xa4ec479e129934b2fd1fab75c5958e664715d5e4e903a0328e70a402a55ec281; parent_hash: 0x0988…c49f; extrinsics (2): [0x3b43…3489, 0x8974…bf54]]
2023-12-22 14:45:58+00:00 [//Ferdie (Consensus)] ✨ Imported #23 (0xa4ec…c281)    
2023-12-22 14:45:59+00:00 [//Alice (DomainId(0))] acknowledgement_sender_stream tag="Import block #23"
2023-12-22 14:45:59+00:00 [//Alice (DomainId(0))] ✨ Imported #12 (0x63cb…d8f8)    
2023-12-22 14:45:59+00:00 [Ferdie] 🎁 Prepared block for proposing at 24 (5 ms) [hash: 0x7e011355c2e5b21e47023e60fdebdeafbd8b9c8c89340909a0b25fb710a77b68; parent_hash: 0xa4ec…c281; extrinsics (1): [0xc5da…2165]]
2023-12-22 14:45:59+00:00 [//Ferdie (Consensus)] ✨ Imported #24 (0x7e01…7b68)    
2023-12-22 14:45:59+00:00 [//Alice (DomainId(0))] acknowledgement_sender_stream tag="Import block #24"
2023-12-22 14:45:59+00:00 [//Alice (DomainId(0))] 📦 Claimed bundle at slot 25
2023-12-22 14:45:59+00:00 [//Alice (DomainId(0))] 🔖 Producing bundle at slot Slot(25)
2023-12-22 14:45:59+00:00 [//Alice (DomainId(0))] Submitted bundle from slot 25, extrinsics: 0    
2023-12-22 14:45:59+00:00 [//Alice (DomainId(0))] acknowledgement_sender_stream tag="New slot Slot(25)"
2023-12-22 14:45:59+00:00 [Ferdie] 🎁 Prepared block for proposing at 25 (10 ms) [hash: 0x4d41e5247e50a6d20c05f2023160ba3e1c14444fb0919aeb14c19fc6bbebbb83; parent_hash: 0x7e01…7b68; extrinsics (2): [0xf9cd…e263, 0x2a3d…7f61]]
2023-12-22 14:45:59+00:00 [//Ferdie (Consensus)] ✨ Imported #25 (0x4d41…bb83)    
2023-12-22 14:45:59+00:00 [//Alice (DomainId(0))] ✨ Imported #13 (0xaf05…2d03)    
2023-12-22 14:45:59+00:00 [//Alice (DomainId(0))] acknowledgement_sender_stream tag="Import block #25"
2023-12-22 14:45:59+00:00 [Ferdie] 🎁 Prepared block for proposing at 26 (5 ms) [hash: 0x2aa9c640255f8c3d3255373af7e9f878208224145e8baf19d7a5028602a8d25a; parent_hash: 0x4d41…bb83; extrinsics (1): [0x79db…d8f2]]
2023-12-22 14:45:59+00:00 [//Ferdie (Consensus)] ✨ Imported #26 (0x2aa9…d25a)    
2023-12-22 14:45:59+00:00 [//Alice (DomainId(0))] acknowledgement_sender_stream tag="Import block #26"
2023-12-22 14:45:59+00:00 [//Alice (DomainId(0))] 📦 Claimed bundle at slot 27
2023-12-22 14:45:59+00:00 [//Alice (DomainId(0))] 🔖 Producing bundle at slot Slot(27)
2023-12-22 14:45:59+00:00 [//Alice (DomainId(0))] Submitted bundle from slot 27, extrinsics: 0    
2023-12-22 14:45:59+00:00 [//Alice (DomainId(0))] acknowledgement_sender_stream tag="New slot Slot(27)"
2023-12-22 14:45:59+00:00 [Ferdie] 🎁 Prepared block for proposing at 27 (9 ms) [hash: 0xbbc4b08aaff66425dee0adf020c75f440ede0151768760d9133bcc5c8452781f; parent_hash: 0x2aa9…d25a; extrinsics (2): [0xa68a…42c9, 0xb23b…4984]]
2023-12-22 14:45:59+00:00 [//Ferdie (Consensus)] ✨ Imported #27 (0xbbc4…781f)    
2023-12-22 14:45:59+00:00 [//Alice (DomainId(0))] ✨ Imported #14 (0x9990…d0a7)    
2023-12-22 14:45:59+00:00 [//Alice (DomainId(0))] acknowledgement_sender_stream tag="Import block #27"
2023-12-22 14:45:59+00:00 [Ferdie] 🎁 Prepared block for proposing at 28 (5 ms) [hash: 0xf8f5de7f80e12b9c7331a687a0e5651dc9da61baf24d16a16a78403081725fd6; parent_hash: 0xbbc4…781f; extrinsics (1): [0xb260…9f02]]
2023-12-22 14:45:59+00:00 [//Ferdie (Consensus)] ✨ Imported #28 (0xf8f5…5fd6)    
2023-12-22 14:45:59+00:00 [//Alice (DomainId(0))] acknowledgement_sender_stream tag="Import block #28"
2023-12-22 14:45:59+00:00 [//Alice (DomainId(0))] 📦 Claimed bundle at slot 29
2023-12-22 14:45:59+00:00 [//Alice (DomainId(0))] 🔖 Producing bundle at slot Slot(29)
2023-12-22 14:45:59+00:00 [//Alice (DomainId(0))] Submitted bundle from slot 29, extrinsics: 0    
2023-12-22 14:45:59+00:00 [//Alice (DomainId(0))] acknowledgement_sender_stream tag="New slot Slot(29)"
2023-12-22 14:45:59+00:00 [Ferdie] Timeout fired waiting for transaction pool at #28, proceeding with production.
2023-12-22 14:45:59+00:00 [Ferdie] 🎁 Prepared block for proposing at 29 (9 ms) [hash: 0x89dcfa7e718cff9f9cd7e51dcd31a306bf9eca4b02c3c8c7aff7514f6e4c7888; parent_hash: 0xf8f5…5fd6; extrinsics (2): [0xa765…c948, 0x25ea…a04c]]
2023-12-22 14:45:59+00:00 [//Ferdie (Consensus)] ✨ Imported #29 (0x89dc…7888)    
2023-12-22 14:45:59+00:00 [//Alice (DomainId(0))] ✨ Imported #15 (0x6373…91e9)    
2023-12-22 14:45:59+00:00 [//Alice (DomainId(0))] acknowledgement_sender_stream tag="Import block #29"
2023-12-22 14:45:59+00:00 [Ferdie] 🎁 Prepared block for proposing at 30 (5 ms) [hash: 0xb9f11fd16525117b05d388ec96835f08b755f85e1ab51875d46dc3ca579cb071; parent_hash: 0x89dc…7888; extrinsics (1): [0xdb53…513f]]
2023-12-22 14:45:59+00:00 [//Ferdie (Consensus)] ✨ Imported #30 (0xb9f1…b071)    
2023-12-22 14:45:59+00:00 [//Alice (DomainId(0))] acknowledgement_sender_stream tag="Import block #30"
2023-12-22 14:45:59+00:00 [//Alice (DomainId(0))] 📦 Claimed bundle at slot 31
2023-12-22 14:45:59+00:00 [//Alice (DomainId(0))] 🔖 Producing bundle at slot Slot(31)
2023-12-22 14:45:59+00:00 [//Alice (DomainId(0))] Submitted bundle from slot 31, extrinsics: 0    
2023-12-22 14:45:59+00:00 [//Alice (DomainId(0))] acknowledgement_sender_stream tag="New slot Slot(31)"
2023-12-22 14:45:59+00:00 [Ferdie] Timeout fired waiting for transaction pool at #30, proceeding with production.
2023-12-22 14:45:59+00:00 [Ferdie] 🎁 Prepared block for proposing at 31 (22 ms) [hash: 0xbe29a609d236490bf66b651d0d6f58e1e6549c36c631c8b593b02dfca04a7ea0; parent_hash: 0xb9f1…b071; extrinsics (2): [0x8df6…5390, 0x2221…b7c6]]
2023-12-22 14:45:59+00:00 [//Ferdie (Consensus)] ✨ Imported #31 (0xbe29…7ea0)    
2023-12-22 14:45:59+00:00 [//Alice (DomainId(0))] ✨ Imported #16 (0x662f…7f14)    
2023-12-22 14:45:59+00:00 [//Alice (DomainId(0))] 💤 Idle (0 peers), best: #16 (0x662f…7f14), finalized #0 (0x7aea…1834), ⬇ 0 ⬆ 0    
2023-12-22 14:45:59+00:00 [//Alice (DomainId(0))] acknowledgement_sender_stream tag="Import block #31"
2023-12-22 14:45:59+00:00 [Ferdie] 🎁 Prepared block for proposing at 32 (5 ms) [hash: 0x69835b787fe094f783ebeec56adaa15b36944f37e1f292728f3c6627a3b0ef5c; parent_hash: 0xbe29…7ea0; extrinsics (1): [0xab42…dfd1]]
2023-12-22 14:45:59+00:00 [//Ferdie (Consensus)] ✨ Imported #32 (0x6983…ef5c)    
2023-12-22 14:45:59+00:00 [//Alice (DomainId(0))] acknowledgement_sender_stream tag="Import block #32"
2023-12-22 14:45:59+00:00 [//Alice (DomainId(0))] 📦 Claimed bundle at slot 33
2023-12-22 14:45:59+00:00 [//Alice (DomainId(0))] 🔖 Producing bundle at slot Slot(33)
2023-12-22 14:45:59+00:00 [//Alice (DomainId(0))] Submitted bundle from slot 33, extrinsics: 0    
2023-12-22 14:45:59+00:00 [//Alice (DomainId(0))] acknowledgement_sender_stream tag="New slot Slot(33)"
2023-12-22 14:45:59+00:00 [Ferdie] 🎁 Prepared block for proposing at 33 (9 ms) [hash: 0xdb19cff23a59386421f7efe98e16a211589093da90a3285ad9f1c3233c1470e2; parent_hash: 0x6983…ef5c; extrinsics (2): [0xd12c…63b3, 0x89e4…6698]]
2023-12-22 14:45:59+00:00 [//Ferdie (Consensus)] ✨ Imported #33 (0xdb19…70e2)    
2023-12-22 14:45:59+00:00 [//Alice (DomainId(0))] ✨ Imported #17 (0xb360…0709)    
2023-12-22 14:45:59+00:00 [//Alice (DomainId(0))] acknowledgement_sender_stream tag="Import block #33"
2023-12-22 14:45:59+00:00 [Ferdie] 🎁 Prepared block for proposing at 34 (5 ms) [hash: 0x81b09701e2f05938deaa52fe4b1b910a86fe96696b1489e0a8990461100352d4; parent_hash: 0xdb19…70e2; extrinsics (1): [0xa2f3…a1cc]]
2023-12-22 14:45:59+00:00 [//Ferdie (Consensus)] ✨ Imported #34 (0x81b0…52d4)    
2023-12-22 14:46:00+00:00 [//Alice (DomainId(0))] acknowledgement_sender_stream tag="Import block #34"
2023-12-22 14:46:00+00:00 [//Alice (DomainId(0))] 📦 Claimed bundle at slot 35
2023-12-22 14:46:00+00:00 [//Alice (DomainId(0))] 🔖 Producing bundle at slot Slot(35)
2023-12-22 14:46:00+00:00 [//Alice (DomainId(0))] Submitted bundle from slot 35, extrinsics: 0    
2023-12-22 14:46:00+00:00 [//Alice (DomainId(0))] acknowledgement_sender_stream tag="New slot Slot(35)"
2023-12-22 14:46:00+00:00 [Ferdie] 🎁 Prepared block for proposing at 35 (9 ms) [hash: 0xc9c0b0bb2bffd32d004ae49f7b895397167622557126fc255dd3469b56375f27; parent_hash: 0x81b0…52d4; extrinsics (2): [0x4d73…398f, 0xa206…e3df]]
2023-12-22 14:46:00+00:00 [//Ferdie (Consensus)] ✨ Imported #35 (0xc9c0…5f27)    
2023-12-22 14:46:00+00:00 [//Alice (DomainId(0))] ✨ Imported #18 (0xe3e1…268c)    
2023-12-22 14:46:00+00:00 [//Alice (DomainId(0))] acknowledgement_sender_stream tag="Import block #35"
2023-12-22 14:46:00+00:00 [Ferdie] 🎁 Prepared block for proposing at 36 (5 ms) [hash: 0x572a771cce9b61e7288733d2218c73cb18e1f23c4141f9b4aaf83dd3b5dcf8d4; parent_hash: 0xc9c0…5f27; extrinsics (1): [0xbfbc…f89d]]
2023-12-22 14:46:00+00:00 [//Ferdie (Consensus)] ✨ Imported #36 (0x572a…f8d4)    
2023-12-22 14:46:00+00:00 [//Alice (DomainId(0))] acknowledgement_sender_stream tag="Import block #36"
2023-12-22 14:46:00+00:00 [//Alice (DomainId(0))] 📦 Claimed bundle at slot 37
2023-12-22 14:46:00+00:00 [//Alice (DomainId(0))] 🔖 Producing bundle at slot Slot(37)
2023-12-22 14:46:00+00:00 [//Alice (DomainId(0))] Submitted bundle from slot 37, extrinsics: 0    
2023-12-22 14:46:00+00:00 [//Alice (DomainId(0))] acknowledgement_sender_stream tag="New slot Slot(37)"
2023-12-22 14:46:00+00:00 [Ferdie] 🎁 Prepared block for proposing at 37 (9 ms) [hash: 0xcdd047cde664f3a778acf27f0dfcc3a100083dd1e174ada23dde465ff8211cd0; parent_hash: 0x572a…f8d4; extrinsics (2): [0xe985…013d, 0xa2af…3866]]
2023-12-22 14:46:00+00:00 [//Ferdie (Consensus)] ✨ Imported #37 (0xcdd0…1cd0)    
2023-12-22 14:46:00+00:00 [//Alice (DomainId(0))] ✨ Imported #19 (0xf7b7…6841)    
2023-12-22 14:46:00+00:00 [//Alice (DomainId(0))] acknowledgement_sender_stream tag="Import block #37"
2023-12-22 14:46:00+00:00 [Ferdie] 🎁 Prepared block for proposing at 38 (5 ms) [hash: 0x6c4f55b0b0791ac5c33eaaf3ee8b7379240a48533c9ce7f236a558023a3eb9c8; parent_hash: 0xcdd0…1cd0; extrinsics (1): [0xeb31…7fd7]]
2023-12-22 14:46:00+00:00 [//Ferdie (Consensus)] ✨ Imported #38 (0x6c4f…b9c8)    
2023-12-22 14:46:00+00:00 [//Alice (DomainId(0))] acknowledgement_sender_stream tag="Import block #38"
2023-12-22 14:46:00+00:00 [//Alice (DomainId(0))] 📦 Claimed bundle at slot 39
2023-12-22 14:46:00+00:00 [//Alice (DomainId(0))] 🔖 Producing bundle at slot Slot(39)
2023-12-22 14:46:00+00:00 [//Alice (DomainId(0))] Submitted bundle from slot 39, extrinsics: 0    
2023-12-22 14:46:00+00:00 [//Alice (DomainId(0))] acknowledgement_sender_stream tag="New slot Slot(39)"
2023-12-22 14:46:00+00:00 [Ferdie] 🎁 Prepared block for proposing at 39 (9 ms) [hash: 0xf0906a454d7ca5dad2e21709c56fabfd5703a060c07fef38762a8d20cb5cab82; parent_hash: 0x6c4f…b9c8; extrinsics (2): [0xa53b…07c4, 0xb3f1…81b6]]
2023-12-22 14:46:00+00:00 [//Ferdie (Consensus)] ✨ Imported #39 (0xf090…ab82)    
2023-12-22 14:46:00+00:00 [//Alice (DomainId(0))] acknowledgement_sender_stream tag="Import block #39"
2023-12-22 14:46:00+00:00 [//Alice (DomainId(0))] ✨ Imported #20 (0x443b…b7fc)    
2023-12-22 14:46:00+00:00 [Ferdie] 🎁 Prepared block for proposing at 40 (5 ms) [hash: 0x777a8ce1844bba432c32ec0c14d58e95ae9d280ce448d6bc396500ee22e9b7c6; parent_hash: 0xf090…ab82; extrinsics (1): [0xfaf0…38d4]]
2023-12-22 14:46:00+00:00 [//Ferdie (Consensus)] ✨ Imported #40 (0x777a…b7c6)    
2023-12-22 14:46:00+00:00 [//Alice (DomainId(0))] acknowledgement_sender_stream tag="Import block #40"
2023-12-22 14:46:00+00:00 [//Alice (DomainId(0))] 📦 Claimed bundle at slot 41
2023-12-22 14:46:00+00:00 [//Alice (DomainId(0))] 🔖 Producing bundle at slot Slot(41)
2023-12-22 14:46:00+00:00 [//Alice (DomainId(0))] Submitted bundle from slot 41, extrinsics: 0    
2023-12-22 14:46:00+00:00 [//Alice (DomainId(0))] acknowledgement_sender_stream tag="New slot Slot(41)"
2023-12-22 14:46:00+00:00 [Ferdie] 🎁 Prepared block for proposing at 41 (9 ms) [hash: 0x075e8992e831a816e71d2aeedbc9452cc8a5b933e8318e831ed11ff092cff28d; parent_hash: 0x777a…b7c6; extrinsics (2): [0x3a22…f414, 0x9bd2…31d2]]
2023-12-22 14:46:00+00:00 [//Ferdie (Consensus)] ✨ Imported #41 (0x075e…f28d)    
2023-12-22 14:46:00+00:00 [//Alice (DomainId(0))] acknowledgement_sender_stream tag="Import block #41"
2023-12-22 14:46:00+00:00 [//Alice (DomainId(0))] ✨ Imported #21 (0x47af…2561)    
2023-12-22 14:46:00+00:00 [Ferdie] 🎁 Prepared block for proposing at 42 (5 ms) [hash: 0x51303aa71403b87d5341c0da3d7807f94cb58a51d9275fb339669991f0d6e917; parent_hash: 0x075e…f28d; extrinsics (1): [0x1534…9586]]
2023-12-22 14:46:00+00:00 [//Ferdie (Consensus)] ✨ Imported #42 (0x5130…e917)    
2023-12-22 14:46:01+00:00 [//Alice (DomainId(0))] acknowledgement_sender_stream tag="Import block #42"
2023-12-22 14:46:01+00:00 [//Alice (DomainId(0))] 📦 Claimed bundle at slot 43
2023-12-22 14:46:01+00:00 [//Alice (DomainId(0))] 🔖 Producing bundle at slot Slot(43)
2023-12-22 14:46:01+00:00 [//Alice (DomainId(0))] Submitted bundle from slot 43, extrinsics: 0    
2023-12-22 14:46:01+00:00 [//Alice (DomainId(0))] acknowledgement_sender_stream tag="New slot Slot(43)"
2023-12-22 14:46:01+00:00 [Ferdie] 🎁 Prepared block for proposing at 43 (9 ms) [hash: 0xb0069f2e10fd1d5b0f431d50efb2051bef568d5478aeb81668319f2ef6895ad6; parent_hash: 0x5130…e917; extrinsics (2): [0x28ad…2205, 0x23e8…163e]]
2023-12-22 14:46:01+00:00 [//Ferdie (Consensus)] ✨ Imported #43 (0xb006…5ad6)    
2023-12-22 14:46:01+00:00 [//Alice (DomainId(0))] ✨ Imported #22 (0xa8f8…5ad8)    
2023-12-22 14:46:01+00:00 [//Alice (DomainId(0))] acknowledgement_sender_stream tag="Import block #43"
2023-12-22 14:46:01+00:00 [Ferdie] 🎁 Prepared block for proposing at 44 (5 ms) [hash: 0x5ee1513f0b17ac8aaa70dc18ecbe3742d72f3a38cfddc34b757951e2f09beb21; parent_hash: 0xb006…5ad6; extrinsics (1): [0x2310…7005]]
2023-12-22 14:46:01+00:00 [//Ferdie (Consensus)] ✨ Imported #44 (0x5ee1…eb21)    
2023-12-22 14:46:01+00:00 [//Alice (DomainId(0))] acknowledgement_sender_stream tag="Import block #44"
2023-12-22 14:46:01+00:00 [//Alice (DomainId(0))] 📦 Claimed bundle at slot 45
2023-12-22 14:46:01+00:00 [//Alice (DomainId(0))] 🔖 Producing bundle at slot Slot(45)
2023-12-22 14:46:01+00:00 [//Alice (DomainId(0))] Submitted bundle from slot 45, extrinsics: 0    
2023-12-22 14:46:01+00:00 [//Alice (DomainId(0))] acknowledgement_sender_stream tag="New slot Slot(45)"
2023-12-22 14:46:01+00:00 [Ferdie] 🎁 Prepared block for proposing at 45 (9 ms) [hash: 0x074d4ae02f1c1e03ab8d4823da35fb5bafa4656e85c8612997d1a2c76d573a75; parent_hash: 0x5ee1…eb21; extrinsics (2): [0xe797…7e88, 0x2abb…adbf]]
2023-12-22 14:46:01+00:00 [//Ferdie (Consensus)] ✨ Imported #45 (0x074d…3a75)    
2023-12-22 14:46:01+00:00 [//Alice (DomainId(0))] ✨ Imported #23 (0xd912…42fd)    
2023-12-22 14:46:01+00:00 [//Alice (DomainId(0))] acknowledgement_sender_stream tag="Import block #45"
2023-12-22 14:46:01+00:00 [Ferdie] 🎁 Prepared block for proposing at 46 (5 ms) [hash: 0xfc61dc3868ab0c3715093896d964e20921f054267515f9046ee6c7e9e3a6cd42; parent_hash: 0x074d…3a75; extrinsics (1): [0xd587…0cab]]
2023-12-22 14:46:01+00:00 [//Ferdie (Consensus)] ✨ Imported #46 (0xfc61…cd42)    
2023-12-22 14:46:01+00:00 [//Alice (DomainId(0))] acknowledgement_sender_stream tag="Import block #46"
2023-12-22 14:46:01+00:00 [//Alice (DomainId(0))] 📦 Claimed bundle at slot 47
2023-12-22 14:46:01+00:00 [//Alice (DomainId(0))] 🔖 Producing bundle at slot Slot(47)
2023-12-22 14:46:01+00:00 [//Alice (DomainId(0))] Submitted bundle from slot 47, extrinsics: 0    
2023-12-22 14:46:01+00:00 [//Alice (DomainId(0))] acknowledgement_sender_stream tag="New slot Slot(47)"
2023-12-22 14:46:01+00:00 [Ferdie] 🎁 Prepared block for proposing at 47 (9 ms) [hash: 0x5dc6766fd4426f13e91fe9fad5e531e1c5c4999167067f59882922a143b2927d; parent_hash: 0xfc61…cd42; extrinsics (2): [0x0bc7…6325, 0x08a2…aae2]]
2023-12-22 14:46:01+00:00 [//Ferdie (Consensus)] ✨ Imported #47 (0x5dc6…927d)    
2023-12-22 14:46:01+00:00 [//Alice (DomainId(0))] ✨ Imported #24 (0x4523…87b8)    
2023-12-22 14:46:01+00:00 [//Alice (DomainId(0))] acknowledgement_sender_stream tag="Import block #47"
2023-12-22 14:46:01+00:00 [Ferdie] 🎁 Prepared block for proposing at 48 (5 ms) [hash: 0x1b79f4db6a36281f93909c3f793af5a1819b3eda557b8855e6ed504fe5bc0833; parent_hash: 0x5dc6…927d; extrinsics (1): [0x6676…11e1]]
2023-12-22 14:46:01+00:00 [//Ferdie (Consensus)] ✨ Imported #48 (0x1b79…0833)    
2023-12-22 14:46:01+00:00 [//Alice (DomainId(0))] acknowledgement_sender_stream tag="Import block #48"
2023-12-22 14:46:01+00:00 [//Alice (DomainId(0))] 📦 Claimed bundle at slot 49
2023-12-22 14:46:01+00:00 [//Alice (DomainId(0))] 🔖 Producing bundle at slot Slot(49)
2023-12-22 14:46:01+00:00 [//Alice (DomainId(0))] Submitted bundle from slot 49, extrinsics: 0    
2023-12-22 14:46:01+00:00 [//Alice (DomainId(0))] acknowledgement_sender_stream tag="New slot Slot(49)"
2023-12-22 14:46:01+00:00 [Ferdie] 🎁 Prepared block for proposing at 49 (11 ms) [hash: 0xccf431a610224406bab7fe7954082cc6309723879da984468230635b4bddc15b; parent_hash: 0x1b79…0833; extrinsics (2): [0x38b1…313d, 0xbe5b…e116]]
2023-12-22 14:46:01+00:00 [//Ferdie (Consensus)] ✨ Imported #49 (0xccf4…c15b)    
2023-12-22 14:46:01+00:00 [//Alice (DomainId(0))] ✨ Imported #25 (0xec82…c387)    
2023-12-22 14:46:01+00:00 [//Alice (DomainId(0))] acknowledgement_sender_stream tag="Import block #49"
2023-12-22 14:46:01+00:00 [Ferdie] 🎁 Prepared block for proposing at 50 (5 ms) [hash: 0x263af45f9605f92d15b8b8b03f3ea88f1d547e13df0d76f3e3cc25bd38ba1dc8; parent_hash: 0xccf4…c15b; extrinsics (1): [0x9353…529c]]
2023-12-22 14:46:01+00:00 [//Ferdie (Consensus)] ✨ Imported #50 (0x263a…1dc8)    
2023-12-22 14:46:01+00:00 [//Alice (DomainId(0))] acknowledgement_sender_stream tag="Import block #50"
2023-12-22 14:46:01+00:00 [//Alice (DomainId(0))] 📦 Claimed bundle at slot 51
2023-12-22 14:46:01+00:00 [//Alice (DomainId(0))] 🔖 Producing bundle at slot Slot(51)
2023-12-22 14:46:01+00:00 [//Alice (DomainId(0))] Submitted bundle from slot 51, extrinsics: 0    
2023-12-22 14:46:01+00:00 [//Alice (DomainId(0))] acknowledgement_sender_stream tag="New slot Slot(51)"
2023-12-22 14:46:01+00:00 [Ferdie] 🎁 Prepared block for proposing at 51 (9 ms) [hash: 0x555dfc63615a8f5522a5512b3497a27c53d486923b07080d1ae3234487f0d260; parent_hash: 0x263a…1dc8; extrinsics (2): [0x4618…7049, 0x2441…56c2]]
2023-12-22 14:46:01+00:00 [//Ferdie (Consensus)] ✨ Imported #51 (0x555d…d260)    
2023-12-22 14:46:01+00:00 [//Alice (DomainId(0))] ✨ Imported #26 (0xfc43…4ba3)    
2023-12-22 14:46:01+00:00 [//Alice (DomainId(0))] acknowledgement_sender_stream tag="Import block #51"
2023-12-22 14:46:01+00:00 [Ferdie] 🎁 Prepared block for proposing at 52 (5 ms) [hash: 0x432ca6f8595a9a870fa2b79c1b485477185ce215e1962ca990635b6ef84be371; parent_hash: 0x555d…d260; extrinsics (1): [0x4f19…040f]]
2023-12-22 14:46:01+00:00 [//Ferdie (Consensus)] ✨ Imported #52 (0x432c…e371)    
2023-12-22 14:46:01+00:00 [//Alice (DomainId(0))] acknowledgement_sender_stream tag="Import block #52"
2023-12-22 14:46:01+00:00 [//Alice (DomainId(0))] 📦 Claimed bundle at slot 53
2023-12-22 14:46:01+00:00 [//Alice (DomainId(0))] 🔖 Producing bundle at slot Slot(53)
2023-12-22 14:46:01+00:00 [//Alice (DomainId(0))] Submitted bundle from slot 53, extrinsics: 0    
2023-12-22 14:46:01+00:00 [//Alice (DomainId(0))] acknowledgement_sender_stream tag="New slot Slot(53)"
2023-12-22 14:46:01+00:00 [Ferdie] 🎁 Prepared block for proposing at 53 (9 ms) [hash: 0x74eacc9c7b922ab7cb2317110dcbefd04bf3853fb5b1e1a1f6a4cfe968965524; parent_hash: 0x432c…e371; extrinsics (2): [0x1bfa…9f86, 0x5b06…9186]]
2023-12-22 14:46:01+00:00 [//Ferdie (Consensus)] ✨ Imported #53 (0x74ea…5524)    
2023-12-22 14:46:01+00:00 [//Alice (DomainId(0))] ✨ Imported #27 (0xe5e3…116a)    
2023-12-22 14:46:01+00:00 [//Alice (DomainId(0))] acknowledgement_sender_stream tag="Import block #53"
2023-12-22 14:46:01+00:00 [Ferdie] 🎁 Prepared block for proposing at 54 (6 ms) [hash: 0x4a61718e1d8fcf8e80796fdcddef0caf8c38152f65e4af12ddb82daafb0036de; parent_hash: 0x74ea…5524; extrinsics (1): [0x1da5…293a]]
2023-12-22 14:46:01+00:00 [//Ferdie (Consensus)] ✨ Imported #54 (0x4a61…36de)    
2023-12-22 14:46:01+00:00 [//Alice (DomainId(0))] acknowledgement_sender_stream tag="Import block #54"
2023-12-22 14:46:01+00:00 [//Alice (DomainId(0))] 📦 Claimed bundle at slot 55
2023-12-22 14:46:01+00:00 [//Alice (DomainId(0))] 🔖 Producing bundle at slot Slot(55)
2023-12-22 14:46:02+00:00 [//Alice (DomainId(0))] Submitted bundle from slot 55, extrinsics: 0    
2023-12-22 14:46:02+00:00 [//Alice (DomainId(0))] acknowledgement_sender_stream tag="New slot Slot(55)"
2023-12-22 14:46:02+00:00 [Ferdie] 🎁 Prepared block for proposing at 55 (10 ms) [hash: 0x40b4e15caa1da99d15e7d3182d3f9af8087d69ee9c9b7635f13063f98f2b9e3e; parent_hash: 0x4a61…36de; extrinsics (2): [0xe92d…bf8b, 0xc6db…0195]]
2023-12-22 14:46:02+00:00 [//Ferdie (Consensus)] ✨ Imported #55 (0x40b4…9e3e)    
2023-12-22 14:46:02+00:00 [//Alice (DomainId(0))] ✨ Imported #28 (0x412d…0867)    
2023-12-22 14:46:02+00:00 [//Alice (DomainId(0))] acknowledgement_sender_stream tag="Import block #55"
2023-12-22 14:46:02+00:00 [Ferdie] 🎁 Prepared block for proposing at 56 (5 ms) [hash: 0xcdd677ebac2b7a8124d8bb35cd27bedd3256f499fed66195e7c466ed0391142b; parent_hash: 0x40b4…9e3e; extrinsics (1): [0x2811…29dc]]
2023-12-22 14:46:02+00:00 [//Ferdie (Consensus)] ✨ Imported #56 (0xcdd6…142b)    
2023-12-22 14:46:02+00:00 [//Alice (DomainId(0))] acknowledgement_sender_stream tag="Import block #56"
2023-12-22 14:46:02+00:00 [//Alice (DomainId(0))] 📦 Claimed bundle at slot 57
2023-12-22 14:46:02+00:00 [//Alice (DomainId(0))] 🔖 Producing bundle at slot Slot(57)
2023-12-22 14:46:02+00:00 [//Alice (DomainId(0))] Submitted bundle from slot 57, extrinsics: 0    
2023-12-22 14:46:02+00:00 [//Alice (DomainId(0))] acknowledgement_sender_stream tag="New slot Slot(57)"
2023-12-22 14:46:02+00:00 [Ferdie] 🎁 Prepared block for proposing at 57 (9 ms) [hash: 0x60d9607d8a05fe1ec9aca8b6b11b4450f8d4ed481adebe8e37456788b6969274; parent_hash: 0xcdd6…142b; extrinsics (2): [0xffbc…8710, 0xe658…4ba1]]
2023-12-22 14:46:02+00:00 [//Ferdie (Consensus)] ✨ Imported #57 (0x60d9…9274)    
2023-12-22 14:46:02+00:00 [//Alice (DomainId(0))] ✨ Imported #29 (0xfe99…23c8)    
2023-12-22 14:46:02+00:00 [//Alice (DomainId(0))] acknowledgement_sender_stream tag="Import block #57"
2023-12-22 14:46:02+00:00 [Ferdie] 🎁 Prepared block for proposing at 58 (5 ms) [hash: 0xd5ad998abf1feae7aaaa7addc54002394086f625731c5003b68467f242dce11b; parent_hash: 0x60d9…9274; extrinsics (1): [0x7101…c8f9]]
2023-12-22 14:46:02+00:00 [//Ferdie (Consensus)] ✨ Imported #58 (0xd5ad…e11b)    
2023-12-22 14:46:02+00:00 [//Alice (DomainId(0))] acknowledgement_sender_stream tag="Import block #58"
2023-12-22 14:46:02+00:00 [//Alice (DomainId(0))] 📦 Claimed bundle at slot 59
2023-12-22 14:46:02+00:00 [//Alice (DomainId(0))] 🔖 Producing bundle at slot Slot(59)
2023-12-22 14:46:02+00:00 [//Alice (DomainId(0))] Submitted bundle from slot 59, extrinsics: 0    
2023-12-22 14:46:02+00:00 [//Alice (DomainId(0))] acknowledgement_sender_stream tag="New slot Slot(59)"
2023-12-22 14:46:02+00:00 [Ferdie] 🎁 Prepared block for proposing at 59 (9 ms) [hash: 0x50e1199c1122a7ffd154a8e2006224acc1156acb9859e72fcb853e3d2fc80388; parent_hash: 0xd5ad…e11b; extrinsics (2): [0xdd2a…7396, 0x97a2…5df8]]
2023-12-22 14:46:02+00:00 [//Ferdie (Consensus)] ✨ Imported #59 (0x50e1…0388)    
2023-12-22 14:46:02+00:00 [//Alice (DomainId(0))] ✨ Imported #30 (0xd36c…c5a8)    
2023-12-22 14:46:02+00:00 [//Alice (DomainId(0))] acknowledgement_sender_stream tag="Import block #59"
2023-12-22 14:46:02+00:00 [Ferdie] 🎁 Prepared block for proposing at 60 (5 ms) [hash: 0x49a7b43f63df1f510e9ac0d86ad0897a42d14931d860e8aebcf523c43995b8e5; parent_hash: 0x50e1…0388; extrinsics (1): [0x50b4…52fc]]
2023-12-22 14:46:02+00:00 [//Ferdie (Consensus)] ✨ Imported #60 (0x49a7…b8e5)    
2023-12-22 14:46:02+00:00 [//Alice (DomainId(0))] acknowledgement_sender_stream tag="Import block #60"
2023-12-22 14:46:02+00:00 [//Alice (DomainId(0))] 📦 Claimed bundle at slot 61
2023-12-22 14:46:02+00:00 [//Alice (DomainId(0))] 🔖 Producing bundle at slot Slot(61)
2023-12-22 14:46:02+00:00 [//Alice (DomainId(0))] Submitted bundle from slot 61, extrinsics: 0    
2023-12-22 14:46:02+00:00 [//Alice (DomainId(0))] acknowledgement_sender_stream tag="New slot Slot(61)"
2023-12-22 14:46:02+00:00 [Ferdie] 🎁 Prepared block for proposing at 61 (9 ms) [hash: 0x00ead073a6655497938ebda6ebaff6d397d43413a455f2dc09455edeb3f708c3; parent_hash: 0x49a7…b8e5; extrinsics (2): [0x3321…f9c6, 0x2c70…2aad]]
2023-12-22 14:46:02+00:00 [//Ferdie (Consensus)] ✨ Imported #61 (0x00ea…08c3)    
2023-12-22 14:46:02+00:00 [//Alice (DomainId(0))] ✨ Imported #31 (0xc613…ee46)    
2023-12-22 14:46:02+00:00 [//Alice (DomainId(0))] acknowledgement_sender_stream tag="Import block #61"
2023-12-22 14:46:02+00:00 [Ferdie] 🎁 Prepared block for proposing at 62 (5 ms) [hash: 0xbbc33fb2d374b516e356e55609a706d9890983d9661902174de6751775b16cac; parent_hash: 0x00ea…08c3; extrinsics (1): [0xb53a…a189]]
2023-12-22 14:46:02+00:00 [//Ferdie (Consensus)] ✨ Imported #62 (0xbbc3…6cac)    
2023-12-22 14:46:02+00:00 [//Alice (DomainId(0))] acknowledgement_sender_stream tag="Import block #62"
2023-12-22 14:46:02+00:00 [//Alice (DomainId(0))] 📦 Claimed bundle at slot 63
2023-12-22 14:46:02+00:00 [//Alice (DomainId(0))] 🔖 Producing bundle at slot Slot(63)
2023-12-22 14:46:02+00:00 [//Alice (DomainId(0))] Submitted bundle from slot 63, extrinsics: 0    
2023-12-22 14:46:02+00:00 [//Alice (DomainId(0))] acknowledgement_sender_stream tag="New slot Slot(63)"
2023-12-22 14:46:02+00:00 [Ferdie] 🎁 Prepared block for proposing at 63 (9 ms) [hash: 0x83da96ed6deb3947b8ceb539e5ddf89daf711ee299df60711aea50a876e467d0; parent_hash: 0xbbc3…6cac; extrinsics (2): [0x424d…0679, 0xfe67…0592]]
2023-12-22 14:46:02+00:00 [//Ferdie (Consensus)] ✨ Imported #63 (0x83da…67d0)    
2023-12-22 14:46:02+00:00 [//Alice (DomainId(0))] ✨ Imported #32 (0x44f8…c9c0)    
2023-12-22 14:46:02+00:00 [//Alice (DomainId(0))] acknowledgement_sender_stream tag="Import block #63"
2023-12-22 14:46:02+00:00 [Ferdie] 🎁 Prepared block for proposing at 64 (5 ms) [hash: 0x19cd2ac376e11929d3093365a44b9072bd92f03d651e1fc3af3e0dda882fd9a3; parent_hash: 0x83da…67d0; extrinsics (1): [0x5ba1…07d8]]
2023-12-22 14:46:02+00:00 [//Ferdie (Consensus)] ✨ Imported #64 (0x19cd…d9a3)    
2023-12-22 14:46:02+00:00 [//Alice (DomainId(0))] acknowledgement_sender_stream tag="Import block #64"
2023-12-22 14:46:02+00:00 [//Alice (DomainId(0))] 📦 Claimed bundle at slot 65
2023-12-22 14:46:02+00:00 [//Alice (DomainId(0))] 🔖 Producing bundle at slot Slot(65)
2023-12-22 14:46:02+00:00 [//Alice (DomainId(0))] Submitted bundle from slot 65, extrinsics: 0    
2023-12-22 14:46:02+00:00 [//Alice (DomainId(0))] acknowledgement_sender_stream tag="New slot Slot(65)"
2023-12-22 14:46:02+00:00 [Ferdie] 🎁 Prepared block for proposing at 65 (9 ms) [hash: 0xe89e6c1d73379156ae41282f71a3d5a515510ccff75ac09aadec4e6f70715ac5; parent_hash: 0x19cd…d9a3; extrinsics (2): [0xd6b0…df65, 0xb00d…249f]]
2023-12-22 14:46:02+00:00 [//Ferdie (Consensus)] ✨ Imported #65 (0xe89e…5ac5)    
2023-12-22 14:46:02+00:00 [//Alice (DomainId(0))] ✨ Imported #33 (0x476e…0140)    
2023-12-22 14:46:02+00:00 [//Alice (DomainId(0))] acknowledgement_sender_stream tag="Import block #65"
2023-12-22 14:46:02+00:00 [Ferdie] 🎁 Prepared block for proposing at 66 (5 ms) [hash: 0x7ff3753e602e94111c977445b06dc5eeab20ba9008072b380ac4d6e0bde6fc5d; parent_hash: 0xe89e…5ac5; extrinsics (1): [0x5e9a…f6c3]]
2023-12-22 14:46:02+00:00 [//Ferdie (Consensus)] ✨ Imported #66 (0x7ff3…fc5d)    
2023-12-22 14:46:02+00:00 [//Alice (DomainId(0))] acknowledgement_sender_stream tag="Import block #66"
2023-12-22 14:46:02+00:00 [//Alice (DomainId(0))] 📦 Claimed bundle at slot 67
2023-12-22 14:46:02+00:00 [//Alice (DomainId(0))] 🔖 Producing bundle at slot Slot(67)
2023-12-22 14:46:02+00:00 [//Alice (DomainId(0))] Submitted bundle from slot 67, extrinsics: 0    
2023-12-22 14:46:02+00:00 [//Alice (DomainId(0))] acknowledgement_sender_stream tag="New slot Slot(67)"
2023-12-22 14:46:02+00:00 [Ferdie] 🎁 Prepared block for proposing at 67 (10 ms) [hash: 0x205853567df9109fe48deeae024f5ce26383dfae8e8b0b2c9b3d2fe44ed618b6; parent_hash: 0x7ff3…fc5d; extrinsics (2): [0x346c…8faa, 0x88bd…368a]]
2023-12-22 14:46:02+00:00 [//Ferdie (Consensus)] ✨ Imported #67 (0x2058…18b6)    
2023-12-22 14:46:02+00:00 [//Alice (DomainId(0))] ✨ Imported #34 (0xba6e…7612)    
2023-12-22 14:46:02+00:00 [//Alice (DomainId(0))] acknowledgement_sender_stream tag="Import block #67"
2023-12-22 14:46:02+00:00 [Ferdie] 🎁 Prepared block for proposing at 68 (5 ms) [hash: 0xdb4817ba40e87c9daec669ed21bfe93e0fe22f8801d4dd6e1fb553649bc2f57e; parent_hash: 0x2058…18b6; extrinsics (1): [0x0f1f…7e95]]
2023-12-22 14:46:02+00:00 [//Ferdie (Consensus)] ✨ Imported #68 (0xdb48…f57e)    
2023-12-22 14:46:02+00:00 [//Alice (DomainId(0))] acknowledgement_sender_stream tag="Import block #68"
2023-12-22 14:46:02+00:00 [//Alice (DomainId(0))] 📦 Claimed bundle at slot 69
2023-12-22 14:46:02+00:00 [//Alice (DomainId(0))] 🔖 Producing bundle at slot Slot(69)
2023-12-22 14:46:02+00:00 [//Alice (DomainId(0))] Submitted bundle from slot 69, extrinsics: 0    
2023-12-22 14:46:02+00:00 [//Alice (DomainId(0))] acknowledgement_sender_stream tag="New slot Slot(69)"
2023-12-22 14:46:02+00:00 [Ferdie] 🎁 Prepared block for proposing at 69 (9 ms) [hash: 0x766585f48ffe5eb11fa42c3ec113fb67fb304d94c757f50ae5413cbe155ab357; parent_hash: 0xdb48…f57e; extrinsics (2): [0xd7f3…8def, 0xb132…9f1f]]
2023-12-22 14:46:02+00:00 [//Ferdie (Consensus)] ✨ Imported #69 (0x7665…b357)    
2023-12-22 14:46:02+00:00 [//Alice (DomainId(0))] ✨ Imported #35 (0xb53e…e007)    
2023-12-22 14:46:02+00:00 [//Alice (DomainId(0))] acknowledgement_sender_stream tag="Import block #69"
2023-12-22 14:46:02+00:00 [Ferdie] 🎁 Prepared block for proposing at 70 (5 ms) [hash: 0x187bcb17c8b7fa9f13e41ed23fd016f0bbed4682926c87713b6a291fbe5e07a6; parent_hash: 0x7665…b357; extrinsics (1): [0xe093…972b]]
2023-12-22 14:46:02+00:00 [//Ferdie (Consensus)] ✨ Imported #70 (0x187b…07a6)    
2023-12-22 14:46:02+00:00 [//Alice (DomainId(0))] acknowledgement_sender_stream tag="Import block #70"
2023-12-22 14:46:02+00:00 [//Alice (DomainId(0))] 📦 Claimed bundle at slot 71
2023-12-22 14:46:02+00:00 [//Alice (DomainId(0))] 🔖 Producing bundle at slot Slot(71)
2023-12-22 14:46:02+00:00 [//Alice (DomainId(0))] Submitted bundle from slot 71, extrinsics: 0    
2023-12-22 14:46:02+00:00 [//Alice (DomainId(0))] acknowledgement_sender_stream tag="New slot Slot(71)"
2023-12-22 14:46:02+00:00 [Ferdie] 🎁 Prepared block for proposing at 71 (9 ms) [hash: 0xd2b0d22ec3dbcbdcb26108216c49035abf5e3e674bbd1eaf1b9b490391d16ebe; parent_hash: 0x187b…07a6; extrinsics (2): [0xd214…97d4, 0xd492…3463]]
2023-12-22 14:46:02+00:00 [//Ferdie (Consensus)] ✨ Imported #71 (0xd2b0…6ebe)    
2023-12-22 14:46:03+00:00 [//Alice (DomainId(0))] acknowledgement_sender_stream tag="Import block #71"
2023-12-22 14:46:03+00:00 [//Alice (DomainId(0))] ✨ Imported #36 (0xe9d7…d22f)    
2023-12-22 14:46:03+00:00 [Ferdie] 🎁 Prepared block for proposing at 72 (5 ms) [hash: 0x6d601a0b0539ee19a4b5f6349dd53142d470d2ca044d676bc3afb469426fbbb5; parent_hash: 0xd2b0…6ebe; extrinsics (1): [0x1810…0412]]
2023-12-22 14:46:03+00:00 [//Ferdie (Consensus)] ✨ Imported #72 (0x6d60…bbb5)    
2023-12-22 14:46:03+00:00 [//Alice (DomainId(0))] acknowledgement_sender_stream tag="Import block #72"
2023-12-22 14:46:03+00:00 [//Alice (DomainId(0))] 📦 Claimed bundle at slot 73
2023-12-22 14:46:03+00:00 [//Alice (DomainId(0))] 🔖 Producing bundle at slot Slot(73)
2023-12-22 14:46:03+00:00 [//Alice (DomainId(0))] Submitted bundle from slot 73, extrinsics: 0    
2023-12-22 14:46:03+00:00 [//Alice (DomainId(0))] acknowledgement_sender_stream tag="New slot Slot(73)"
2023-12-22 14:46:03+00:00 [Ferdie] 🎁 Prepared block for proposing at 73 (9 ms) [hash: 0xec3ebd61398c20604780fb5318355a65180c82d4c56a85e11f1832e76d6c47bb; parent_hash: 0x6d60…bbb5; extrinsics (2): [0x23bf…1d60, 0x990e…43c9]]
2023-12-22 14:46:03+00:00 [//Ferdie (Consensus)] ✨ Imported #73 (0xec3e…47bb)    
2023-12-22 14:46:03+00:00 [//Alice (DomainId(0))] ✨ Imported #37 (0x9906…b2de)    
2023-12-22 14:46:03+00:00 [//Alice (DomainId(0))] acknowledgement_sender_stream tag="Import block #73"
2023-12-22 14:46:03+00:00 [Ferdie] 🎁 Prepared block for proposing at 74 (5 ms) [hash: 0xf5d4dd02231609ccb8b2aeec0fc4425bacde15c2c31170ea1e6e1e243f2a77e4; parent_hash: 0xec3e…47bb; extrinsics (1): [0xdd05…899a]]
2023-12-22 14:46:03+00:00 [//Ferdie (Consensus)] ✨ Imported #74 (0xf5d4…77e4)    
2023-12-22 14:46:03+00:00 [//Alice (DomainId(0))] acknowledgement_sender_stream tag="Import block #74"
2023-12-22 14:46:03+00:00 [//Alice (DomainId(0))] 📦 Claimed bundle at slot 75
2023-12-22 14:46:03+00:00 [//Alice (DomainId(0))] 🔖 Producing bundle at slot Slot(75)
2023-12-22 14:46:03+00:00 [//Alice (DomainId(0))] Submitted bundle from slot 75, extrinsics: 0    
2023-12-22 14:46:03+00:00 [//Alice (DomainId(0))] acknowledgement_sender_stream tag="New slot Slot(75)"
2023-12-22 14:46:03+00:00 [Ferdie] 🎁 Prepared block for proposing at 75 (9 ms) [hash: 0x9b1b4d25c0b386d2d03de78044f6eefb7f27383e251db899b3fd790e636d9189; parent_hash: 0xf5d4…77e4; extrinsics (2): [0x2c9d…40d3, 0xa7b6…6909]]
2023-12-22 14:46:03+00:00 [//Ferdie (Consensus)] ✨ Imported #75 (0x9b1b…9189)    
2023-12-22 14:46:03+00:00 [//Alice (DomainId(0))] ✨ Imported #38 (0xdc90…3f21)    
2023-12-22 14:46:03+00:00 [//Alice (DomainId(0))] acknowledgement_sender_stream tag="Import block #75"
2023-12-22 14:46:03+00:00 [Ferdie] 🎁 Prepared block for proposing at 76 (5 ms) [hash: 0x54a72160c2d29694e8b397f36264f4b5920203c8dd37d9285777941d3ac9405f; parent_hash: 0x9b1b…9189; extrinsics (1): [0x8e1b…2bb6]]
2023-12-22 14:46:03+00:00 [//Ferdie (Consensus)] ✨ Imported #76 (0x54a7…405f)    
2023-12-22 14:46:03+00:00 [//Alice (DomainId(0))] acknowledgement_sender_stream tag="Import block #76"
2023-12-22 14:46:03+00:00 [//Alice (DomainId(0))] 📦 Claimed bundle at slot 77
2023-12-22 14:46:03+00:00 [//Alice (DomainId(0))] 🔖 Producing bundle at slot Slot(77)
2023-12-22 14:46:03+00:00 [//Alice (DomainId(0))] Submitted bundle from slot 77, extrinsics: 0    
2023-12-22 14:46:03+00:00 [//Alice (DomainId(0))] acknowledgement_sender_stream tag="New slot Slot(77)"
2023-12-22 14:46:03+00:00 [Ferdie] 🎁 Prepared block for proposing at 77 (9 ms) [hash: 0xa546b6ae0b47af79750f74c6ce9c8ffbc0bd2a0cf250dbc70440ca9f79d2f09b; parent_hash: 0x54a7…405f; extrinsics (2): [0xcf31…19b7, 0x05b4…80f6]]
2023-12-22 14:46:03+00:00 [//Ferdie (Consensus)] ✨ Imported #77 (0xa546…f09b)    
2023-12-22 14:46:03+00:00 [//Alice (DomainId(0))] ✨ Imported #39 (0x46b5…83d3)    
2023-12-22 14:46:03+00:00 [//Alice (DomainId(0))] acknowledgement_sender_stream tag="Import block #77"
2023-12-22 14:46:03+00:00 [Ferdie] 🎁 Prepared block for proposing at 78 (5 ms) [hash: 0x90d6ffa11e395bb071734da9fb73463b0602a30a4056fa3a1e1a587e8096d12b; parent_hash: 0xa546…f09b; extrinsics (1): [0x81f6…125d]]
2023-12-22 14:46:03+00:00 [//Ferdie (Consensus)] ✨ Imported #78 (0x90d6…d12b)    
2023-12-22 14:46:03+00:00 [//Alice (DomainId(0))] acknowledgement_sender_stream tag="Import block #78"
2023-12-22 14:46:03+00:00 [//Alice (DomainId(0))] 📦 Claimed bundle at slot 79
2023-12-22 14:46:03+00:00 [//Alice (DomainId(0))] 🔖 Producing bundle at slot Slot(79)
2023-12-22 14:46:03+00:00 [//Alice (DomainId(0))] Submitted bundle from slot 79, extrinsics: 0    
2023-12-22 14:46:03+00:00 [//Alice (DomainId(0))] acknowledgement_sender_stream tag="New slot Slot(79)"
2023-12-22 14:46:03+00:00 [Ferdie] 🎁 Prepared block for proposing at 79 (9 ms) [hash: 0x5161ade1d6f8a6b91ab24cc3892640bb15e364fbf6493f3748929213428001ac; parent_hash: 0x90d6…d12b; extrinsics (2): [0x6ba8…ecba, 0x4dd8…32b1]]
2023-12-22 14:46:03+00:00 [//Ferdie (Consensus)] ✨ Imported #79 (0x5161…01ac)    
2023-12-22 14:46:03+00:00 [//Alice (DomainId(0))] acknowledgement_sender_stream tag="Import block #79"
2023-12-22 14:46:03+00:00 [//Alice (DomainId(0))] ✨ Imported #40 (0xbac4…eca0)    
2023-12-22 14:46:03+00:00 [Ferdie] 🎁 Prepared block for proposing at 80 (5 ms) [hash: 0xe494ee883ec174ecbac3178542af533886d83b28cd6017cfa8bdce81395792c5; parent_hash: 0x5161…01ac; extrinsics (1): [0xd583…b1ca]]
2023-12-22 14:46:03+00:00 [//Ferdie (Consensus)] ✨ Imported #80 (0xe494…92c5)    
2023-12-22 14:46:03+00:00 [//Alice (DomainId(0))] acknowledgement_sender_stream tag="Import block #80"
2023-12-22 14:46:04+00:00 [//Alice (DomainId(0))] 📦 Claimed bundle at slot 81
2023-12-22 14:46:04+00:00 [//Alice (DomainId(0))] 🔖 Producing bundle at slot Slot(81)
2023-12-22 14:46:04+00:00 [//Alice (DomainId(0))] Submitted bundle from slot 81, extrinsics: 0    
2023-12-22 14:46:04+00:00 [//Alice (DomainId(0))] acknowledgement_sender_stream tag="New slot Slot(81)"
2023-12-22 14:46:04+00:00 [Ferdie] 🎁 Prepared block for proposing at 81 (9 ms) [hash: 0xbbd065f16d73cc8057cb1719482cee021e7a7f554dd7d72d7a9bfbc631ef001b; parent_hash: 0xe494…92c5; extrinsics (2): [0x7401…7626, 0x690c…9c60]]
2023-12-22 14:46:04+00:00 [//Ferdie (Consensus)] ✨ Imported #81 (0xbbd0…001b)    
2023-12-22 14:46:04+00:00 [//Alice (DomainId(0))] ✨ Imported #41 (0xc2fb…40b3)    
2023-12-22 14:46:04+00:00 [//Alice (DomainId(0))] acknowledgement_sender_stream tag="Import block #81"
2023-12-22 14:46:04+00:00 [Ferdie] 🎁 Prepared block for proposing at 82 (5 ms) [hash: 0xfbc1e59ea6b2f2c581cd3dc7951fb825324e88cd79c7c3efdb69e75818c38483; parent_hash: 0xbbd0…001b; extrinsics (1): [0x5aae…7916]]
2023-12-22 14:46:04+00:00 [//Ferdie (Consensus)] ✨ Imported #82 (0xfbc1…8483)    
2023-12-22 14:46:04+00:00 [//Alice (DomainId(0))] acknowledgement_sender_stream tag="Import block #82"
2023-12-22 14:46:04+00:00 [//Alice (DomainId(0))] 📦 Claimed bundle at slot 83
2023-12-22 14:46:04+00:00 [//Alice (DomainId(0))] 🔖 Producing bundle at slot Slot(83)
2023-12-22 14:46:04+00:00 [//Alice (DomainId(0))] Submitted bundle from slot 83, extrinsics: 0    
2023-12-22 14:46:04+00:00 [//Alice (DomainId(0))] acknowledgement_sender_stream tag="New slot Slot(83)"
2023-12-22 14:46:04+00:00 [Ferdie] 🎁 Prepared block for proposing at 83 (9 ms) [hash: 0xa5a1299895cbb6f3a43cc60b43a0acbce87d8a23066084226b5714174f8e1cd2; parent_hash: 0xfbc1…8483; extrinsics (2): [0xa31b…8a17, 0x942f…badb]]
2023-12-22 14:46:04+00:00 [//Ferdie (Consensus)] ✨ Imported #83 (0xa5a1…1cd2)    
2023-12-22 14:46:04+00:00 [//Alice (DomainId(0))] ✨ Imported #42 (0xfc66…2f18)    
2023-12-22 14:46:04+00:00 [//Alice (DomainId(0))] acknowledgement_sender_stream tag="Import block #83"
2023-12-22 14:46:04+00:00 [Ferdie] 🎁 Prepared block for proposing at 84 (5 ms) [hash: 0x74a5f93bb03caf12ec32d0cec2b063e31966bfbd9095465005418e3fe13743cb; parent_hash: 0xa5a1…1cd2; extrinsics (1): [0xcb6d…447a]]
2023-12-22 14:46:04+00:00 [//Ferdie (Consensus)] ✨ Imported #84 (0x74a5…43cb)    
2023-12-22 14:46:04+00:00 [//Alice (DomainId(0))] acknowledgement_sender_stream tag="Import block #84"
2023-12-22 14:46:04+00:00 [//Alice (DomainId(0))] 📦 Claimed bundle at slot 85
2023-12-22 14:46:04+00:00 [//Alice (DomainId(0))] 🔖 Producing bundle at slot Slot(85)
2023-12-22 14:46:04+00:00 [//Alice (DomainId(0))] Submitted bundle from slot 85, extrinsics: 0    
2023-12-22 14:46:04+00:00 [//Alice (DomainId(0))] acknowledgement_sender_stream tag="New slot Slot(85)"
2023-12-22 14:46:04+00:00 [Ferdie] 🎁 Prepared block for proposing at 85 (9 ms) [hash: 0xf93c893006b366e2a5491a44166c9cc0ad29793d484d3fb1ca2d1c83751a4ba2; parent_hash: 0x74a5…43cb; extrinsics (2): [0x079c…801e, 0x4f36…92fd]]
2023-12-22 14:46:04+00:00 [//Ferdie (Consensus)] ✨ Imported #85 (0xf93c…4ba2)    
2023-12-22 14:46:04+00:00 [//Alice (DomainId(0))] ✨ Imported #43 (0x6b75…4791)    
2023-12-22 14:46:04+00:00 [//Alice (DomainId(0))] acknowledgement_sender_stream tag="Import block #85"
2023-12-22 14:46:04+00:00 [Ferdie] 🎁 Prepared block for proposing at 86 (5 ms) [hash: 0x815167cd0e55e1df963257a2a8ae4a240afce4ac45539bff6548a108af9d2c7a; parent_hash: 0xf93c…4ba2; extrinsics (1): [0x4567…0877]]
2023-12-22 14:46:04+00:00 [//Ferdie (Consensus)] ✨ Imported #86 (0x8151…2c7a)    
2023-12-22 14:46:04+00:00 [//Alice (DomainId(0))] acknowledgement_sender_stream tag="Import block #86"
2023-12-22 14:46:04+00:00 [//Alice (DomainId(0))] 📦 Claimed bundle at slot 87
2023-12-22 14:46:04+00:00 [//Alice (DomainId(0))] 🔖 Producing bundle at slot Slot(87)
2023-12-22 14:46:04+00:00 [//Alice (DomainId(0))] Submitted bundle from slot 87, extrinsics: 0    
2023-12-22 14:46:04+00:00 [//Alice (DomainId(0))] acknowledgement_sender_stream tag="New slot Slot(87)"
2023-12-22 14:46:04+00:00 [Ferdie] 🎁 Prepared block for proposing at 87 (9 ms) [hash: 0x474f39a9c6a9b1681db8ca282e481df79c08a78fad0a9dba11d037e0dae4a2e7; parent_hash: 0x8151…2c7a; extrinsics (2): [0x2ea8…0b0f, 0x806b…418c]]
2023-12-22 14:46:04+00:00 [//Ferdie (Consensus)] ✨ Imported #87 (0x474f…a2e7)    
2023-12-22 14:46:04+00:00 [//Alice (DomainId(0))] ✨ Imported #44 (0x4705…45d9)    
2023-12-22 14:46:04+00:00 [//Alice (DomainId(0))] acknowledgement_sender_stream tag="Import block #87"
2023-12-22 14:46:04+00:00 [Ferdie] 🎁 Prepared block for proposing at 88 (5 ms) [hash: 0xef272d43fdfefaa1d488f4dcf5240e3755ff2590cfb1d80f7be2c021c7ae924c; parent_hash: 0x474f…a2e7; extrinsics (1): [0x6df5…795c]]
2023-12-22 14:46:04+00:00 [//Ferdie (Consensus)] ✨ Imported #88 (0xef27…924c)    
2023-12-22 14:46:04+00:00 [//Alice (DomainId(0))] acknowledgement_sender_stream tag="Import block #88"
2023-12-22 14:46:04+00:00 [//Alice (DomainId(0))] 📦 Claimed bundle at slot 89
2023-12-22 14:46:04+00:00 [//Alice (DomainId(0))] 🔖 Producing bundle at slot Slot(89)
2023-12-22 14:46:04+00:00 [//Alice (DomainId(0))] Submitted bundle from slot 89, extrinsics: 0    
2023-12-22 14:46:04+00:00 [//Alice (DomainId(0))] acknowledgement_sender_stream tag="New slot Slot(89)"
2023-12-22 14:46:04+00:00 [Ferdie] 🎁 Prepared block for proposing at 89 (9 ms) [hash: 0xb6928258c87e80d25ec5ad1806b445636d6a90e0effb9b3c1b18569c2e32f17b; parent_hash: 0xef27…924c; extrinsics (2): [0xa41e…3ff5, 0xb29d…35e2]]
2023-12-22 14:46:04+00:00 [//Ferdie (Consensus)] ✨ Imported #89 (0xb692…f17b)    
2023-12-22 14:46:04+00:00 [//Alice (DomainId(0))] ✨ Imported #45 (0x52c6…305d)    
2023-12-22 14:46:04+00:00 [//Alice (DomainId(0))] Slow post domain block execution, took 259ms consensus_block_info=(0xb6928258c87e80d25ec5ad1806b445636d6a90e0effb9b3c1b18569c2e32f17b, 89) built_block_info=(0x52c6d9c4b847df19dc3d47ffe65f140901529036255f9e58d52877f99fb0305d, 45)
2023-12-22 14:46:04+00:00 [//Alice (DomainId(0))] acknowledgement_sender_stream tag="Import block #89"
2023-12-22 14:46:04+00:00 [Ferdie] 🎁 Prepared block for proposing at 90 (5 ms) [hash: 0x703097365d24b04788e15d7d3301fcfe88ea21723c905c971784fe42dd4cf088; parent_hash: 0xb692…f17b; extrinsics (1): [0x81b1…5455]]
2023-12-22 14:46:05+00:00 [//Alice (DomainId(0))] 💤 Idle (0 peers), best: #45 (0x52c6…305d), finalized #0 (0x7aea…1834), ⬇ 0 ⬆ 0    
2023-12-22 14:46:05+00:00 [//Ferdie (Consensus)] ✨ Imported #90 (0x7030…f088)    
2023-12-22 14:46:05+00:00 [//Alice (DomainId(0))] acknowledgement_sender_stream tag="Import block #90"
2023-12-22 14:46:05+00:00 [//Alice (DomainId(0))] 📦 Claimed bundle at slot 91
2023-12-22 14:46:05+00:00 [//Alice (DomainId(0))] 🔖 Producing bundle at slot Slot(91)
2023-12-22 14:46:05+00:00 [//Alice (DomainId(0))] Submitted bundle from slot 91, extrinsics: 0    
2023-12-22 14:46:05+00:00 [//Alice (DomainId(0))] acknowledgement_sender_stream tag="New slot Slot(91)"
2023-12-22 14:46:05+00:00 [Ferdie] 🎁 Prepared block for proposing at 91 (9 ms) [hash: 0x27825968417f064a2e8cb78710cc661c3e21ef3917b119026f7fc5b8112d58ae; parent_hash: 0x7030…f088; extrinsics (2): [0xc158…dfa4, 0xd3ea…011e]]
2023-12-22 14:46:05+00:00 [//Ferdie (Consensus)] ✨ Imported #91 (0x2782…58ae)    
2023-12-22 14:46:05+00:00 [//Alice (DomainId(0))] acknowledgement_sender_stream tag="Import block #91"
2023-12-22 14:46:05+00:00 [//Alice (DomainId(0))] ✨ Imported #46 (0xabb7…fffb)    
2023-12-22 14:46:05+00:00 [Ferdie] 🎁 Prepared block for proposing at 92 (5 ms) [hash: 0xb16f5a6ea4822cbd87d696979a0b6aa220d74e47cf8af35cc032a2a565572803; parent_hash: 0x2782…58ae; extrinsics (1): [0xb0c4…d5a2]]
2023-12-22 14:46:05+00:00 [//Ferdie (Consensus)] ✨ Imported #92 (0xb16f…2803)    
2023-12-22 14:46:05+00:00 [//Alice (DomainId(0))] acknowledgement_sender_stream tag="Import block #92"
2023-12-22 14:46:05+00:00 [//Alice (DomainId(0))] 📦 Claimed bundle at slot 93
2023-12-22 14:46:05+00:00 [//Alice (DomainId(0))] 🔖 Producing bundle at slot Slot(93)
2023-12-22 14:46:05+00:00 [//Alice (DomainId(0))] Submitted bundle from slot 93, extrinsics: 0    
2023-12-22 14:46:05+00:00 [//Alice (DomainId(0))] acknowledgement_sender_stream tag="New slot Slot(93)"
2023-12-22 14:46:05+00:00 [Ferdie] 🎁 Prepared block for proposing at 93 (9 ms) [hash: 0xd9d91aa235721938ac0e58919d4a509328c41762cbcb660d597ea4f6e4efdcfb; parent_hash: 0xb16f…2803; extrinsics (2): [0x58b8…a312, 0xbf8c…e8f6]]
2023-12-22 14:46:05+00:00 [//Ferdie (Consensus)] ✨ Imported #93 (0xd9d9…dcfb)    
2023-12-22 14:46:05+00:00 [//Alice (DomainId(0))] ✨ Imported #47 (0xbb38…71f2)    
2023-12-22 14:46:05+00:00 [//Alice (DomainId(0))] acknowledgement_sender_stream tag="Import block #93"
2023-12-22 14:46:05+00:00 [Ferdie] 🎁 Prepared block for proposing at 94 (9 ms) [hash: 0xbfe048ec6c04c1c21889a90094eed82826aa94547136bf44c9cbfb54b9c20d4a; parent_hash: 0xd9d9…dcfb; extrinsics (1): [0x8870…71a5]]
2023-12-22 14:46:05+00:00 [//Ferdie (Consensus)] ✨ Imported #94 (0xbfe0…0d4a)    
2023-12-22 14:46:05+00:00 [//Alice (DomainId(0))] acknowledgement_sender_stream tag="Import block #94"
2023-12-22 14:46:05+00:00 [//Alice (DomainId(0))] 📦 Claimed bundle at slot 95
2023-12-22 14:46:05+00:00 [//Alice (DomainId(0))] 🔖 Producing bundle at slot Slot(95)
2023-12-22 14:46:05+00:00 [//Alice (DomainId(0))] Submitted bundle from slot 95, extrinsics: 0    
2023-12-22 14:46:05+00:00 [//Alice (DomainId(0))] acknowledgement_sender_stream tag="New slot Slot(95)"
2023-12-22 14:46:05+00:00 [Ferdie] 🎁 Prepared block for proposing at 95 (9 ms) [hash: 0x53584b43a4ff5418f640a1a2ea24d70e5326f0a22fbfab265446cbd33518c048; parent_hash: 0xbfe0…0d4a; extrinsics (2): [0x4846…e6c8, 0xce16…b031]]
2023-12-22 14:46:05+00:00 [//Ferdie (Consensus)] ✨ Imported #95 (0x5358…c048)    
2023-12-22 14:46:05+00:00 [//Alice (DomainId(0))] ✨ Imported #48 (0xf2ba…9aae)    
2023-12-22 14:46:05+00:00 [//Alice (DomainId(0))] acknowledgement_sender_stream tag="Import block #95"
2023-12-22 14:46:05+00:00 [Ferdie] 🎁 Prepared block for proposing at 96 (5 ms) [hash: 0xfbd5b438688142ddeab94cf5af80a2740efe0bfe5c6b936c35336139186c74bd; parent_hash: 0x5358…c048; extrinsics (1): [0x774a…146b]]
2023-12-22 14:46:05+00:00 [//Ferdie (Consensus)] ✨ Imported #96 (0xfbd5…74bd)    
2023-12-22 14:46:05+00:00 [//Alice (DomainId(0))] acknowledgement_sender_stream tag="Import block #96"
2023-12-22 14:46:05+00:00 [//Alice (DomainId(0))] 📦 Claimed bundle at slot 97
2023-12-22 14:46:05+00:00 [//Alice (DomainId(0))] 🔖 Producing bundle at slot Slot(97)
2023-12-22 14:46:05+00:00 [//Alice (DomainId(0))] Submitted bundle from slot 97, extrinsics: 0    
2023-12-22 14:46:05+00:00 [//Alice (DomainId(0))] acknowledgement_sender_stream tag="New slot Slot(97)"
2023-12-22 14:46:05+00:00 [Ferdie] 🎁 Prepared block for proposing at 97 (8 ms) [hash: 0x958f6e3f200e3ab3432674271239737c79ba5a6a94b2469879504a7b442a6cb8; parent_hash: 0xfbd5…74bd; extrinsics (2): [0x8d27…b453, 0xfbf2…76b9]]
2023-12-22 14:46:05+00:00 [//Ferdie (Consensus)] ✨ Imported #97 (0x958f…6cb8)    
2023-12-22 14:46:05+00:00 [//Alice (DomainId(0))] ✨ Imported #49 (0xd5e5…38b4)    
2023-12-22 14:46:05+00:00 [//Alice (DomainId(0))] acknowledgement_sender_stream tag="Import block #97"
2023-12-22 14:46:05+00:00 [Ferdie] 🎁 Prepared block for proposing at 98 (5 ms) [hash: 0x4b879ee08003bf7df637a1df388357ce72aa4e229663a10fa9ce14c4869373f5; parent_hash: 0x958f…6cb8; extrinsics (1): [0xd9e5…b874]]
2023-12-22 14:46:05+00:00 [//Ferdie (Consensus)] ✨ Imported #98 (0x4b87…73f5)    
2023-12-22 14:46:05+00:00 [//Alice (DomainId(0))] acknowledgement_sender_stream tag="Import block #98"
2023-12-22 14:46:05+00:00 [//Alice (DomainId(0))] 📦 Claimed bundle at slot 99
2023-12-22 14:46:05+00:00 [//Alice (DomainId(0))] 🔖 Producing bundle at slot Slot(99)
2023-12-22 14:46:05+00:00 [//Alice (DomainId(0))] Submitted bundle from slot 99, extrinsics: 0    
2023-12-22 14:46:05+00:00 [//Alice (DomainId(0))] acknowledgement_sender_stream tag="New slot Slot(99)"
2023-12-22 14:46:05+00:00 [Ferdie] 🎁 Prepared block for proposing at 99 (9 ms) [hash: 0xe074070390c40c8e808248cad38dd020c0da5bd9e704b5994cf67996230d7528; parent_hash: 0x4b87…73f5; extrinsics (2): [0xfc2f…aaa6, 0x1051…1cb1]]
2023-12-22 14:46:05+00:00 [//Ferdie (Consensus)] ✨ Imported #99 (0xe074…7528)    
2023-12-22 14:46:05+00:00 [//Alice (DomainId(0))] ✨ Imported #50 (0xe6db…a56a)    
2023-12-22 14:46:05+00:00 [//Alice (DomainId(0))] acknowledgement_sender_stream tag="Import block #99"
2023-12-22 14:46:05+00:00 [Ferdie] 🎁 Prepared block for proposing at 100 (4 ms) [hash: 0x49e687ea75509979353bf0f32dcaa3fa7f1a476d52f7b3a0fe332771b4587b47; parent_hash: 0xe074…7528; extrinsics (1): [0xa8c7…92e4]]
2023-12-22 14:46:05+00:00 [//Ferdie (Consensus)] ✨ Imported #100 (0x49e6…7b47)    
2023-12-22 14:46:05+00:00 [//Alice (DomainId(0))] acknowledgement_sender_stream tag="Import block #100"
2023-12-22 14:46:05+00:00 [//Alice (DomainId(0))] 📦 Claimed bundle at slot 101
2023-12-22 14:46:05+00:00 [//Alice (DomainId(0))] 🔖 Producing bundle at slot Slot(101)
2023-12-22 14:46:05+00:00 [//Alice (DomainId(0))] Submitted bundle from slot 101, extrinsics: 0    
2023-12-22 14:46:05+00:00 [//Alice (DomainId(0))] acknowledgement_sender_stream tag="New slot Slot(101)"
2023-12-22 14:46:05+00:00 [Ferdie] 🎁 Prepared block for proposing at 101 (9 ms) [hash: 0x62f2b20ee0a04428c5ecdcd26c0662cf8579491dfda48bd5faaa22af2ebf05ae; parent_hash: 0x49e6…7b47; extrinsics (2): [0x235c…1f21, 0x791a…7f76]]
2023-12-22 14:46:05+00:00 [//Ferdie (Consensus)] ✨ Imported #101 (0x62f2…05ae)    
2023-12-22 14:46:05+00:00 [//Alice (DomainId(0))] ✨ Imported #51 (0x1a62…1efc)    
2023-12-22 14:46:05+00:00 [//Alice (DomainId(0))] acknowledgement_sender_stream tag="Import block #101"
2023-12-22 14:46:05+00:00 [Ferdie] 🎁 Prepared block for proposing at 102 (5 ms) [hash: 0x2107b7ef85b5949764bdfa2bf1dc3fb646dcc8c6e89a246f1d1c92f52bc0ca52; parent_hash: 0x62f2…05ae; extrinsics (1): [0x573f…8ca3]]
2023-12-22 14:46:05+00:00 [//Ferdie (Consensus)] ✨ Imported #102 (0x2107…ca52)    
2023-12-22 14:46:05+00:00 [//Alice (DomainId(0))] acknowledgement_sender_stream tag="Import block #102"
2023-12-22 14:46:05+00:00 [//Alice (DomainId(0))] 📦 Claimed bundle at slot 103
2023-12-22 14:46:05+00:00 [//Alice (DomainId(0))] 🔖 Producing bundle at slot Slot(103)
2023-12-22 14:46:05+00:00 [//Alice (DomainId(0))] Submitted bundle from slot 103, extrinsics: 0    
2023-12-22 14:46:05+00:00 [//Alice (DomainId(0))] acknowledgement_sender_stream tag="New slot Slot(103)"
2023-12-22 14:46:05+00:00 [Ferdie] 🎁 Prepared block for proposing at 103 (10 ms) [hash: 0xd8ad099b1a03d9aaff64388292b6601454da9073ee41781f0b11eef4fb1e8d58; parent_hash: 0x2107…ca52; extrinsics (2): [0x8a04…f2a2, 0xae44…507e]]
2023-12-22 14:46:05+00:00 [//Ferdie (Consensus)] ✨ Imported #103 (0xd8ad…8d58)    
2023-12-22 14:46:05+00:00 [//Alice (DomainId(0))] ✨ Imported #52 (0xefac…af27)    
2023-12-22 14:46:05+00:00 [//Alice (DomainId(0))] acknowledgement_sender_stream tag="Import block #103"
2023-12-22 14:46:05+00:00 [Ferdie] 🎁 Prepared block for proposing at 104 (5 ms) [hash: 0x8a1b223582c279a7cd96203f5002eae104cd21252c6aeded0ada179e58769491; parent_hash: 0xd8ad…8d58; extrinsics (1): [0x9733…2e2f]]
2023-12-22 14:46:05+00:00 [//Ferdie (Consensus)] ✨ Imported #104 (0x8a1b…9491)    
2023-12-22 14:46:05+00:00 [//Alice (DomainId(0))] acknowledgement_sender_stream tag="Import block #104"
2023-12-22 14:46:05+00:00 [//Alice (DomainId(0))] 📦 Claimed bundle at slot 105
2023-12-22 14:46:05+00:00 [//Alice (DomainId(0))] 🔖 Producing bundle at slot Slot(105)
2023-12-22 14:46:05+00:00 [//Alice (DomainId(0))] Submitted bundle from slot 105, extrinsics: 0    
2023-12-22 14:46:05+00:00 [//Alice (DomainId(0))] acknowledgement_sender_stream tag="New slot Slot(105)"
2023-12-22 14:46:05+00:00 [Ferdie] 🎁 Prepared block for proposing at 105 (9 ms) [hash: 0x1fe6279787d9ced237f29fce5b2289c6609ecc21b64c106ed5fda35fece515fe; parent_hash: 0x8a1b…9491; extrinsics (2): [0x6cc8…1211, 0x06a6…0efb]]
2023-12-22 14:46:05+00:00 [//Ferdie (Consensus)] ✨ Imported #105 (0x1fe6…15fe)    
2023-12-22 14:46:05+00:00 [//Alice (DomainId(0))] ✨ Imported #53 (0xd5d6…3a5e)    
2023-12-22 14:46:05+00:00 [//Alice (DomainId(0))] acknowledgement_sender_stream tag="Import block #105"
2023-12-22 14:46:05+00:00 [Ferdie] 🎁 Prepared block for proposing at 106 (5 ms) [hash: 0x208211402ff6750907732a821740959e992f82ba61bd737a2764bc93763086fa; parent_hash: 0x1fe6…15fe; extrinsics (1): [0x2ae6…8752]]
2023-12-22 14:46:05+00:00 [//Ferdie (Consensus)] ✨ Imported #106 (0x2082…86fa)    
2023-12-22 14:46:05+00:00 [//Alice (DomainId(0))] acknowledgement_sender_stream tag="Import block #106"
2023-12-22 14:46:05+00:00 [//Alice (DomainId(0))] 📦 Claimed bundle at slot 107
2023-12-22 14:46:06+00:00 [//Alice (DomainId(0))] 🔖 Producing bundle at slot Slot(107)
2023-12-22 14:46:06+00:00 [//Alice (DomainId(0))] Submitted bundle from slot 107, extrinsics: 0    
2023-12-22 14:46:06+00:00 [//Alice (DomainId(0))] acknowledgement_sender_stream tag="New slot Slot(107)"
2023-12-22 14:46:06+00:00 [Ferdie] 🎁 Prepared block for proposing at 107 (9 ms) [hash: 0x09b29ca738c0c8dbd9d39c221f56961406edee2b90528fbd6c8edf30e64b0ffa; parent_hash: 0x2082…86fa; extrinsics (2): [0xf7ac…4a4a, 0x3b9c…1f0e]]
2023-12-22 14:46:06+00:00 [//Ferdie (Consensus)] ✨ Imported #107 (0x09b2…0ffa)    
2023-12-22 14:46:06+00:00 [//Alice (DomainId(0))] ✨ Imported #54 (0x5d53…a802)    
2023-12-22 14:46:06+00:00 [//Alice (DomainId(0))] Slow domain block execution, took 235ms consensus_block_info=(0x09b29ca738c0c8dbd9d39c221f56961406edee2b90528fbd6c8edf30e64b0ffa, 107) built_block_info=(0x5d53f0054d97fc93b21e39ebcff43e4a3151bf6a70dfc63107a0ba927111a802, 54) reference_block_execution_duration_ms=1
2023-12-22 14:46:06+00:00 [//Alice (DomainId(0))] acknowledgement_sender_stream tag="Import block #107"
2023-12-22 14:46:06+00:00 [Ferdie] 🎁 Prepared block for proposing at 108 (5 ms) [hash: 0xde255b9d4a840e56f336b40c962d035f71cb113c5ca7f9fddfd602d0d3f6ef2e; parent_hash: 0x09b2…0ffa; extrinsics (1): [0xc081…6a4b]]
2023-12-22 14:46:06+00:00 [//Ferdie (Consensus)] ✨ Imported #108 (0xde25…ef2e)    
2023-12-22 14:46:06+00:00 [//Alice (DomainId(0))] acknowledgement_sender_stream tag="Import block #108"
2023-12-22 14:46:06+00:00 [//Alice (DomainId(0))] 📦 Claimed bundle at slot 109
2023-12-22 14:46:06+00:00 [//Alice (DomainId(0))] 🔖 Producing bundle at slot Slot(109)
2023-12-22 14:46:06+00:00 [//Alice (DomainId(0))] Submitted bundle from slot 109, extrinsics: 0    
2023-12-22 14:46:06+00:00 [//Alice (DomainId(0))] acknowledgement_sender_stream tag="New slot Slot(109)"
2023-12-22 14:46:06+00:00 [Ferdie] 🎁 Prepared block for proposing at 109 (9 ms) [hash: 0x92767d61ac6af8fde202bd6cd8217a37d824b84ea9dc0af7cdc01ee7296280c8; parent_hash: 0xde25…ef2e; extrinsics (2): [0x6bd1…dac7, 0xadca…b85e]]
2023-12-22 14:46:06+00:00 [//Ferdie (Consensus)] ✨ Imported #109 (0x9276…80c8)    
2023-12-22 14:46:06+00:00 [//Alice (DomainId(0))] acknowledgement_sender_stream tag="Import block #109"
2023-12-22 14:46:06+00:00 [Ferdie] 🎁 Prepared block for proposing at 110 (5 ms) [hash: 0x2ac45a11fdc165cca8c671484cdd4866106883d0899071bfdb83cf292a217630; parent_hash: 0x9276…80c8; extrinsics (1): [0x9559…d6a9]]
2023-12-22 14:46:06+00:00 [//Ferdie (Consensus)] ✨ Imported #110 (0x2ac4…7630)    
2023-12-22 14:46:06+00:00 [//Alice (DomainId(0))] ✨ Imported #55 (0xb7d4…be5e)    
2023-12-22 14:46:06+00:00 [//Alice (DomainId(0))] acknowledgement_sender_stream tag="Import block #110"
2023-12-22 14:46:06+00:00 [//Alice (DomainId(0))] 📦 Claimed bundle at slot 111
2023-12-22 14:46:06+00:00 [//Alice (DomainId(0))] 🔖 Producing bundle at slot Slot(111)
2023-12-22 14:46:06+00:00 [//Alice (DomainId(0))] Submitted bundle from slot 111, extrinsics: 0    
2023-12-22 14:46:06+00:00 [//Alice (DomainId(0))] acknowledgement_sender_stream tag="New slot Slot(111)"
2023-12-22 14:46:06+00:00 [Ferdie] 🎁 Prepared block for proposing at 111 (9 ms) [hash: 0xb9027ba2103193b24e410d459457be2cc94cc18347f58f1096008b95dce6eef6; parent_hash: 0x2ac4…7630; extrinsics (2): [0x028b…8ae0, 0x2b09…f7f9]]
2023-12-22 14:46:06+00:00 [//Ferdie (Consensus)] ✨ Imported #111 (0xb902…eef6)    
2023-12-22 14:46:06+00:00 [//Alice (DomainId(0))] ✨ Imported #56 (0xdc61…7db2)    
2023-12-22 14:46:07+00:00 [//Alice (DomainId(0))] acknowledgement_sender_stream tag="Import block #111"
2023-12-22 14:46:07+00:00 [Ferdie] 🎁 Prepared block for proposing at 112 (221 ms) [hash: 0xbe319c48f1729f142a0b9198dc82384f04eb817f85ed673aeac0d85b54b54581; parent_hash: 0xb902…eef6; extrinsics (1): [0x9e53…fc1b]]
2023-12-22 14:46:07+00:00 [//Ferdie (Consensus)] ✨ Imported #112 (0xbe31…4581)    
2023-12-22 14:46:08+00:00 [//Alice (DomainId(0))] acknowledgement_sender_stream tag="Import block #112"
2023-12-22 14:46:08+00:00 [//Alice (DomainId(0))] 📦 Claimed bundle at slot 113
2023-12-22 14:46:08+00:00 [//Alice (DomainId(0))] 🔖 Producing bundle at slot Slot(113)
2023-12-22 14:46:08+00:00 [//Alice (DomainId(0))] Submitted bundle from slot 113, extrinsics: 0    
2023-12-22 14:46:08+00:00 [//Alice (DomainId(0))] acknowledgement_sender_stream tag="New slot Slot(113)"
2023-12-22 14:46:08+00:00 [Ferdie] 🎁 Prepared block for proposing at 113 (10 ms) [hash: 0x13b136dc3d03ed9a4c5ebafa24df9de112e1aed2f5998c2f446e3238ac92cce0; parent_hash: 0xbe31…4581; extrinsics (2): [0x8f51…a1e1, 0x3d64…e5d5]]
2023-12-22 14:46:08+00:00 [//Ferdie (Consensus)] ✨ Imported #113 (0x13b1…cce0)    
2023-12-22 14:46:08+00:00 [//Alice (DomainId(0))] ✨ Imported #57 (0x1658…1321)    
2023-12-22 14:46:08+00:00 [//Alice (DomainId(0))] Slow post domain block execution, took 439ms consensus_block_info=(0x13b136dc3d03ed9a4c5ebafa24df9de112e1aed2f5998c2f446e3238ac92cce0, 113) built_block_info=(0x1658555bf7a66898b046270828d32ad83f3e9ff314b81103f68bb5fd5e3f1321, 57)
2023-12-22 14:46:08+00:00 [//Alice (DomainId(0))] acknowledgement_sender_stream tag="Import block #113"
2023-12-22 14:46:08+00:00 [Ferdie] 🎁 Prepared block for proposing at 114 (5 ms) [hash: 0x35f9a7057ff0537ac0f0f1d3c1f0b8663398cc852490db116026395fad8c408b; parent_hash: 0x13b1…cce0; extrinsics (1): [0x38be…354b]]
2023-12-22 14:46:08+00:00 [//Ferdie (Consensus)] ✨ Imported #114 (0x35f9…408b)    
2023-12-22 14:46:09+00:00 [//Alice (DomainId(0))] acknowledgement_sender_stream tag="Import block #114"
2023-12-22 14:46:09+00:00 [//Alice (DomainId(0))] 📦 Claimed bundle at slot 115
2023-12-22 14:46:09+00:00 [//Alice (DomainId(0))] 🔖 Producing bundle at slot Slot(115)
2023-12-22 14:46:09+00:00 [//Alice (DomainId(0))] Submitted bundle from slot 115, extrinsics: 0    
2023-12-22 14:46:09+00:00 [//Alice (DomainId(0))] acknowledgement_sender_stream tag="New slot Slot(115)"
2023-12-22 14:46:09+00:00 [Ferdie] 🎁 Prepared block for proposing at 115 (9 ms) [hash: 0xa6871065b3e0c6ec1c71cb1da25549132f0e1a3193eeafba80cb614837329ffc; parent_hash: 0x35f9…408b; extrinsics (2): [0x742b…900a, 0x31d9…eb0e]]
2023-12-22 14:46:09+00:00 [//Ferdie (Consensus)] ✨ Imported #115 (0xa687…9ffc)    
2023-12-22 14:46:09+00:00 [//Alice (DomainId(0))] ✨ Imported #58 (0x3593…fb1e)    
2023-12-22 14:46:09+00:00 [//Alice (DomainId(0))] acknowledgement_sender_stream tag="Import block #115"
2023-12-22 14:46:09+00:00 [Ferdie] 🎁 Prepared block for proposing at 116 (5 ms) [hash: 0xf1018983c13e7cd7103750dff7b0e284d9af37d14dc7de34bec6685b4fd405d7; parent_hash: 0xa687…9ffc; extrinsics (1): [0x02d8…aa48]]
2023-12-22 14:46:09+00:00 [//Ferdie (Consensus)] ✨ Imported #116 (0xf101…05d7)    
2023-12-22 14:46:09+00:00 [//Alice (DomainId(0))] acknowledgement_sender_stream tag="Import block #116"
2023-12-22 14:46:09+00:00 [//Alice (DomainId(0))] 📦 Claimed bundle at slot 117
2023-12-22 14:46:09+00:00 [//Alice (DomainId(0))] 🔖 Producing bundle at slot Slot(117)
2023-12-22 14:46:09+00:00 [//Alice (DomainId(0))] Submitted bundle from slot 117, extrinsics: 0    
2023-12-22 14:46:09+00:00 [//Alice (DomainId(0))] acknowledgement_sender_stream tag="New slot Slot(117)"
2023-12-22 14:46:09+00:00 [Ferdie] Timeout fired waiting for transaction pool at #116, proceeding with production.
2023-12-22 14:46:09+00:00 [Ferdie] 🎁 Prepared block for proposing at 117 (179 ms) [hash: 0xa7f548015941838899cd6a42ec7972f340212b1df0dca5fa753fe9a1420233fb; parent_hash: 0xf101…05d7; extrinsics (2): [0x067a…986d, 0x1305…831d]]
2023-12-22 14:46:09+00:00 [//Ferdie (Consensus)] ✨ Imported #117 (0xa7f5…33fb)    
2023-12-22 14:46:09+00:00 [//Alice (DomainId(0))] ✨ Imported #59 (0x93af…02d6)    
2023-12-22 14:46:09+00:00 [//Alice (DomainId(0))] acknowledgement_sender_stream tag="Import block #117"
2023-12-22 14:46:09+00:00 [Ferdie] 🎁 Prepared block for proposing at 118 (5 ms) [hash: 0xf72af973bd5aaa976d2d54ab52f6aeb3900fcc80b0827aeaec9134c847bab291; parent_hash: 0xa7f5…33fb; extrinsics (1): [0x50cf…06d4]]
2023-12-22 14:46:10+00:00 [//Ferdie (Consensus)] ✨ Imported #118 (0xf72a…b291)    
2023-12-22 14:46:10+00:00 [//Alice (DomainId(0))] acknowledgement_sender_stream tag="Import block #118"
2023-12-22 14:46:10+00:00 [//Alice (DomainId(0))] 💤 Idle (0 peers), best: #59 (0x93af…02d6), finalized #0 (0x7aea…1834), ⬇ 0 ⬆ 0    
2023-12-22 14:46:10+00:00 [//Alice (DomainId(0))] 📦 Claimed bundle at slot 119
2023-12-22 14:46:10+00:00 [//Alice (DomainId(0))] 🔖 Producing bundle at slot Slot(119)
2023-12-22 14:46:10+00:00 [//Alice (DomainId(0))] Submitted bundle from slot 119, extrinsics: 0    
2023-12-22 14:46:10+00:00 [//Alice (DomainId(0))] acknowledgement_sender_stream tag="New slot Slot(119)"
2023-12-22 14:46:10+00:00 [Ferdie] 🎁 Prepared block for proposing at 119 (9 ms) [hash: 0xfd6d2b33a418ebcf40bc08ac46894dab91d212c390e83ba6187bd1f37e7cdb99; parent_hash: 0xf72a…b291; extrinsics (2): [0xb908…9aca, 0x938b…a8c6]]
2023-12-22 14:46:10+00:00 [//Ferdie (Consensus)] ✨ Imported #119 (0xfd6d…db99)    
2023-12-22 14:46:10+00:00 [//Alice (DomainId(0))] ✨ Imported #60 (0xea99…9708)    
2023-12-22 14:46:10+00:00 [//Alice (DomainId(0))] acknowledgement_sender_stream tag="Import block #119"
2023-12-22 14:46:10+00:00 [Ferdie] 🎁 Prepared block for proposing at 120 (5 ms) [hash: 0x912c1c39ab22c641c5adae0592d8bf17c17025ec1039944472ef1a6f71a74eb4; parent_hash: 0xfd6d…db99; extrinsics (1): [0xed7d…8626]]
2023-12-22 14:46:10+00:00 [//Ferdie (Consensus)] ✨ Imported #120 (0x912c…4eb4)    
2023-12-22 14:46:10+00:00 [//Alice (DomainId(0))] acknowledgement_sender_stream tag="Import block #120"
2023-12-22 14:46:10+00:00 [//Alice (DomainId(0))] 📦 Claimed bundle at slot 121
2023-12-22 14:46:10+00:00 [//Alice (DomainId(0))] 🔖 Producing bundle at slot Slot(121)
2023-12-22 14:46:10+00:00 [//Alice (DomainId(0))] Submitted bundle from slot 121, extrinsics: 0    
2023-12-22 14:46:10+00:00 [//Alice (DomainId(0))] acknowledgement_sender_stream tag="New slot Slot(121)"
2023-12-22 14:46:10+00:00 [Ferdie] 🎁 Prepared block for proposing at 121 (9 ms) [hash: 0x7c249677487c9d18c71d7d1bebc30f967e25f580be9341194101ebe3ecf983e5; parent_hash: 0x912c…4eb4; extrinsics (2): [0xc6a0…44ef, 0x40b6…55c7]]
2023-12-22 14:46:10+00:00 [//Ferdie (Consensus)] ✨ Imported #121 (0x7c24…83e5)    
2023-12-22 14:46:10+00:00 [//Alice (DomainId(0))] ✨ Imported #61 (0x751f…ad75)    
2023-12-22 14:46:10+00:00 [//Alice (DomainId(0))] acknowledgement_sender_stream tag="Import block #121"
2023-12-22 14:46:10+00:00 [Ferdie] 🎁 Prepared block for proposing at 122 (5 ms) [hash: 0xddb38df673995b9d0120df1cd81d73dc272c6537ce3b7c536abaa595f2ca52bb; parent_hash: 0x7c24…83e5; extrinsics (1): [0xab62…8e1d]]
2023-12-22 14:46:10+00:00 [//Ferdie (Consensus)] ✨ Imported #122 (0xddb3…52bb)    
2023-12-22 14:46:10+00:00 [//Alice (DomainId(0))] acknowledgement_sender_stream tag="Import block #122"
2023-12-22 14:46:10+00:00 [//Alice (DomainId(0))] 📦 Claimed bundle at slot 123
2023-12-22 14:46:10+00:00 [//Alice (DomainId(0))] 🔖 Producing bundle at slot Slot(123)
2023-12-22 14:46:10+00:00 [//Alice (DomainId(0))] Submitted bundle from slot 123, extrinsics: 0    
2023-12-22 14:46:10+00:00 [//Alice (DomainId(0))] acknowledgement_sender_stream tag="New slot Slot(123)"
2023-12-22 14:46:10+00:00 [Ferdie] 🎁 Prepared block for proposing at 123 (9 ms) [hash: 0xb4072081e1d3c8da8ea91f6fbf8e29405ec0743f7a9d4d8b4f2f64167979d5df; parent_hash: 0xddb3…52bb; extrinsics (2): [0x60b4…a494, 0x5128…7199]]
2023-12-22 14:46:10+00:00 [//Ferdie (Consensus)] ✨ Imported #123 (0xb407…d5df)    
2023-12-22 14:46:10+00:00 [//Alice (DomainId(0))] ✨ Imported #62 (0x957c…7110)    
2023-12-22 14:46:10+00:00 [//Alice (DomainId(0))] acknowledgement_sender_stream tag="Import block #123"
2023-12-22 14:46:10+00:00 [Ferdie] 🎁 Prepared block for proposing at 124 (5 ms) [hash: 0x59aa1d7673966f23f0e0fab13e5c6c8bef25beaceda9977544af1789891b3c3e; parent_hash: 0xb407…d5df; extrinsics (1): [0x0c35…2dd9]]
2023-12-22 14:46:10+00:00 [//Ferdie (Consensus)] ✨ Imported #124 (0x59aa…3c3e)    
2023-12-22 14:46:10+00:00 [//Alice (DomainId(0))] acknowledgement_sender_stream tag="Import block #124"
2023-12-22 14:46:10+00:00 [//Alice (DomainId(0))] 📦 Claimed bundle at slot 125
2023-12-22 14:46:10+00:00 [//Alice (DomainId(0))] 🔖 Producing bundle at slot Slot(125)
2023-12-22 14:46:10+00:00 [//Alice (DomainId(0))] Submitted bundle from slot 125, extrinsics: 0    
2023-12-22 14:46:10+00:00 [//Alice (DomainId(0))] acknowledgement_sender_stream tag="New slot Slot(125)"
2023-12-22 14:46:10+00:00 [Ferdie] 🎁 Prepared block for proposing at 125 (9 ms) [hash: 0x0f52f29cfa9efdf76e297726f42e4445a274cb234693ae9b22040de7d51b2828; parent_hash: 0x59aa…3c3e; extrinsics (2): [0x5fe1…a23d, 0x6ff6…18a4]]
2023-12-22 14:46:10+00:00 [//Ferdie (Consensus)] ✨ Imported #125 (0x0f52…2828)    
2023-12-22 14:46:10+00:00 [//Alice (DomainId(0))] ✨ Imported #63 (0xfa8a…503c)    
2023-12-22 14:46:10+00:00 [//Alice (DomainId(0))] acknowledgement_sender_stream tag="Import block #125"
2023-12-22 14:46:10+00:00 [Ferdie] 🎁 Prepared block for proposing at 126 (5 ms) [hash: 0xf4e8b067dc99d73f9ae443ef6095cc6ba29d56cb1ab9072e0ecbdbfc6ff9b4a1; parent_hash: 0x0f52…2828; extrinsics (1): [0x140d…c0f1]]
2023-12-22 14:46:10+00:00 [//Ferdie (Consensus)] ✨ Imported #126 (0xf4e8…b4a1)    
2023-12-22 14:46:10+00:00 [//Alice (DomainId(0))] acknowledgement_sender_stream tag="Import block #126"
2023-12-22 14:46:10+00:00 [//Alice (DomainId(0))] 📦 Claimed bundle at slot 127
2023-12-22 14:46:10+00:00 [//Alice (DomainId(0))] 🔖 Producing bundle at slot Slot(127)
2023-12-22 14:46:10+00:00 [//Alice (DomainId(0))] Submitted bundle from slot 127, extrinsics: 0    
2023-12-22 14:46:10+00:00 [//Alice (DomainId(0))] acknowledgement_sender_stream tag="New slot Slot(127)"
2023-12-22 14:46:10+00:00 [Ferdie] 🎁 Prepared block for proposing at 127 (9 ms) [hash: 0x6f62862152c7b1ba1c4bae0962fddccb2fc3c55f103b0086be0d5c730b577b74; parent_hash: 0xf4e8…b4a1; extrinsics (2): [0x4ac8…4e3e, 0xf5a3…0cfc]]
2023-12-22 14:46:10+00:00 [//Ferdie (Consensus)] ✨ Imported #127 (0x6f62…7b74)    
2023-12-22 14:46:10+00:00 [//Alice (DomainId(0))] ✨ Imported #64 (0xded0…2fa9)    
2023-12-22 14:46:10+00:00 [//Alice (DomainId(0))] acknowledgement_sender_stream tag="Import block #127"
2023-12-22 14:46:10+00:00 [Ferdie] 🎁 Prepared block for proposing at 128 (5 ms) [hash: 0x7f0eb6d6a7453d805f0ad2bfbf2563ccf100ac66f71bc5afe28bd84514a6d0cf; parent_hash: 0x6f62…7b74; extrinsics (1): [0xeefd…863a]]
2023-12-22 14:46:10+00:00 [//Ferdie (Consensus)] ✨ Imported #128 (0x7f0e…d0cf)    
2023-12-22 14:46:10+00:00 [//Alice (DomainId(0))] acknowledgement_sender_stream tag="Import block #128"
2023-12-22 14:46:10+00:00 [//Alice (DomainId(0))] 📦 Claimed bundle at slot 129
2023-12-22 14:46:10+00:00 [//Alice (DomainId(0))] 🔖 Producing bundle at slot Slot(129)
2023-12-22 14:46:10+00:00 [//Alice (DomainId(0))] Submitted bundle from slot 129, extrinsics: 0    
2023-12-22 14:46:10+00:00 [//Alice (DomainId(0))] acknowledgement_sender_stream tag="New slot Slot(129)"
2023-12-22 14:46:11+00:00 [Ferdie] 🎁 Prepared block for proposing at 129 (9 ms) [hash: 0xfc76d4bc44ad78cdc520027b4513c9a7db1d78bbfb785db3c4d766111f69280d; parent_hash: 0x7f0e…d0cf; extrinsics (2): [0x0182…6cce, 0x0b7e…be21]]
2023-12-22 14:46:11+00:00 [//Ferdie (Consensus)] ✨ Imported #129 (0xfc76…280d)    
2023-12-22 14:46:11+00:00 [//Alice (DomainId(0))] acknowledgement_sender_stream tag="Import block #129"
2023-12-22 14:46:11+00:00 [Ferdie] 🎁 Prepared block for proposing at 130 (5 ms) [hash: 0x9c483db48428c7c9d0c3a84ca4f4c650dd4bc7d69dfc43f452e5e4ef6cd3c9d9; parent_hash: 0xfc76…280d; extrinsics (1): [0x81bd…e326]]
2023-12-22 14:46:11+00:00 [//Alice (DomainId(0))] ✨ Imported #65 (0x41d6…ac50)    
2023-12-22 14:46:11+00:00 [//Ferdie (Consensus)] ✨ Imported #130 (0x9c48…c9d9)    
2023-12-22 14:46:11+00:00 [//Alice (DomainId(0))] acknowledgement_sender_stream tag="Import block #130"
2023-12-22 14:46:11+00:00 [//Alice (DomainId(0))] 📦 Claimed bundle at slot 131
2023-12-22 14:46:11+00:00 [//Alice (DomainId(0))] 🔖 Producing bundle at slot Slot(131)
2023-12-22 14:46:11+00:00 [//Alice (DomainId(0))] Submitted bundle from slot 131, extrinsics: 0    
2023-12-22 14:46:11+00:00 [//Alice (DomainId(0))] acknowledgement_sender_stream tag="New slot Slot(131)"
2023-12-22 14:46:11+00:00 [Ferdie] 🎁 Prepared block for proposing at 131 (9 ms) [hash: 0xfa6b4a69228f2f91fdc15a468c683188680a9ad04a45cffa4d8574a926a659cc; parent_hash: 0x9c48…c9d9; extrinsics (2): [0x4999…57ca, 0x00fd…a3d5]]
2023-12-22 14:46:11+00:00 [//Ferdie (Consensus)] ✨ Imported #131 (0xfa6b…59cc)    
2023-12-22 14:46:11+00:00 [//Alice (DomainId(0))] ✨ Imported #66 (0x042a…3dac)    
2023-12-22 14:46:12+00:00 [//Alice (DomainId(0))] acknowledgement_sender_stream tag="Import block #131"
2023-12-22 14:46:12+00:00 [Ferdie] 🎁 Prepared block for proposing at 132 (5 ms) [hash: 0x777ee6f5cb15f40f626efe146c17fc69f60f40f01d031060d009b36a9cb05311; parent_hash: 0xfa6b…59cc; extrinsics (1): [0x4835…7a19]]
2023-12-22 14:46:12+00:00 [//Ferdie (Consensus)] ✨ Imported #132 (0x777e…5311)    
2023-12-22 14:46:12+00:00 [//Alice (DomainId(0))] acknowledgement_sender_stream tag="Import block #132"
2023-12-22 14:46:12+00:00 [//Alice (DomainId(0))] 📦 Claimed bundle at slot 133
2023-12-22 14:46:12+00:00 [//Alice (DomainId(0))] 🔖 Producing bundle at slot Slot(133)
2023-12-22 14:46:12+00:00 [//Alice (DomainId(0))] Submitted bundle from slot 133, extrinsics: 0    
2023-12-22 14:46:12+00:00 [//Alice (DomainId(0))] acknowledgement_sender_stream tag="New slot Slot(133)"
2023-12-22 14:46:12+00:00 [Ferdie] 🎁 Prepared block for proposing at 133 (9 ms) [hash: 0x98d97fc8932d8684317cb7b6c0b668965b618a23dfb119b7c35c806828ae1dba; parent_hash: 0x777e…5311; extrinsics (2): [0xd53c…e5c6, 0xea56…e325]]
2023-12-22 14:46:12+00:00 [//Ferdie (Consensus)] ✨ Imported #133 (0x98d9…1dba)    
2023-12-22 14:46:12+00:00 [//Alice (DomainId(0))] ✨ Imported #67 (0xa088…2f04)    
2023-12-22 14:46:12+00:00 [//Alice (DomainId(0))] Slow post domain block execution, took 336ms consensus_block_info=(0x98d97fc8932d8684317cb7b6c0b668965b618a23dfb119b7c35c806828ae1dba, 133) built_block_info=(0xa088f98e97d2eb0ee0459b4c12812daf4626bd0cc6e37008c5ca7b932f1c2f04, 67)
2023-12-22 14:46:12+00:00 [//Alice (DomainId(0))] acknowledgement_sender_stream tag="Import block #133"
2023-12-22 14:46:12+00:00 [Ferdie] 🎁 Prepared block for proposing at 134 (6 ms) [hash: 0xdcc2658dd6545f2d4b6ef26bda5f1d5e435473e96c8971e69308bfe0dc0f8ce6; parent_hash: 0x98d9…1dba; extrinsics (1): [0xb718…742a]]
2023-12-22 14:46:12+00:00 [//Ferdie (Consensus)] ✨ Imported #134 (0xdcc2…8ce6)    
2023-12-22 14:46:13+00:00 [//Alice (DomainId(0))] acknowledgement_sender_stream tag="Import block #134"
2023-12-22 14:46:13+00:00 [//Alice (DomainId(0))] 📦 Claimed bundle at slot 135
2023-12-22 14:46:13+00:00 [//Alice (DomainId(0))] 🔖 Producing bundle at slot Slot(135)
2023-12-22 14:46:13+00:00 [//Alice (DomainId(0))] Submitted bundle from slot 135, extrinsics: 0    
2023-12-22 14:46:13+00:00 [//Alice (DomainId(0))] acknowledgement_sender_stream tag="New slot Slot(135)"
2023-12-22 14:46:13+00:00 [Ferdie] 🎁 Prepared block for proposing at 135 (9 ms) [hash: 0xd5980fdcd96f16493a19a709eb10b1ad70103bd0c79447c00573b3290093834f; parent_hash: 0xdcc2…8ce6; extrinsics (2): [0x87f5…1828, 0x3a6f…dd47]]
2023-12-22 14:46:13+00:00 [//Ferdie (Consensus)] ✨ Imported #135 (0xd598…834f)    
2023-12-22 14:46:13+00:00 [//Alice (DomainId(0))] ✨ Imported #68 (0xabb7…0f6a)    
2023-12-22 14:46:14+00:00 [//Alice (DomainId(0))] acknowledgement_sender_stream tag="Import block #135"
2023-12-22 14:46:14+00:00 [Ferdie] 🎁 Prepared block for proposing at 136 (5 ms) [hash: 0x9ea7c880a910c7e1d917c6c6365719ef926c915b531255f522dedf4d0401032f; parent_hash: 0xd598…834f; extrinsics (1): [0x6c1b…b670]]
2023-12-22 14:46:14+00:00 [//Ferdie (Consensus)] ✨ Imported #136 (0x9ea7…032f)    
2023-12-22 14:46:14+00:00 [//Alice (DomainId(0))] acknowledgement_sender_stream tag="Import block #136"
2023-12-22 14:46:14+00:00 [//Alice (DomainId(0))] 📦 Claimed bundle at slot 137
2023-12-22 14:46:14+00:00 [//Alice (DomainId(0))] 🔖 Producing bundle at slot Slot(137)
2023-12-22 14:46:14+00:00 [//Alice (DomainId(0))] Submitted bundle from slot 137, extrinsics: 0    
2023-12-22 14:46:14+00:00 [//Alice (DomainId(0))] acknowledgement_sender_stream tag="New slot Slot(137)"
2023-12-22 14:46:14+00:00 [Ferdie] 🎁 Prepared block for proposing at 137 (9 ms) [hash: 0x1d990ef9c43855e8bd5598e7b398ae1510367b9eec687a493e0f85ab20feb4aa; parent_hash: 0x9ea7…032f; extrinsics (2): [0xbc80…89ee, 0x1009…86a3]]
2023-12-22 14:46:14+00:00 [//Ferdie (Consensus)] ✨ Imported #137 (0x1d99…b4aa)    
2023-12-22 14:46:14+00:00 [//Alice (DomainId(0))] ✨ Imported #69 (0x41d5…1b8a)    
2023-12-22 14:46:14+00:00 [//Alice (DomainId(0))] Slow post domain block execution, took 290ms consensus_block_info=(0x1d990ef9c43855e8bd5598e7b398ae1510367b9eec687a493e0f85ab20feb4aa, 137) built_block_info=(0x41d548f2d60c8ae1d3df4f20d9f6c40adc3e3d78911c22834cd7181cec791b8a, 69)
2023-12-22 14:46:14+00:00 [//Alice (DomainId(0))] acknowledgement_sender_stream tag="Import block #137"
2023-12-22 14:46:14+00:00 [Ferdie] 🎁 Prepared block for proposing at 138 (5 ms) [hash: 0xd483409f3819ca17a62ceff21f5be4de028f0b0dc1427298e52a64a60d4c88a8; parent_hash: 0x1d99…b4aa; extrinsics (1): [0x6cae…a34b]]
2023-12-22 14:46:15+00:00 [//Ferdie (Consensus)] ✨ Imported #138 (0xd483…88a8)    
2023-12-22 14:46:15+00:00 [//Alice (DomainId(0))] acknowledgement_sender_stream tag="Import block #138"
2023-12-22 14:46:15+00:00 [//Alice (DomainId(0))] 📦 Claimed bundle at slot 139
2023-12-22 14:46:15+00:00 [//Alice (DomainId(0))] 🔖 Producing bundle at slot Slot(139)
2023-12-22 14:46:15+00:00 [//Alice (DomainId(0))] Submitted bundle from slot 139, extrinsics: 0    
2023-12-22 14:46:15+00:00 [//Alice (DomainId(0))] acknowledgement_sender_stream tag="New slot Slot(139)"
2023-12-22 14:46:15+00:00 [Ferdie] 🎁 Prepared block for proposing at 139 (9 ms) [hash: 0x59962811750e0ac4a61b663002e7ca3780b373401e9aa4cc8799bd55d531c270; parent_hash: 0xd483…88a8; extrinsics (2): [0xf7d3…0b6c, 0xbb90…69d0]]
2023-12-22 14:46:15+00:00 [//Ferdie (Consensus)] ✨ Imported #139 (0x5996…c270)    
2023-12-22 14:46:15+00:00 [//Alice (DomainId(0))] ✨ Imported #70 (0x67c3…41a2)    
2023-12-22 14:46:15+00:00 [//Alice (DomainId(0))] acknowledgement_sender_stream tag="Import block #139"
2023-12-22 14:46:15+00:00 [Ferdie] 🎁 Prepared block for proposing at 140 (5 ms) [hash: 0x505344e18c2cf34a5cb64934fb6e007aa747e66d3abba4a29e03d28833a503e6; parent_hash: 0x5996…c270; extrinsics (1): [0x6900…0011]]
2023-12-22 14:46:15+00:00 [//Ferdie (Consensus)] ✨ Imported #140 (0x5053…03e6)    
2023-12-22 14:46:15+00:00 [//Alice (DomainId(0))] acknowledgement_sender_stream tag="Import block #140"
2023-12-22 14:46:15+00:00 [//Alice (DomainId(0))] 💤 Idle (0 peers), best: #70 (0x67c3…41a2), finalized #0 (0x7aea…1834), ⬇ 0 ⬆ 0    
2023-12-22 14:46:15+00:00 [//Alice (DomainId(0))] 📦 Claimed bundle at slot 141
2023-12-22 14:46:15+00:00 [//Alice (DomainId(0))] 🔖 Producing bundle at slot Slot(141)
2023-12-22 14:46:15+00:00 [//Alice (DomainId(0))] Submitted bundle from slot 141, extrinsics: 0    
2023-12-22 14:46:15+00:00 [//Alice (DomainId(0))] acknowledgement_sender_stream tag="New slot Slot(141)"
2023-12-22 14:46:15+00:00 [Ferdie] 🎁 Prepared block for proposing at 141 (9 ms) [hash: 0x0d2394c91c73cc55259090686b94bafa30b351148c0d4be3399b7ffbf357fde7; parent_hash: 0x5053…03e6; extrinsics (2): [0x7c05…2140, 0xf6f3…4dfe]]
2023-12-22 14:46:15+00:00 [//Ferdie (Consensus)] ✨ Imported #141 (0x0d23…fde7)    
2023-12-22 14:46:15+00:00 [//Alice (DomainId(0))] acknowledgement_sender_stream tag="Import block #141"
2023-12-22 14:46:15+00:00 [//Alice (DomainId(0))] ✨ Imported #71 (0x2da3…7efc)    
2023-12-22 14:46:15+00:00 [Ferdie] 🎁 Prepared block for proposing at 142 (5 ms) [hash: 0x7fe80aa7b431e19b1e47e318ed956c1b8dcdb03c1137f7ecd384b54f7f78ef6c; parent_hash: 0x0d23…fde7; extrinsics (1): [0x8c29…7487]]
2023-12-22 14:46:15+00:00 [//Ferdie (Consensus)] ✨ Imported #142 (0x7fe8…ef6c)    
2023-12-22 14:46:15+00:00 [//Alice (DomainId(0))] acknowledgement_sender_stream tag="Import block #142"
2023-12-22 14:46:15+00:00 [//Alice (DomainId(0))] 📦 Claimed bundle at slot 143
2023-12-22 14:46:15+00:00 [//Alice (DomainId(0))] 🔖 Producing bundle at slot Slot(143)
2023-12-22 14:46:15+00:00 [//Alice (DomainId(0))] Submitted bundle from slot 143, extrinsics: 0    
2023-12-22 14:46:15+00:00 [//Alice (DomainId(0))] acknowledgement_sender_stream tag="New slot Slot(143)"
2023-12-22 14:46:15+00:00 [Ferdie] 🎁 Prepared block for proposing at 143 (9 ms) [hash: 0xeb499f83ee2a46556b748c5b8418e90305df6ad04b03fd3f8a64eddcf50ab257; parent_hash: 0x7fe8…ef6c; extrinsics (2): [0xbda8…94b1, 0xea0b…7739]]
2023-12-22 14:46:15+00:00 [//Ferdie (Consensus)] ✨ Imported #143 (0xeb49…b257)    
2023-12-22 14:46:15+00:00 [//Alice (DomainId(0))] ✨ Imported #72 (0x4bb2…1202)    
2023-12-22 14:46:15+00:00 [//Alice (DomainId(0))] acknowledgement_sender_stream tag="Import block #143"
2023-12-22 14:46:15+00:00 [Ferdie] 🎁 Prepared block for proposing at 144 (5 ms) [hash: 0x4500f3efa5ef534e8a53399e98befdb8d95065f8854c3b571a27b0a1913699b0; parent_hash: 0xeb49…b257; extrinsics (1): [0x8088…aaea]]
2023-12-22 14:46:15+00:00 [//Ferdie (Consensus)] ✨ Imported #144 (0x4500…99b0)    
2023-12-22 14:46:15+00:00 [//Alice (DomainId(0))] acknowledgement_sender_stream tag="Import block #144"
2023-12-22 14:46:15+00:00 [//Alice (DomainId(0))] 📦 Claimed bundle at slot 145
2023-12-22 14:46:15+00:00 [//Alice (DomainId(0))] 🔖 Producing bundle at slot Slot(145)
2023-12-22 14:46:15+00:00 [//Alice (DomainId(0))] Submitted bundle from slot 145, extrinsics: 0    
2023-12-22 14:46:15+00:00 [//Alice (DomainId(0))] acknowledgement_sender_stream tag="New slot Slot(145)"
2023-12-22 14:46:15+00:00 [Ferdie] 🎁 Prepared block for proposing at 145 (9 ms) [hash: 0xf4e7777fd9cb9ad036a18075dbb073fa909bb1b65957bf79b3e1cffa3c622c7e; parent_hash: 0x4500…99b0; extrinsics (2): [0x6f0d…0bd6, 0x712d…6589]]
2023-12-22 14:46:15+00:00 [//Ferdie (Consensus)] ✨ Imported #145 (0xf4e7…2c7e)    
2023-12-22 14:46:15+00:00 [//Alice (DomainId(0))] ✨ Imported #73 (0x1555…7837)    
2023-12-22 14:46:15+00:00 [//Alice (DomainId(0))] acknowledgement_sender_stream tag="Import block #145"
2023-12-22 14:46:15+00:00 [Ferdie] 🎁 Prepared block for proposing at 146 (5 ms) [hash: 0x675a47dfaffa43e7aeddb16e99176a89c27aa1c0dc2da3a90f270386aeccd59d; parent_hash: 0xf4e7…2c7e; extrinsics (1): [0x55ce…a2a2]]
2023-12-22 14:46:15+00:00 [//Ferdie (Consensus)] ✨ Imported #146 (0x675a…d59d)    
2023-12-22 14:46:15+00:00 [//Alice (DomainId(0))] acknowledgement_sender_stream tag="Import block #146"
2023-12-22 14:46:15+00:00 [//Alice (DomainId(0))] 📦 Claimed bundle at slot 147
2023-12-22 14:46:15+00:00 [//Alice (DomainId(0))] 🔖 Producing bundle at slot Slot(147)
2023-12-22 14:46:16+00:00 [//Alice (DomainId(0))] Submitted bundle from slot 147, extrinsics: 0    
2023-12-22 14:46:16+00:00 [//Alice (DomainId(0))] acknowledgement_sender_stream tag="New slot Slot(147)"
2023-12-22 14:46:16+00:00 [Ferdie] 🎁 Prepared block for proposing at 147 (10 ms) [hash: 0x33b487a6e6be19edb71bc4f9b28173ec8308b147e3e50b17d9069dbd916dfe23; parent_hash: 0x675a…d59d; extrinsics (2): [0x3639…4c55, 0x3eae…847d]]
2023-12-22 14:46:16+00:00 [//Ferdie (Consensus)] ✨ Imported #147 (0x33b4…fe23)    
2023-12-22 14:46:16+00:00 [//Alice (DomainId(0))] ✨ Imported #74 (0xc866…133a)    
2023-12-22 14:46:16+00:00 [//Alice (DomainId(0))] acknowledgement_sender_stream tag="Import block #147"
2023-12-22 14:46:16+00:00 [Ferdie] 🎁 Prepared block for proposing at 148 (4 ms) [hash: 0xd4736910850852c567a0230935af14dcd41da01fa49b1be6065974c641340048; parent_hash: 0x33b4…fe23; extrinsics (1): [0x72b2…64a2]]
2023-12-22 14:46:16+00:00 [//Ferdie (Consensus)] ✨ Imported #148 (0xd473…0048)    
2023-12-22 14:46:16+00:00 [//Alice (DomainId(0))] acknowledgement_sender_stream tag="Import block #148"
2023-12-22 14:46:16+00:00 [//Alice (DomainId(0))] 📦 Claimed bundle at slot 149
2023-12-22 14:46:16+00:00 [//Alice (DomainId(0))] 🔖 Producing bundle at slot Slot(149)
2023-12-22 14:46:16+00:00 [//Alice (DomainId(0))] Submitted bundle from slot 149, extrinsics: 0    
2023-12-22 14:46:16+00:00 [//Alice (DomainId(0))] acknowledgement_sender_stream tag="New slot Slot(149)"
2023-12-22 14:46:16+00:00 [Ferdie] 🎁 Prepared block for proposing at 149 (9 ms) [hash: 0x3b9996e984b4ca204c9182347a4c128f35bd40ce236bc6989ffedd04039d4e83; parent_hash: 0xd473…0048; extrinsics (2): [0x80bd…b070, 0x6cbe…30e1]]
2023-12-22 14:46:16+00:00 [//Ferdie (Consensus)] ✨ Imported #149 (0x3b99…4e83)    
2023-12-22 14:46:16+00:00 [//Alice (DomainId(0))] ✨ Imported #75 (0x2477…16c9)    
2023-12-22 14:46:16+00:00 [//Alice (DomainId(0))] acknowledgement_sender_stream tag="Import block #149"
2023-12-22 14:46:16+00:00 [Ferdie] 🎁 Prepared block for proposing at 150 (5 ms) [hash: 0x45535562e5638652e461b3004ad6e957dbcc1843999e5bef9c09bb4fd3cf0214; parent_hash: 0x3b99…4e83; extrinsics (1): [0xd22d…4979]]
2023-12-22 14:46:16+00:00 [//Ferdie (Consensus)] ✨ Imported #150 (0x4553…0214)    
2023-12-22 14:46:16+00:00 [//Alice (DomainId(0))] acknowledgement_sender_stream tag="Import block #150"
2023-12-22 14:46:16+00:00 [//Alice (DomainId(0))] 📦 Claimed bundle at slot 151
2023-12-22 14:46:16+00:00 [//Alice (DomainId(0))] 🔖 Producing bundle at slot Slot(151)
2023-12-22 14:46:16+00:00 [//Alice (DomainId(0))] Submitted bundle from slot 151, extrinsics: 0    
2023-12-22 14:46:16+00:00 [//Alice (DomainId(0))] acknowledgement_sender_stream tag="New slot Slot(151)"
2023-12-22 14:46:16+00:00 [Ferdie] 🎁 Prepared block for proposing at 151 (9 ms) [hash: 0xeb00490d459f9e6b8eb9fd8f618284578c8bf4416529321f71483cf651ea64b1; parent_hash: 0x4553…0214; extrinsics (2): [0x58df…fae1, 0xe8da…a017]]
2023-12-22 14:46:16+00:00 [//Ferdie (Consensus)] ✨ Imported #151 (0xeb00…64b1)    
2023-12-22 14:46:16+00:00 [//Alice (DomainId(0))] ✨ Imported #76 (0x9c6a…9d13)    
2023-12-22 14:46:16+00:00 [//Alice (DomainId(0))] acknowledgement_sender_stream tag="Import block #151"
2023-12-22 14:46:16+00:00 [Ferdie] 🎁 Prepared block for proposing at 152 (5 ms) [hash: 0xbaaf642953634bcb1ae325d02e00565074154b8f4ea49c2481bb8bc5363018d7; parent_hash: 0xeb00…64b1; extrinsics (1): [0xaa09…b161]]
2023-12-22 14:46:16+00:00 [//Ferdie (Consensus)] ✨ Imported #152 (0xbaaf…18d7)    
2023-12-22 14:46:16+00:00 [//Alice (DomainId(0))] acknowledgement_sender_stream tag="Import block #152"
2023-12-22 14:46:16+00:00 [//Alice (DomainId(0))] 📦 Claimed bundle at slot 153
2023-12-22 14:46:16+00:00 [//Alice (DomainId(0))] 🔖 Producing bundle at slot Slot(153)
2023-12-22 14:46:16+00:00 [//Alice (DomainId(0))] Submitted bundle from slot 153, extrinsics: 0    
2023-12-22 14:46:16+00:00 [//Alice (DomainId(0))] acknowledgement_sender_stream tag="New slot Slot(153)"
2023-12-22 14:46:16+00:00 [Ferdie] 🎁 Prepared block for proposing at 153 (9 ms) [hash: 0x0bdd8600a41cb2e64b759422a00388b33eb0c41033016afdee211e2638eefdda; parent_hash: 0xbaaf…18d7; extrinsics (2): [0x3e63…5eb2, 0xaf43…ddaa]]
2023-12-22 14:46:16+00:00 [//Ferdie (Consensus)] ✨ Imported #153 (0x0bdd…fdda)    
2023-12-22 14:46:16+00:00 [//Alice (DomainId(0))] ✨ Imported #77 (0xb33f…4286)    
2023-12-22 14:46:16+00:00 [//Alice (DomainId(0))] acknowledgement_sender_stream tag="Import block #153"
2023-12-22 14:46:16+00:00 [Ferdie] 🎁 Prepared block for proposing at 154 (5 ms) [hash: 0x227785faa8f619237f80fd9d4ff98a33cc7e88419c78a44d2573d2e6d092a0ff; parent_hash: 0x0bdd…fdda; extrinsics (1): [0xfeb0…987a]]
2023-12-22 14:46:16+00:00 [//Ferdie (Consensus)] ✨ Imported #154 (0x2277…a0ff)    
2023-12-22 14:46:16+00:00 [//Alice (DomainId(0))] acknowledgement_sender_stream tag="Import block #154"
2023-12-22 14:46:16+00:00 [//Alice (DomainId(0))] 📦 Claimed bundle at slot 155
2023-12-22 14:46:16+00:00 [//Alice (DomainId(0))] 🔖 Producing bundle at slot Slot(155)
2023-12-22 14:46:16+00:00 [//Alice (DomainId(0))] Submitted bundle from slot 155, extrinsics: 0    
2023-12-22 14:46:16+00:00 [//Alice (DomainId(0))] acknowledgement_sender_stream tag="New slot Slot(155)"
2023-12-22 14:46:16+00:00 [Ferdie] 🎁 Prepared block for proposing at 155 (9 ms) [hash: 0x92a926f1d89cc5d1b498b1fd201206a16b2737550baddc384c41f6686cf77f2a; parent_hash: 0x2277…a0ff; extrinsics (2): [0xd377…bfaa, 0xbd29…7f4f]]
2023-12-22 14:46:16+00:00 [//Ferdie (Consensus)] ✨ Imported #155 (0x92a9…7f2a)    
2023-12-22 14:46:16+00:00 [//Alice (DomainId(0))] ✨ Imported #78 (0x131a…9f0b)    
2023-12-22 14:46:17+00:00 [//Alice (DomainId(0))] acknowledgement_sender_stream tag="Import block #155"
2023-12-22 14:46:17+00:00 [Ferdie] 🎁 Prepared block for proposing at 156 (5 ms) [hash: 0x90ba104db27d182938611498a51047dffc3818a62ca934cfc5e1f27ab38d53a0; parent_hash: 0x92a9…7f2a; extrinsics (1): [0xdaa6…530e]]
2023-12-22 14:46:17+00:00 [//Ferdie (Consensus)] ✨ Imported #156 (0x90ba…53a0)    
2023-12-22 14:46:17+00:00 [//Alice (DomainId(0))] acknowledgement_sender_stream tag="Import block #156"
2023-12-22 14:46:17+00:00 [//Alice (DomainId(0))] 📦 Claimed bundle at slot 157
2023-12-22 14:46:17+00:00 [//Alice (DomainId(0))] 🔖 Producing bundle at slot Slot(157)
2023-12-22 14:46:17+00:00 [//Alice (DomainId(0))] Submitted bundle from slot 157, extrinsics: 0    
2023-12-22 14:46:17+00:00 [//Alice (DomainId(0))] acknowledgement_sender_stream tag="New slot Slot(157)"
2023-12-22 14:46:17+00:00 [Ferdie] 🎁 Prepared block for proposing at 157 (9 ms) [hash: 0xb0bd0ce8f942b5ee285286255bae744c4e654c309f65aaf0ccf6539cc666a0d4; parent_hash: 0x90ba…53a0; extrinsics (2): [0x3e91…fe6e, 0x7205…9cec]]
2023-12-22 14:46:17+00:00 [//Ferdie (Consensus)] ✨ Imported #157 (0xb0bd…a0d4)    
2023-12-22 14:46:17+00:00 [//Alice (DomainId(0))] ✨ Imported #79 (0x42b0…9781)    
2023-12-22 14:46:17+00:00 [//Alice (DomainId(0))] acknowledgement_sender_stream tag="Import block #157"
2023-12-22 14:46:17+00:00 [Ferdie] 🎁 Prepared block for proposing at 158 (5 ms) [hash: 0x5d61f658c556cdc286b1865770fb6c80b2e479e43d78f55d3b6779c4f227ed8e; parent_hash: 0xb0bd…a0d4; extrinsics (1): [0x010c…0e6a]]
2023-12-22 14:46:17+00:00 [//Ferdie (Consensus)] ✨ Imported #158 (0x5d61…ed8e)    
2023-12-22 14:46:17+00:00 [//Alice (DomainId(0))] acknowledgement_sender_stream tag="Import block #158"
2023-12-22 14:46:17+00:00 [//Alice (DomainId(0))] 📦 Claimed bundle at slot 159
2023-12-22 14:46:17+00:00 [//Alice (DomainId(0))] 🔖 Producing bundle at slot Slot(159)
2023-12-22 14:46:17+00:00 [//Alice (DomainId(0))] Submitted bundle from slot 159, extrinsics: 0    
2023-12-22 14:46:17+00:00 [//Alice (DomainId(0))] acknowledgement_sender_stream tag="New slot Slot(159)"
2023-12-22 14:46:17+00:00 [Ferdie] 🎁 Prepared block for proposing at 159 (9 ms) [hash: 0x33b5eed9327857f06afd50fdb2ab075fdd5cbab6510950f61bac596426b5ee19; parent_hash: 0x5d61…ed8e; extrinsics (2): [0x3dd8…9100, 0x35b0…23b3]]
2023-12-22 14:46:17+00:00 [//Ferdie (Consensus)] ✨ Imported #159 (0x33b5…ee19)    
2023-12-22 14:46:17+00:00 [//Alice (DomainId(0))] ✨ Imported #80 (0x1bba…5003)    
2023-12-22 14:46:17+00:00 [//Alice (DomainId(0))] acknowledgement_sender_stream tag="Import block #159"
2023-12-22 14:46:17+00:00 [Ferdie] 🎁 Prepared block for proposing at 160 (5 ms) [hash: 0x99493fdafdada965978e1e33a376482e68f2bcb88375d61abc14533f87b86b84; parent_hash: 0x33b5…ee19; extrinsics (1): [0x440d…452d]]
2023-12-22 14:46:17+00:00 [//Ferdie (Consensus)] ✨ Imported #160 (0x9949…6b84)    
2023-12-22 14:46:17+00:00 [//Alice (DomainId(0))] acknowledgement_sender_stream tag="Import block #160"
2023-12-22 14:46:17+00:00 [//Alice (DomainId(0))] 📦 Claimed bundle at slot 161
2023-12-22 14:46:17+00:00 [//Alice (DomainId(0))] 🔖 Producing bundle at slot Slot(161)
2023-12-22 14:46:17+00:00 [//Alice (DomainId(0))] Submitted bundle from slot 161, extrinsics: 0    
2023-12-22 14:46:17+00:00 [//Alice (DomainId(0))] acknowledgement_sender_stream tag="New slot Slot(161)"
2023-12-22 14:46:17+00:00 [Ferdie] 🎁 Prepared block for proposing at 161 (9 ms) [hash: 0xc88915d3baf8d2ab727ab2a2f399a20333ef6530dd2c8c8f79376f71519c973e; parent_hash: 0x9949…6b84; extrinsics (2): [0x897f…6965, 0x7bed…a97b]]
2023-12-22 14:46:17+00:00 [//Ferdie (Consensus)] ✨ Imported #161 (0xc889…973e)    
2023-12-22 14:46:17+00:00 [//Alice (DomainId(0))] ✨ Imported #81 (0xc3ba…3513)    
2023-12-22 14:46:18+00:00 [//Alice (DomainId(0))] Slow post domain block execution, took 426ms consensus_block_info=(0xc88915d3baf8d2ab727ab2a2f399a20333ef6530dd2c8c8f79376f71519c973e, 161) built_block_info=(0xc3ba7542e039eb202a4b216c9951c67e2bc235542999758b43f1231d1eb63513, 81)
2023-12-22 14:46:18+00:00 [//Alice (DomainId(0))] acknowledgement_sender_stream tag="Import block #161"
2023-12-22 14:46:18+00:00 [Ferdie] 🎁 Prepared block for proposing at 162 (5 ms) [hash: 0x19939da2d85ce179b8f104531511dea71262976ffb2c5db7431f18d1230d5982; parent_hash: 0xc889…973e; extrinsics (1): [0x41f8…375a]]
2023-12-22 14:46:18+00:00 [//Ferdie (Consensus)] ✨ Imported #162 (0x1993…5982)    
2023-12-22 14:46:18+00:00 [//Alice (DomainId(0))] acknowledgement_sender_stream tag="Import block #162"
2023-12-22 14:46:18+00:00 [//Alice (DomainId(0))] 📦 Claimed bundle at slot 163
2023-12-22 14:46:18+00:00 [//Alice (DomainId(0))] 🔖 Producing bundle at slot Slot(163)
2023-12-22 14:46:18+00:00 [//Alice (DomainId(0))] Submitted bundle from slot 163, extrinsics: 0    
2023-12-22 14:46:18+00:00 [//Alice (DomainId(0))] acknowledgement_sender_stream tag="New slot Slot(163)"
2023-12-22 14:46:18+00:00 [Ferdie] 🎁 Prepared block for proposing at 163 (9 ms) [hash: 0x1dc5d230d103333c551553b8f6f3411313c36ec45d7400dfe9d507afba548b30; parent_hash: 0x1993…5982; extrinsics (2): [0x63e7…c8af, 0xe7cd…318c]]
2023-12-22 14:46:18+00:00 [//Ferdie (Consensus)] ✨ Imported #163 (0x1dc5…8b30)    
2023-12-22 14:46:18+00:00 [//Alice (DomainId(0))] ✨ Imported #82 (0x06ee…2971)    
2023-12-22 14:46:18+00:00 [//Alice (DomainId(0))] acknowledgement_sender_stream tag="Import block #163"
2023-12-22 14:46:18+00:00 [Ferdie] 🎁 Prepared block for proposing at 164 (5 ms) [hash: 0x18b6d37fc1344fdfb4cb28b4d86b1420438f34e45827191cfed017dfd19ff0d5; parent_hash: 0x1dc5…8b30; extrinsics (1): [0x7b11…8d04]]
2023-12-22 14:46:18+00:00 [//Ferdie (Consensus)] ✨ Imported #164 (0x18b6…f0d5)    
2023-12-22 14:46:18+00:00 [//Alice (DomainId(0))] acknowledgement_sender_stream tag="Import block #164"
2023-12-22 14:46:18+00:00 [//Alice (DomainId(0))] 📦 Claimed bundle at slot 165
2023-12-22 14:46:18+00:00 [//Alice (DomainId(0))] 🔖 Producing bundle at slot Slot(165)
2023-12-22 14:46:18+00:00 [//Alice (DomainId(0))] Submitted bundle from slot 165, extrinsics: 0    
2023-12-22 14:46:18+00:00 [//Alice (DomainId(0))] acknowledgement_sender_stream tag="New slot Slot(165)"
2023-12-22 14:46:18+00:00 [Ferdie] 🎁 Prepared block for proposing at 165 (9 ms) [hash: 0x5f9d0b4d26e23f79957d2082873c4a5e7809670e35da28e3977b1fef56293658; parent_hash: 0x18b6…f0d5; extrinsics (2): [0x7042…2bf7, 0x6273…70e8]]
2023-12-22 14:46:18+00:00 [//Ferdie (Consensus)] ✨ Imported #165 (0x5f9d…3658)    
2023-12-22 14:46:18+00:00 [//Alice (DomainId(0))] ✨ Imported #83 (0xa99b…ad42)    
2023-12-22 14:46:18+00:00 [//Alice (DomainId(0))] acknowledgement_sender_stream tag="Import block #165"
2023-12-22 14:46:18+00:00 [Ferdie] 🎁 Prepared block for proposing at 166 (5 ms) [hash: 0x94284fd7cf1315b49aa32a0a99625ffa71c60725e87a65b785be2f25ae4e9d88; parent_hash: 0x5f9d…3658; extrinsics (1): [0x1301…03f0]]
2023-12-22 14:46:18+00:00 [//Ferdie (Consensus)] ✨ Imported #166 (0x9428…9d88)    
2023-12-22 14:46:18+00:00 [//Alice (DomainId(0))] acknowledgement_sender_stream tag="Import block #166"
2023-12-22 14:46:18+00:00 [//Alice (DomainId(0))] 📦 Claimed bundle at slot 167
2023-12-22 14:46:18+00:00 [//Alice (DomainId(0))] 🔖 Producing bundle at slot Slot(167)
2023-12-22 14:46:18+00:00 [//Alice (DomainId(0))] Submitted bundle from slot 167, extrinsics: 0    
2023-12-22 14:46:18+00:00 [//Alice (DomainId(0))] acknowledgement_sender_stream tag="New slot Slot(167)"
2023-12-22 14:46:18+00:00 [Ferdie] 🎁 Prepared block for proposing at 167 (9 ms) [hash: 0xaffd05fb2d31be7245527359c7148e9f12dbf31f97726450a4229e931315cbcc; parent_hash: 0x9428…9d88; extrinsics (2): [0xda1d…43e9, 0x1c61…b07b]]
2023-12-22 14:46:18+00:00 [//Ferdie (Consensus)] ✨ Imported #167 (0xaffd…cbcc)    
2023-12-22 14:46:18+00:00 [//Alice (DomainId(0))] ✨ Imported #84 (0x38b2…b203)    
2023-12-22 14:46:18+00:00 [//Alice (DomainId(0))] acknowledgement_sender_stream tag="Import block #167"
2023-12-22 14:46:18+00:00 [Ferdie] 🎁 Prepared block for proposing at 168 (5 ms) [hash: 0x227fab21b446f7a647ba9081655bc2e01e30981ade9c4d69d2b271be94e6dc1e; parent_hash: 0xaffd…cbcc; extrinsics (1): [0xe5a7…1184]]
2023-12-22 14:46:18+00:00 [//Ferdie (Consensus)] ✨ Imported #168 (0x227f…dc1e)    
2023-12-22 14:46:18+00:00 [//Alice (DomainId(0))] acknowledgement_sender_stream tag="Import block #168"
2023-12-22 14:46:18+00:00 [//Alice (DomainId(0))] 📦 Claimed bundle at slot 169
2023-12-22 14:46:18+00:00 [//Alice (DomainId(0))] 🔖 Producing bundle at slot Slot(169)
2023-12-22 14:46:18+00:00 [//Alice (DomainId(0))] Submitted bundle from slot 169, extrinsics: 0    
2023-12-22 14:46:18+00:00 [//Alice (DomainId(0))] acknowledgement_sender_stream tag="New slot Slot(169)"
2023-12-22 14:46:18+00:00 [Ferdie] 🎁 Prepared block for proposing at 169 (9 ms) [hash: 0xbd8601ad56f11d54e14f32d32f3370cfbe7c8073206355d5ef62fcdeab79dcbd; parent_hash: 0x227f…dc1e; extrinsics (2): [0xdda7…3f4d, 0xa025…f362]]
2023-12-22 14:46:18+00:00 [//Ferdie (Consensus)] ✨ Imported #169 (0xbd86…dcbd)    
2023-12-22 14:46:18+00:00 [//Alice (DomainId(0))] ✨ Imported #85 (0xd2a3…65b5)    
2023-12-22 14:46:18+00:00 [//Alice (DomainId(0))] acknowledgement_sender_stream tag="Import block #169"
2023-12-22 14:46:18+00:00 [Ferdie] 🎁 Prepared block for proposing at 170 (5 ms) [hash: 0xa48ca17f7ca4e3ede9c1f0591f55ee42f2b8eb98b4e1ca911bdeb991e4de18d8; parent_hash: 0xbd86…dcbd; extrinsics (1): [0x230e…4df2]]
2023-12-22 14:46:18+00:00 [//Ferdie (Consensus)] ✨ Imported #170 (0xa48c…18d8)    
2023-12-22 14:46:18+00:00 [//Alice (DomainId(0))] acknowledgement_sender_stream tag="Import block #170"
2023-12-22 14:46:18+00:00 [//Alice (DomainId(0))] 📦 Claimed bundle at slot 171
2023-12-22 14:46:18+00:00 [//Alice (DomainId(0))] 🔖 Producing bundle at slot Slot(171)
2023-12-22 14:46:19+00:00 [//Alice (DomainId(0))] Submitted bundle from slot 171, extrinsics: 0    
2023-12-22 14:46:19+00:00 [//Alice (DomainId(0))] acknowledgement_sender_stream tag="New slot Slot(171)"
2023-12-22 14:46:19+00:00 [Ferdie] 🎁 Prepared block for proposing at 171 (9 ms) [hash: 0xd309f7af82c62b982f42f204d3913d388e1a3dea7c70936f5cdc7726ef1ea86c; parent_hash: 0xa48c…18d8; extrinsics (2): [0x803e…8e61, 0x3456…d1e6]]
2023-12-22 14:46:19+00:00 [//Ferdie (Consensus)] ✨ Imported #171 (0xd309…a86c)    
2023-12-22 14:46:19+00:00 [//Alice (DomainId(0))] ✨ Imported #86 (0x0ba8…b044)    
2023-12-22 14:46:20+00:00 [//Alice (DomainId(0))] acknowledgement_sender_stream tag="Import block #171"
2023-12-22 14:46:20+00:00 [Ferdie] 🎁 Prepared block for proposing at 172 (5 ms) [hash: 0x33236dffa02cf6ffe94b977ba7b347901667d03d83dc55cdd2a8955b1626fea9; parent_hash: 0xd309…a86c; extrinsics (1): [0x6cda…f9c7]]
2023-12-22 14:46:20+00:00 [//Ferdie (Consensus)] ✨ Imported #172 (0x3323…fea9)    
2023-12-22 14:46:20+00:00 [//Alice (DomainId(0))] acknowledgement_sender_stream tag="Import block #172"
2023-12-22 14:46:20+00:00 [//Alice (DomainId(0))] 📦 Claimed bundle at slot 173
2023-12-22 14:46:20+00:00 [//Alice (DomainId(0))] 🔖 Producing bundle at slot Slot(173)
2023-12-22 14:46:20+00:00 [//Alice (DomainId(0))] Submitted bundle from slot 173, extrinsics: 0    
2023-12-22 14:46:20+00:00 [//Alice (DomainId(0))] acknowledgement_sender_stream tag="New slot Slot(173)"
2023-12-22 14:46:20+00:00 [Ferdie] 🎁 Prepared block for proposing at 173 (9 ms) [hash: 0x9bca0ab1466b456594f5c4a015cb12119d5bedd74940c4ead7f4504c8de8cc10; parent_hash: 0x3323…fea9; extrinsics (2): [0xa174…994b, 0xf60c…8170]]
2023-12-22 14:46:20+00:00 [//Ferdie (Consensus)] ✨ Imported #173 (0x9bca…cc10)    
2023-12-22 14:46:20+00:00 [//Alice (DomainId(0))] ✨ Imported #87 (0xad41…a357)    
2023-12-22 14:46:20+00:00 [//Alice (DomainId(0))] acknowledgement_sender_stream tag="Import block #173"
2023-12-22 14:46:20+00:00 [Ferdie] 🎁 Prepared block for proposing at 174 (5 ms) [hash: 0xfeb465a3bc776a7bd1a4b8bd4d2d7029eb2dae92f9195433ba53dfce306586c0; parent_hash: 0x9bca…cc10; extrinsics (1): [0xe162…42a5]]
2023-12-22 14:46:20+00:00 [//Ferdie (Consensus)] ✨ Imported #174 (0xfeb4…86c0)    
2023-12-22 14:46:20+00:00 [//Alice (DomainId(0))] acknowledgement_sender_stream tag="Import block #174"
2023-12-22 14:46:20+00:00 [//Alice (DomainId(0))] 📦 Claimed bundle at slot 175
2023-12-22 14:46:20+00:00 [//Alice (DomainId(0))] 🔖 Producing bundle at slot Slot(175)
2023-12-22 14:46:20+00:00 [//Alice (DomainId(0))] Submitted bundle from slot 175, extrinsics: 0    
2023-12-22 14:46:20+00:00 [//Alice (DomainId(0))] acknowledgement_sender_stream tag="New slot Slot(175)"
2023-12-22 14:46:20+00:00 [Ferdie] 🎁 Prepared block for proposing at 175 (9 ms) [hash: 0xe9479dfa1ab3ad307cfc9b1a8ada38f0b2de074b96410ce5d18426253282bd51; parent_hash: 0xfeb4…86c0; extrinsics (2): [0xc08e…7a91, 0x9938…a95d]]
2023-12-22 14:46:20+00:00 [//Ferdie (Consensus)] ✨ Imported #175 (0xe947…bd51)    
2023-12-22 14:46:20+00:00 [//Alice (DomainId(0))] ✨ Imported #88 (0xe8c7…1fc2)    
2023-12-22 14:46:20+00:00 [//Alice (DomainId(0))] acknowledgement_sender_stream tag="Import block #175"
2023-12-22 14:46:20+00:00 [Ferdie] 🎁 Prepared block for proposing at 176 (5 ms) [hash: 0x43c77564613af094686422903b7e0ba0fb593f4031c276a46ac71cd44cf041fd; parent_hash: 0xe947…bd51; extrinsics (1): [0x1c76…bfd0]]
2023-12-22 14:46:20+00:00 [//Ferdie (Consensus)] ✨ Imported #176 (0x43c7…41fd)    
2023-12-22 14:46:20+00:00 [//Alice (DomainId(0))] acknowledgement_sender_stream tag="Import block #176"
2023-12-22 14:46:20+00:00 [//Alice (DomainId(0))] 📦 Claimed bundle at slot 177
2023-12-22 14:46:20+00:00 [//Alice (DomainId(0))] 🔖 Producing bundle at slot Slot(177)
2023-12-22 14:46:20+00:00 [//Alice (DomainId(0))] Submitted bundle from slot 177, extrinsics: 0    
2023-12-22 14:46:20+00:00 [//Alice (DomainId(0))] acknowledgement_sender_stream tag="New slot Slot(177)"
2023-12-22 14:46:20+00:00 [Ferdie] 🎁 Prepared block for proposing at 177 (9 ms) [hash: 0xfba787bf4802bd39c3f07aa0e0dae69e05e998fa8e4834dbb2f2de5a2c863a09; parent_hash: 0x43c7…41fd; extrinsics (2): [0xd396…6948, 0x52a8…fc33]]
2023-12-22 14:46:20+00:00 [//Ferdie (Consensus)] ✨ Imported #177 (0xfba7…3a09)    
2023-12-22 14:46:20+00:00 [//Alice (DomainId(0))] ✨ Imported #89 (0x140c…55f3)    
2023-12-22 14:46:20+00:00 [//Alice (DomainId(0))] acknowledgement_sender_stream tag="Import block #177"
2023-12-22 14:46:20+00:00 [Ferdie] 🎁 Prepared block for proposing at 178 (5 ms) [hash: 0x60620e29214504481c9972609ef592c7ffa8f4672ff245707f17b477c37d296e; parent_hash: 0xfba7…3a09; extrinsics (1): [0x9c44…6a76]]
2023-12-22 14:46:20+00:00 [//Ferdie (Consensus)] ✨ Imported #178 (0x6062…296e)    
2023-12-22 14:46:20+00:00 [//Alice (DomainId(0))] acknowledgement_sender_stream tag="Import block #178"
2023-12-22 14:46:20+00:00 [//Alice (DomainId(0))] 📦 Claimed bundle at slot 179
2023-12-22 14:46:20+00:00 [//Alice (DomainId(0))] 🔖 Producing bundle at slot Slot(179)
2023-12-22 14:46:20+00:00 [//Alice (DomainId(0))] Submitted bundle from slot 179, extrinsics: 0    
2023-12-22 14:46:20+00:00 [//Alice (DomainId(0))] acknowledgement_sender_stream tag="New slot Slot(179)"
2023-12-22 14:46:20+00:00 [Ferdie] 🎁 Prepared block for proposing at 179 (9 ms) [hash: 0x2a0d00cbc4c0f45c1a0fb89e335b76915043887760807a231d50f9a6231077b5; parent_hash: 0x6062…296e; extrinsics (2): [0x74d3…b75e, 0x2e90…7f52]]
2023-12-22 14:46:20+00:00 [//Ferdie (Consensus)] ✨ Imported #179 (0x2a0d…77b5)    
2023-12-22 14:46:20+00:00 [//Alice (DomainId(0))] acknowledgement_sender_stream tag="Import block #179"
2023-12-22 14:46:20+00:00 [//Alice (DomainId(0))] ✨ Imported #90 (0x4f40…3cd4)    
2023-12-22 14:46:20+00:00 [//Alice (DomainId(0))] 💤 Idle (0 peers), best: #90 (0x4f40…3cd4), finalized #0 (0x7aea…1834), ⬇ 0 ⬆ 0    
2023-12-22 14:46:20+00:00 [Ferdie] 🎁 Prepared block for proposing at 180 (5 ms) [hash: 0xf72deb2894a08cf7aff462fcf88ee99fb1b78b75ba4c064fcd15733bbe7c0ece; parent_hash: 0x2a0d…77b5; extrinsics (1): [0x1500…1824]]
2023-12-22 14:46:20+00:00 [//Ferdie (Consensus)] ✨ Imported #180 (0xf72d…0ece)    
2023-12-22 14:46:20+00:00 [//Alice (DomainId(0))] acknowledgement_sender_stream tag="Import block #180"
2023-12-22 14:46:20+00:00 [//Alice (DomainId(0))] 📦 Claimed bundle at slot 181
2023-12-22 14:46:20+00:00 [//Alice (DomainId(0))] 🔖 Producing bundle at slot Slot(181)
2023-12-22 14:46:20+00:00 [//Alice (DomainId(0))] Submitted bundle from slot 181, extrinsics: 0    
2023-12-22 14:46:20+00:00 [//Alice (DomainId(0))] acknowledgement_sender_stream tag="New slot Slot(181)"
2023-12-22 14:46:20+00:00 [Ferdie] 🎁 Prepared block for proposing at 181 (9 ms) [hash: 0xd3fcc15de15d53926a73f8089e580166552678294dbd67d1b04ab39d24a6feb8; parent_hash: 0xf72d…0ece; extrinsics (2): [0x4f67…c793, 0x9ac9…7ad7]]
2023-12-22 14:46:20+00:00 [//Ferdie (Consensus)] ✨ Imported #181 (0xd3fc…feb8)    
2023-12-22 14:46:20+00:00 [//Alice (DomainId(0))] ✨ Imported #91 (0xfec5…5941)    
2023-12-22 14:46:21+00:00 [//Alice (DomainId(0))] acknowledgement_sender_stream tag="Import block #181"
2023-12-22 14:46:21+00:00 [Ferdie] 🎁 Prepared block for proposing at 182 (5 ms) [hash: 0x36daaae61a71b05cd740c2d9bb7c43cae08665c72126407b2658acabab84fe43; parent_hash: 0xd3fc…feb8; extrinsics (1): [0x7cbb…854f]]
2023-12-22 14:46:21+00:00 [//Ferdie (Consensus)] ✨ Imported #182 (0x36da…fe43)    
2023-12-22 14:46:21+00:00 [//Alice (DomainId(0))] acknowledgement_sender_stream tag="Import block #182"
2023-12-22 14:46:21+00:00 [//Alice (DomainId(0))] 📦 Claimed bundle at slot 183
2023-12-22 14:46:21+00:00 [//Alice (DomainId(0))] 🔖 Producing bundle at slot Slot(183)
2023-12-22 14:46:21+00:00 [//Alice (DomainId(0))] Submitted bundle from slot 183, extrinsics: 0    
2023-12-22 14:46:21+00:00 [//Alice (DomainId(0))] acknowledgement_sender_stream tag="New slot Slot(183)"
2023-12-22 14:46:21+00:00 [Ferdie] 🎁 Prepared block for proposing at 183 (10 ms) [hash: 0x38ade9bfb7c61d622c65d66a83abde2a7925f37431738fa76e162ca2812f84c2; parent_hash: 0x36da…fe43; extrinsics (2): [0xa6f6…bffe, 0xd156…03bb]]
2023-12-22 14:46:21+00:00 [//Ferdie (Consensus)] ✨ Imported #183 (0x38ad…84c2)    
2023-12-22 14:46:21+00:00 [//Alice (DomainId(0))] ✨ Imported #92 (0x3a48…45d6)    
2023-12-22 14:46:21+00:00 [//Alice (DomainId(0))] acknowledgement_sender_stream tag="Import block #183"
2023-12-22 14:46:21+00:00 [Ferdie] 🎁 Prepared block for proposing at 184 (5 ms) [hash: 0x3fc747dd06dfad465d52cf4e74c024d5f78d8ae13c9dd97d5752fdf0c4940a1c; parent_hash: 0x38ad…84c2; extrinsics (1): [0x1e72…5f41]]
2023-12-22 14:46:21+00:00 [//Ferdie (Consensus)] ✨ Imported #184 (0x3fc7…0a1c)    
2023-12-22 14:46:22+00:00 [//Alice (DomainId(0))] acknowledgement_sender_stream tag="Import block #184"
2023-12-22 14:46:22+00:00 [//Alice (DomainId(0))] 📦 Claimed bundle at slot 185
2023-12-22 14:46:22+00:00 [//Alice (DomainId(0))] 🔖 Producing bundle at slot Slot(185)
2023-12-22 14:46:22+00:00 [//Alice (DomainId(0))] Submitted bundle from slot 185, extrinsics: 0    
2023-12-22 14:46:22+00:00 [//Alice (DomainId(0))] acknowledgement_sender_stream tag="New slot Slot(185)"
2023-12-22 14:46:22+00:00 [Ferdie] 🎁 Prepared block for proposing at 185 (18 ms) [hash: 0x961a5e994ec27788de4ac4c07cf0fb8367a97a6bd7c6d3548264b2b2eb67a7fa; parent_hash: 0x3fc7…0a1c; extrinsics (2): [0x7679…ded6, 0xf21d…6151]]
2023-12-22 14:46:22+00:00 [//Ferdie (Consensus)] ✨ Imported #185 (0x961a…a7fa)    
2023-12-22 14:46:22+00:00 [//Alice (DomainId(0))] ✨ Imported #93 (0x5daf…d6ae)    
2023-12-22 14:46:22+00:00 [//Alice (DomainId(0))] Slow domain block execution, took 459ms consensus_block_info=(0x961a5e994ec27788de4ac4c07cf0fb8367a97a6bd7c6d3548264b2b2eb67a7fa, 185) built_block_info=(0x5dafc67c337a1cf0f8e88e2570c5a33f3a507d98a8266fb86ec69f102ed3d6ae, 93) reference_block_execution_duration_ms=1
2023-12-22 14:46:22+00:00 [//Alice (DomainId(0))] acknowledgement_sender_stream tag="Import block #185"
2023-12-22 14:46:22+00:00 [Ferdie] 🎁 Prepared block for proposing at 186 (5 ms) [hash: 0x3220d040ab6de19891f668246ed0c27dc1ebcf93ddfb2a0ac7f417f57c4e3779; parent_hash: 0x961a…a7fa; extrinsics (1): [0xf92a…cf51]]
2023-12-22 14:46:22+00:00 [//Ferdie (Consensus)] ✨ Imported #186 (0x3220…3779)    
2023-12-22 14:46:23+00:00 [//Alice (DomainId(0))] acknowledgement_sender_stream tag="Import block #186"
2023-12-22 14:46:23+00:00 [//Alice (DomainId(0))] 📦 Claimed bundle at slot 187
2023-12-22 14:46:23+00:00 [//Alice (DomainId(0))] 🔖 Producing bundle at slot Slot(187)
2023-12-22 14:46:23+00:00 [//Alice (DomainId(0))] Submitted bundle from slot 187, extrinsics: 0    
2023-12-22 14:46:23+00:00 [//Alice (DomainId(0))] acknowledgement_sender_stream tag="New slot Slot(187)"
2023-12-22 14:46:23+00:00 [Ferdie] 🎁 Prepared block for proposing at 187 (9 ms) [hash: 0xe24e7a734e381d230262915e95e8eeed6a4cbf8e7b981c06fc33926f41fc464f; parent_hash: 0x3220…3779; extrinsics (2): [0xa82e…256c, 0x0fc2…95c5]]
2023-12-22 14:46:23+00:00 [//Ferdie (Consensus)] ✨ Imported #187 (0xe24e…464f)    
2023-12-22 14:46:23+00:00 [//Alice (DomainId(0))] ✨ Imported #94 (0xaa8e…501e)    
2023-12-22 14:46:23+00:00 [//Alice (DomainId(0))] acknowledgement_sender_stream tag="Import block #187"
2023-12-22 14:46:23+00:00 [Ferdie] 🎁 Prepared block for proposing at 188 (5 ms) [hash: 0x96f241799837362b96a840e0d117949cfb89643befdb055f2f9a2a3fd7e81ce1; parent_hash: 0xe24e…464f; extrinsics (1): [0xcc6b…8632]]
2023-12-22 14:46:23+00:00 [//Ferdie (Consensus)] ✨ Imported #188 (0x96f2…1ce1)    
2023-12-22 14:46:23+00:00 [//Alice (DomainId(0))] acknowledgement_sender_stream tag="Import block #188"
2023-12-22 14:46:23+00:00 [//Alice (DomainId(0))] 📦 Claimed bundle at slot 189
2023-12-22 14:46:23+00:00 [//Alice (DomainId(0))] 🔖 Producing bundle at slot Slot(189)
2023-12-22 14:46:23+00:00 [//Alice (DomainId(0))] Submitted bundle from slot 189, extrinsics: 0    
2023-12-22 14:46:23+00:00 [//Alice (DomainId(0))] acknowledgement_sender_stream tag="New slot Slot(189)"
2023-12-22 14:46:23+00:00 [Ferdie] Timeout fired waiting for transaction pool at #188, proceeding with production.
2023-12-22 14:46:23+00:00 [Ferdie] 🎁 Prepared block for proposing at 189 (70 ms) [hash: 0xceee29dd9b1e53017b5154136baba45a345b961c39c814fa696e7f9c6ac5b6e5; parent_hash: 0x96f2…1ce1; extrinsics (2): [0xb6ec…e213, 0x8507…efcf]]
2023-12-22 14:46:23+00:00 [//Ferdie (Consensus)] ✨ Imported #189 (0xceee…b6e5)    
2023-12-22 14:46:24+00:00 [//Alice (DomainId(0))] acknowledgement_sender_stream tag="Import block #189"
2023-12-22 14:46:24+00:00 [//Alice (DomainId(0))] ✨ Imported #95 (0xfdde…939a)    
2023-12-22 14:46:24+00:00 [Ferdie] 🎁 Prepared block for proposing at 190 (5 ms) [hash: 0x8e4483971cfe752ba767a420a6d1a04fe7bde399218a3c5fc26b177b516d6475; parent_hash: 0xceee…b6e5; extrinsics (1): [0x8b42…ac74]]
2023-12-22 14:46:24+00:00 [//Ferdie (Consensus)] ✨ Imported #190 (0x8e44…6475)    
2023-12-22 14:46:24+00:00 [//Alice (DomainId(0))] acknowledgement_sender_stream tag="Import block #190"
2023-12-22 14:46:24+00:00 [//Alice (DomainId(0))] 📦 Claimed bundle at slot 191
2023-12-22 14:46:24+00:00 [//Alice (DomainId(0))] 🔖 Producing bundle at slot Slot(191)
2023-12-22 14:46:24+00:00 [//Alice (DomainId(0))] Submitted bundle from slot 191, extrinsics: 0    
2023-12-22 14:46:24+00:00 [//Alice (DomainId(0))] acknowledgement_sender_stream tag="New slot Slot(191)"
2023-12-22 14:46:24+00:00 [Ferdie] 🎁 Prepared block for proposing at 191 (9 ms) [hash: 0xccf70086c2ee28c168fab9aa1455585b145ff34327209648487a948327bf1d89; parent_hash: 0x8e44…6475; extrinsics (2): [0xf8dc…e7e5, 0x2a13…1391]]
2023-12-22 14:46:24+00:00 [//Ferdie (Consensus)] ✨ Imported #191 (0xccf7…1d89)    
2023-12-22 14:46:24+00:00 [//Alice (DomainId(0))] ✨ Imported #96 (0x5665…c6f9)    
2023-12-22 14:46:24+00:00 [//Alice (DomainId(0))] acknowledgement_sender_stream tag="Import block #191"
2023-12-22 14:46:24+00:00 [Ferdie] 🎁 Prepared block for proposing at 192 (5 ms) [hash: 0xbbe6601bbb539951b75583998f1cd17f7795fe9012fd8a5a91ea2e05da3b3013; parent_hash: 0xccf7…1d89; extrinsics (1): [0x2aa3…2e44]]
2023-12-22 14:46:24+00:00 [//Ferdie (Consensus)] ✨ Imported #192 (0xbbe6…3013)    
2023-12-22 14:46:24+00:00 [//Alice (DomainId(0))] acknowledgement_sender_stream tag="Import block #192"
2023-12-22 14:46:24+00:00 [//Alice (DomainId(0))] 📦 Claimed bundle at slot 193
2023-12-22 14:46:24+00:00 [//Alice (DomainId(0))] 🔖 Producing bundle at slot Slot(193)
2023-12-22 14:46:24+00:00 [//Alice (DomainId(0))] Submitted bundle from slot 193, extrinsics: 0    
2023-12-22 14:46:24+00:00 [//Alice (DomainId(0))] acknowledgement_sender_stream tag="New slot Slot(193)"
2023-12-22 14:46:24+00:00 [Ferdie] 🎁 Prepared block for proposing at 193 (9 ms) [hash: 0x7925e8d86741ecbc5be666dcf45ca25260fb50c4e76d4e63d25f0f50f867d54b; parent_hash: 0xbbe6…3013; extrinsics (2): [0x8243…3d07, 0x1b1b…39ab]]
2023-12-22 14:46:24+00:00 [//Ferdie (Consensus)] ✨ Imported #193 (0x7925…d54b)    
2023-12-22 14:46:24+00:00 [//Alice (DomainId(0))] ✨ Imported #97 (0xe737…d734)    
2023-12-22 14:46:24+00:00 [//Alice (DomainId(0))] acknowledgement_sender_stream tag="Import block #193"
2023-12-22 14:46:24+00:00 [Ferdie] 🎁 Prepared block for proposing at 194 (5 ms) [hash: 0xb6b55c99b47eb900144dc6ac87dc447513ec37189e8d46ef82a47f84b5b9e398; parent_hash: 0x7925…d54b; extrinsics (1): [0xb61f…4f0e]]
2023-12-22 14:46:24+00:00 [//Ferdie (Consensus)] ✨ Imported #194 (0xb6b5…e398)    
2023-12-22 14:46:24+00:00 [//Alice (DomainId(0))] acknowledgement_sender_stream tag="Import block #194"
2023-12-22 14:46:24+00:00 [//Alice (DomainId(0))] 📦 Claimed bundle at slot 195
2023-12-22 14:46:24+00:00 [//Alice (DomainId(0))] 🔖 Producing bundle at slot Slot(195)
2023-12-22 14:46:24+00:00 [//Alice (DomainId(0))] Submitted bundle from slot 195, extrinsics: 0    
2023-12-22 14:46:24+00:00 [//Alice (DomainId(0))] acknowledgement_sender_stream tag="New slot Slot(195)"
2023-12-22 14:46:24+00:00 [Ferdie] 🎁 Prepared block for proposing at 195 (9 ms) [hash: 0xe1e3c20ef9b6c9b5e35013ce8e816d15d13f9ca10f5ddce70446fe6d36c73287; parent_hash: 0xb6b5…e398; extrinsics (2): [0x4709…cc5e, 0x8444…38e4]]
2023-12-22 14:46:24+00:00 [//Ferdie (Consensus)] ✨ Imported #195 (0xe1e3…3287)    
2023-12-22 14:46:24+00:00 [//Alice (DomainId(0))] ✨ Imported #98 (0x0ee8…f541)    
2023-12-22 14:46:24+00:00 [//Alice (DomainId(0))] acknowledgement_sender_stream tag="Import block #195"
2023-12-22 14:46:24+00:00 [Ferdie] 🎁 Prepared block for proposing at 196 (5 ms) [hash: 0x32cae3a5b4019d25b3aaf1ad0d705ec57557d7c5962338c11dc4e3a66c6db6a2; parent_hash: 0xe1e3…3287; extrinsics (1): [0x8785…3947]]
2023-12-22 14:46:24+00:00 [//Ferdie (Consensus)] ✨ Imported #196 (0x32ca…b6a2)    
2023-12-22 14:46:24+00:00 [//Alice (DomainId(0))] acknowledgement_sender_stream tag="Import block #196"
2023-12-22 14:46:24+00:00 [//Alice (DomainId(0))] 📦 Claimed bundle at slot 197
2023-12-22 14:46:24+00:00 [//Alice (DomainId(0))] 🔖 Producing bundle at slot Slot(197)
2023-12-22 14:46:24+00:00 [//Alice (DomainId(0))] Submitted bundle from slot 197, extrinsics: 0    
2023-12-22 14:46:24+00:00 [//Alice (DomainId(0))] acknowledgement_sender_stream tag="New slot Slot(197)"
2023-12-22 14:46:24+00:00 [Ferdie] 🎁 Prepared block for proposing at 197 (9 ms) [hash: 0x739544ba12c884b20e0c3578182ea4064d64827b231f0107221323d01f5bbcfa; parent_hash: 0x32ca…b6a2; extrinsics (2): [0x1fa0…5e18, 0x22eb…3c51]]
2023-12-22 14:46:24+00:00 [//Ferdie (Consensus)] ✨ Imported #197 (0x7395…bcfa)    
2023-12-22 14:46:24+00:00 [//Alice (DomainId(0))] ✨ Imported #99 (0xe457…6583)    
2023-12-22 14:46:24+00:00 [//Alice (DomainId(0))] acknowledgement_sender_stream tag="Import block #197"
2023-12-22 14:46:24+00:00 [Ferdie] 🎁 Prepared block for proposing at 198 (5 ms) [hash: 0x426964a2067c65958c20876073cd686758d07a333ac362db5246be50ba15f671; parent_hash: 0x7395…bcfa; extrinsics (1): [0xe61f…20e3]]
2023-12-22 14:46:24+00:00 [//Ferdie (Consensus)] ✨ Imported #198 (0x4269…f671)    
2023-12-22 14:46:24+00:00 [//Alice (DomainId(0))] acknowledgement_sender_stream tag="Import block #198"
2023-12-22 14:46:24+00:00 [//Alice (DomainId(0))] 📦 Claimed bundle at slot 199
2023-12-22 14:46:24+00:00 [//Alice (DomainId(0))] 🔖 Producing bundle at slot Slot(199)
2023-12-22 14:46:24+00:00 [//Alice (DomainId(0))] Submitted bundle from slot 199, extrinsics: 0    
2023-12-22 14:46:24+00:00 [//Alice (DomainId(0))] acknowledgement_sender_stream tag="New slot Slot(199)"
2023-12-22 14:46:24+00:00 [Ferdie] 🎁 Prepared block for proposing at 199 (9 ms) [hash: 0xf54bb76b1afac6fab968ede21dc8376664bd7f448197adb3053bd31b152c6026; parent_hash: 0x4269…f671; extrinsics (2): [0xfb9f…94c7, 0x50c6…b8bd]]
2023-12-22 14:46:24+00:00 [//Ferdie (Consensus)] ✨ Imported #199 (0xf54b…6026)    
2023-12-22 14:46:24+00:00 [//Alice (DomainId(0))] ✨ Imported #100 (0xa417…bf2a)    
2023-12-22 14:46:25+00:00 [//Alice (DomainId(0))] acknowledgement_sender_stream tag="Import block #199"
2023-12-22 14:46:25+00:00 [Ferdie] 🎁 Prepared block for proposing at 200 (5 ms) [hash: 0x947cb6a9268b932b9f672ed1738473f7989ea0669603839c732423c1cf392ab0; parent_hash: 0xf54b…6026; extrinsics (1): [0xabd7…8fea]]
2023-12-22 14:46:25+00:00 [//Ferdie (Consensus)] ✨ Imported #200 (0x947c…2ab0)    
2023-12-22 14:46:25+00:00 [//Alice (DomainId(0))] acknowledgement_sender_stream tag="Import block #200"
2023-12-22 14:46:25+00:00 [//Alice (DomainId(0))] 📦 Claimed bundle at slot 201
2023-12-22 14:46:25+00:00 [//Alice (DomainId(0))] 🔖 Producing bundle at slot Slot(201)
2023-12-22 14:46:25+00:00 [//Alice (DomainId(0))] Submitted bundle from slot 201, extrinsics: 0    
2023-12-22 14:46:25+00:00 [//Alice (DomainId(0))] acknowledgement_sender_stream tag="New slot Slot(201)"
2023-12-22 14:46:25+00:00 [Ferdie] 🎁 Prepared block for proposing at 201 (15 ms) [hash: 0x8f5b5284b039e5cc3c5728382e2e748edd1aadd1580deb0f56e14be604bd8333; parent_hash: 0x947c…2ab0; extrinsics (2): [0x6336…5e76, 0xe962…3e67]]
2023-12-22 14:46:25+00:00 [//Ferdie (Consensus)] ✨ Imported #201 (0x8f5b…8333)    
2023-12-22 14:46:25+00:00 [//Alice (DomainId(0))] ✨ Imported #101 (0xcb9a…a80c)    
2023-12-22 14:46:26+00:00 [//Alice (DomainId(0))] Slow post domain block execution, took 445ms consensus_block_info=(0x8f5b5284b039e5cc3c5728382e2e748edd1aadd1580deb0f56e14be604bd8333, 201) built_block_info=(0xcb9ab74e69669896545ba53092124ba15c5a5486057467274eedbe768c38a80c, 101)
2023-12-22 14:46:26+00:00 [//Alice (DomainId(0))] acknowledgement_sender_stream tag="Import block #201"
2023-12-22 14:46:26+00:00 [Ferdie] 🎁 Prepared block for proposing at 202 (5 ms) [hash: 0x727936c808d089f1e53484dc8998737df217278b0268ea45e9adfe8110b36905; parent_hash: 0x8f5b…8333; extrinsics (1): [0x0ee7…a8ed]]
2023-12-22 14:46:26+00:00 [//Ferdie (Consensus)] ✨ Imported #202 (0x7279…6905)    
2023-12-22 14:46:26+00:00 [//Alice (DomainId(0))] acknowledgement_sender_stream tag="Import block #202"
2023-12-22 14:46:26+00:00 [//Alice (DomainId(0))] 💤 Idle (0 peers), best: #101 (0xcb9a…a80c), finalized #0 (0x7aea…1834), ⬇ 0 ⬆ 0    
2023-12-22 14:46:26+00:00 [//Alice (DomainId(0))] 📦 Claimed bundle at slot 203
2023-12-22 14:46:26+00:00 [//Alice (DomainId(0))] 🔖 Producing bundle at slot Slot(203)
2023-12-22 14:46:26+00:00 [//Alice (DomainId(0))] Submitted bundle from slot 203, extrinsics: 0    
2023-12-22 14:46:26+00:00 [//Alice (DomainId(0))] acknowledgement_sender_stream tag="New slot Slot(203)"
2023-12-22 14:46:26+00:00 [Ferdie] 🎁 Prepared block for proposing at 203 (9 ms) [hash: 0xb30ea8af388e6b8374d0494b3b410254136bac87ff91740808c5796b4e62f862; parent_hash: 0x7279…6905; extrinsics (2): [0xf7aa…7f60, 0xf613…e2aa]]
2023-12-22 14:46:26+00:00 [//Ferdie (Consensus)] ✨ Imported #203 (0xb30e…f862)    
2023-12-22 14:46:26+00:00 [//Alice (DomainId(0))] ✨ Imported #102 (0xe2b2…2928)    
2023-12-22 14:46:26+00:00 [//Alice (DomainId(0))] acknowledgement_sender_stream tag="Import block #203"
2023-12-22 14:46:26+00:00 [Ferdie] 🎁 Prepared block for proposing at 204 (5 ms) [hash: 0xddde0ca284099571e9ac11358c2f3ef3dfd03ddaf4feace580d12d2dd0f39672; parent_hash: 0xb30e…f862; extrinsics (1): [0xc51f…fff1]]
2023-12-22 14:46:26+00:00 [//Ferdie (Consensus)] ✨ Imported #204 (0xddde…9672)    
2023-12-22 14:46:26+00:00 [//Alice (DomainId(0))] acknowledgement_sender_stream tag="Import block #204"
2023-12-22 14:46:26+00:00 [//Alice (DomainId(0))] 📦 Claimed bundle at slot 205
2023-12-22 14:46:26+00:00 [//Alice (DomainId(0))] 🔖 Producing bundle at slot Slot(205)
2023-12-22 14:46:26+00:00 [//Alice (DomainId(0))] Submitted bundle from slot 205, extrinsics: 0    
2023-12-22 14:46:26+00:00 [//Alice (DomainId(0))] acknowledgement_sender_stream tag="New slot Slot(205)"
2023-12-22 14:46:26+00:00 [Ferdie] 🎁 Prepared block for proposing at 205 (9 ms) [hash: 0xedfa7d54b92c4a98580e637b947a6623de78af1ab682a75bab779a40c589d1ab; parent_hash: 0xddde…9672; extrinsics (2): [0x53b8…007e, 0x99ba…f202]]
2023-12-22 14:46:26+00:00 [//Ferdie (Consensus)] ✨ Imported #205 (0xedfa…d1ab)    
2023-12-22 14:46:26+00:00 [//Alice (DomainId(0))] ✨ Imported #103 (0x599e…e9df)    
2023-12-22 14:46:26+00:00 [//Alice (DomainId(0))] acknowledgement_sender_stream tag="Import block #205"
2023-12-22 14:46:26+00:00 [Ferdie] 🎁 Prepared block for proposing at 206 (5 ms) [hash: 0x424a0c06efd9b5d75dc1f51eef96dfd3cbf6f1b7f9452efc0b2cced283e3552a; parent_hash: 0xedfa…d1ab; extrinsics (1): [0xc362…5a9b]]
2023-12-22 14:46:26+00:00 [//Ferdie (Consensus)] ✨ Imported #206 (0x424a…552a)    
2023-12-22 14:46:26+00:00 [//Alice (DomainId(0))] acknowledgement_sender_stream tag="Import block #206"
2023-12-22 14:46:26+00:00 [//Alice (DomainId(0))] 📦 Claimed bundle at slot 207
2023-12-22 14:46:26+00:00 [//Alice (DomainId(0))] 🔖 Producing bundle at slot Slot(207)
2023-12-22 14:46:26+00:00 [//Alice (DomainId(0))] Submitted bundle from slot 207, extrinsics: 0    
2023-12-22 14:46:26+00:00 [//Alice (DomainId(0))] acknowledgement_sender_stream tag="New slot Slot(207)"
2023-12-22 14:46:26+00:00 [Ferdie] 🎁 Prepared block for proposing at 207 (9 ms) [hash: 0x3596ddf8f098d6a034e2585409a324acecab5c67da53a846d306874714d74c5a; parent_hash: 0x424a…552a; extrinsics (2): [0x6dad…3750, 0x8ec2…663c]]
2023-12-22 14:46:26+00:00 [//Ferdie (Consensus)] ✨ Imported #207 (0x3596…4c5a)    
2023-12-22 14:46:26+00:00 [//Alice (DomainId(0))] ✨ Imported #104 (0x99e6…e20b)    
2023-12-22 14:46:26+00:00 [//Alice (DomainId(0))] acknowledgement_sender_stream tag="Import block #207"
2023-12-22 14:46:26+00:00 [Ferdie] 🎁 Prepared block for proposing at 208 (5 ms) [hash: 0xf665dedbd0250df59901c8eee041f8f20f5a95b6800fe07d1b44f1152a6a1077; parent_hash: 0x3596…4c5a; extrinsics (1): [0x4404…7d57]]
2023-12-22 14:46:26+00:00 [//Ferdie (Consensus)] ✨ Imported #208 (0xf665…1077)    
2023-12-22 14:46:26+00:00 [//Alice (DomainId(0))] acknowledgement_sender_stream tag="Import block #208"
2023-12-22 14:46:26+00:00 [//Alice (DomainId(0))] 📦 Claimed bundle at slot 209
2023-12-22 14:46:26+00:00 [//Alice (DomainId(0))] 🔖 Producing bundle at slot Slot(209)
2023-12-22 14:46:26+00:00 [//Alice (DomainId(0))] Submitted bundle from slot 209, extrinsics: 0    
2023-12-22 14:46:26+00:00 [//Alice (DomainId(0))] acknowledgement_sender_stream tag="New slot Slot(209)"
2023-12-22 14:46:26+00:00 [Ferdie] 🎁 Prepared block for proposing at 209 (9 ms) [hash: 0x0c0a6d2aea44847646aaa72fe9fd99fafd04d5d7f0aacfa63db553161a2d1dfe; parent_hash: 0xf665…1077; extrinsics (2): [0xb44b…c834, 0xfc71…41cd]]
2023-12-22 14:46:26+00:00 [//Ferdie (Consensus)] ✨ Imported #209 (0x0c0a…1dfe)    
2023-12-22 14:46:26+00:00 [//Alice (DomainId(0))] ✨ Imported #105 (0x4b5c…4e69)    
2023-12-22 14:46:26+00:00 [//Alice (DomainId(0))] acknowledgement_sender_stream tag="Import block #209"
2023-12-22 14:46:26+00:00 [Ferdie] 🎁 Prepared block for proposing at 210 (5 ms) [hash: 0xcf307a2975abac266d167f9b5cc3b5588816c4f35cc4824b3de88ac53803e46c; parent_hash: 0x0c0a…1dfe; extrinsics (1): [0x2796…1975]]
2023-12-22 14:46:26+00:00 [//Ferdie (Consensus)] ✨ Imported #210 (0xcf30…e46c)    
2023-12-22 14:46:26+00:00 [//Alice (DomainId(0))] acknowledgement_sender_stream tag="Import block #210"
2023-12-22 14:46:26+00:00 [//Alice (DomainId(0))] 📦 Claimed bundle at slot 211
2023-12-22 14:46:26+00:00 [//Alice (DomainId(0))] 🔖 Producing bundle at slot Slot(211)
2023-12-22 14:46:26+00:00 [//Alice (DomainId(0))] Submitted bundle from slot 211, extrinsics: 0    
2023-12-22 14:46:26+00:00 [//Alice (DomainId(0))] acknowledgement_sender_stream tag="New slot Slot(211)"
2023-12-22 14:46:27+00:00 [Ferdie] 🎁 Prepared block for proposing at 211 (9 ms) [hash: 0xec2882b8e5a7b2fca2264909c896df4997622e450057d9e9bd5dc61cc7e13973; parent_hash: 0xcf30…e46c; extrinsics (2): [0x2695…6416, 0x0bfd…6f70]]
2023-12-22 14:46:27+00:00 [//Ferdie (Consensus)] ✨ Imported #211 (0xec28…3973)    
2023-12-22 14:46:27+00:00 [//Alice (DomainId(0))] acknowledgement_sender_stream tag="Import block #211"
2023-12-22 14:46:27+00:00 [Ferdie] 🎁 Prepared block for proposing at 212 (5 ms) [hash: 0x57e3ea009f98f7d0d58bb093b590f7bd8914ad2e1a3eab90c7465d86a8e911ee; parent_hash: 0xec28…3973; extrinsics (1): [0x926a…ac05]]
2023-12-22 14:46:27+00:00 [//Ferdie (Consensus)] ✨ Imported #212 (0x57e3…11ee)    
2023-12-22 14:46:27+00:00 [//Alice (DomainId(0))] ✨ Imported #106 (0xfe8a…68b2)    
2023-12-22 14:46:27+00:00 [//Alice (DomainId(0))] acknowledgement_sender_stream tag="Import block #212"
2023-12-22 14:46:27+00:00 [//Alice (DomainId(0))] 📦 Claimed bundle at slot 213
2023-12-22 14:46:27+00:00 [//Alice (DomainId(0))] 🔖 Producing bundle at slot Slot(213)
2023-12-22 14:46:27+00:00 [//Alice (DomainId(0))] Submitted bundle from slot 213, extrinsics: 0    
2023-12-22 14:46:27+00:00 [//Alice (DomainId(0))] acknowledgement_sender_stream tag="New slot Slot(213)"
2023-12-22 14:46:27+00:00 [Ferdie] 🎁 Prepared block for proposing at 213 (9 ms) [hash: 0x5161613bfbaaad05e23d5ce7cdd3441e145878145cd2f0c7470347a57b9df028; parent_hash: 0x57e3…11ee; extrinsics (2): [0x7ab7…eecb, 0x1e8b…bdb7]]
2023-12-22 14:46:27+00:00 [//Ferdie (Consensus)] ✨ Imported #213 (0x5161…f028)    
2023-12-22 14:46:27+00:00 [//Alice (DomainId(0))] ✨ Imported #107 (0x3656…6d2b)    
2023-12-22 14:46:28+00:00 [//Alice (DomainId(0))] acknowledgement_sender_stream tag="Import block #213"
2023-12-22 14:46:28+00:00 [Ferdie] 🎁 Prepared block for proposing at 214 (5 ms) [hash: 0xe49bb493a47ffa17dc2513a6200ac310b7ddbb472c27c5613ab1cbd6ed995af0; parent_hash: 0x5161…f028; extrinsics (1): [0xd687…5a52]]
2023-12-22 14:46:28+00:00 [//Ferdie (Consensus)] ✨ Imported #214 (0xe49b…5af0)    
2023-12-22 14:46:28+00:00 [//Alice (DomainId(0))] acknowledgement_sender_stream tag="Import block #214"
2023-12-22 14:46:28+00:00 [//Alice (DomainId(0))] 📦 Claimed bundle at slot 215
2023-12-22 14:46:28+00:00 [//Alice (DomainId(0))] 🔖 Producing bundle at slot Slot(215)
2023-12-22 14:46:28+00:00 [//Alice (DomainId(0))] Submitted bundle from slot 215, extrinsics: 0    
2023-12-22 14:46:28+00:00 [//Alice (DomainId(0))] acknowledgement_sender_stream tag="New slot Slot(215)"
2023-12-22 14:46:28+00:00 [Ferdie] 🎁 Prepared block for proposing at 215 (9 ms) [hash: 0xd1be6d2406a8d44a4fcf39038cfd857ab5cc9e165eb457e895bf4a4489fa9bac; parent_hash: 0xe49b…5af0; extrinsics (2): [0x4a74…2928, 0x2f2a…885e]]
2023-12-22 14:46:28+00:00 [//Ferdie (Consensus)] ✨ Imported #215 (0xd1be…9bac)    
2023-12-22 14:46:28+00:00 [//Alice (DomainId(0))] ✨ Imported #108 (0x1639…e5c2)    
2023-12-22 14:46:28+00:00 [//Alice (DomainId(0))] acknowledgement_sender_stream tag="Import block #215"
2023-12-22 14:46:28+00:00 [Ferdie] 🎁 Prepared block for proposing at 216 (5 ms) [hash: 0x82f9dcd37f4858dc76e1c2081a173c468d6f5d6db4838caac81d5ebd8684033b; parent_hash: 0xd1be…9bac; extrinsics (1): [0xedee…6865]]
2023-12-22 14:46:28+00:00 [//Ferdie (Consensus)] ✨ Imported #216 (0x82f9…033b)    
2023-12-22 14:46:28+00:00 [//Alice (DomainId(0))] acknowledgement_sender_stream tag="Import block #216"
2023-12-22 14:46:28+00:00 [//Alice (DomainId(0))] 📦 Claimed bundle at slot 217
2023-12-22 14:46:28+00:00 [//Alice (DomainId(0))] 🔖 Producing bundle at slot Slot(217)
2023-12-22 14:46:28+00:00 [//Alice (DomainId(0))] Submitted bundle from slot 217, extrinsics: 0    
2023-12-22 14:46:28+00:00 [//Alice (DomainId(0))] acknowledgement_sender_stream tag="New slot Slot(217)"
2023-12-22 14:46:28+00:00 [Ferdie] 🎁 Prepared block for proposing at 217 (8 ms) [hash: 0x3f43e5a7a7426ca63def22c6ca632aec9087ca50b9ea0f722148a590198e382a; parent_hash: 0x82f9…033b; extrinsics (2): [0x1db7…4558, 0x51c4…4df4]]
2023-12-22 14:46:28+00:00 [//Ferdie (Consensus)] ✨ Imported #217 (0x3f43…382a)    
2023-12-22 14:46:28+00:00 [//Alice (DomainId(0))] ✨ Imported #109 (0xc79c…b537)    
2023-12-22 14:46:28+00:00 [//Alice (DomainId(0))] acknowledgement_sender_stream tag="Import block #217"
2023-12-22 14:46:28+00:00 [Ferdie] 🎁 Prepared block for proposing at 218 (5 ms) [hash: 0x0bddc59d57a4fa313bf394f9d2c706f169572610d300e5eb6f9c8d354de430bc; parent_hash: 0x3f43…382a; extrinsics (1): [0x46cc…287e]]
2023-12-22 14:46:28+00:00 [//Ferdie (Consensus)] ✨ Imported #218 (0x0bdd…30bc)    
2023-12-22 14:46:28+00:00 [//Alice (DomainId(0))] acknowledgement_sender_stream tag="Import block #218"
2023-12-22 14:46:28+00:00 [//Alice (DomainId(0))] 📦 Claimed bundle at slot 219
2023-12-22 14:46:28+00:00 [//Alice (DomainId(0))] 🔖 Producing bundle at slot Slot(219)
2023-12-22 14:46:28+00:00 [//Alice (DomainId(0))] Submitted bundle from slot 219, extrinsics: 0    
2023-12-22 14:46:28+00:00 [//Alice (DomainId(0))] acknowledgement_sender_stream tag="New slot Slot(219)"
2023-12-22 14:46:28+00:00 [Ferdie] 🎁 Prepared block for proposing at 219 (9 ms) [hash: 0x458588ef683f86cc8728590a12e3f028543913ac763291febf685666d1c9f0bb; parent_hash: 0x0bdd…30bc; extrinsics (2): [0x3c6f…b9a6, 0xfca5…70de]]
2023-12-22 14:46:28+00:00 [//Ferdie (Consensus)] ✨ Imported #219 (0x4585…f0bb)    
2023-12-22 14:46:28+00:00 [//Alice (DomainId(0))] ✨ Imported #110 (0x3b00…d93b)    
2023-12-22 14:46:28+00:00 [//Alice (DomainId(0))] acknowledgement_sender_stream tag="Import block #219"
2023-12-22 14:46:28+00:00 [Ferdie] 🎁 Prepared block for proposing at 220 (5 ms) [hash: 0xa05435d380a27ede1f7ed10f866f110d19859fc92bfa2e3c46641d81e0161290; parent_hash: 0x4585…f0bb; extrinsics (1): [0x3f1d…5c66]]
2023-12-22 14:46:28+00:00 [//Ferdie (Consensus)] ✨ Imported #220 (0xa054…1290)    
2023-12-22 14:46:28+00:00 [//Alice (DomainId(0))] acknowledgement_sender_stream tag="Import block #220"
2023-12-22 14:46:28+00:00 [//Alice (DomainId(0))] 📦 Claimed bundle at slot 221
2023-12-22 14:46:28+00:00 [//Alice (DomainId(0))] 🔖 Producing bundle at slot Slot(221)
2023-12-22 14:46:28+00:00 [//Alice (DomainId(0))] Submitted bundle from slot 221, extrinsics: 0    
2023-12-22 14:46:28+00:00 [//Alice (DomainId(0))] acknowledgement_sender_stream tag="New slot Slot(221)"
2023-12-22 14:46:28+00:00 [Ferdie] 🎁 Prepared block for proposing at 221 (9 ms) [hash: 0x300543e2c1f346a5b50291bcce27764733488859a7a6ee87c6bf8498277634bf; parent_hash: 0xa054…1290; extrinsics (2): [0x57a4…d157, 0xd41b…7882]]
2023-12-22 14:46:28+00:00 [//Ferdie (Consensus)] ✨ Imported #221 (0x3005…34bf)    
2023-12-22 14:46:28+00:00 [//Alice (DomainId(0))] ✨ Imported #111 (0x285c…f6ea)    
2023-12-22 14:46:28+00:00 [//Alice (DomainId(0))] acknowledgement_sender_stream tag="Import block #221"
2023-12-22 14:46:28+00:00 [Ferdie] 🎁 Prepared block for proposing at 222 (5 ms) [hash: 0x20d380b622db454695e311c2ad8b2c4c54434ce7e955dfb1a418fb0361302e36; parent_hash: 0x3005…34bf; extrinsics (1): [0xe0ed…5a80]]
2023-12-22 14:46:28+00:00 [//Ferdie (Consensus)] ✨ Imported #222 (0x20d3…2e36)    
2023-12-22 14:46:28+00:00 [//Alice (DomainId(0))] acknowledgement_sender_stream tag="Import block #222"
2023-12-22 14:46:28+00:00 [//Alice (DomainId(0))] 📦 Claimed bundle at slot 223
2023-12-22 14:46:28+00:00 [//Alice (DomainId(0))] 🔖 Producing bundle at slot Slot(223)
2023-12-22 14:46:28+00:00 [//Alice (DomainId(0))] Submitted bundle from slot 223, extrinsics: 0    
2023-12-22 14:46:28+00:00 [//Alice (DomainId(0))] acknowledgement_sender_stream tag="New slot Slot(223)"
2023-12-22 14:46:28+00:00 [Ferdie] 🎁 Prepared block for proposing at 223 (9 ms) [hash: 0xe1ab4b76e1aef4efee9db7e9297956a5b01ca58d7463c392106f56fd0b07d485; parent_hash: 0x20d3…2e36; extrinsics (2): [0xf479…bb01, 0xa664…e339]]
2023-12-22 14:46:28+00:00 [//Ferdie (Consensus)] ✨ Imported #223 (0xe1ab…d485)    
2023-12-22 14:46:28+00:00 [//Alice (DomainId(0))] ✨ Imported #112 (0xb450…1c3c)    
2023-12-22 14:46:28+00:00 [//Alice (DomainId(0))] acknowledgement_sender_stream tag="Import block #223"
2023-12-22 14:46:28+00:00 [Ferdie] 🎁 Prepared block for proposing at 224 (5 ms) [hash: 0xfef2666fbc9eff3999c37e404dc2bc7781ff5912d07038088a9237255166f6ec; parent_hash: 0xe1ab…d485; extrinsics (1): [0x9078…86be]]
2023-12-22 14:46:28+00:00 [//Ferdie (Consensus)] ✨ Imported #224 (0xfef2…f6ec)    
2023-12-22 14:46:28+00:00 [//Alice (DomainId(0))] acknowledgement_sender_stream tag="Import block #224"
2023-12-22 14:46:28+00:00 [//Alice (DomainId(0))] 📦 Claimed bundle at slot 225
2023-12-22 14:46:28+00:00 [//Alice (DomainId(0))] 🔖 Producing bundle at slot Slot(225)
2023-12-22 14:46:28+00:00 [//Alice (DomainId(0))] Submitted bundle from slot 225, extrinsics: 0    
2023-12-22 14:46:28+00:00 [//Alice (DomainId(0))] acknowledgement_sender_stream tag="New slot Slot(225)"
2023-12-22 14:46:28+00:00 [Ferdie] 🎁 Prepared block for proposing at 225 (9 ms) [hash: 0x248d58a5d97f547d8dc5ee30b47aaa46c1cfdd5c323c9ffaf41afcb4c2011bef; parent_hash: 0xfef2…f6ec; extrinsics (2): [0xec76…946f, 0x95ba…66e4]]
2023-12-22 14:46:28+00:00 [//Ferdie (Consensus)] ✨ Imported #225 (0x248d…1bef)    
2023-12-22 14:46:28+00:00 [//Alice (DomainId(0))] ✨ Imported #113 (0x6d7d…b2aa)    
2023-12-22 14:46:28+00:00 [//Alice (DomainId(0))] acknowledgement_sender_stream tag="Import block #225"
2023-12-22 14:46:28+00:00 [Ferdie] 🎁 Prepared block for proposing at 226 (5 ms) [hash: 0x7d7a8a2ec21d34d9305fcaf83bc2a4046b7234b8576d996fa9edbd4a2448f583; parent_hash: 0x248d…1bef; extrinsics (1): [0x64d2…c36b]]
2023-12-22 14:46:28+00:00 [//Ferdie (Consensus)] ✨ Imported #226 (0x7d7a…f583)    
2023-12-22 14:46:28+00:00 [//Alice (DomainId(0))] acknowledgement_sender_stream tag="Import block #226"
2023-12-22 14:46:28+00:00 [//Alice (DomainId(0))] 📦 Claimed bundle at slot 227
2023-12-22 14:46:28+00:00 [//Alice (DomainId(0))] 🔖 Producing bundle at slot Slot(227)
2023-12-22 14:46:28+00:00 [//Alice (DomainId(0))] Submitted bundle from slot 227, extrinsics: 0    
2023-12-22 14:46:28+00:00 [//Alice (DomainId(0))] acknowledgement_sender_stream tag="New slot Slot(227)"
2023-12-22 14:46:28+00:00 [Ferdie] 🎁 Prepared block for proposing at 227 (9 ms) [hash: 0x31f1c953dfb497af787361ba61b02e236d3adc05fba7f2acbc85ea9cec2b3f53; parent_hash: 0x7d7a…f583; extrinsics (2): [0x7c3b…3e36, 0x6820…6ebd]]
2023-12-22 14:46:28+00:00 [//Ferdie (Consensus)] ✨ Imported #227 (0x31f1…3f53)    
2023-12-22 14:46:28+00:00 [//Alice (DomainId(0))] ✨ Imported #114 (0x2d51…1858)    
2023-12-22 14:46:28+00:00 [//Alice (DomainId(0))] acknowledgement_sender_stream tag="Import block #227"
2023-12-22 14:46:28+00:00 [Ferdie] 🎁 Prepared block for proposing at 228 (5 ms) [hash: 0xb523e765561859332128dd29a84d9d3f57d7000f21ba9f3c7b22a7d87e0fa336; parent_hash: 0x31f1…3f53; extrinsics (1): [0x3729…cb9d]]
2023-12-22 14:46:28+00:00 [//Ferdie (Consensus)] ✨ Imported #228 (0xb523…a336)    
2023-12-22 14:46:28+00:00 [//Alice (DomainId(0))] acknowledgement_sender_stream tag="Import block #228"
2023-12-22 14:46:28+00:00 [//Alice (DomainId(0))] 📦 Claimed bundle at slot 229
2023-12-22 14:46:28+00:00 [//Alice (DomainId(0))] 🔖 Producing bundle at slot Slot(229)
2023-12-22 14:46:28+00:00 [//Alice (DomainId(0))] Submitted bundle from slot 229, extrinsics: 0    
2023-12-22 14:46:28+00:00 [//Alice (DomainId(0))] acknowledgement_sender_stream tag="New slot Slot(229)"
2023-12-22 14:46:28+00:00 [Ferdie] 🎁 Prepared block for proposing at 229 (9 ms) [hash: 0x214e4791715df574d5ab96bd9ba6983042114c7e00ac7f10fff18c6a6a4d482b; parent_hash: 0xb523…a336; extrinsics (2): [0x500e…7d87, 0x3426…f26f]]
2023-12-22 14:46:28+00:00 [//Ferdie (Consensus)] ✨ Imported #229 (0x214e…482b)    
2023-12-22 14:46:28+00:00 [//Alice (DomainId(0))] ✨ Imported #115 (0xdf60…fc8d)    
2023-12-22 14:46:28+00:00 [//Alice (DomainId(0))] acknowledgement_sender_stream tag="Import block #229"
2023-12-22 14:46:28+00:00 [Ferdie] 🎁 Prepared block for proposing at 230 (5 ms) [hash: 0x018a48a425c836e847fc4e4f70471ef39dfcff1ba6d3cfc0079be1a790dd4be0; parent_hash: 0x214e…482b; extrinsics (1): [0x87c4…78ce]]
2023-12-22 14:46:28+00:00 [//Ferdie (Consensus)] ✨ Imported #230 (0x018a…4be0)    
2023-12-22 14:46:28+00:00 [//Alice (DomainId(0))] acknowledgement_sender_stream tag="Import block #230"
2023-12-22 14:46:28+00:00 [//Alice (DomainId(0))] 📦 Claimed bundle at slot 231
2023-12-22 14:46:28+00:00 [//Alice (DomainId(0))] 🔖 Producing bundle at slot Slot(231)
2023-12-22 14:46:28+00:00 [//Alice (DomainId(0))] Submitted bundle from slot 231, extrinsics: 0    
2023-12-22 14:46:28+00:00 [//Alice (DomainId(0))] acknowledgement_sender_stream tag="New slot Slot(231)"
2023-12-22 14:46:28+00:00 [Ferdie] 🎁 Prepared block for proposing at 231 (9 ms) [hash: 0xea135fe89f8cb185f252830b6a2865a4e9fb7921d8722119b7e8a659ad61eea4; parent_hash: 0x018a…4be0; extrinsics (2): [0x5310…129d, 0x6fcd…7339]]
2023-12-22 14:46:28+00:00 [//Ferdie (Consensus)] ✨ Imported #231 (0xea13…eea4)    
2023-12-22 14:46:28+00:00 [//Alice (DomainId(0))] ✨ Imported #116 (0x86a6…b843)    
2023-12-22 14:46:29+00:00 [//Alice (DomainId(0))] acknowledgement_sender_stream tag="Import block #231"
2023-12-22 14:46:29+00:00 [Ferdie] 🎁 Prepared block for proposing at 232 (5 ms) [hash: 0xb6e81256913d8fdc39f4e001f657e4bca221e11cebc1552003fef921003b350c; parent_hash: 0xea13…eea4; extrinsics (1): [0x572a…df6a]]
2023-12-22 14:46:29+00:00 [//Ferdie (Consensus)] ✨ Imported #232 (0xb6e8…350c)    
2023-12-22 14:46:29+00:00 [//Alice (DomainId(0))] acknowledgement_sender_stream tag="Import block #232"
2023-12-22 14:46:29+00:00 [//Alice (DomainId(0))] 📦 Claimed bundle at slot 233
2023-12-22 14:46:29+00:00 [//Alice (DomainId(0))] 🔖 Producing bundle at slot Slot(233)
2023-12-22 14:46:29+00:00 [//Alice (DomainId(0))] Submitted bundle from slot 233, extrinsics: 0    
2023-12-22 14:46:29+00:00 [//Alice (DomainId(0))] acknowledgement_sender_stream tag="New slot Slot(233)"
2023-12-22 14:46:29+00:00 [Ferdie] 🎁 Prepared block for proposing at 233 (9 ms) [hash: 0x65675c5bb7a8d9620c7c8214219403bad883252e3df94f508fd85a6ecb4b0455; parent_hash: 0xb6e8…350c; extrinsics (2): [0xc341…c32c, 0x4572…a1bb]]
2023-12-22 14:46:29+00:00 [//Ferdie (Consensus)] ✨ Imported #233 (0x6567…0455)    
2023-12-22 14:46:29+00:00 [//Alice (DomainId(0))] ✨ Imported #117 (0x400e…1b50)    
2023-12-22 14:46:29+00:00 [//Alice (DomainId(0))] acknowledgement_sender_stream tag="Import block #233"
2023-12-22 14:46:29+00:00 [Ferdie] 🎁 Prepared block for proposing at 234 (5 ms) [hash: 0x062e1bc04f5397963b28dd34309154dcd7ac9e2ccff52a645fb650228d9b944a; parent_hash: 0x6567…0455; extrinsics (1): [0x31c6…d7e7]]
2023-12-22 14:46:29+00:00 [//Ferdie (Consensus)] ✨ Imported #234 (0x062e…944a)    
2023-12-22 14:46:29+00:00 [//Alice (DomainId(0))] acknowledgement_sender_stream tag="Import block #234"
2023-12-22 14:46:29+00:00 [//Alice (DomainId(0))] 📦 Claimed bundle at slot 235
2023-12-22 14:46:29+00:00 [//Alice (DomainId(0))] 🔖 Producing bundle at slot Slot(235)
2023-12-22 14:46:29+00:00 [//Alice (DomainId(0))] Submitted bundle from slot 235, extrinsics: 0    
2023-12-22 14:46:29+00:00 [//Alice (DomainId(0))] acknowledgement_sender_stream tag="New slot Slot(235)"
2023-12-22 14:46:29+00:00 [Ferdie] 🎁 Prepared block for proposing at 235 (9 ms) [hash: 0xc13ac9cd5baf120851bcf685db7c8138b6278440f528903eeaeec3f651d7a0a8; parent_hash: 0x062e…944a; extrinsics (2): [0xda6f…89bf, 0xd85a…3c0c]]
2023-12-22 14:46:29+00:00 [//Ferdie (Consensus)] ✨ Imported #235 (0xc13a…a0a8)    
2023-12-22 14:46:29+00:00 [//Alice (DomainId(0))] ✨ Imported #118 (0xc4eb…26f7)    
2023-12-22 14:46:29+00:00 [//Alice (DomainId(0))] acknowledgement_sender_stream tag="Import block #235"
2023-12-22 14:46:29+00:00 [Ferdie] 🎁 Prepared block for proposing at 236 (5 ms) [hash: 0xf0e7f82a06e1d425a903ab51bb1c1f6f4ab78f779e92c7f3062836d91a76f01a; parent_hash: 0xc13a…a0a8; extrinsics (1): [0xc362…af86]]
2023-12-22 14:46:29+00:00 [//Ferdie (Consensus)] ✨ Imported #236 (0xf0e7…f01a)    
2023-12-22 14:46:29+00:00 [//Alice (DomainId(0))] acknowledgement_sender_stream tag="Import block #236"
2023-12-22 14:46:29+00:00 [//Alice (DomainId(0))] 📦 Claimed bundle at slot 237
2023-12-22 14:46:29+00:00 [//Alice (DomainId(0))] 🔖 Producing bundle at slot Slot(237)
2023-12-22 14:46:29+00:00 [//Alice (DomainId(0))] Submitted bundle from slot 237, extrinsics: 0    
2023-12-22 14:46:29+00:00 [//Alice (DomainId(0))] acknowledgement_sender_stream tag="New slot Slot(237)"
2023-12-22 14:46:29+00:00 [Ferdie] 🎁 Prepared block for proposing at 237 (9 ms) [hash: 0x2cef431fd79d097a39f59f58aba758a06478a881600631b429d70c83e3be2803; parent_hash: 0xf0e7…f01a; extrinsics (2): [0x63ab…ad50, 0xb210…6684]]
2023-12-22 14:46:29+00:00 [//Ferdie (Consensus)] ✨ Imported #237 (0x2cef…2803)    
2023-12-22 14:46:29+00:00 [//Alice (DomainId(0))] ✨ Imported #119 (0x1eba…4623)    
2023-12-22 14:46:29+00:00 [//Alice (DomainId(0))] acknowledgement_sender_stream tag="Import block #237"
2023-12-22 14:46:29+00:00 [Ferdie] 🎁 Prepared block for proposing at 238 (5 ms) [hash: 0xdd67108068bcb5935b2f2588942cc44c461ab72e6796e4a064e36afdde4db697; parent_hash: 0x2cef…2803; extrinsics (1): [0x798a…5486]]
2023-12-22 14:46:29+00:00 [//Ferdie (Consensus)] ✨ Imported #238 (0xdd67…b697)    
2023-12-22 14:46:29+00:00 [//Alice (DomainId(0))] acknowledgement_sender_stream tag="Import block #238"
2023-12-22 14:46:29+00:00 [//Alice (DomainId(0))] 📦 Claimed bundle at slot 239
2023-12-22 14:46:29+00:00 [//Alice (DomainId(0))] 🔖 Producing bundle at slot Slot(239)
2023-12-22 14:46:29+00:00 [//Alice (DomainId(0))] Submitted bundle from slot 239, extrinsics: 0    
2023-12-22 14:46:29+00:00 [//Alice (DomainId(0))] acknowledgement_sender_stream tag="New slot Slot(239)"
2023-12-22 14:46:29+00:00 [Ferdie] 🎁 Prepared block for proposing at 239 (9 ms) [hash: 0xd23b158dc71d177f960f61c8b4e548950d17d112099c26584a856fcc15785801; parent_hash: 0xdd67…b697; extrinsics (2): [0x79d0…4ddc, 0x4748…c8b8]]
2023-12-22 14:46:29+00:00 [//Ferdie (Consensus)] ✨ Imported #239 (0xd23b…5801)    
2023-12-22 14:46:29+00:00 [//Alice (DomainId(0))] ✨ Imported #120 (0xbbfc…9443)    
2023-12-22 14:46:29+00:00 [//Alice (DomainId(0))] acknowledgement_sender_stream tag="Import block #239"
2023-12-22 14:46:29+00:00 [Ferdie] 🎁 Prepared block for proposing at 240 (5 ms) [hash: 0x098d60d3de1baecef708ebee56253d464f5b71e392f6fed54695cf763a607ead; parent_hash: 0xd23b…5801; extrinsics (1): [0xe831…f776]]
2023-12-22 14:46:29+00:00 [//Ferdie (Consensus)] ✨ Imported #240 (0x098d…7ead)    
2023-12-22 14:46:29+00:00 [//Alice (DomainId(0))] acknowledgement_sender_stream tag="Import block #240"
2023-12-22 14:46:29+00:00 [//Alice (DomainId(0))] 📦 Claimed bundle at slot 241
2023-12-22 14:46:29+00:00 [//Alice (DomainId(0))] 🔖 Producing bundle at slot Slot(241)
2023-12-22 14:46:29+00:00 [//Alice (DomainId(0))] Submitted bundle from slot 241, extrinsics: 0    
2023-12-22 14:46:29+00:00 [//Alice (DomainId(0))] acknowledgement_sender_stream tag="New slot Slot(241)"
2023-12-22 14:46:29+00:00 [Ferdie] 🎁 Prepared block for proposing at 241 (9 ms) [hash: 0x8ff556a6705453c14083a86a159b2357fcd83cc7f09f8061d7910e87e2824ed7; parent_hash: 0x098d…7ead; extrinsics (2): [0x1c3f…a16d, 0x31e4…f431]]
2023-12-22 14:46:29+00:00 [//Ferdie (Consensus)] ✨ Imported #241 (0x8ff5…4ed7)    
2023-12-22 14:46:29+00:00 [//Alice (DomainId(0))] acknowledgement_sender_stream tag="Import block #241"
2023-12-22 14:46:29+00:00 [Ferdie] 🎁 Prepared block for proposing at 242 (5 ms) [hash: 0x756fb5061e8ed07408da2cc3d9e866571ba8a25096bcc7f93e8cc8ecc2e0fa6e; parent_hash: 0x8ff5…4ed7; extrinsics (1): [0x1abb…e64c]]
2023-12-22 14:46:29+00:00 [//Alice (DomainId(0))] ✨ Imported #121 (0xb299…2979)    
2023-12-22 14:46:29+00:00 [//Ferdie (Consensus)] ✨ Imported #242 (0x756f…fa6e)    
2023-12-22 14:46:29+00:00 [//Alice (DomainId(0))] acknowledgement_sender_stream tag="Import block #242"
2023-12-22 14:46:29+00:00 [//Alice (DomainId(0))] 📦 Claimed bundle at slot 243
2023-12-22 14:46:29+00:00 [//Alice (DomainId(0))] 🔖 Producing bundle at slot Slot(243)
2023-12-22 14:46:29+00:00 [//Alice (DomainId(0))] Submitted bundle from slot 243, extrinsics: 0    
2023-12-22 14:46:29+00:00 [//Alice (DomainId(0))] acknowledgement_sender_stream tag="New slot Slot(243)"
2023-12-22 14:46:29+00:00 [Ferdie] 🎁 Prepared block for proposing at 243 (9 ms) [hash: 0xe941e4d99b7903cb710ebf360f2fc61d9358e3ed3eb5a826ace27b460dc6399f; parent_hash: 0x756f…fa6e; extrinsics (2): [0xa272…29f3, 0x70aa…bfb5]]
2023-12-22 14:46:29+00:00 [//Ferdie (Consensus)] ✨ Imported #243 (0xe941…399f)    
2023-12-22 14:46:29+00:00 [//Alice (DomainId(0))] ✨ Imported #122 (0x9e9e…c5f3)    
2023-12-22 14:46:29+00:00 [//Alice (DomainId(0))] acknowledgement_sender_stream tag="Import block #243"
2023-12-22 14:46:29+00:00 [Ferdie] 🎁 Prepared block for proposing at 244 (5 ms) [hash: 0x53f68a4faf3490ef2323631261754ebe8c9622fa4108e1fbaba105e159b83256; parent_hash: 0xe941…399f; extrinsics (1): [0x0dc0…ff9e]]
2023-12-22 14:46:29+00:00 [//Ferdie (Consensus)] ✨ Imported #244 (0x53f6…3256)    
2023-12-22 14:46:29+00:00 [//Alice (DomainId(0))] acknowledgement_sender_stream tag="Import block #244"
2023-12-22 14:46:29+00:00 [//Alice (DomainId(0))] 📦 Claimed bundle at slot 245
2023-12-22 14:46:29+00:00 [//Alice (DomainId(0))] 🔖 Producing bundle at slot Slot(245)
2023-12-22 14:46:29+00:00 [//Alice (DomainId(0))] Submitted bundle from slot 245, extrinsics: 0    
2023-12-22 14:46:29+00:00 [//Alice (DomainId(0))] acknowledgement_sender_stream tag="New slot Slot(245)"
2023-12-22 14:46:29+00:00 [Ferdie] 🎁 Prepared block for proposing at 245 (9 ms) [hash: 0x8d7490206da5eeafd622c1648495d1123c384a4e740174556ea9015d2aa044f2; parent_hash: 0x53f6…3256; extrinsics (2): [0x9779…b523, 0x04f4…3eba]]
2023-12-22 14:46:29+00:00 [//Ferdie (Consensus)] ✨ Imported #245 (0x8d74…44f2)    
2023-12-22 14:46:29+00:00 [//Alice (DomainId(0))] ✨ Imported #123 (0x8cd4…3078)    
2023-12-22 14:46:29+00:00 [//Alice (DomainId(0))] acknowledgement_sender_stream tag="Import block #245"
2023-12-22 14:46:29+00:00 [Ferdie] 🎁 Prepared block for proposing at 246 (15 ms) [hash: 0x4d222b6336b0dabc4333d998d1e0a2aec8b50e3be343da0f8d9dda2157ae4b0e; parent_hash: 0x8d74…44f2; extrinsics (1): [0xa652…39ac]]
2023-12-22 14:46:29+00:00 [//Ferdie (Consensus)] ✨ Imported #246 (0x4d22…4b0e)    
2023-12-22 14:46:29+00:00 [//Alice (DomainId(0))] acknowledgement_sender_stream tag="Import block #246"
2023-12-22 14:46:29+00:00 [//Alice (DomainId(0))] 📦 Claimed bundle at slot 247
2023-12-22 14:46:29+00:00 [//Alice (DomainId(0))] 🔖 Producing bundle at slot Slot(247)
2023-12-22 14:46:29+00:00 [//Alice (DomainId(0))] Submitted bundle from slot 247, extrinsics: 0    
2023-12-22 14:46:29+00:00 [//Alice (DomainId(0))] acknowledgement_sender_stream tag="New slot Slot(247)"
2023-12-22 14:46:29+00:00 [Ferdie] 🎁 Prepared block for proposing at 247 (9 ms) [hash: 0x50560af3ea2b7ecdd79e6f7d19d49304ed7fb2d8ffbf2c7fb6bdb57af8beaa98; parent_hash: 0x4d22…4b0e; extrinsics (2): [0x6fe3…62c1, 0x60d6…df77]]
2023-12-22 14:46:29+00:00 [//Ferdie (Consensus)] ✨ Imported #247 (0x5056…aa98)    
2023-12-22 14:46:29+00:00 [//Alice (DomainId(0))] ✨ Imported #124 (0x3e46…9908)    
2023-12-22 14:46:29+00:00 [//Alice (DomainId(0))] acknowledgement_sender_stream tag="Import block #247"
2023-12-22 14:46:29+00:00 [Ferdie] 🎁 Prepared block for proposing at 248 (5 ms) [hash: 0x3eef0f32e109e1d0c3eec86b642916db8b7628dd1021b2e577ffbe7bd4d8450d; parent_hash: 0x5056…aa98; extrinsics (1): [0xd6e2…36f9]]
2023-12-22 14:46:30+00:00 [//Ferdie (Consensus)] ✨ Imported #248 (0x3eef…450d)    
2023-12-22 14:46:30+00:00 [//Alice (DomainId(0))] acknowledgement_sender_stream tag="Import block #248"
2023-12-22 14:46:30+00:00 [//Alice (DomainId(0))] 📦 Claimed bundle at slot 249
2023-12-22 14:46:30+00:00 [//Alice (DomainId(0))] 🔖 Producing bundle at slot Slot(249)
2023-12-22 14:46:30+00:00 [//Alice (DomainId(0))] Submitted bundle from slot 249, extrinsics: 0    
2023-12-22 14:46:30+00:00 [//Alice (DomainId(0))] acknowledgement_sender_stream tag="New slot Slot(249)"
2023-12-22 14:46:30+00:00 [Ferdie] 🎁 Prepared block for proposing at 249 (8 ms) [hash: 0xf65278e91843cd0d79ab35ad4d0fddf17984c4c6bec79b8793aa0a10098c31d0; parent_hash: 0x3eef…450d; extrinsics (2): [0xd4b3…a800, 0xd8e5…c841]]
2023-12-22 14:46:30+00:00 [//Ferdie (Consensus)] ✨ Imported #249 (0xf652…31d0)    
2023-12-22 14:46:30+00:00 [//Alice (DomainId(0))] ✨ Imported #125 (0x3a60…c353)    
2023-12-22 14:46:30+00:00 [//Alice (DomainId(0))] acknowledgement_sender_stream tag="Import block #249"
2023-12-22 14:46:30+00:00 [Ferdie] 🎁 Prepared block for proposing at 250 (5 ms) [hash: 0x1c44f1122c62e2b924992a7b24fe1ba7df5f5335e3060f47c347d336b0b92b71; parent_hash: 0xf652…31d0; extrinsics (1): [0xf582…9f46]]
2023-12-22 14:46:30+00:00 [//Ferdie (Consensus)] ✨ Imported #250 (0x1c44…2b71)    
2023-12-22 14:46:30+00:00 [//Alice (DomainId(0))] acknowledgement_sender_stream tag="Import block #250"
2023-12-22 14:46:30+00:00 [//Alice (DomainId(0))] 📦 Claimed bundle at slot 251
2023-12-22 14:46:30+00:00 [//Alice (DomainId(0))] 🔖 Producing bundle at slot Slot(251)
2023-12-22 14:46:30+00:00 [//Alice (DomainId(0))] Submitted bundle from slot 251, extrinsics: 0    
2023-12-22 14:46:30+00:00 [//Alice (DomainId(0))] acknowledgement_sender_stream tag="New slot Slot(251)"
2023-12-22 14:46:30+00:00 [Ferdie] 🎁 Prepared block for proposing at 251 (9 ms) [hash: 0x9fa6e77a8266fb0f7599d429a8bc28d249482a77de7b15b14c20c5a665c918b1; parent_hash: 0x1c44…2b71; extrinsics (2): [0x5f81…6817, 0xd39b…9925]]
2023-12-22 14:46:30+00:00 [//Ferdie (Consensus)] ✨ Imported #251 (0x9fa6…18b1)    
2023-12-22 14:46:30+00:00 [//Alice (DomainId(0))] ✨ Imported #126 (0x3d85…4909)    
2023-12-22 14:46:30+00:00 [//Alice (DomainId(0))] acknowledgement_sender_stream tag="Import block #251"
2023-12-22 14:46:30+00:00 [Ferdie] 🎁 Prepared block for proposing at 252 (5 ms) [hash: 0x2e3008d3c318b7d798d452854d3567758fa110944e4873f392ee85e5bc1fcf12; parent_hash: 0x9fa6…18b1; extrinsics (1): [0x476e…3fc6]]
2023-12-22 14:46:30+00:00 [//Ferdie (Consensus)] ✨ Imported #252 (0x2e30…cf12)    
2023-12-22 14:46:30+00:00 [//Alice (DomainId(0))] acknowledgement_sender_stream tag="Import block #252"
2023-12-22 14:46:30+00:00 [//Alice (DomainId(0))] 📦 Claimed bundle at slot 253
2023-12-22 14:46:30+00:00 [//Alice (DomainId(0))] 🔖 Producing bundle at slot Slot(253)
2023-12-22 14:46:30+00:00 [//Alice (DomainId(0))] Submitted bundle from slot 253, extrinsics: 0    
2023-12-22 14:46:30+00:00 [//Alice (DomainId(0))] acknowledgement_sender_stream tag="New slot Slot(253)"
2023-12-22 14:46:30+00:00 [Ferdie] 🎁 Prepared block for proposing at 253 (9 ms) [hash: 0xe2c3f46cecdd77ab4c3752b0a62773b45b2a7f87acbcaee110cf01289f249d09; parent_hash: 0x2e30…cf12; extrinsics (2): [0x1caa…fa72, 0x5425…188f]]
2023-12-22 14:46:30+00:00 [//Ferdie (Consensus)] ✨ Imported #253 (0xe2c3…9d09)    
2023-12-22 14:46:30+00:00 [//Alice (DomainId(0))] ✨ Imported #127 (0x42ca…0608)    
2023-12-22 14:46:30+00:00 [//Alice (DomainId(0))] acknowledgement_sender_stream tag="Import block #253"
2023-12-22 14:46:30+00:00 [Ferdie] 🎁 Prepared block for proposing at 254 (5 ms) [hash: 0x6318bc433203e686531b82405440a6b14da7aa29d6ff172d3e8e1807c317b15d; parent_hash: 0xe2c3…9d09; extrinsics (1): [0x2a2d…60fd]]
2023-12-22 14:46:30+00:00 [//Ferdie (Consensus)] ✨ Imported #254 (0x6318…b15d)    
2023-12-22 14:46:30+00:00 [//Alice (DomainId(0))] acknowledgement_sender_stream tag="Import block #254"
2023-12-22 14:46:30+00:00 [//Alice (DomainId(0))] 📦 Claimed bundle at slot 255
2023-12-22 14:46:30+00:00 [//Alice (DomainId(0))] 🔖 Producing bundle at slot Slot(255)
2023-12-22 14:46:30+00:00 [//Alice (DomainId(0))] Submitted bundle from slot 255, extrinsics: 0    
2023-12-22 14:46:30+00:00 [//Alice (DomainId(0))] acknowledgement_sender_stream tag="New slot Slot(255)"
2023-12-22 14:46:30+00:00 [Ferdie] 🎁 Prepared block for proposing at 255 (9 ms) [hash: 0x59f3e36f8ca04eb518a9d97a7dfd15422c0b2bea067c5678faa785839ba035a6; parent_hash: 0x6318…b15d; extrinsics (2): [0x48b5…22a6, 0x098e…8044]]
2023-12-22 14:46:30+00:00 [//Ferdie (Consensus)] ✨ Imported #255 (0x59f3…35a6)    
2023-12-22 14:46:30+00:00 [//Alice (DomainId(0))] ✨ Imported #128 (0xed7c…d9bd)    
2023-12-22 14:46:30+00:00 [//Alice (DomainId(0))] acknowledgement_sender_stream tag="Import block #255"
2023-12-22 14:46:30+00:00 [Ferdie] 🎁 Prepared block for proposing at 256 (5 ms) [hash: 0xf56a7aaaa13e9562bb823592159ca41d97f9b0d5f956ff15df38b258d2057371; parent_hash: 0x59f3…35a6; extrinsics (1): [0x9d29…7c69]]
2023-12-22 14:46:30+00:00 [//Ferdie (Consensus)] ✨ Imported #256 (0xf56a…7371)    
2023-12-22 14:46:30+00:00 [//Alice (DomainId(0))] acknowledgement_sender_stream tag="Import block #256"
2023-12-22 14:46:30+00:00 [//Alice (DomainId(0))] 📦 Claimed bundle at slot 257
2023-12-22 14:46:30+00:00 [//Alice (DomainId(0))] 🔖 Producing bundle at slot Slot(257)
2023-12-22 14:46:30+00:00 [//Alice (DomainId(0))] Submitted bundle from slot 257, extrinsics: 0    
2023-12-22 14:46:30+00:00 [//Alice (DomainId(0))] acknowledgement_sender_stream tag="New slot Slot(257)"
2023-12-22 14:46:30+00:00 [Ferdie] 🎁 Prepared block for proposing at 257 (9 ms) [hash: 0x08bd3357fd4d01520aa6a84612046db32209b46c542c839f04a5c0bcce490db8; parent_hash: 0xf56a…7371; extrinsics (2): [0x6858…24f0, 0x2c3e…a131]]
2023-12-22 14:46:30+00:00 [//Ferdie (Consensus)] ✨ Imported #257 (0x08bd…0db8)    
2023-12-22 14:46:30+00:00 [//Alice (DomainId(0))] ✨ Imported #129 (0x2f56…ba1a)    
2023-12-22 14:46:30+00:00 [//Alice (DomainId(0))] acknowledgement_sender_stream tag="Import block #257"
2023-12-22 14:46:30+00:00 [Ferdie] 🎁 Prepared block for proposing at 258 (5 ms) [hash: 0xb1bc517747a6f6743e895e5812e7b23406c1eca6ac0fef122a125307263f5cba; parent_hash: 0x08bd…0db8; extrinsics (1): [0xa5fd…53b0]]
2023-12-22 14:46:30+00:00 [//Ferdie (Consensus)] ✨ Imported #258 (0xb1bc…5cba)    
2023-12-22 14:46:30+00:00 [//Alice (DomainId(0))] acknowledgement_sender_stream tag="Import block #258"
2023-12-22 14:46:30+00:00 [//Alice (DomainId(0))] 📦 Claimed bundle at slot 259
2023-12-22 14:46:30+00:00 [//Alice (DomainId(0))] 🔖 Producing bundle at slot Slot(259)
2023-12-22 14:46:30+00:00 [//Alice (DomainId(0))] Submitted bundle from slot 259, extrinsics: 0    
2023-12-22 14:46:30+00:00 [//Alice (DomainId(0))] acknowledgement_sender_stream tag="New slot Slot(259)"
2023-12-22 14:46:30+00:00 [Ferdie] 🎁 Prepared block for proposing at 259 (10 ms) [hash: 0x4b347c5dd47810bd9e250c73adfc746cddd9870fa4b56cb5a5f71509d934cc9e; parent_hash: 0xb1bc…5cba; extrinsics (2): [0x9705…05c7, 0xec9a…9d0c]]
2023-12-22 14:46:30+00:00 [//Ferdie (Consensus)] ✨ Imported #259 (0x4b34…cc9e)    
2023-12-22 14:46:30+00:00 [//Alice (DomainId(0))] ✨ Imported #130 (0x4d42…e99e)    
2023-12-22 14:46:30+00:00 [//Alice (DomainId(0))] acknowledgement_sender_stream tag="Import block #259"
2023-12-22 14:46:30+00:00 [Ferdie] 🎁 Prepared block for proposing at 260 (5 ms) [hash: 0xec12b68397b7d4a45bd7aecd369fbe30adc08f7d48b7554c60cfa52aa22762aa; parent_hash: 0x4b34…cc9e; extrinsics (1): [0x3378…3f1f]]
2023-12-22 14:46:30+00:00 [//Ferdie (Consensus)] ✨ Imported #260 (0xec12…62aa)    
2023-12-22 14:46:30+00:00 [//Alice (DomainId(0))] acknowledgement_sender_stream tag="Import block #260"
2023-12-22 14:46:30+00:00 [//Alice (DomainId(0))] 📦 Claimed bundle at slot 261
2023-12-22 14:46:30+00:00 [//Alice (DomainId(0))] 🔖 Producing bundle at slot Slot(261)
2023-12-22 14:46:30+00:00 [//Alice (DomainId(0))] Submitted bundle from slot 261, extrinsics: 0    
2023-12-22 14:46:30+00:00 [//Alice (DomainId(0))] acknowledgement_sender_stream tag="New slot Slot(261)"
2023-12-22 14:46:30+00:00 [Ferdie] 🎁 Prepared block for proposing at 261 (13 ms) [hash: 0x65485dc3cd2138ed3a34fffb972915410a7966f152f1c5ee48f0874bdc5f1563; parent_hash: 0xec12…62aa; extrinsics (2): [0x0c26…f04d, 0x1f82…e16c]]
2023-12-22 14:46:30+00:00 [//Ferdie (Consensus)] ✨ Imported #261 (0x6548…1563)    
2023-12-22 14:46:30+00:00 [//Alice (DomainId(0))] ✨ Imported #131 (0x3cfb…6494)    
2023-12-22 14:46:30+00:00 [//Alice (DomainId(0))] acknowledgement_sender_stream tag="Import block #261"
2023-12-22 14:46:30+00:00 [Ferdie] 🎁 Prepared block for proposing at 262 (5 ms) [hash: 0xf22622f154261a364499ac66c9e5a2c8c1f2802c25289acb12b52405f5dac3b4; parent_hash: 0x6548…1563; extrinsics (1): [0xa0e4…f085]]
2023-12-22 14:46:30+00:00 [//Ferdie (Consensus)] ✨ Imported #262 (0xf226…c3b4)    
2023-12-22 14:46:31+00:00 [//Alice (DomainId(0))] acknowledgement_sender_stream tag="Import block #262"
2023-12-22 14:46:31+00:00 [//Alice (DomainId(0))] 📦 Claimed bundle at slot 263
2023-12-22 14:46:31+00:00 [//Alice (DomainId(0))] 🔖 Producing bundle at slot Slot(263)
2023-12-22 14:46:31+00:00 [//Alice (DomainId(0))] Submitted bundle from slot 263, extrinsics: 0    
2023-12-22 14:46:31+00:00 [//Alice (DomainId(0))] acknowledgement_sender_stream tag="New slot Slot(263)"
2023-12-22 14:46:31+00:00 [Ferdie] 🎁 Prepared block for proposing at 263 (9 ms) [hash: 0x5cd482bc94b2e4bbefc20caa2415fcf30ef9ae045ef7e3645499d4cfce098743; parent_hash: 0xf226…c3b4; extrinsics (2): [0xb9a9…9c40, 0x96e0…fa5f]]
2023-12-22 14:46:31+00:00 [//Ferdie (Consensus)] ✨ Imported #263 (0x5cd4…8743)    
2023-12-22 14:46:31+00:00 [//Alice (DomainId(0))] ✨ Imported #132 (0x592b…2604)    
2023-12-22 14:46:31+00:00 [//Alice (DomainId(0))] acknowledgement_sender_stream tag="Import block #263"
2023-12-22 14:46:31+00:00 [Ferdie] 🎁 Prepared block for proposing at 264 (5 ms) [hash: 0x3d484736c6d85da9cc4bc015c2a6df0eb408ad9d0e35d599a3202991b432eea1; parent_hash: 0x5cd4…8743; extrinsics (1): [0xf30d…b5f7]]
2023-12-22 14:46:31+00:00 [//Ferdie (Consensus)] ✨ Imported #264 (0x3d48…eea1)    
2023-12-22 14:46:31+00:00 [//Alice (DomainId(0))] acknowledgement_sender_stream tag="Import block #264"
2023-12-22 14:46:31+00:00 [//Alice (DomainId(0))] 📦 Claimed bundle at slot 265
2023-12-22 14:46:31+00:00 [//Alice (DomainId(0))] 🔖 Producing bundle at slot Slot(265)
2023-12-22 14:46:31+00:00 [//Alice (DomainId(0))] Submitted bundle from slot 265, extrinsics: 0    
2023-12-22 14:46:31+00:00 [//Alice (DomainId(0))] acknowledgement_sender_stream tag="New slot Slot(265)"
2023-12-22 14:46:31+00:00 [Ferdie] 🎁 Prepared block for proposing at 265 (9 ms) [hash: 0x2ffaf9b5ebe0f242842a78a29b7d5d6969f15fdd33a8659123da0d47f291678b; parent_hash: 0x3d48…eea1; extrinsics (2): [0x475f…d0b2, 0x0721…789c]]
2023-12-22 14:46:31+00:00 [//Ferdie (Consensus)] ✨ Imported #265 (0x2ffa…678b)    
2023-12-22 14:46:31+00:00 [//Alice (DomainId(0))] ✨ Imported #133 (0x0f87…0ba6)    
2023-12-22 14:46:31+00:00 [//Alice (DomainId(0))] acknowledgement_sender_stream tag="Import block #265"
2023-12-22 14:46:31+00:00 [Ferdie] 🎁 Prepared block for proposing at 266 (5 ms) [hash: 0x05df8cd3afd19b44d05744ee3afbed1ef50802a72b50c4f5b38c0405e1f8a0eb; parent_hash: 0x2ffa…678b; extrinsics (1): [0x5618…f06f]]
2023-12-22 14:46:31+00:00 [//Ferdie (Consensus)] ✨ Imported #266 (0x05df…a0eb)    
2023-12-22 14:46:31+00:00 [//Alice (DomainId(0))] acknowledgement_sender_stream tag="Import block #266"
2023-12-22 14:46:31+00:00 [//Alice (DomainId(0))] 📦 Claimed bundle at slot 267
2023-12-22 14:46:31+00:00 [//Alice (DomainId(0))] 🔖 Producing bundle at slot Slot(267)
2023-12-22 14:46:31+00:00 [//Alice (DomainId(0))] Submitted bundle from slot 267, extrinsics: 0    
2023-12-22 14:46:31+00:00 [//Alice (DomainId(0))] acknowledgement_sender_stream tag="New slot Slot(267)"
2023-12-22 14:46:31+00:00 [Ferdie] 🎁 Prepared block for proposing at 267 (8 ms) [hash: 0x2af1cfbe61f8e34190aa281d53825895c4d0e4746691761bbc43494671aac11a; parent_hash: 0x05df…a0eb; extrinsics (2): [0x059a…91a5, 0x439f…666d]]
2023-12-22 14:46:31+00:00 [//Ferdie (Consensus)] ✨ Imported #267 (0x2af1…c11a)    
2023-12-22 14:46:31+00:00 [//Alice (DomainId(0))] ✨ Imported #134 (0x77a6…f8db)    
2023-12-22 14:46:31+00:00 [//Alice (DomainId(0))] acknowledgement_sender_stream tag="Import block #267"
2023-12-22 14:46:31+00:00 [Ferdie] 🎁 Prepared block for proposing at 268 (5 ms) [hash: 0x1adba86a774f729832475beb15e6d31332d777ad72d73983f5802636f1aede37; parent_hash: 0x2af1…c11a; extrinsics (1): [0x128a…7719]]
2023-12-22 14:46:31+00:00 [//Ferdie (Consensus)] ✨ Imported #268 (0x1adb…de37)    
2023-12-22 14:46:31+00:00 [//Alice (DomainId(0))] acknowledgement_sender_stream tag="Import block #268"
2023-12-22 14:46:31+00:00 [//Alice (DomainId(0))] 📦 Claimed bundle at slot 269
2023-12-22 14:46:31+00:00 [//Alice (DomainId(0))] 🔖 Producing bundle at slot Slot(269)
2023-12-22 14:46:31+00:00 [//Alice (DomainId(0))] Submitted bundle from slot 269, extrinsics: 0    
2023-12-22 14:46:31+00:00 [//Alice (DomainId(0))] acknowledgement_sender_stream tag="New slot Slot(269)"
2023-12-22 14:46:31+00:00 [Ferdie] 🎁 Prepared block for proposing at 269 (9 ms) [hash: 0xc3181e3444ac1e1bb9f38071314fa5f9b086f7410ed7ee4a75e8eb8913573254; parent_hash: 0x1adb…de37; extrinsics (2): [0x0352…0000, 0x90b3…7f48]]
2023-12-22 14:46:31+00:00 [//Ferdie (Consensus)] ✨ Imported #269 (0xc318…3254)    
2023-12-22 14:46:31+00:00 [//Alice (DomainId(0))] ✨ Imported #135 (0x5220…6cd0)    
2023-12-22 14:46:31+00:00 [//Alice (DomainId(0))] 💤 Idle (0 peers), best: #135 (0x5220…6cd0), finalized #0 (0x7aea…1834), ⬇ 0 ⬆ 0    
2023-12-22 14:46:31+00:00 [//Alice (DomainId(0))] acknowledgement_sender_stream tag="Import block #269"
2023-12-22 14:46:31+00:00 [Ferdie] 🎁 Prepared block for proposing at 270 (5 ms) [hash: 0xcb7483cb4957ad69150a2e178189b3444c4399db3fe83129f7219aabb0583cd1; parent_hash: 0xc318…3254; extrinsics (1): [0x3b10…0dd5]]
2023-12-22 14:46:31+00:00 [//Ferdie (Consensus)] ✨ Imported #270 (0xcb74…3cd1)    
2023-12-22 14:46:31+00:00 [//Alice (DomainId(0))] acknowledgement_sender_stream tag="Import block #270"
2023-12-22 14:46:31+00:00 [//Alice (DomainId(0))] 📦 Claimed bundle at slot 271
2023-12-22 14:46:31+00:00 [//Alice (DomainId(0))] 🔖 Producing bundle at slot Slot(271)
2023-12-22 14:46:31+00:00 [//Alice (DomainId(0))] Submitted bundle from slot 271, extrinsics: 0    
2023-12-22 14:46:31+00:00 [//Alice (DomainId(0))] acknowledgement_sender_stream tag="New slot Slot(271)"
2023-12-22 14:46:31+00:00 [Ferdie] 🎁 Prepared block for proposing at 271 (9 ms) [hash: 0xa25fcabe1e49ba6b005e4568e7e3b02746a55898897c4d3e8267911bfba36948; parent_hash: 0xcb74…3cd1; extrinsics (2): [0xee29…b9dd, 0xf1d3…cef0]]
2023-12-22 14:46:31+00:00 [//Ferdie (Consensus)] ✨ Imported #271 (0xa25f…6948)    
2023-12-22 14:46:31+00:00 [//Alice (DomainId(0))] ✨ Imported #136 (0xe287…c453)    
2023-12-22 14:46:32+00:00 [//Alice (DomainId(0))] acknowledgement_sender_stream tag="Import block #271"
2023-12-22 14:46:32+00:00 [Ferdie] 🎁 Prepared block for proposing at 272 (7 ms) [hash: 0xf1fb3ef125e121b8671b728d30af39d8ebfe749347d266a630d1eae9459a0a41; parent_hash: 0xa25f…6948; extrinsics (1): [0x35e8…1b5d]]
2023-12-22 14:46:32+00:00 [//Ferdie (Consensus)] ✨ Imported #272 (0xf1fb…0a41)    
2023-12-22 14:46:32+00:00 [//Alice (DomainId(0))] acknowledgement_sender_stream tag="Import block #272"
2023-12-22 14:46:32+00:00 [//Alice (DomainId(0))] 📦 Claimed bundle at slot 273
2023-12-22 14:46:32+00:00 [//Alice (DomainId(0))] 🔖 Producing bundle at slot Slot(273)
2023-12-22 14:46:32+00:00 [//Alice (DomainId(0))] Submitted bundle from slot 273, extrinsics: 0    
2023-12-22 14:46:32+00:00 [//Alice (DomainId(0))] acknowledgement_sender_stream tag="New slot Slot(273)"
2023-12-22 14:46:32+00:00 [Ferdie] 🎁 Prepared block for proposing at 273 (9 ms) [hash: 0xdf0eacb7b02386b70b33085a480c1e308a030986b030facec16b8ec9be92671e; parent_hash: 0xf1fb…0a41; extrinsics (2): [0x735a…7a7c, 0x5c56…b517]]
2023-12-22 14:46:32+00:00 [//Ferdie (Consensus)] ✨ Imported #273 (0xdf0e…671e)    
2023-12-22 14:46:32+00:00 [//Alice (DomainId(0))] ✨ Imported #137 (0xed18…6c05)    
2023-12-22 14:46:32+00:00 [//Alice (DomainId(0))] acknowledgement_sender_stream tag="Import block #273"
2023-12-22 14:46:32+00:00 [Ferdie] 🎁 Prepared block for proposing at 274 (5 ms) [hash: 0x53db9c38b2d5ce91e28a7a5a1fd79503869c3bcd8aa05a27b23464f0ca04c40d; parent_hash: 0xdf0e…671e; extrinsics (1): [0x598c…882c]]
2023-12-22 14:46:32+00:00 [//Ferdie (Consensus)] ✨ Imported #274 (0x53db…c40d)    
2023-12-22 14:46:32+00:00 [//Alice (DomainId(0))] acknowledgement_sender_stream tag="Import block #274"
2023-12-22 14:46:32+00:00 [//Alice (DomainId(0))] 📦 Claimed bundle at slot 275
2023-12-22 14:46:32+00:00 [//Alice (DomainId(0))] 🔖 Producing bundle at slot Slot(275)
2023-12-22 14:46:32+00:00 [//Alice (DomainId(0))] Submitted bundle from slot 275, extrinsics: 0    
2023-12-22 14:46:32+00:00 [//Alice (DomainId(0))] acknowledgement_sender_stream tag="New slot Slot(275)"
2023-12-22 14:46:32+00:00 [Ferdie] 🎁 Prepared block for proposing at 275 (9 ms) [hash: 0x1c3ef11babe4d40e87e285ee4ecb0f0ee5888b5f4289db738ebb943a7d8abbb6; parent_hash: 0x53db…c40d; extrinsics (2): [0x5c7b…c0d6, 0xba23…d24f]]
2023-12-22 14:46:32+00:00 [//Ferdie (Consensus)] ✨ Imported #275 (0x1c3e…bbb6)    
2023-12-22 14:46:32+00:00 [//Alice (DomainId(0))] ✨ Imported #138 (0x2a5e…6cfb)    
2023-12-22 14:46:32+00:00 [//Alice (DomainId(0))] acknowledgement_sender_stream tag="Import block #275"
2023-12-22 14:46:32+00:00 [Ferdie] 🎁 Prepared block for proposing at 276 (5 ms) [hash: 0xb18a80d8dece10e3cbb37966138c8a17f18b5beda69285544cf27425ea07b58d; parent_hash: 0x1c3e…bbb6; extrinsics (1): [0xa482…12db]]
2023-12-22 14:46:32+00:00 [//Ferdie (Consensus)] ✨ Imported #276 (0xb18a…b58d)    
2023-12-22 14:46:32+00:00 [//Alice (DomainId(0))] acknowledgement_sender_stream tag="Import block #276"
2023-12-22 14:46:32+00:00 [//Alice (DomainId(0))] 📦 Claimed bundle at slot 277
2023-12-22 14:46:32+00:00 [//Alice (DomainId(0))] 🔖 Producing bundle at slot Slot(277)
2023-12-22 14:46:32+00:00 [//Alice (DomainId(0))] Submitted bundle from slot 277, extrinsics: 0    
2023-12-22 14:46:32+00:00 [//Alice (DomainId(0))] acknowledgement_sender_stream tag="New slot Slot(277)"
2023-12-22 14:46:32+00:00 [Ferdie] 🎁 Prepared block for proposing at 277 (18 ms) [hash: 0x03cce8ce6b3e047a788d2259bf8716bad8762b4283e00a639b345ffb5d4f5948; parent_hash: 0xb18a…b58d; extrinsics (2): [0x92b7…bc42, 0xd309…0f49]]
2023-12-22 14:46:32+00:00 [//Ferdie (Consensus)] ✨ Imported #277 (0x03cc…5948)    
2023-12-22 14:46:32+00:00 [//Alice (DomainId(0))] ✨ Imported #139 (0x0a74…9e0a)    
2023-12-22 14:46:32+00:00 [//Alice (DomainId(0))] acknowledgement_sender_stream tag="Import block #277"
2023-12-22 14:46:32+00:00 [Ferdie] 🎁 Prepared block for proposing at 278 (5 ms) [hash: 0xb7c92b851b102b180efadae1418e02ee9caa890f95da77a52a74f7019f505755; parent_hash: 0x03cc…5948; extrinsics (1): [0x9a4f…dfbc]]
2023-12-22 14:46:32+00:00 [//Ferdie (Consensus)] ✨ Imported #278 (0xb7c9…5755)    
2023-12-22 14:46:32+00:00 [//Alice (DomainId(0))] acknowledgement_sender_stream tag="Import block #278"
2023-12-22 14:46:32+00:00 [//Alice (DomainId(0))] 📦 Claimed bundle at slot 279
2023-12-22 14:46:32+00:00 [//Alice (DomainId(0))] 🔖 Producing bundle at slot Slot(279)
2023-12-22 14:46:32+00:00 [//Alice (DomainId(0))] Submitted bundle from slot 279, extrinsics: 0    
2023-12-22 14:46:32+00:00 [//Alice (DomainId(0))] acknowledgement_sender_stream tag="New slot Slot(279)"
2023-12-22 14:46:32+00:00 [Ferdie] 🎁 Prepared block for proposing at 279 (9 ms) [hash: 0x0bf5033a70971000e4e3b49556d925abbc9d6aead55c22ed3f031acd9a48f4eb; parent_hash: 0xb7c9…5755; extrinsics (2): [0x3e4b…5c38, 0xb2f5…af81]]
2023-12-22 14:46:32+00:00 [//Ferdie (Consensus)] ✨ Imported #279 (0x0bf5…f4eb)    
2023-12-22 14:46:32+00:00 [//Alice (DomainId(0))] ✨ Imported #140 (0x3801…6277)    
2023-12-22 14:46:32+00:00 [//Alice (DomainId(0))] acknowledgement_sender_stream tag="Import block #279"
2023-12-22 14:46:32+00:00 [Ferdie] 🎁 Prepared block for proposing at 280 (5 ms) [hash: 0x997e7edb9b1cd4f91547fa244891eccf34b4462d5e972e934c408a38227e86d0; parent_hash: 0x0bf5…f4eb; extrinsics (1): [0x641c…2b22]]
2023-12-22 14:46:32+00:00 [//Ferdie (Consensus)] ✨ Imported #280 (0x997e…86d0)    
2023-12-22 14:46:32+00:00 [//Alice (DomainId(0))] acknowledgement_sender_stream tag="Import block #280"
2023-12-22 14:46:32+00:00 [//Alice (DomainId(0))] 📦 Claimed bundle at slot 281
2023-12-22 14:46:32+00:00 [//Alice (DomainId(0))] 🔖 Producing bundle at slot Slot(281)
2023-12-22 14:46:32+00:00 [//Alice (DomainId(0))] Submitted bundle from slot 281, extrinsics: 0    
2023-12-22 14:46:32+00:00 [//Alice (DomainId(0))] acknowledgement_sender_stream tag="New slot Slot(281)"
2023-12-22 14:46:32+00:00 [Ferdie] 🎁 Prepared block for proposing at 281 (9 ms) [hash: 0xdb2d2129051ea442c0b5268770af9e00f020f412f9191077abaae7c76c546293; parent_hash: 0x997e…86d0; extrinsics (2): [0xe65b…1376, 0x8aba…5297]]
2023-12-22 14:46:32+00:00 [//Ferdie (Consensus)] ✨ Imported #281 (0xdb2d…6293)    
2023-12-22 14:46:32+00:00 [//Alice (DomainId(0))] ✨ Imported #141 (0xaf50…eb29)    
2023-12-22 14:46:32+00:00 [//Alice (DomainId(0))] acknowledgement_sender_stream tag="Import block #281"
2023-12-22 14:46:32+00:00 [Ferdie] 🎁 Prepared block for proposing at 282 (5 ms) [hash: 0x59eb67f7ad5346534682b28444ef5e4a497853ef6ed3bc1c75fa912bcc84e536; parent_hash: 0xdb2d…6293; extrinsics (1): [0x3761…3931]]
2023-12-22 14:46:32+00:00 [//Ferdie (Consensus)] ✨ Imported #282 (0x59eb…e536)    
2023-12-22 14:46:32+00:00 [//Alice (DomainId(0))] acknowledgement_sender_stream tag="Import block #282"
2023-12-22 14:46:32+00:00 [//Alice (DomainId(0))] 📦 Claimed bundle at slot 283
2023-12-22 14:46:32+00:00 [//Alice (DomainId(0))] 🔖 Producing bundle at slot Slot(283)
2023-12-22 14:46:32+00:00 [//Alice (DomainId(0))] Submitted bundle from slot 283, extrinsics: 0    
2023-12-22 14:46:32+00:00 [//Alice (DomainId(0))] acknowledgement_sender_stream tag="New slot Slot(283)"
2023-12-22 14:46:32+00:00 [Ferdie] 🎁 Prepared block for proposing at 283 (9 ms) [hash: 0x39a37578e6a4ecaa051603ee51eeaaaef820b5607f06a0a1f7a43336ec349df3; parent_hash: 0x59eb…e536; extrinsics (2): [0xa698…b59f, 0x96ad…f29c]]
2023-12-22 14:46:32+00:00 [//Ferdie (Consensus)] ✨ Imported #283 (0x39a3…9df3)    
2023-12-22 14:46:32+00:00 [//Alice (DomainId(0))] ✨ Imported #142 (0x8ef0…a286)    
2023-12-22 14:46:33+00:00 [//Alice (DomainId(0))] acknowledgement_sender_stream tag="Import block #283"
2023-12-22 14:46:33+00:00 [Ferdie] 🎁 Prepared block for proposing at 284 (10 ms) [hash: 0x7ada4863e0c29bd9057939c3b7b8c9615eadc32f7a55d80763c94bf4ad2beeb6; parent_hash: 0x39a3…9df3; extrinsics (1): [0x9c5a…f12c]]
2023-12-22 14:46:33+00:00 [//Ferdie (Consensus)] ✨ Imported #284 (0x7ada…eeb6)    
2023-12-22 14:46:33+00:00 [//Alice (DomainId(0))] acknowledgement_sender_stream tag="Import block #284"
2023-12-22 14:46:33+00:00 [//Alice (DomainId(0))] 📦 Claimed bundle at slot 285
2023-12-22 14:46:33+00:00 [//Alice (DomainId(0))] 🔖 Producing bundle at slot Slot(285)
2023-12-22 14:46:33+00:00 [//Alice (DomainId(0))] Submitted bundle from slot 285, extrinsics: 0    
2023-12-22 14:46:33+00:00 [//Alice (DomainId(0))] acknowledgement_sender_stream tag="New slot Slot(285)"
2023-12-22 14:46:33+00:00 [Ferdie] 🎁 Prepared block for proposing at 285 (9 ms) [hash: 0x88b91a90f48fccbcbece2e92a62cba45d2aa206bbf89921f9fdf97102b958329; parent_hash: 0x7ada…eeb6; extrinsics (2): [0x60fd…a005, 0x14bb…f129]]
2023-12-22 14:46:33+00:00 [//Ferdie (Consensus)] ✨ Imported #285 (0x88b9…8329)    
2023-12-22 14:46:33+00:00 [//Alice (DomainId(0))] ✨ Imported #143 (0x603b…4443)    
2023-12-22 14:46:33+00:00 [//Alice (DomainId(0))] acknowledgement_sender_stream tag="Import block #285"
2023-12-22 14:46:33+00:00 [Ferdie] 🎁 Prepared block for proposing at 286 (5 ms) [hash: 0xffaecafc061e18b36ad1d27e42adece4231242dec40b1d9bef3c1b1deb094145; parent_hash: 0x88b9…8329; extrinsics (1): [0x847b…8703]]
2023-12-22 14:46:33+00:00 [//Ferdie (Consensus)] ✨ Imported #286 (0xffae…4145)    
2023-12-22 14:46:33+00:00 [//Alice (DomainId(0))] acknowledgement_sender_stream tag="Import block #286"
2023-12-22 14:46:33+00:00 [//Alice (DomainId(0))] 📦 Claimed bundle at slot 287
2023-12-22 14:46:33+00:00 [//Alice (DomainId(0))] 🔖 Producing bundle at slot Slot(287)
2023-12-22 14:46:33+00:00 [//Alice (DomainId(0))] Submitted bundle from slot 287, extrinsics: 0    
2023-12-22 14:46:33+00:00 [//Alice (DomainId(0))] acknowledgement_sender_stream tag="New slot Slot(287)"
2023-12-22 14:46:33+00:00 [Ferdie] 🎁 Prepared block for proposing at 287 (9 ms) [hash: 0xa82371a43628c66190016808ec51af413b82e792c31f07d241e0f1e14b4e9fa9; parent_hash: 0xffae…4145; extrinsics (2): [0xeaba…7f38, 0xfe33…3acf]]
2023-12-22 14:46:33+00:00 [//Ferdie (Consensus)] ✨ Imported #287 (0xa823…9fa9)    
2023-12-22 14:46:33+00:00 [//Alice (DomainId(0))] ✨ Imported #144 (0x8128…d3a0)    
2023-12-22 14:46:33+00:00 [//Alice (DomainId(0))] acknowledgement_sender_stream tag="Import block #287"
2023-12-22 14:46:33+00:00 [Ferdie] 🎁 Prepared block for proposing at 288 (5 ms) [hash: 0x319c70a6af6530ab533849b29b58b671689f6a2096afe7b07f1f21bbaf0294e3; parent_hash: 0xa823…9fa9; extrinsics (1): [0x2bca…2af2]]
2023-12-22 14:46:33+00:00 [//Ferdie (Consensus)] ✨ Imported #288 (0x319c…94e3)    
2023-12-22 14:46:33+00:00 [//Alice (DomainId(0))] acknowledgement_sender_stream tag="Import block #288"
2023-12-22 14:46:33+00:00 [//Alice (DomainId(0))] 📦 Claimed bundle at slot 289
2023-12-22 14:46:33+00:00 [//Alice (DomainId(0))] 🔖 Producing bundle at slot Slot(289)
2023-12-22 14:46:33+00:00 [//Alice (DomainId(0))] Submitted bundle from slot 289, extrinsics: 0    
2023-12-22 14:46:33+00:00 [//Alice (DomainId(0))] acknowledgement_sender_stream tag="New slot Slot(289)"
2023-12-22 14:46:33+00:00 [Ferdie] Timeout fired waiting for transaction pool at #288, proceeding with production.
2023-12-22 14:46:33+00:00 [Ferdie] 🎁 Prepared block for proposing at 289 (11 ms) [hash: 0xcc7cc47c643f6a94160b3b94f0ecf14579e6ff708b0e607a5c6bf5d62ad17d4f; parent_hash: 0x319c…94e3; extrinsics (2): [0x9fe5…9a61, 0x94aa…d338]]
2023-12-22 14:46:33+00:00 [//Ferdie (Consensus)] ✨ Imported #289 (0xcc7c…7d4f)    
2023-12-22 14:46:33+00:00 [//Alice (DomainId(0))] ✨ Imported #145 (0x1751…94e9)    
2023-12-22 14:46:33+00:00 [//Alice (DomainId(0))] acknowledgement_sender_stream tag="Import block #289"
2023-12-22 14:46:33+00:00 [Ferdie] 🎁 Prepared block for proposing at 290 (5 ms) [hash: 0x1feb2a9471fdb44da831fcdddeb8d91ec123f75c249cea81d5506ba539dbf425; parent_hash: 0xcc7c…7d4f; extrinsics (1): [0x171f…bd03]]
2023-12-22 14:46:33+00:00 [//Ferdie (Consensus)] ✨ Imported #290 (0x1feb…f425)    
2023-12-22 14:46:33+00:00 [//Alice (DomainId(0))] acknowledgement_sender_stream tag="Import block #290"
2023-12-22 14:46:34+00:00 [//Alice (DomainId(0))] 📦 Claimed bundle at slot 291
2023-12-22 14:46:34+00:00 [//Alice (DomainId(0))] 🔖 Producing bundle at slot Slot(291)
2023-12-22 14:46:34+00:00 [//Alice (DomainId(0))] Submitted bundle from slot 291, extrinsics: 0    
2023-12-22 14:46:34+00:00 [//Alice (DomainId(0))] acknowledgement_sender_stream tag="New slot Slot(291)"
2023-12-22 14:46:34+00:00 [Ferdie] 🎁 Prepared block for proposing at 291 (382 ms) [hash: 0xd4873293bf25f466e3fbe88c6a7504ab40471038db76a094829e55ba95dbf0a0; parent_hash: 0x1feb…f425; extrinsics (2): [0xc877…81a1, 0xe1d1…a2f8]]
2023-12-22 14:46:34+00:00 [//Ferdie (Consensus)] ✨ Imported #291 (0xd487…f0a0)    
2023-12-22 14:46:34+00:00 [//Alice (DomainId(0))] acknowledgement_sender_stream tag="Import block #291"
2023-12-22 14:46:34+00:00 [Ferdie] 🎁 Prepared block for proposing at 292 (5 ms) [hash: 0x88044a8b4270f52a95412fdde7580418a0068780e3f75e3d2c2b297e4d749b11; parent_hash: 0xd487…f0a0; extrinsics (1): [0x075f…8bdd]]
2023-12-22 14:46:34+00:00 [//Alice (DomainId(0))] ✨ Imported #146 (0xf775…d946)    
2023-12-22 14:46:34+00:00 [//Ferdie (Consensus)] ✨ Imported #292 (0x8804…9b11)    
2023-12-22 14:46:34+00:00 [//Alice (DomainId(0))] acknowledgement_sender_stream tag="Import block #292"
2023-12-22 14:46:34+00:00 [//Alice (DomainId(0))] 📦 Claimed bundle at slot 293
2023-12-22 14:46:34+00:00 [//Alice (DomainId(0))] 🔖 Producing bundle at slot Slot(293)
2023-12-22 14:46:34+00:00 [//Alice (DomainId(0))] Submitted bundle from slot 293, extrinsics: 0    
2023-12-22 14:46:34+00:00 [//Alice (DomainId(0))] acknowledgement_sender_stream tag="New slot Slot(293)"
2023-12-22 14:46:34+00:00 [Ferdie] 🎁 Prepared block for proposing at 293 (9 ms) [hash: 0x20389702e228444e2dcc1445071c97fec642ca8a0297ea32fb249e3ad9f0a55b; parent_hash: 0x8804…9b11; extrinsics (2): [0x0bec…fec3, 0xafbc…537f]]
2023-12-22 14:46:34+00:00 [//Ferdie (Consensus)] ✨ Imported #293 (0x2038…a55b)    
2023-12-22 14:46:34+00:00 [//Alice (DomainId(0))] ✨ Imported #147 (0x6f75…54a2)    
2023-12-22 14:46:34+00:00 [//Alice (DomainId(0))] acknowledgement_sender_stream tag="Import block #293"
2023-12-22 14:46:34+00:00 [Ferdie] 🎁 Prepared block for proposing at 294 (5 ms) [hash: 0x65b9bcd02077e6670db57ecec310e36595dfbdd3484bb2602a4bb9eb12e9ae9e; parent_hash: 0x2038…a55b; extrinsics (1): [0x8908…fd98]]
2023-12-22 14:46:34+00:00 [//Ferdie (Consensus)] ✨ Imported #294 (0x65b9…ae9e)    
2023-12-22 14:46:34+00:00 [//Alice (DomainId(0))] acknowledgement_sender_stream tag="Import block #294"
2023-12-22 14:46:34+00:00 [//Alice (DomainId(0))] 📦 Claimed bundle at slot 295
2023-12-22 14:46:34+00:00 [//Alice (DomainId(0))] 🔖 Producing bundle at slot Slot(295)
2023-12-22 14:46:34+00:00 [//Alice (DomainId(0))] Submitted bundle from slot 295, extrinsics: 0    
2023-12-22 14:46:34+00:00 [//Alice (DomainId(0))] acknowledgement_sender_stream tag="New slot Slot(295)"
2023-12-22 14:46:34+00:00 [Ferdie] 🎁 Prepared block for proposing at 295 (9 ms) [hash: 0xd742f6d114bb0794e230504207cb01ac55d222be540bcd9393400836974e38c0; parent_hash: 0x65b9…ae9e; extrinsics (2): [0x62ab…7a9c, 0xe1fc…ec9d]]
2023-12-22 14:46:34+00:00 [//Ferdie (Consensus)] ✨ Imported #295 (0xd742…38c0)    
2023-12-22 14:46:34+00:00 [//Alice (DomainId(0))] ✨ Imported #148 (0x337d…4b1d)    
2023-12-22 14:46:34+00:00 [//Alice (DomainId(0))] acknowledgement_sender_stream tag="Import block #295"
2023-12-22 14:46:34+00:00 [Ferdie] 🎁 Prepared block for proposing at 296 (5 ms) [hash: 0xcd5195a8955810e52fb8c70e983213b2a834394928e069ac24e7746e573836cb; parent_hash: 0xd742…38c0; extrinsics (1): [0x2a88…5780]]
2023-12-22 14:46:34+00:00 [//Ferdie (Consensus)] ✨ Imported #296 (0xcd51…36cb)    
2023-12-22 14:46:34+00:00 [//Alice (DomainId(0))] acknowledgement_sender_stream tag="Import block #296"
2023-12-22 14:46:34+00:00 [//Alice (DomainId(0))] 📦 Claimed bundle at slot 297
2023-12-22 14:46:34+00:00 [//Alice (DomainId(0))] 🔖 Producing bundle at slot Slot(297)
2023-12-22 14:46:34+00:00 [//Alice (DomainId(0))] Submitted bundle from slot 297, extrinsics: 0    
2023-12-22 14:46:34+00:00 [//Alice (DomainId(0))] acknowledgement_sender_stream tag="New slot Slot(297)"
2023-12-22 14:46:34+00:00 [Ferdie] 🎁 Prepared block for proposing at 297 (9 ms) [hash: 0x6a2a8ef3f5b3ba92a3ecf4308018902c4bc1f6577c2e292e4c033bc2ce4bf08f; parent_hash: 0xcd51…36cb; extrinsics (2): [0x7489…9527, 0xbe61…8c53]]
2023-12-22 14:46:34+00:00 [//Ferdie (Consensus)] ✨ Imported #297 (0x6a2a…f08f)    
2023-12-22 14:46:34+00:00 [//Alice (DomainId(0))] ✨ Imported #149 (0x8ea6…feb2)    
2023-12-22 14:46:34+00:00 [//Alice (DomainId(0))] acknowledgement_sender_stream tag="Import block #297"
2023-12-22 14:46:34+00:00 [Ferdie] 🎁 Prepared block for proposing at 298 (5 ms) [hash: 0xa25b477cb53b6d388689b7e5a3fa8f6edf772de0a8612d9987726386e7578653; parent_hash: 0x6a2a…f08f; extrinsics (1): [0xe3e2…9394]]
2023-12-22 14:46:34+00:00 [//Ferdie (Consensus)] ✨ Imported #298 (0xa25b…8653)    
2023-12-22 14:46:34+00:00 [//Alice (DomainId(0))] acknowledgement_sender_stream tag="Import block #298"
2023-12-22 14:46:34+00:00 [//Alice (DomainId(0))] 📦 Claimed bundle at slot 299
2023-12-22 14:46:34+00:00 [//Alice (DomainId(0))] 🔖 Producing bundle at slot Slot(299)
2023-12-22 14:46:34+00:00 [//Alice (DomainId(0))] Submitted bundle from slot 299, extrinsics: 0    
2023-12-22 14:46:34+00:00 [//Alice (DomainId(0))] acknowledgement_sender_stream tag="New slot Slot(299)"
2023-12-22 14:46:35+00:00 [Ferdie] 🎁 Prepared block for proposing at 299 (9 ms) [hash: 0x1ddca5310dc13e9cd8300c14d25614251a11d044daf1abad4a42a23acc7ed776; parent_hash: 0xa25b…8653; extrinsics (2): [0x464e…cd3b, 0xe824…dba6]]
2023-12-22 14:46:35+00:00 [//Ferdie (Consensus)] ✨ Imported #299 (0x1ddc…d776)    
2023-12-22 14:46:35+00:00 [//Alice (DomainId(0))] ✨ Imported #150 (0x95fe…55a3)    
2023-12-22 14:46:35+00:00 [//Alice (DomainId(0))] acknowledgement_sender_stream tag="Import block #299"
2023-12-22 14:46:35+00:00 [Ferdie] 🎁 Prepared block for proposing at 300 (5 ms) [hash: 0x907ad2f4111bcd220f1357d459e47ff1c22774f621c27d1224a7c4f473a4cb23; parent_hash: 0x1ddc…d776; extrinsics (1): [0x92fc…4146]]
2023-12-22 14:46:35+00:00 [//Ferdie (Consensus)] ✨ Imported #300 (0x907a…cb23)    
2023-12-22 14:46:35+00:00 [//Alice (DomainId(0))] acknowledgement_sender_stream tag="Import block #300"
2023-12-22 14:46:35+00:00 [//Alice (DomainId(0))] 📦 Claimed bundle at slot 301
2023-12-22 14:46:35+00:00 [//Alice (DomainId(0))] 🔖 Producing bundle at slot Slot(301)
2023-12-22 14:46:35+00:00 [//Alice (DomainId(0))] Submitted bundle from slot 301, extrinsics: 0    
2023-12-22 14:46:35+00:00 [//Alice (DomainId(0))] acknowledgement_sender_stream tag="New slot Slot(301)"
2023-12-22 14:46:35+00:00 [Ferdie] 🎁 Prepared block for proposing at 301 (9 ms) [hash: 0x1e343931686300979978f6dfc256658245a47c951113bc2731e3c91b8bde444b; parent_hash: 0x907a…cb23; extrinsics (2): [0xfd02…4cd9, 0xf552…21ca]]
2023-12-22 14:46:35+00:00 [//Ferdie (Consensus)] ✨ Imported #301 (0x1e34…444b)    
2023-12-22 14:46:35+00:00 [//Alice (DomainId(0))] acknowledgement_sender_stream tag="Import block #301"
2023-12-22 14:46:35+00:00 [//Alice (DomainId(0))] ✨ Imported #151 (0x3630…a740)    
2023-12-22 14:46:35+00:00 [Ferdie] 🎁 Prepared block for proposing at 302 (5 ms) [hash: 0x139f0fb97a9a47696e0e0c96f4d76771ce2395b2cf26820112f218a38f8a33a8; parent_hash: 0x1e34…444b; extrinsics (1): [0xf991…4ce1]]
2023-12-22 14:46:35+00:00 [//Ferdie (Consensus)] ✨ Imported #302 (0x139f…33a8)    
2023-12-22 14:46:35+00:00 [//Alice (DomainId(0))] acknowledgement_sender_stream tag="Import block #302"
2023-12-22 14:46:35+00:00 [//Alice (DomainId(0))] 📦 Claimed bundle at slot 303
2023-12-22 14:46:35+00:00 [//Alice (DomainId(0))] 🔖 Producing bundle at slot Slot(303)
2023-12-22 14:46:35+00:00 [//Alice (DomainId(0))] Submitted bundle from slot 303, extrinsics: 0    
2023-12-22 14:46:35+00:00 [//Alice (DomainId(0))] acknowledgement_sender_stream tag="New slot Slot(303)"
2023-12-22 14:46:35+00:00 [Ferdie] 🎁 Prepared block for proposing at 303 (9 ms) [hash: 0x4e43c33b6a22c1b7017ce860a0ba3dd2be8096737f0358938771cad86fe15ac8; parent_hash: 0x139f…33a8; extrinsics (2): [0x0a30…c567, 0x08f3…19bf]]
2023-12-22 14:46:35+00:00 [//Ferdie (Consensus)] ✨ Imported #303 (0x4e43…5ac8)    
2023-12-22 14:46:35+00:00 [//Alice (DomainId(0))] ✨ Imported #152 (0xddf8…7df2)    
2023-12-22 14:46:35+00:00 [//Alice (DomainId(0))] acknowledgement_sender_stream tag="Import block #303"
2023-12-22 14:46:35+00:00 [Ferdie] 🎁 Prepared block for proposing at 304 (5 ms) [hash: 0x50d3179c3030a1d0e1927305d198ae38e2245bf1966a202542ce863aa1325bea; parent_hash: 0x4e43…5ac8; extrinsics (1): [0x9ea7…5f6f]]
2023-12-22 14:46:35+00:00 [//Ferdie (Consensus)] ✨ Imported #304 (0x50d3…5bea)    
2023-12-22 14:46:35+00:00 [//Alice (DomainId(0))] acknowledgement_sender_stream tag="Import block #304"
2023-12-22 14:46:35+00:00 [//Alice (DomainId(0))] 📦 Claimed bundle at slot 305
2023-12-22 14:46:35+00:00 [//Alice (DomainId(0))] 🔖 Producing bundle at slot Slot(305)
2023-12-22 14:46:35+00:00 [//Alice (DomainId(0))] Submitted bundle from slot 305, extrinsics: 0    
2023-12-22 14:46:35+00:00 [//Alice (DomainId(0))] acknowledgement_sender_stream tag="New slot Slot(305)"
2023-12-22 14:46:35+00:00 [Ferdie] 🎁 Prepared block for proposing at 305 (9 ms) [hash: 0xca1c3d6cfbc349b205fbd6bd1fa89980a08ec546325645c7d1fbdd575e36979a; parent_hash: 0x50d3…5bea; extrinsics (2): [0x9f02…6d42, 0x0888…5759]]
2023-12-22 14:46:35+00:00 [//Ferdie (Consensus)] ✨ Imported #305 (0xca1c…979a)    
2023-12-22 14:46:35+00:00 [//Alice (DomainId(0))] ✨ Imported #153 (0xd8e9…13e9)    
2023-12-22 14:46:35+00:00 [//Alice (DomainId(0))] acknowledgement_sender_stream tag="Import block #305"
2023-12-22 14:46:35+00:00 [Ferdie] 🎁 Prepared block for proposing at 306 (5 ms) [hash: 0xc6cb7df5a15219caef821bc1912963d625a75dabcc5bdac8e408f154c0d721ed; parent_hash: 0xca1c…979a; extrinsics (1): [0xf5a7…1201]]
2023-12-22 14:46:35+00:00 [//Ferdie (Consensus)] ✨ Imported #306 (0xc6cb…21ed)    
2023-12-22 14:46:35+00:00 [//Alice (DomainId(0))] acknowledgement_sender_stream tag="Import block #306"
2023-12-22 14:46:35+00:00 [//Alice (DomainId(0))] 📦 Claimed bundle at slot 307
2023-12-22 14:46:35+00:00 [//Alice (DomainId(0))] 🔖 Producing bundle at slot Slot(307)
2023-12-22 14:46:35+00:00 [//Alice (DomainId(0))] Submitted bundle from slot 307, extrinsics: 0    
2023-12-22 14:46:35+00:00 [//Alice (DomainId(0))] acknowledgement_sender_stream tag="New slot Slot(307)"
2023-12-22 14:46:35+00:00 [Ferdie] 🎁 Prepared block for proposing at 307 (8 ms) [hash: 0xb54b0510b05d57895fd279c5217b1ff64fe97b46b1a1380d6bbff1a9719478a1; parent_hash: 0xc6cb…21ed; extrinsics (2): [0x47b3…9e5f, 0x42bd…dae2]]
2023-12-22 14:46:35+00:00 [//Ferdie (Consensus)] ✨ Imported #307 (0xb54b…78a1)    
2023-12-22 14:46:35+00:00 [//Alice (DomainId(0))] ✨ Imported #154 (0x1155…ed8e)    
2023-12-22 14:46:35+00:00 [//Alice (DomainId(0))] acknowledgement_sender_stream tag="Import block #307"
2023-12-22 14:46:35+00:00 [Ferdie] 🎁 Prepared block for proposing at 308 (5 ms) [hash: 0x311cf2f029d3143c2bb8b7982751f012b7fa8373ac1c69e52caf8cf593752019; parent_hash: 0xb54b…78a1; extrinsics (1): [0xa504…2d28]]
2023-12-22 14:46:35+00:00 [//Ferdie (Consensus)] ✨ Imported #308 (0x311c…2019)    
2023-12-22 14:46:35+00:00 [//Alice (DomainId(0))] acknowledgement_sender_stream tag="Import block #308"
2023-12-22 14:46:35+00:00 [//Alice (DomainId(0))] 📦 Claimed bundle at slot 309
2023-12-22 14:46:35+00:00 [//Alice (DomainId(0))] 🔖 Producing bundle at slot Slot(309)
2023-12-22 14:46:35+00:00 [//Alice (DomainId(0))] Submitted bundle from slot 309, extrinsics: 0    
2023-12-22 14:46:35+00:00 [//Alice (DomainId(0))] acknowledgement_sender_stream tag="New slot Slot(309)"
2023-12-22 14:46:35+00:00 [Ferdie] 🎁 Prepared block for proposing at 309 (9 ms) [hash: 0x56c9c535dfd219048c22a1302fa57e26f99bb364d868c30f982b527c83115744; parent_hash: 0x311c…2019; extrinsics (2): [0x1f22…08e3, 0x1f0e…d140]]
2023-12-22 14:46:35+00:00 [//Ferdie (Consensus)] ✨ Imported #309 (0x56c9…5744)    
2023-12-22 14:46:35+00:00 [//Alice (DomainId(0))] ✨ Imported #155 (0xeddf…1d5b)    
2023-12-22 14:46:35+00:00 [//Alice (DomainId(0))] acknowledgement_sender_stream tag="Import block #309"
2023-12-22 14:46:35+00:00 [Ferdie] 🎁 Prepared block for proposing at 310 (5 ms) [hash: 0xe232a3d28b77f31575b823251d529f1ce694c9b81afeca836d8f60f73f6af523; parent_hash: 0x56c9…5744; extrinsics (1): [0x8aa4…5393]]
2023-12-22 14:46:35+00:00 [//Ferdie (Consensus)] ✨ Imported #310 (0xe232…f523)    
2023-12-22 14:46:35+00:00 [//Alice (DomainId(0))] acknowledgement_sender_stream tag="Import block #310"
2023-12-22 14:46:35+00:00 [//Alice (DomainId(0))] 📦 Claimed bundle at slot 311
2023-12-22 14:46:35+00:00 [//Alice (DomainId(0))] 🔖 Producing bundle at slot Slot(311)
2023-12-22 14:46:35+00:00 [//Alice (DomainId(0))] Submitted bundle from slot 311, extrinsics: 0    
2023-12-22 14:46:35+00:00 [//Alice (DomainId(0))] acknowledgement_sender_stream tag="New slot Slot(311)"
2023-12-22 14:46:35+00:00 [Ferdie] 🎁 Prepared block for proposing at 311 (9 ms) [hash: 0x9e761b6483f35ee65044c4a68a4506aba0cad792408b29ca238ce6e3d9e67957; parent_hash: 0xe232…f523; extrinsics (2): [0x1327…ac69, 0x1409…bcdf]]
2023-12-22 14:46:35+00:00 [//Ferdie (Consensus)] ✨ Imported #311 (0x9e76…7957)    
2023-12-22 14:46:35+00:00 [//Alice (DomainId(0))] ✨ Imported #156 (0x15ed…caa8)    
2023-12-22 14:46:35+00:00 [//Alice (DomainId(0))] acknowledgement_sender_stream tag="Import block #311"
2023-12-22 14:46:35+00:00 [Ferdie] 🎁 Prepared block for proposing at 312 (5 ms) [hash: 0x04cdc65a1f33a984ca007d83e48461d72b811443bbb2b3bb696c5d255a7bc500; parent_hash: 0x9e76…7957; extrinsics (1): [0x8c84…3fca]]
2023-12-22 14:46:35+00:00 [//Ferdie (Consensus)] ✨ Imported #312 (0x04cd…c500)    
2023-12-22 14:46:36+00:00 [//Alice (DomainId(0))] acknowledgement_sender_stream tag="Import block #312"
2023-12-22 14:46:36+00:00 [//Alice (DomainId(0))] 📦 Claimed bundle at slot 313
2023-12-22 14:46:36+00:00 [//Alice (DomainId(0))] 🔖 Producing bundle at slot Slot(313)
2023-12-22 14:46:36+00:00 [//Alice (DomainId(0))] Submitted bundle from slot 313, extrinsics: 0    
2023-12-22 14:46:36+00:00 [//Alice (DomainId(0))] acknowledgement_sender_stream tag="New slot Slot(313)"
2023-12-22 14:46:36+00:00 [Ferdie] 🎁 Prepared block for proposing at 313 (9 ms) [hash: 0xa8190f20f37cdce45277fba8767a8de54e510796a1b179463b4f0bf4b8dd3744; parent_hash: 0x04cd…c500; extrinsics (2): [0x2111…3d32, 0x68c6…1a60]]
2023-12-22 14:46:36+00:00 [//Ferdie (Consensus)] ✨ Imported #313 (0xa819…3744)    
2023-12-22 14:46:36+00:00 [//Alice (DomainId(0))] ✨ Imported #157 (0x0600…2069)    
2023-12-22 14:46:36+00:00 [//Alice (DomainId(0))] Slow post domain block execution, took 261ms consensus_block_info=(0xa8190f20f37cdce45277fba8767a8de54e510796a1b179463b4f0bf4b8dd3744, 313) built_block_info=(0x0600effa9aa567022b9d889470f1d7dd33b7d0be6c80981cf4faa1c3aa7b2069, 157)
2023-12-22 14:46:36+00:00 [//Alice (DomainId(0))] acknowledgement_sender_stream tag="Import block #313"
2023-12-22 14:46:36+00:00 [Ferdie] 🎁 Prepared block for proposing at 314 (5 ms) [hash: 0x0471b3730888e1816f55948090f7541af3e89381d178f2f92e7414ffbc7ee158; parent_hash: 0xa819…3744; extrinsics (1): [0xc4f0…ac3c]]
2023-12-22 14:46:36+00:00 [//Ferdie (Consensus)] ✨ Imported #314 (0x0471…e158)    
2023-12-22 14:46:36+00:00 [//Alice (DomainId(0))] acknowledgement_sender_stream tag="Import block #314"
2023-12-22 14:46:36+00:00 [//Alice (DomainId(0))] 📦 Claimed bundle at slot 315
2023-12-22 14:46:36+00:00 [//Alice (DomainId(0))] 🔖 Producing bundle at slot Slot(315)
2023-12-22 14:46:36+00:00 [//Alice (DomainId(0))] Submitted bundle from slot 315, extrinsics: 0    
2023-12-22 14:46:36+00:00 [//Alice (DomainId(0))] acknowledgement_sender_stream tag="New slot Slot(315)"
2023-12-22 14:46:36+00:00 [Ferdie] 🎁 Prepared block for proposing at 315 (9 ms) [hash: 0x973fc4de1638b1998584789458ec1affc75b274dea7096c40d03875752a33e36; parent_hash: 0x0471…e158; extrinsics (2): [0x9662…f3d3, 0x7bb7…2789]]
2023-12-22 14:46:36+00:00 [//Ferdie (Consensus)] ✨ Imported #315 (0x973f…3e36)    
2023-12-22 14:46:36+00:00 [//Alice (DomainId(0))] ✨ Imported #158 (0x95e6…e6a6)    
2023-12-22 14:46:36+00:00 [//Alice (DomainId(0))] 💤 Idle (0 peers), best: #158 (0x95e6…e6a6), finalized #0 (0x7aea…1834), ⬇ 0 ⬆ 0    
2023-12-22 14:46:37+00:00 [//Alice (DomainId(0))] acknowledgement_sender_stream tag="Import block #315"
2023-12-22 14:46:37+00:00 [Ferdie] 🎁 Prepared block for proposing at 316 (5 ms) [hash: 0xbb9ec3a57c0102534dc8bad461905487dcfac48246c9e9d9ac27dc2fc465d8a9; parent_hash: 0x973f…3e36; extrinsics (1): [0xe6e6…0764]]
2023-12-22 14:46:37+00:00 [//Ferdie (Consensus)] ✨ Imported #316 (0xbb9e…d8a9)    
2023-12-22 14:46:37+00:00 [//Alice (DomainId(0))] acknowledgement_sender_stream tag="Import block #316"
2023-12-22 14:46:37+00:00 [//Alice (DomainId(0))] 📦 Claimed bundle at slot 317
2023-12-22 14:46:37+00:00 [//Alice (DomainId(0))] 🔖 Producing bundle at slot Slot(317)
2023-12-22 14:46:37+00:00 [//Alice (DomainId(0))] Submitted bundle from slot 317, extrinsics: 0    
2023-12-22 14:46:37+00:00 [//Alice (DomainId(0))] acknowledgement_sender_stream tag="New slot Slot(317)"
2023-12-22 14:46:37+00:00 [Ferdie] 🎁 Prepared block for proposing at 317 (9 ms) [hash: 0xa6457511b2fc0dcfa9dd94779b2e1f43d164b5dfd547e052e48ffd6caa84995f; parent_hash: 0xbb9e…d8a9; extrinsics (2): [0x196b…c7cc, 0x58d2…4f81]]
2023-12-22 14:46:37+00:00 [//Ferdie (Consensus)] ✨ Imported #317 (0xa645…995f)    
2023-12-22 14:46:37+00:00 [//Alice (DomainId(0))] ✨ Imported #159 (0xa121…9a3c)    
2023-12-22 14:46:37+00:00 [//Alice (DomainId(0))] Slow post domain block execution, took 351ms consensus_block_info=(0xa6457511b2fc0dcfa9dd94779b2e1f43d164b5dfd547e052e48ffd6caa84995f, 317) built_block_info=(0xa121fa98884508776359ecdb0572a3326eb5f36cf20526245d454667b9db9a3c, 159)
2023-12-22 14:46:37+00:00 [//Alice (DomainId(0))] acknowledgement_sender_stream tag="Import block #317"
2023-12-22 14:46:37+00:00 [Ferdie] 🎁 Prepared block for proposing at 318 (5 ms) [hash: 0x63b5e5df71acd967d4fcfae7a028b7fae11eb4afc9ed489354dc419975bcb808; parent_hash: 0xa645…995f; extrinsics (1): [0x1431…c777]]
2023-12-22 14:46:37+00:00 [//Ferdie (Consensus)] ✨ Imported #318 (0x63b5…b808)    
2023-12-22 14:46:37+00:00 [//Alice (DomainId(0))] acknowledgement_sender_stream tag="Import block #318"
2023-12-22 14:46:37+00:00 [//Alice (DomainId(0))] 📦 Claimed bundle at slot 319
2023-12-22 14:46:38+00:00 [//Alice (DomainId(0))] 🔖 Producing bundle at slot Slot(319)
2023-12-22 14:46:38+00:00 [//Alice (DomainId(0))] Submitted bundle from slot 319, extrinsics: 0    
2023-12-22 14:46:38+00:00 [//Alice (DomainId(0))] acknowledgement_sender_stream tag="New slot Slot(319)"
2023-12-22 14:46:38+00:00 [Ferdie] 🎁 Prepared block for proposing at 319 (9 ms) [hash: 0xc32ee3f1ce3c1a6c1049cc7f229c749b2752cbe55da495fe13e51cc6f581bdee; parent_hash: 0x63b5…b808; extrinsics (2): [0xb214…002c, 0x5b8b…df36]]
2023-12-22 14:46:38+00:00 [//Ferdie (Consensus)] ✨ Imported #319 (0xc32e…bdee)    
2023-12-22 14:46:38+00:00 [//Alice (DomainId(0))] acknowledgement_sender_stream tag="Import block #319"
2023-12-22 14:46:38+00:00 [Ferdie] 🎁 Prepared block for proposing at 320 (5 ms) [hash: 0x49fede92c12100d2c06b0c4b2254a9ea0cebb7a2f1473f6d0f615535e8791c57; parent_hash: 0xc32e…bdee; extrinsics (1): [0xed6e…27e4]]
2023-12-22 14:46:38+00:00 [//Ferdie (Consensus)] ✨ Imported #320 (0x49fe…1c57)    
2023-12-22 14:46:38+00:00 [//Alice (DomainId(0))] ✨ Imported #160 (0xdde7…85d7)    
2023-12-22 14:46:38+00:00 [//Alice (DomainId(0))] acknowledgement_sender_stream tag="Import block #320"
2023-12-22 14:46:38+00:00 [//Alice (DomainId(0))] 📦 Claimed bundle at slot 321
2023-12-22 14:46:38+00:00 [//Alice (DomainId(0))] 🔖 Producing bundle at slot Slot(321)
2023-12-22 14:46:38+00:00 [//Alice (DomainId(0))] Submitted bundle from slot 321, extrinsics: 0    
2023-12-22 14:46:38+00:00 [//Alice (DomainId(0))] acknowledgement_sender_stream tag="New slot Slot(321)"
2023-12-22 14:46:38+00:00 [Ferdie] 🎁 Prepared block for proposing at 321 (9 ms) [hash: 0x5c6723546427c25aa870138c3d3e0a091d2eec45edcaa904944562275b82c6f7; parent_hash: 0x49fe…1c57; extrinsics (2): [0x191e…cb4a, 0xf568…ad34]]
2023-12-22 14:46:38+00:00 [//Ferdie (Consensus)] ✨ Imported #321 (0x5c67…c6f7)    
2023-12-22 14:46:38+00:00 [//Alice (DomainId(0))] ✨ Imported #161 (0xeaed…51d2)    
2023-12-22 14:46:38+00:00 [//Alice (DomainId(0))] acknowledgement_sender_stream tag="Import block #321"
2023-12-22 14:46:38+00:00 [Ferdie] 🎁 Prepared block for proposing at 322 (5 ms) [hash: 0xdad6e98f3b67457b299876b66a4373e1f16accd2f8efc393769bd5b95ca02d0c; parent_hash: 0x5c67…c6f7; extrinsics (1): [0x1577…15b7]]
2023-12-22 14:46:38+00:00 [//Ferdie (Consensus)] ✨ Imported #322 (0xdad6…2d0c)    
2023-12-22 14:46:38+00:00 [//Alice (DomainId(0))] acknowledgement_sender_stream tag="Import block #322"
2023-12-22 14:46:38+00:00 [//Alice (DomainId(0))] 📦 Claimed bundle at slot 323
2023-12-22 14:46:38+00:00 [//Alice (DomainId(0))] 🔖 Producing bundle at slot Slot(323)
2023-12-22 14:46:38+00:00 [//Alice (DomainId(0))] Submitted bundle from slot 323, extrinsics: 0    
2023-12-22 14:46:38+00:00 [//Alice (DomainId(0))] acknowledgement_sender_stream tag="New slot Slot(323)"
2023-12-22 14:46:38+00:00 [Ferdie] 🎁 Prepared block for proposing at 323 (9 ms) [hash: 0x05de25d69ee25620e38295026d2a5d9394c79e9d2b84698e2b21b388650b4cbd; parent_hash: 0xdad6…2d0c; extrinsics (2): [0xeb49…a8d1, 0xf465…0a6c]]
2023-12-22 14:46:38+00:00 [//Ferdie (Consensus)] ✨ Imported #323 (0x05de…4cbd)    
2023-12-22 14:46:38+00:00 [//Alice (DomainId(0))] ✨ Imported #162 (0x437b…3db7)    
2023-12-22 14:46:38+00:00 [//Alice (DomainId(0))] Slow post domain block execution, took 303ms consensus_block_info=(0x05de25d69ee25620e38295026d2a5d9394c79e9d2b84698e2b21b388650b4cbd, 323) built_block_info=(0x437b08c4fe0cc84611030329ad1a743e8b6f491fa1671785b0daa2100c003db7, 162)
2023-12-22 14:46:38+00:00 [//Alice (DomainId(0))] acknowledgement_sender_stream tag="Import block #323"
2023-12-22 14:46:38+00:00 [Ferdie] 🎁 Prepared block for proposing at 324 (5 ms) [hash: 0x12b150ff89d17a4c6af17975c0db7cc039ffffa39311e98272128c01e8e279ca; parent_hash: 0x05de…4cbd; extrinsics (1): [0xf835…3632]]
2023-12-22 14:46:39+00:00 [//Ferdie (Consensus)] ✨ Imported #324 (0x12b1…79ca)    
2023-12-22 14:46:39+00:00 [//Alice (DomainId(0))] acknowledgement_sender_stream tag="Import block #324"
2023-12-22 14:46:39+00:00 [//Alice (DomainId(0))] 📦 Claimed bundle at slot 325
2023-12-22 14:46:39+00:00 [//Alice (DomainId(0))] 🔖 Producing bundle at slot Slot(325)
2023-12-22 14:46:39+00:00 [//Alice (DomainId(0))] Submitted bundle from slot 325, extrinsics: 0    
2023-12-22 14:46:39+00:00 [//Alice (DomainId(0))] acknowledgement_sender_stream tag="New slot Slot(325)"
2023-12-22 14:46:39+00:00 [Ferdie] 🎁 Prepared block for proposing at 325 (12 ms) [hash: 0x9180a7dbc189af3365416b34d7bbdc22ea058d435a782dbe6e9d7c15760b63d7; parent_hash: 0x12b1…79ca; extrinsics (2): [0x299b…359c, 0xad2c…a602]]
2023-12-22 14:46:39+00:00 [//Ferdie (Consensus)] ✨ Imported #325 (0x9180…63d7)    
2023-12-22 14:46:39+00:00 [//Alice (DomainId(0))] ✨ Imported #163 (0x3b8d…1494)    
2023-12-22 14:46:40+00:00 [//Alice (DomainId(0))] acknowledgement_sender_stream tag="Import block #325"
2023-12-22 14:46:40+00:00 [Ferdie] 🎁 Prepared block for proposing at 326 (5 ms) [hash: 0x6b688fe46a2447a931fcd008c965ab594f6723a05cb4b5a68f75030edaf1e51b; parent_hash: 0x9180…63d7; extrinsics (1): [0x7c6b…b555]]
2023-12-22 14:46:40+00:00 [//Ferdie (Consensus)] ✨ Imported #326 (0x6b68…e51b)    
2023-12-22 14:46:40+00:00 [//Alice (DomainId(0))] acknowledgement_sender_stream tag="Import block #326"
2023-12-22 14:46:40+00:00 [//Alice (DomainId(0))] 📦 Claimed bundle at slot 327
2023-12-22 14:46:40+00:00 [//Alice (DomainId(0))] 🔖 Producing bundle at slot Slot(327)
2023-12-22 14:46:40+00:00 [//Alice (DomainId(0))] Submitted bundle from slot 327, extrinsics: 0    
2023-12-22 14:46:40+00:00 [//Alice (DomainId(0))] acknowledgement_sender_stream tag="New slot Slot(327)"
2023-12-22 14:46:40+00:00 [Ferdie] 🎁 Prepared block for proposing at 327 (9 ms) [hash: 0x9bb1ae9174e9f3948da283594d422ccc3491ca04f8bce21861abe1dab56a0494; parent_hash: 0x6b68…e51b; extrinsics (2): [0x1d9a…76d7, 0xff2e…976e]]
2023-12-22 14:46:40+00:00 [//Ferdie (Consensus)] ✨ Imported #327 (0x9bb1…0494)    
2023-12-22 14:46:40+00:00 [//Alice (DomainId(0))] ✨ Imported #164 (0x4bca…b740)    
2023-12-22 14:46:40+00:00 [//Alice (DomainId(0))] acknowledgement_sender_stream tag="Import block #327"
2023-12-22 14:46:40+00:00 [Ferdie] 🎁 Prepared block for proposing at 328 (5 ms) [hash: 0x6da8160d8897b71ff6402180204d509711db3bd0292b9ba929d442c852f7f734; parent_hash: 0x9bb1…0494; extrinsics (1): [0xad79…e1ec]]
2023-12-22 14:46:40+00:00 [//Ferdie (Consensus)] ✨ Imported #328 (0x6da8…f734)    
2023-12-22 14:46:40+00:00 [//Alice (DomainId(0))] acknowledgement_sender_stream tag="Import block #328"
2023-12-22 14:46:40+00:00 [//Alice (DomainId(0))] 📦 Claimed bundle at slot 329
2023-12-22 14:46:40+00:00 [//Alice (DomainId(0))] 🔖 Producing bundle at slot Slot(329)
2023-12-22 14:46:40+00:00 [//Alice (DomainId(0))] Submitted bundle from slot 329, extrinsics: 0    
2023-12-22 14:46:40+00:00 [//Alice (DomainId(0))] acknowledgement_sender_stream tag="New slot Slot(329)"
2023-12-22 14:46:40+00:00 [Ferdie] 🎁 Prepared block for proposing at 329 (9 ms) [hash: 0xd3df044825125140242750d9d0c80a3651a2cca941578bea3ec0221e445b934b; parent_hash: 0x6da8…f734; extrinsics (2): [0x29c7…e8d4, 0x22c1…23f6]]
2023-12-22 14:46:40+00:00 [//Ferdie (Consensus)] ✨ Imported #329 (0xd3df…934b)    
2023-12-22 14:46:40+00:00 [//Alice (DomainId(0))] ✨ Imported #165 (0x33b9…cc25)    
2023-12-22 14:46:40+00:00 [//Alice (DomainId(0))] acknowledgement_sender_stream tag="Import block #329"
2023-12-22 14:46:40+00:00 [Ferdie] 🎁 Prepared block for proposing at 330 (4 ms) [hash: 0x3b8f1ef0a9d761025282954a935511d643df34ad12360d3c3b63e968af09e51d; parent_hash: 0xd3df…934b; extrinsics (1): [0xbb85…a87a]]
2023-12-22 14:46:40+00:00 [//Ferdie (Consensus)] ✨ Imported #330 (0x3b8f…e51d)    
2023-12-22 14:46:40+00:00 [//Alice (DomainId(0))] acknowledgement_sender_stream tag="Import block #330"
2023-12-22 14:46:40+00:00 [//Alice (DomainId(0))] 📦 Claimed bundle at slot 331
2023-12-22 14:46:40+00:00 [//Alice (DomainId(0))] 🔖 Producing bundle at slot Slot(331)
2023-12-22 14:46:40+00:00 [//Alice (DomainId(0))] Submitted bundle from slot 331, extrinsics: 0    
2023-12-22 14:46:40+00:00 [//Alice (DomainId(0))] acknowledgement_sender_stream tag="New slot Slot(331)"
2023-12-22 14:46:40+00:00 [Ferdie] 🎁 Prepared block for proposing at 331 (9 ms) [hash: 0xda1e3f34bfe4f5c02bca6e00164b04b2cb63ead7c04db9652f8a26254204baa4; parent_hash: 0x3b8f…e51d; extrinsics (2): [0xe9ca…2ff1, 0x93bd…396f]]
2023-12-22 14:46:40+00:00 [//Ferdie (Consensus)] ✨ Imported #331 (0xda1e…baa4)    
2023-12-22 14:46:40+00:00 [//Alice (DomainId(0))] ✨ Imported #166 (0x5911…6c49)    
2023-12-22 14:46:40+00:00 [//Alice (DomainId(0))] acknowledgement_sender_stream tag="Import block #331"
2023-12-22 14:46:40+00:00 [Ferdie] 🎁 Prepared block for proposing at 332 (5 ms) [hash: 0x9daed78380a5774065f8bdd7366f660f245315ff0a366e9176e22ac476d00b90; parent_hash: 0xda1e…baa4; extrinsics (1): [0xba7a…bdf6]]
2023-12-22 14:46:40+00:00 [//Ferdie (Consensus)] ✨ Imported #332 (0x9dae…0b90)    
2023-12-22 14:46:40+00:00 [//Alice (DomainId(0))] acknowledgement_sender_stream tag="Import block #332"
2023-12-22 14:46:40+00:00 [//Alice (DomainId(0))] 📦 Claimed bundle at slot 333
2023-12-22 14:46:40+00:00 [//Alice (DomainId(0))] 🔖 Producing bundle at slot Slot(333)
2023-12-22 14:46:40+00:00 [//Alice (DomainId(0))] Submitted bundle from slot 333, extrinsics: 0    
2023-12-22 14:46:40+00:00 [//Alice (DomainId(0))] acknowledgement_sender_stream tag="New slot Slot(333)"
2023-12-22 14:46:40+00:00 [Ferdie] 🎁 Prepared block for proposing at 333 (9 ms) [hash: 0x06793986d7a08d0ab551bba3ccfce2f6a2474822f1c2a9a610a9196842762103; parent_hash: 0x9dae…0b90; extrinsics (2): [0xbdf1…ae62, 0x3e36…8653]]
2023-12-22 14:46:40+00:00 [//Ferdie (Consensus)] ✨ Imported #333 (0x0679…2103)    
2023-12-22 14:46:40+00:00 [//Alice (DomainId(0))] ✨ Imported #167 (0x2e87…12b0)    
2023-12-22 14:46:40+00:00 [//Alice (DomainId(0))] acknowledgement_sender_stream tag="Import block #333"
2023-12-22 14:46:40+00:00 [Ferdie] 🎁 Prepared block for proposing at 334 (5 ms) [hash: 0x8955642f654dd8836f86b7142e79198cda6e0e28023af25ee4d8f5a5e0566d20; parent_hash: 0x0679…2103; extrinsics (1): [0x1cf5…dcdd]]
2023-12-22 14:46:40+00:00 [//Ferdie (Consensus)] ✨ Imported #334 (0x8955…6d20)    
2023-12-22 14:46:40+00:00 [//Alice (DomainId(0))] acknowledgement_sender_stream tag="Import block #334"
2023-12-22 14:46:40+00:00 [//Alice (DomainId(0))] 📦 Claimed bundle at slot 335
2023-12-22 14:46:40+00:00 [//Alice (DomainId(0))] 🔖 Producing bundle at slot Slot(335)
2023-12-22 14:46:40+00:00 [//Alice (DomainId(0))] Submitted bundle from slot 335, extrinsics: 0    
2023-12-22 14:46:40+00:00 [//Alice (DomainId(0))] acknowledgement_sender_stream tag="New slot Slot(335)"
2023-12-22 14:46:40+00:00 [Ferdie] 🎁 Prepared block for proposing at 335 (9 ms) [hash: 0x8250e28a9e18bfa2ef8155c7da9459f2ccab13d20b19a80cf9b8e12e3d58a4a5; parent_hash: 0x8955…6d20; extrinsics (2): [0xf6c5…110e, 0x63d2…a845]]
2023-12-22 14:46:40+00:00 [//Ferdie (Consensus)] ✨ Imported #335 (0x8250…a4a5)    
2023-12-22 14:46:40+00:00 [//Alice (DomainId(0))] ✨ Imported #168 (0xcecf…06f1)    
2023-12-22 14:46:40+00:00 [//Alice (DomainId(0))] acknowledgement_sender_stream tag="Import block #335"
2023-12-22 14:46:40+00:00 [Ferdie] 🎁 Prepared block for proposing at 336 (5 ms) [hash: 0x210d7b10c6892115cc3df128b5b9c7d6cf155f9af14d8caba7587fd74dd2aec5; parent_hash: 0x8250…a4a5; extrinsics (1): [0xef0a…4403]]
2023-12-22 14:46:40+00:00 [//Ferdie (Consensus)] ✨ Imported #336 (0x210d…aec5)    
2023-12-22 14:46:40+00:00 [//Alice (DomainId(0))] acknowledgement_sender_stream tag="Import block #336"
2023-12-22 14:46:40+00:00 [//Alice (DomainId(0))] 📦 Claimed bundle at slot 337
2023-12-22 14:46:40+00:00 [//Alice (DomainId(0))] 🔖 Producing bundle at slot Slot(337)
2023-12-22 14:46:40+00:00 [//Alice (DomainId(0))] Submitted bundle from slot 337, extrinsics: 0    
2023-12-22 14:46:40+00:00 [//Alice (DomainId(0))] acknowledgement_sender_stream tag="New slot Slot(337)"
2023-12-22 14:46:40+00:00 [Ferdie] 🎁 Prepared block for proposing at 337 (9 ms) [hash: 0x20e6778395b556ec96cf2dc48ff4aa93be1aef659efe2beb658ca785868c3bcd; parent_hash: 0x210d…aec5; extrinsics (2): [0xd6cf…ad76, 0x84f8…6b8d]]
2023-12-22 14:46:40+00:00 [//Ferdie (Consensus)] ✨ Imported #337 (0x20e6…3bcd)    
2023-12-22 14:46:40+00:00 [//Alice (DomainId(0))] ✨ Imported #169 (0x9fb6…45f3)    
2023-12-22 14:46:40+00:00 [//Alice (DomainId(0))] acknowledgement_sender_stream tag="Import block #337"
2023-12-22 14:46:40+00:00 [Ferdie] 🎁 Prepared block for proposing at 338 (5 ms) [hash: 0xb810af6ae63c320297a43c1b88c08f9f914e03ca147b25e31f7befd96eb7538e; parent_hash: 0x20e6…3bcd; extrinsics (1): [0xc6f0…affb]]
2023-12-22 14:46:40+00:00 [//Ferdie (Consensus)] ✨ Imported #338 (0xb810…538e)    
2023-12-22 14:46:41+00:00 [//Alice (DomainId(0))] acknowledgement_sender_stream tag="Import block #338"
2023-12-22 14:46:41+00:00 [//Alice (DomainId(0))] 📦 Claimed bundle at slot 339
2023-12-22 14:46:41+00:00 [//Alice (DomainId(0))] 🔖 Producing bundle at slot Slot(339)
2023-12-22 14:46:41+00:00 [//Alice (DomainId(0))] Submitted bundle from slot 339, extrinsics: 0    
2023-12-22 14:46:41+00:00 [//Alice (DomainId(0))] acknowledgement_sender_stream tag="New slot Slot(339)"
2023-12-22 14:46:41+00:00 [Ferdie] 🎁 Prepared block for proposing at 339 (9 ms) [hash: 0x5af8eb2ceb69547880156b68d79f03a272ba4a804e6f1c7b43997ca11b5e9a4d; parent_hash: 0xb810…538e; extrinsics (2): [0xf012…3f65, 0x2a8d…828b]]
2023-12-22 14:46:41+00:00 [//Ferdie (Consensus)] ✨ Imported #339 (0x5af8…9a4d)    
2023-12-22 14:46:41+00:00 [//Alice (DomainId(0))] ✨ Imported #170 (0xede0…ac79)    
2023-12-22 14:46:41+00:00 [//Alice (DomainId(0))] acknowledgement_sender_stream tag="Import block #339"
2023-12-22 14:46:41+00:00 [Ferdie] 🎁 Prepared block for proposing at 340 (5 ms) [hash: 0xa4c1cc88da2840b1ad0709b0a9ead1fe67b5bb32c2c5c3acfaf903f435469541; parent_hash: 0x5af8…9a4d; extrinsics (1): [0x0f68…6f62]]
2023-12-22 14:46:41+00:00 [//Ferdie (Consensus)] ✨ Imported #340 (0xa4c1…9541)    
2023-12-22 14:46:41+00:00 [//Alice (DomainId(0))] acknowledgement_sender_stream tag="Import block #340"
2023-12-22 14:46:41+00:00 [//Alice (DomainId(0))] 📦 Claimed bundle at slot 341
2023-12-22 14:46:41+00:00 [//Alice (DomainId(0))] 🔖 Producing bundle at slot Slot(341)
2023-12-22 14:46:41+00:00 [//Alice (DomainId(0))] Submitted bundle from slot 341, extrinsics: 0    
2023-12-22 14:46:41+00:00 [//Alice (DomainId(0))] acknowledgement_sender_stream tag="New slot Slot(341)"
2023-12-22 14:46:41+00:00 [Ferdie] 🎁 Prepared block for proposing at 341 (9 ms) [hash: 0x53790eeab0d9156e48a7c05957996ea0b7f438f65d55f65464e8b086f5e60ba8; parent_hash: 0xa4c1…9541; extrinsics (2): [0xd70c…c609, 0x5e3c…1e50]]
2023-12-22 14:46:41+00:00 [//Ferdie (Consensus)] ✨ Imported #341 (0x5379…0ba8)    
2023-12-22 14:46:41+00:00 [//Alice (DomainId(0))] ✨ Imported #171 (0xca0b…da4f)    
2023-12-22 14:46:41+00:00 [//Alice (DomainId(0))] 💤 Idle (0 peers), best: #171 (0xca0b…da4f), finalized #0 (0x7aea…1834), ⬇ 0 ⬆ 0    
2023-12-22 14:46:41+00:00 [//Alice (DomainId(0))] acknowledgement_sender_stream tag="Import block #341"
2023-12-22 14:46:41+00:00 [Ferdie] 🎁 Prepared block for proposing at 342 (6 ms) [hash: 0xaf64d053776e2a030ad2b0e9f7c6d191b71c6d3e0f144d9c682baec3d188bf39; parent_hash: 0x5379…0ba8; extrinsics (1): [0x84b8…5b3c]]
2023-12-22 14:46:41+00:00 [//Ferdie (Consensus)] ✨ Imported #342 (0xaf64…bf39)    
2023-12-22 14:46:42+00:00 [//Alice (DomainId(0))] acknowledgement_sender_stream tag="Import block #342"
2023-12-22 14:46:42+00:00 [//Alice (DomainId(0))] 📦 Claimed bundle at slot 343
2023-12-22 14:46:42+00:00 [//Alice (DomainId(0))] 🔖 Producing bundle at slot Slot(343)
2023-12-22 14:46:42+00:00 [//Alice (DomainId(0))] Submitted bundle from slot 343, extrinsics: 0    
2023-12-22 14:46:42+00:00 [//Alice (DomainId(0))] acknowledgement_sender_stream tag="New slot Slot(343)"
2023-12-22 14:46:42+00:00 [Ferdie] 🎁 Prepared block for proposing at 343 (9 ms) [hash: 0xcb95619ddef2a2e052d9f03291fca68fe0a69ff8efd105f21befd85e6580a2cc; parent_hash: 0xaf64…bf39; extrinsics (2): [0xd5c4…de98, 0x3458…1432]]
2023-12-22 14:46:42+00:00 [//Ferdie (Consensus)] ✨ Imported #343 (0xcb95…a2cc)    
2023-12-22 14:46:42+00:00 [//Alice (DomainId(0))] ✨ Imported #172 (0x490c…98c0)    
2023-12-22 14:46:42+00:00 [//Alice (DomainId(0))] acknowledgement_sender_stream tag="Import block #343"
2023-12-22 14:46:42+00:00 [Ferdie] 🎁 Prepared block for proposing at 344 (5 ms) [hash: 0x4e994f8a87b09ed3e53cafea7db25141f530ce24003c428e7d38417cd5956ed7; parent_hash: 0xcb95…a2cc; extrinsics (1): [0x5827…5b09]]
2023-12-22 14:46:42+00:00 [//Ferdie (Consensus)] ✨ Imported #344 (0x4e99…6ed7)    
2023-12-22 14:46:42+00:00 [//Alice (DomainId(0))] acknowledgement_sender_stream tag="Import block #344"
2023-12-22 14:46:42+00:00 [//Alice (DomainId(0))] 📦 Claimed bundle at slot 345
2023-12-22 14:46:42+00:00 [//Alice (DomainId(0))] 🔖 Producing bundle at slot Slot(345)
2023-12-22 14:46:42+00:00 [//Alice (DomainId(0))] Submitted bundle from slot 345, extrinsics: 0    
2023-12-22 14:46:42+00:00 [//Alice (DomainId(0))] acknowledgement_sender_stream tag="New slot Slot(345)"
2023-12-22 14:46:43+00:00 [Ferdie] Timeout fired waiting for transaction pool at #344, proceeding with production.
2023-12-22 14:46:43+00:00 [Ferdie] 🎁 Prepared block for proposing at 345 (383 ms) [hash: 0x53805fcc3610a1121ba774d9dbbbd236a9df95bcd6608bfd28ca82fa873dd591; parent_hash: 0x4e99…6ed7; extrinsics (2): [0xfcb0…d1fa, 0x2b53…d3c5]]
2023-12-22 14:46:43+00:00 [//Alice (DomainId(0))] ✨ Imported #173 (0xe68e…7ec1)    
2023-12-22 14:46:43+00:00 [//Alice (DomainId(0))] acknowledgement_sender_stream tag="Import block #345"
2023-12-22 14:46:43+00:00 [Ferdie] 🎁 Prepared block for proposing at 346 (5 ms) [hash: 0x6d69b2384f570e64f2daada81346444bd4025a6d237bee50b0302149f501fb8b; parent_hash: 0x5380…d591; extrinsics (1): [0xa0a7…7bd4]]
2023-12-22 14:46:43+00:00 [//Alice (DomainId(0))] acknowledgement_sender_stream tag="Import block #346"
2023-12-22 14:46:43+00:00 [//Alice (DomainId(0))] 📦 Claimed bundle at slot 347
2023-12-22 14:46:43+00:00 [//Alice (DomainId(0))] 🔖 Producing bundle at slot Slot(347)
2023-12-22 14:46:43+00:00 [//Alice (DomainId(0))] Submitted bundle from slot 347, extrinsics: 0    
2023-12-22 14:46:43+00:00 [//Alice (DomainId(0))] acknowledgement_sender_stream tag="New slot Slot(347)"
2023-12-22 14:46:43+00:00 [Ferdie] 🎁 Prepared block for proposing at 347 (9 ms) [hash: 0x744c9a3cc827e94d48c26f078a5f3801595f7f81397ba449abb6ec415118bca2; parent_hash: 0x6d69…fb8b; extrinsics (2): [0x2355…5911, 0x859d…c98e]]
2023-12-22 14:46:43+00:00 [//Alice (DomainId(0))] ✨ Imported #174 (0xf573…cf20)    
2023-12-22 14:46:43+00:00 [//Alice (DomainId(0))] acknowledgement_sender_stream tag="Import block #347"
2023-12-22 14:46:43+00:00 [//Ferdie (Consensus)] ✨ Imported #345 (0x5380…d591)    
2023-12-22 14:46:43+00:00 [//Ferdie (Consensus)] ✨ Imported #346 (0x6d69…fb8b)    
2023-12-22 14:46:43+00:00 [//Ferdie (Consensus)] ✨ Imported #347 (0x744c…bca2)    
2023-12-22 14:46:43+00:00 [Ferdie] 🎁 Prepared block for proposing at 348 (5 ms) [hash: 0x2b2fd825a5e8d8407c395839f5364e74cdb50de541983e731ede01d386dda201; parent_hash: 0x744c…bca2; extrinsics (1): [0x014e…558d]]
2023-12-22 14:46:43+00:00 [//Ferdie (Consensus)] ✨ Imported #348 (0x2b2f…a201)    
2023-12-22 14:46:43+00:00 [//Alice (DomainId(0))] acknowledgement_sender_stream tag="Import block #348"
2023-12-22 14:46:43+00:00 [//Alice (DomainId(0))] 📦 Claimed bundle at slot 349
2023-12-22 14:46:43+00:00 [//Alice (DomainId(0))] 🔖 Producing bundle at slot Slot(349)
2023-12-22 14:46:43+00:00 [//Alice (DomainId(0))] Submitted bundle from slot 349, extrinsics: 0    
2023-12-22 14:46:43+00:00 [//Alice (DomainId(0))] acknowledgement_sender_stream tag="New slot Slot(349)"
2023-12-22 14:46:43+00:00 [Ferdie] 🎁 Prepared block for proposing at 349 (9 ms) [hash: 0x8b37044b6fdea0893031121cf9e2ea03372d401f5df1085033b2de9705ace320; parent_hash: 0x2b2f…a201; extrinsics (2): [0x3a17…b26e, 0x4413…382f]]
2023-12-22 14:46:43+00:00 [//Ferdie (Consensus)] ✨ Imported #349 (0x8b37…e320)    
2023-12-22 14:46:43+00:00 [//Alice (DomainId(0))] ✨ Imported #175 (0x6ef2…a0bf)    
2023-12-22 14:46:43+00:00 [//Alice (DomainId(0))] acknowledgement_sender_stream tag="Import block #349"
2023-12-22 14:46:43+00:00 [Ferdie] 🎁 Prepared block for proposing at 350 (5 ms) [hash: 0xbeb5abebc7c5b5555ccb9fb1595b4e57c308fe1938d4c949f2e0fc76b095667f; parent_hash: 0x8b37…e320; extrinsics (1): [0x7922…5849]]
2023-12-22 14:46:43+00:00 [//Ferdie (Consensus)] ✨ Imported #350 (0xbeb5…667f)    
2023-12-22 14:46:43+00:00 [//Alice (DomainId(0))] acknowledgement_sender_stream tag="Import block #350"
2023-12-22 14:46:43+00:00 [//Alice (DomainId(0))] 📦 Claimed bundle at slot 351
2023-12-22 14:46:43+00:00 [//Alice (DomainId(0))] 🔖 Producing bundle at slot Slot(351)
2023-12-22 14:46:43+00:00 [//Alice (DomainId(0))] Submitted bundle from slot 351, extrinsics: 0    
2023-12-22 14:46:43+00:00 [//Alice (DomainId(0))] acknowledgement_sender_stream tag="New slot Slot(351)"
2023-12-22 14:46:43+00:00 [Ferdie] 🎁 Prepared block for proposing at 351 (9 ms) [hash: 0x042cbd6475121121dbcf402fc4270cea8c376ce85cd254c397f5e6cd26e9d208; parent_hash: 0xbeb5…667f; extrinsics (2): [0x40be…cb78, 0x87c6…9c72]]
2023-12-22 14:46:43+00:00 [//Ferdie (Consensus)] ✨ Imported #351 (0x042c…d208)    
2023-12-22 14:46:43+00:00 [//Alice (DomainId(0))] ✨ Imported #176 (0xf16c…1ab6)    
2023-12-22 14:46:44+00:00 [//Alice (DomainId(0))] Slow post domain block execution, took 504ms consensus_block_info=(0x042cbd6475121121dbcf402fc4270cea8c376ce85cd254c397f5e6cd26e9d208, 351) built_block_info=(0xf16c1324c5940c35ebcae89432a88a017a8328b47748abf222d5733684cb1ab6, 176)
2023-12-22 14:46:44+00:00 [//Alice (DomainId(0))] acknowledgement_sender_stream tag="Import block #351"
2023-12-22 14:46:44+00:00 [Ferdie] 🎁 Prepared block for proposing at 352 (5 ms) [hash: 0x8623b171367fac255c22c02bc5c998c5084428440ce78337bde6f3688309216f; parent_hash: 0x042c…d208; extrinsics (1): [0x9a58…e12e]]
2023-12-22 14:46:44+00:00 [//Ferdie (Consensus)] ✨ Imported #352 (0x8623…216f)    
2023-12-22 14:46:44+00:00 [//Alice (DomainId(0))] acknowledgement_sender_stream tag="Import block #352"
2023-12-22 14:46:44+00:00 [//Alice (DomainId(0))] 📦 Claimed bundle at slot 353
2023-12-22 14:46:44+00:00 [//Alice (DomainId(0))] 🔖 Producing bundle at slot Slot(353)
2023-12-22 14:46:44+00:00 [//Alice (DomainId(0))] Submitted bundle from slot 353, extrinsics: 0    
2023-12-22 14:46:44+00:00 [//Alice (DomainId(0))] acknowledgement_sender_stream tag="New slot Slot(353)"
2023-12-22 14:46:44+00:00 [Ferdie] 🎁 Prepared block for proposing at 353 (9 ms) [hash: 0xce922a707bab11835e886d8c266e43050844384271cc63d41cc2a9ce78aa262e; parent_hash: 0x8623…216f; extrinsics (2): [0x13c2…2ae2, 0x2a74…f144]]
2023-12-22 14:46:44+00:00 [//Ferdie (Consensus)] ✨ Imported #353 (0xce92…262e)    
2023-12-22 14:46:44+00:00 [//Alice (DomainId(0))] ✨ Imported #177 (0x7b92…13ac)    
2023-12-22 14:46:44+00:00 [//Alice (DomainId(0))] acknowledgement_sender_stream tag="Import block #353"
2023-12-22 14:46:44+00:00 [Ferdie] 🎁 Prepared block for proposing at 354 (5 ms) [hash: 0xeff2e6ed8212a923ca52bf328b65ee845db40fa3cf6608df6fed8de3c2f5f782; parent_hash: 0xce92…262e; extrinsics (1): [0x6e11…2c64]]
2023-12-22 14:46:44+00:00 [//Ferdie (Consensus)] ✨ Imported #354 (0xeff2…f782)    
2023-12-22 14:46:44+00:00 [//Alice (DomainId(0))] acknowledgement_sender_stream tag="Import block #354"
2023-12-22 14:46:44+00:00 [//Alice (DomainId(0))] 📦 Claimed bundle at slot 355
2023-12-22 14:46:44+00:00 [//Alice (DomainId(0))] 🔖 Producing bundle at slot Slot(355)
2023-12-22 14:46:44+00:00 [//Alice (DomainId(0))] Submitted bundle from slot 355, extrinsics: 0    
2023-12-22 14:46:44+00:00 [//Alice (DomainId(0))] acknowledgement_sender_stream tag="New slot Slot(355)"
2023-12-22 14:46:44+00:00 [Ferdie] 🎁 Prepared block for proposing at 355 (9 ms) [hash: 0x31de2b130139d7fdf4cb64fdc836db1e034026515879f980f9ee3760eabd5fd0; parent_hash: 0xeff2…f782; extrinsics (2): [0x1ac7…a10a, 0x3652…746c]]
2023-12-22 14:46:44+00:00 [//Ferdie (Consensus)] ✨ Imported #355 (0x31de…5fd0)    
2023-12-22 14:46:44+00:00 [//Alice (DomainId(0))] ✨ Imported #178 (0x8902…e7cb)    
2023-12-22 14:46:44+00:00 [//Alice (DomainId(0))] acknowledgement_sender_stream tag="Import block #355"
2023-12-22 14:46:44+00:00 [Ferdie] 🎁 Prepared block for proposing at 356 (5 ms) [hash: 0xfe5a967b0e45a60ad28a537d54ea61f01332928bf8926b2eb6fd8b06ba1e0b68; parent_hash: 0x31de…5fd0; extrinsics (1): [0xd2f7…8075]]
2023-12-22 14:46:44+00:00 [//Ferdie (Consensus)] ✨ Imported #356 (0xfe5a…0b68)    
2023-12-22 14:46:44+00:00 [//Alice (DomainId(0))] acknowledgement_sender_stream tag="Import block #356"
2023-12-22 14:46:44+00:00 [//Alice (DomainId(0))] 📦 Claimed bundle at slot 357
2023-12-22 14:46:44+00:00 [//Alice (DomainId(0))] 🔖 Producing bundle at slot Slot(357)
2023-12-22 14:46:44+00:00 [//Alice (DomainId(0))] Submitted bundle from slot 357, extrinsics: 0    
2023-12-22 14:46:44+00:00 [//Alice (DomainId(0))] acknowledgement_sender_stream tag="New slot Slot(357)"
2023-12-22 14:46:44+00:00 [Ferdie] 🎁 Prepared block for proposing at 357 (9 ms) [hash: 0x563a5bcc6a7362e0cd505294477670ae75b021237a48c221ec2df258feb0f5ef; parent_hash: 0xfe5a…0b68; extrinsics (2): [0x6aa0…b88d, 0x0a14…125b]]
2023-12-22 14:46:44+00:00 [//Ferdie (Consensus)] ✨ Imported #357 (0x563a…f5ef)    
2023-12-22 14:46:44+00:00 [//Alice (DomainId(0))] ✨ Imported #179 (0x490e…346d)    
2023-12-22 14:46:44+00:00 [//Alice (DomainId(0))] acknowledgement_sender_stream tag="Import block #357"
2023-12-22 14:46:44+00:00 [Ferdie] 🎁 Prepared block for proposing at 358 (5 ms) [hash: 0x7fce84ebe5a1a9cc3b9f2eb24f344d8aed3d6472e8950e79f37e48b752d7394c; parent_hash: 0x563a…f5ef; extrinsics (1): [0xd70b…9df6]]
2023-12-22 14:46:44+00:00 [//Ferdie (Consensus)] ✨ Imported #358 (0x7fce…394c)    
2023-12-22 14:46:44+00:00 [//Alice (DomainId(0))] acknowledgement_sender_stream tag="Import block #358"
2023-12-22 14:46:44+00:00 [//Alice (DomainId(0))] 📦 Claimed bundle at slot 359
2023-12-22 14:46:44+00:00 [//Alice (DomainId(0))] 🔖 Producing bundle at slot Slot(359)
2023-12-22 14:46:44+00:00 [//Alice (DomainId(0))] Submitted bundle from slot 359, extrinsics: 0    
2023-12-22 14:46:44+00:00 [//Alice (DomainId(0))] acknowledgement_sender_stream tag="New slot Slot(359)"
2023-12-22 14:46:44+00:00 [Ferdie] 🎁 Prepared block for proposing at 359 (9 ms) [hash: 0x635799f32a1df7b41cbb18638e8e7e87e118e0d3f057ab1859d056531265adcd; parent_hash: 0x7fce…394c; extrinsics (2): [0x8c8d…2600, 0x03f1…fa0d]]
2023-12-22 14:46:44+00:00 [//Ferdie (Consensus)] ✨ Imported #359 (0x6357…adcd)    
2023-12-22 14:46:44+00:00 [//Alice (DomainId(0))] acknowledgement_sender_stream tag="Import block #359"
2023-12-22 14:46:44+00:00 [Ferdie] 🎁 Prepared block for proposing at 360 (5 ms) [hash: 0xf8875fbfb6e76033517761e191013994328b2c9802ea839606fb85f63f6791d1; parent_hash: 0x6357…adcd; extrinsics (1): [0x353d…86bc]]
2023-12-22 14:46:44+00:00 [//Ferdie (Consensus)] ✨ Imported #360 (0xf887…91d1)    
2023-12-22 14:46:44+00:00 [//Alice (DomainId(0))] ✨ Imported #180 (0xe39d…6862)    
2023-12-22 14:46:44+00:00 [//Alice (DomainId(0))] acknowledgement_sender_stream tag="Import block #360"
2023-12-22 14:46:44+00:00 [//Alice (DomainId(0))] 📦 Claimed bundle at slot 361
2023-12-22 14:46:44+00:00 [//Alice (DomainId(0))] 🔖 Producing bundle at slot Slot(361)
2023-12-22 14:46:44+00:00 [//Alice (DomainId(0))] Submitted bundle from slot 361, extrinsics: 0    
2023-12-22 14:46:44+00:00 [//Alice (DomainId(0))] acknowledgement_sender_stream tag="New slot Slot(361)"
2023-12-22 14:46:44+00:00 [Ferdie] 🎁 Prepared block for proposing at 361 (26 ms) [hash: 0x9e1a5596c899dd2bf413e9f1c5d25e969c8f09d17324a4cb48f4e4fee7b456d3; parent_hash: 0xf887…91d1; extrinsics (2): [0xbfe9…6dcb, 0xa663…066e]]
2023-12-22 14:46:44+00:00 [//Ferdie (Consensus)] ✨ Imported #361 (0x9e1a…56d3)    
2023-12-22 14:46:44+00:00 [//Alice (DomainId(0))] ✨ Imported #181 (0xa974…d027)    
2023-12-22 14:46:44+00:00 [//Alice (DomainId(0))] acknowledgement_sender_stream tag="Import block #361"
2023-12-22 14:46:44+00:00 [Ferdie] 🎁 Prepared block for proposing at 362 (5 ms) [hash: 0xbbaae4e9ba5bc91239002622ee2530386cf0ae342a2e9148e56ef3884671b864; parent_hash: 0x9e1a…56d3; extrinsics (1): [0xbb42…ef9a]]
2023-12-22 14:46:44+00:00 [//Ferdie (Consensus)] ✨ Imported #362 (0xbbaa…b864)    
2023-12-22 14:46:44+00:00 [//Alice (DomainId(0))] acknowledgement_sender_stream tag="Import block #362"
2023-12-22 14:46:44+00:00 [//Alice (DomainId(0))] 📦 Claimed bundle at slot 363
2023-12-22 14:46:44+00:00 [//Alice (DomainId(0))] 🔖 Producing bundle at slot Slot(363)
2023-12-22 14:46:44+00:00 [//Alice (DomainId(0))] Submitted bundle from slot 363, extrinsics: 0    
2023-12-22 14:46:44+00:00 [//Alice (DomainId(0))] acknowledgement_sender_stream tag="New slot Slot(363)"
2023-12-22 14:46:44+00:00 [Ferdie] 🎁 Prepared block for proposing at 363 (9 ms) [hash: 0xa08cfa42b1770cd92f149d8688f41da16abf667c0270c6e0a50c0a440438c6c8; parent_hash: 0xbbaa…b864; extrinsics (2): [0xbdf0…d077, 0x91fc…4172]]
2023-12-22 14:46:44+00:00 [//Ferdie (Consensus)] ✨ Imported #363 (0xa08c…c6c8)    
2023-12-22 14:46:44+00:00 [//Alice (DomainId(0))] ✨ Imported #182 (0xaee1…1516)    
2023-12-22 14:46:44+00:00 [//Alice (DomainId(0))] acknowledgement_sender_stream tag="Import block #363"
2023-12-22 14:46:44+00:00 [Ferdie] 🎁 Prepared block for proposing at 364 (5 ms) [hash: 0x53cb006df91d3c4c0ffebbcf4e83e32972ce6e3d538a72d6c5e24cc17d70b176; parent_hash: 0xa08c…c6c8; extrinsics (1): [0x0599…58c7]]
2023-12-22 14:46:44+00:00 [//Ferdie (Consensus)] ✨ Imported #364 (0x53cb…b176)    
2023-12-22 14:46:44+00:00 [//Alice (DomainId(0))] acknowledgement_sender_stream tag="Import block #364"
2023-12-22 14:46:44+00:00 [//Alice (DomainId(0))] 📦 Claimed bundle at slot 365
2023-12-22 14:46:44+00:00 [//Alice (DomainId(0))] 🔖 Producing bundle at slot Slot(365)
2023-12-22 14:46:44+00:00 [//Alice (DomainId(0))] Submitted bundle from slot 365, extrinsics: 0    
2023-12-22 14:46:44+00:00 [//Alice (DomainId(0))] acknowledgement_sender_stream tag="New slot Slot(365)"
2023-12-22 14:46:44+00:00 [Ferdie] 🎁 Prepared block for proposing at 365 (9 ms) [hash: 0x2641a029766c488a48437feccd1989f5dfdd3a50b0e99900e02d7662a11fa6aa; parent_hash: 0x53cb…b176; extrinsics (2): [0x924e…02af, 0xab6e…fccb]]
2023-12-22 14:46:44+00:00 [//Ferdie (Consensus)] ✨ Imported #365 (0x2641…a6aa)    
2023-12-22 14:46:44+00:00 [//Alice (DomainId(0))] ✨ Imported #183 (0x0cd3…143a)    
2023-12-22 14:46:44+00:00 [//Alice (DomainId(0))] acknowledgement_sender_stream tag="Import block #365"
2023-12-22 14:46:44+00:00 [Ferdie] 🎁 Prepared block for proposing at 366 (5 ms) [hash: 0xe45604fba647ea9b18ea974c21ce7fcfa4a7f2bde51026718e15a187fbd2c8a4; parent_hash: 0x2641…a6aa; extrinsics (1): [0x7e2b…4028]]
2023-12-22 14:46:44+00:00 [//Ferdie (Consensus)] ✨ Imported #366 (0xe456…c8a4)    
2023-12-22 14:46:44+00:00 [//Alice (DomainId(0))] acknowledgement_sender_stream tag="Import block #366"
2023-12-22 14:46:44+00:00 [//Alice (DomainId(0))] 📦 Claimed bundle at slot 367
2023-12-22 14:46:44+00:00 [//Alice (DomainId(0))] 🔖 Producing bundle at slot Slot(367)
2023-12-22 14:46:45+00:00 [//Alice (DomainId(0))] Submitted bundle from slot 367, extrinsics: 0    
2023-12-22 14:46:45+00:00 [//Alice (DomainId(0))] acknowledgement_sender_stream tag="New slot Slot(367)"
2023-12-22 14:46:45+00:00 [Ferdie] 🎁 Prepared block for proposing at 367 (9 ms) [hash: 0xc719834c5011c6096ef50b3067feb3ec7ccff7a4fdb1f23774e336b2f04187d1; parent_hash: 0xe456…c8a4; extrinsics (2): [0xcbcc…4217, 0xb241…5a31]]
2023-12-22 14:46:45+00:00 [//Ferdie (Consensus)] ✨ Imported #367 (0xc719…87d1)    
2023-12-22 14:46:45+00:00 [//Alice (DomainId(0))] ✨ Imported #184 (0x5d30…a10c)    
2023-12-22 14:46:45+00:00 [//Alice (DomainId(0))] acknowledgement_sender_stream tag="Import block #367"
2023-12-22 14:46:45+00:00 [Ferdie] 🎁 Prepared block for proposing at 368 (5 ms) [hash: 0xd7ca6eb20b4d93cb5e1f07bbf28620ed4ebcd59c73bb0a1f7d1be836cd909f7c; parent_hash: 0xc719…87d1; extrinsics (1): [0x1585…5b42]]
2023-12-22 14:46:45+00:00 [//Ferdie (Consensus)] ✨ Imported #368 (0xd7ca…9f7c)    
2023-12-22 14:46:45+00:00 [//Alice (DomainId(0))] acknowledgement_sender_stream tag="Import block #368"
2023-12-22 14:46:45+00:00 [//Alice (DomainId(0))] 📦 Claimed bundle at slot 369
2023-12-22 14:46:45+00:00 [//Alice (DomainId(0))] 🔖 Producing bundle at slot Slot(369)
2023-12-22 14:46:45+00:00 [//Alice (DomainId(0))] Submitted bundle from slot 369, extrinsics: 0    
2023-12-22 14:46:45+00:00 [//Alice (DomainId(0))] acknowledgement_sender_stream tag="New slot Slot(369)"
2023-12-22 14:46:45+00:00 [Ferdie] 🎁 Prepared block for proposing at 369 (9 ms) [hash: 0x861fa02c094c626bc2abc4c66186b37186b1e1a44db928c081db5702229af1b1; parent_hash: 0xd7ca…9f7c; extrinsics (2): [0x0d4a…275f, 0x8546…57b3]]
2023-12-22 14:46:45+00:00 [//Ferdie (Consensus)] ✨ Imported #369 (0x861f…f1b1)    
2023-12-22 14:46:45+00:00 [//Alice (DomainId(0))] ✨ Imported #185 (0x0e34…385f)    
2023-12-22 14:46:45+00:00 [//Alice (DomainId(0))] acknowledgement_sender_stream tag="Import block #369"
2023-12-22 14:46:45+00:00 [Ferdie] 🎁 Prepared block for proposing at 370 (5 ms) [hash: 0x38263fe53ba499481f22631ca052be8d5e95eee2f11467071c6f4605323baee9; parent_hash: 0x861f…f1b1; extrinsics (1): [0x6cca…1223]]
2023-12-22 14:46:45+00:00 [//Ferdie (Consensus)] ✨ Imported #370 (0x3826…aee9)    
2023-12-22 14:46:45+00:00 [//Alice (DomainId(0))] acknowledgement_sender_stream tag="Import block #370"
2023-12-22 14:46:45+00:00 [//Alice (DomainId(0))] 📦 Claimed bundle at slot 371
2023-12-22 14:46:45+00:00 [//Alice (DomainId(0))] 🔖 Producing bundle at slot Slot(371)
2023-12-22 14:46:45+00:00 [//Alice (DomainId(0))] Submitted bundle from slot 371, extrinsics: 0    
2023-12-22 14:46:45+00:00 [//Alice (DomainId(0))] acknowledgement_sender_stream tag="New slot Slot(371)"
2023-12-22 14:46:45+00:00 [Ferdie] 🎁 Prepared block for proposing at 371 (9 ms) [hash: 0x4053bd5d39abf86a7fc61cc497c643c52e6df27011a45f8d18f9a977e0458d6d; parent_hash: 0x3826…aee9; extrinsics (2): [0x1038…9d36, 0x50c6…55a9]]
2023-12-22 14:46:45+00:00 [//Ferdie (Consensus)] ✨ Imported #371 (0x4053…8d6d)    
2023-12-22 14:46:45+00:00 [//Alice (DomainId(0))] ✨ Imported #186 (0xff75…8c98)    
2023-12-22 14:46:46+00:00 [//Alice (DomainId(0))] Slow domain block execution, took 500ms consensus_block_info=(0x4053bd5d39abf86a7fc61cc497c643c52e6df27011a45f8d18f9a977e0458d6d, 371) built_block_info=(0xff7582cfbe57cb865d903d8bb6cfae4b652b8a025accb5547ca0550032f48c98, 186) reference_block_execution_duration_ms=1
2023-12-22 14:46:46+00:00 [//Alice (DomainId(0))] acknowledgement_sender_stream tag="Import block #371"
2023-12-22 14:46:46+00:00 [Ferdie] 🎁 Prepared block for proposing at 372 (5 ms) [hash: 0x39398f4f25b151d05a43780962f3d04a5ea91c06729231a3e3eaae7f8c21d7c5; parent_hash: 0x4053…8d6d; extrinsics (1): [0xb2ee…79f6]]
2023-12-22 14:46:46+00:00 [//Ferdie (Consensus)] ✨ Imported #372 (0x3939…d7c5)    
2023-12-22 14:46:46+00:00 [//Alice (DomainId(0))] acknowledgement_sender_stream tag="Import block #372"
2023-12-22 14:46:46+00:00 [//Alice (DomainId(0))] 📦 Claimed bundle at slot 373
2023-12-22 14:46:46+00:00 [//Alice (DomainId(0))] 🔖 Producing bundle at slot Slot(373)
2023-12-22 14:46:46+00:00 [//Alice (DomainId(0))] Submitted bundle from slot 373, extrinsics: 0    
2023-12-22 14:46:46+00:00 [//Alice (DomainId(0))] acknowledgement_sender_stream tag="New slot Slot(373)"
2023-12-22 14:46:46+00:00 [Ferdie] 🎁 Prepared block for proposing at 373 (9 ms) [hash: 0x9abd39e6c55ddc2f55e2f95e4582b7361efa1e7b1cad2e78b98cd4ad9f57f6f7; parent_hash: 0x3939…d7c5; extrinsics (2): [0x91c9…b0bb, 0xb0de…e847]]
2023-12-22 14:46:46+00:00 [//Ferdie (Consensus)] ✨ Imported #373 (0x9abd…f6f7)    
2023-12-22 14:46:46+00:00 [//Alice (DomainId(0))] ✨ Imported #187 (0x5e51…3380)    
2023-12-22 14:46:46+00:00 [//Alice (DomainId(0))] acknowledgement_sender_stream tag="Import block #373"
2023-12-22 14:46:46+00:00 [Ferdie] 🎁 Prepared block for proposing at 374 (5 ms) [hash: 0xfee4d63da819dd3831695c471be5738cdcb2a863fa1332fc78d87052727e0b48; parent_hash: 0x9abd…f6f7; extrinsics (1): [0x173a…fb92]]
2023-12-22 14:46:46+00:00 [//Ferdie (Consensus)] ✨ Imported #374 (0xfee4…0b48)    
2023-12-22 14:46:46+00:00 [//Alice (DomainId(0))] acknowledgement_sender_stream tag="Import block #374"
2023-12-22 14:46:46+00:00 [//Alice (DomainId(0))] 📦 Claimed bundle at slot 375
2023-12-22 14:46:46+00:00 [//Alice (DomainId(0))] 🔖 Producing bundle at slot Slot(375)
2023-12-22 14:46:46+00:00 [//Alice (DomainId(0))] Submitted bundle from slot 375, extrinsics: 0    
2023-12-22 14:46:46+00:00 [//Alice (DomainId(0))] acknowledgement_sender_stream tag="New slot Slot(375)"
2023-12-22 14:46:46+00:00 [Ferdie] 🎁 Prepared block for proposing at 375 (9 ms) [hash: 0xaeff4fe5288d35de047c2dcbc21b70900a6694ca316ba430115839c9c7ba5d04; parent_hash: 0xfee4…0b48; extrinsics (2): [0x580a…c755, 0x2dbb…783d]]
2023-12-22 14:46:46+00:00 [//Ferdie (Consensus)] ✨ Imported #375 (0xaeff…5d04)    
2023-12-22 14:46:47+00:00 [//Alice (DomainId(0))] 💤 Idle (0 peers), best: #187 (0x5e51…3380), finalized #0 (0x7aea…1834), ⬇ 0 ⬆ 0    
2023-12-22 14:46:47+00:00 [//Alice (DomainId(0))] ✨ Imported #188 (0xb8e4…6c36)    
2023-12-22 14:46:47+00:00 [//Alice (DomainId(0))] acknowledgement_sender_stream tag="Import block #375"
2023-12-22 14:46:47+00:00 [Ferdie] 🎁 Prepared block for proposing at 376 (5 ms) [hash: 0x0c6497267f0025719174a3fdbcac412bc5393acc10091878e2e8e31eafa2b130; parent_hash: 0xaeff…5d04; extrinsics (1): [0x28b3…1158]]
2023-12-22 14:46:47+00:00 [//Ferdie (Consensus)] ✨ Imported #376 (0x0c64…b130)    
2023-12-22 14:46:48+00:00 [//Alice (DomainId(0))] acknowledgement_sender_stream tag="Import block #376"
2023-12-22 14:46:48+00:00 [//Alice (DomainId(0))] 📦 Claimed bundle at slot 377
2023-12-22 14:46:48+00:00 [//Alice (DomainId(0))] 🔖 Producing bundle at slot Slot(377)
2023-12-22 14:46:48+00:00 [//Alice (DomainId(0))] Submitted bundle from slot 377, extrinsics: 0    
2023-12-22 14:46:48+00:00 [//Alice (DomainId(0))] acknowledgement_sender_stream tag="New slot Slot(377)"
2023-12-22 14:46:48+00:00 [Ferdie] 🎁 Prepared block for proposing at 377 (9 ms) [hash: 0x17b8179a17eb4e9d3f3d1c827f4139a148378fc3334e0f9e3e3eb6312d0e9cc8; parent_hash: 0x0c64…b130; extrinsics (2): [0x096b…1ac5, 0x5596…3a48]]
2023-12-22 14:46:48+00:00 [//Ferdie (Consensus)] ✨ Imported #377 (0x17b8…9cc8)    
2023-12-22 14:46:48+00:00 [//Alice (DomainId(0))] acknowledgement_sender_stream tag="Import block #377"
2023-12-22 14:46:48+00:00 [//Alice (DomainId(0))] ✨ Imported #189 (0x169c…8ddf)    
2023-12-22 14:46:48+00:00 [Ferdie] 🎁 Prepared block for proposing at 378 (5 ms) [hash: 0x73c11406422694f927636e20cc764ded0127cd658608eba1f74334ee30c97d92; parent_hash: 0x17b8…9cc8; extrinsics (1): [0x8f41…4459]]
2023-12-22 14:46:48+00:00 [//Ferdie (Consensus)] ✨ Imported #378 (0x73c1…7d92)    
2023-12-22 14:46:48+00:00 [//Alice (DomainId(0))] acknowledgement_sender_stream tag="Import block #378"
2023-12-22 14:46:48+00:00 [//Alice (DomainId(0))] 📦 Claimed bundle at slot 379
2023-12-22 14:46:48+00:00 [//Alice (DomainId(0))] 🔖 Producing bundle at slot Slot(379)
2023-12-22 14:46:48+00:00 [//Alice (DomainId(0))] Submitted bundle from slot 379, extrinsics: 0    
2023-12-22 14:46:48+00:00 [//Alice (DomainId(0))] acknowledgement_sender_stream tag="New slot Slot(379)"
2023-12-22 14:46:48+00:00 [Ferdie] Timeout fired waiting for transaction pool at #378, proceeding with production.
2023-12-22 14:46:48+00:00 [Ferdie] 🎁 Prepared block for proposing at 379 (92 ms) [hash: 0xf4ca57aa73a63322b7eecac137b9feabcf56f3c302ad4f1bf6420e59a626c924; parent_hash: 0x73c1…7d92; extrinsics (2): [0x2e66…f6bd, 0x8b4b…af69]]
2023-12-22 14:46:48+00:00 [//Alice (DomainId(0))] ✨ Imported #190 (0x9824…18a0)    
2023-12-22 14:46:48+00:00 [//Ferdie (Consensus)] ✨ Imported #379 (0xf4ca…c924)    
2023-12-22 14:46:48+00:00 [//Alice (DomainId(0))] acknowledgement_sender_stream tag="Import block #379"
2023-12-22 14:46:48+00:00 [Ferdie] 🎁 Prepared block for proposing at 380 (5 ms) [hash: 0x4bdbde5b6a64f5c488249f3efb0d31e2ab1170ccab61f0005bc735f6e3f8f996; parent_hash: 0xf4ca…c924; extrinsics (1): [0x2d59…877a]]
2023-12-22 14:46:48+00:00 [//Ferdie (Consensus)] ✨ Imported #380 (0x4bdb…f996)    
2023-12-22 14:46:48+00:00 [//Alice (DomainId(0))] acknowledgement_sender_stream tag="Import block #380"
2023-12-22 14:46:48+00:00 [//Alice (DomainId(0))] 📦 Claimed bundle at slot 381
2023-12-22 14:46:48+00:00 [//Alice (DomainId(0))] 🔖 Producing bundle at slot Slot(381)
2023-12-22 14:46:48+00:00 [//Alice (DomainId(0))] Submitted bundle from slot 381, extrinsics: 0    
2023-12-22 14:46:48+00:00 [//Alice (DomainId(0))] acknowledgement_sender_stream tag="New slot Slot(381)"
2023-12-22 14:46:48+00:00 [Ferdie] 🎁 Prepared block for proposing at 381 (8 ms) [hash: 0x4994337ba70036f2bcfeb9e6f8d6c64080ea4be8c6b97f062b5149fc21cf8e5f; parent_hash: 0x4bdb…f996; extrinsics (2): [0x9ae1…1299, 0x9e99…b3ce]]
2023-12-22 14:46:48+00:00 [//Ferdie (Consensus)] ✨ Imported #381 (0x4994…8e5f)    
2023-12-22 14:46:48+00:00 [//Alice (DomainId(0))] ✨ Imported #191 (0x1132…769a)    
2023-12-22 14:46:48+00:00 [//Alice (DomainId(0))] acknowledgement_sender_stream tag="Import block #381"
2023-12-22 14:46:48+00:00 [Ferdie] 🎁 Prepared block for proposing at 382 (5 ms) [hash: 0xad96ccf5b76e3e13c0940ac34da40ecc681838d1ed23b450f964286520f22494; parent_hash: 0x4994…8e5f; extrinsics (1): [0x1010…a87d]]
2023-12-22 14:46:48+00:00 [//Ferdie (Consensus)] ✨ Imported #382 (0xad96…2494)    
2023-12-22 14:46:48+00:00 [//Alice (DomainId(0))] acknowledgement_sender_stream tag="Import block #382"
2023-12-22 14:46:48+00:00 [//Alice (DomainId(0))] 📦 Claimed bundle at slot 383
2023-12-22 14:46:48+00:00 [//Alice (DomainId(0))] 🔖 Producing bundle at slot Slot(383)
2023-12-22 14:46:49+00:00 [//Alice (DomainId(0))] Submitted bundle from slot 383, extrinsics: 0    
2023-12-22 14:46:49+00:00 [//Alice (DomainId(0))] acknowledgement_sender_stream tag="New slot Slot(383)"
2023-12-22 14:46:49+00:00 [Ferdie] 🎁 Prepared block for proposing at 383 (9 ms) [hash: 0x89c10c8bfa2efe244ed787f56c4efafb0dfcc545e341c3c42cdbff0b6e550b7e; parent_hash: 0xad96…2494; extrinsics (2): [0x53c4…730a, 0xf6f1…2ed1]]
2023-12-22 14:46:49+00:00 [//Ferdie (Consensus)] ✨ Imported #383 (0x89c1…0b7e)    
2023-12-22 14:46:49+00:00 [//Alice (DomainId(0))] ✨ Imported #192 (0xdff4…873a)    
2023-12-22 14:46:49+00:00 [//Alice (DomainId(0))] acknowledgement_sender_stream tag="Import block #383"
2023-12-22 14:46:49+00:00 [Ferdie] 🎁 Prepared block for proposing at 384 (5 ms) [hash: 0x6187577eb1045621f3a28e755937e74962179f832918c5a8fa190620bcbe45a2; parent_hash: 0x89c1…0b7e; extrinsics (1): [0x34b8…1696]]
2023-12-22 14:46:49+00:00 [//Ferdie (Consensus)] ✨ Imported #384 (0x6187…45a2)    
2023-12-22 14:46:49+00:00 [//Alice (DomainId(0))] acknowledgement_sender_stream tag="Import block #384"
2023-12-22 14:46:49+00:00 [//Alice (DomainId(0))] 📦 Claimed bundle at slot 385
2023-12-22 14:46:49+00:00 [//Alice (DomainId(0))] 🔖 Producing bundle at slot Slot(385)
2023-12-22 14:46:49+00:00 [//Alice (DomainId(0))] Submitted bundle from slot 385, extrinsics: 0    
2023-12-22 14:46:49+00:00 [//Alice (DomainId(0))] acknowledgement_sender_stream tag="New slot Slot(385)"
2023-12-22 14:46:49+00:00 [Ferdie] 🎁 Prepared block for proposing at 385 (9 ms) [hash: 0x35d6c98afffa53c8b15de5b6b6612f49304149fd2414d50c9cde9bd58bc6cf31; parent_hash: 0x6187…45a2; extrinsics (2): [0xbdd0…fb5c, 0x4df9…8983]]
2023-12-22 14:46:49+00:00 [//Ferdie (Consensus)] ✨ Imported #385 (0x35d6…cf31)    
2023-12-22 14:46:49+00:00 [//Alice (DomainId(0))] ✨ Imported #193 (0x3d3d…5183)    
2023-12-22 14:46:49+00:00 [//Alice (DomainId(0))] acknowledgement_sender_stream tag="Import block #385"
2023-12-22 14:46:49+00:00 [Ferdie] 🎁 Prepared block for proposing at 386 (5 ms) [hash: 0x88b6bafd3e9c9c05b564555b171a7cf285714dd3cd26dadd72755da02baa6b5d; parent_hash: 0x35d6…cf31; extrinsics (1): [0xc22d…20ba]]
2023-12-22 14:46:49+00:00 [//Ferdie (Consensus)] ✨ Imported #386 (0x88b6…6b5d)    
2023-12-22 14:46:49+00:00 [//Alice (DomainId(0))] acknowledgement_sender_stream tag="Import block #386"
2023-12-22 14:46:49+00:00 [//Alice (DomainId(0))] 📦 Claimed bundle at slot 387
2023-12-22 14:46:49+00:00 [//Alice (DomainId(0))] 🔖 Producing bundle at slot Slot(387)
2023-12-22 14:46:49+00:00 [//Alice (DomainId(0))] Submitted bundle from slot 387, extrinsics: 0    
2023-12-22 14:46:49+00:00 [//Alice (DomainId(0))] acknowledgement_sender_stream tag="New slot Slot(387)"
2023-12-22 14:46:49+00:00 [Ferdie] 🎁 Prepared block for proposing at 387 (9 ms) [hash: 0x07597562f8a34f2afce66949509f46c9468a7378f20b6702c5e5b6f36547a713; parent_hash: 0x88b6…6b5d; extrinsics (2): [0x9a92…46c4, 0xf924…7728]]
2023-12-22 14:46:49+00:00 [//Ferdie (Consensus)] ✨ Imported #387 (0x0759…a713)    
2023-12-22 14:46:49+00:00 [//Alice (DomainId(0))] ✨ Imported #194 (0xf430…afd3)    
2023-12-22 14:46:49+00:00 [//Alice (DomainId(0))] acknowledgement_sender_stream tag="Import block #387"
2023-12-22 14:46:49+00:00 [Ferdie] 🎁 Prepared block for proposing at 388 (5 ms) [hash: 0x9da924f4191301831ca1a624dcadb02e8a494057ca37d645bb44e3369e307df2; parent_hash: 0x0759…a713; extrinsics (1): [0x451e…d46d]]
2023-12-22 14:46:49+00:00 [//Ferdie (Consensus)] ✨ Imported #388 (0x9da9…7df2)    
2023-12-22 14:46:49+00:00 [//Alice (DomainId(0))] acknowledgement_sender_stream tag="Import block #388"
2023-12-22 14:46:49+00:00 [//Alice (DomainId(0))] 📦 Claimed bundle at slot 389
2023-12-22 14:46:49+00:00 [//Alice (DomainId(0))] 🔖 Producing bundle at slot Slot(389)
2023-12-22 14:46:49+00:00 [//Alice (DomainId(0))] Submitted bundle from slot 389, extrinsics: 0    
2023-12-22 14:46:49+00:00 [//Alice (DomainId(0))] acknowledgement_sender_stream tag="New slot Slot(389)"
2023-12-22 14:46:49+00:00 [Ferdie] 🎁 Prepared block for proposing at 389 (9 ms) [hash: 0x3c771fbb8d425d002d4f0eccb3f5262ca78c06f8340af0799041e3fcce23863c; parent_hash: 0x9da9…7df2; extrinsics (2): [0x788a…11bf, 0xa885…b52e]]
2023-12-22 14:46:49+00:00 [//Ferdie (Consensus)] ✨ Imported #389 (0x3c77…863c)    
2023-12-22 14:46:49+00:00 [//Alice (DomainId(0))] ✨ Imported #195 (0x2dbb…30af)    
2023-12-22 14:46:49+00:00 [//Alice (DomainId(0))] acknowledgement_sender_stream tag="Import block #389"
2023-12-22 14:46:49+00:00 [Ferdie] 🎁 Prepared block for proposing at 390 (5 ms) [hash: 0xd927525d872a3349f405af714ac40eecc457d23c55e61da203a010a4a7f9afa2; parent_hash: 0x3c77…863c; extrinsics (1): [0x1d8a…3930]]
2023-12-22 14:46:49+00:00 [//Ferdie (Consensus)] ✨ Imported #390 (0xd927…afa2)    
2023-12-22 14:46:49+00:00 [//Alice (DomainId(0))] acknowledgement_sender_stream tag="Import block #390"
2023-12-22 14:46:49+00:00 [//Alice (DomainId(0))] 📦 Claimed bundle at slot 391
2023-12-22 14:46:49+00:00 [//Alice (DomainId(0))] 🔖 Producing bundle at slot Slot(391)
2023-12-22 14:46:49+00:00 [//Alice (DomainId(0))] Submitted bundle from slot 391, extrinsics: 0    
2023-12-22 14:46:49+00:00 [//Alice (DomainId(0))] acknowledgement_sender_stream tag="New slot Slot(391)"
2023-12-22 14:46:49+00:00 [Ferdie] 🎁 Prepared block for proposing at 391 (9 ms) [hash: 0x8f8f633d8586f976dd338a11cabb5885cb243e567887d35134dadd1d73018a11; parent_hash: 0xd927…afa2; extrinsics (2): [0xccc7…762f, 0x5604…8202]]
2023-12-22 14:46:49+00:00 [//Ferdie (Consensus)] ✨ Imported #391 (0x8f8f…8a11)    
2023-12-22 14:46:49+00:00 [//Alice (DomainId(0))] ✨ Imported #196 (0x8a6f…79a3)    
2023-12-22 14:46:49+00:00 [//Alice (DomainId(0))] acknowledgement_sender_stream tag="Import block #391"
2023-12-22 14:46:49+00:00 [Ferdie] 🎁 Prepared block for proposing at 392 (5 ms) [hash: 0x5840ce2ae2025ec4e2caa6822d51b83df7d86eb867f502e49393bc540d0451c4; parent_hash: 0x8f8f…8a11; extrinsics (1): [0xdafa…8410]]
2023-12-22 14:46:49+00:00 [//Ferdie (Consensus)] ✨ Imported #392 (0x5840…51c4)    
2023-12-22 14:46:49+00:00 [//Alice (DomainId(0))] acknowledgement_sender_stream tag="Import block #392"
2023-12-22 14:46:49+00:00 [//Alice (DomainId(0))] 📦 Claimed bundle at slot 393
2023-12-22 14:46:49+00:00 [//Alice (DomainId(0))] 🔖 Producing bundle at slot Slot(393)
2023-12-22 14:46:49+00:00 [//Alice (DomainId(0))] Submitted bundle from slot 393, extrinsics: 0    
2023-12-22 14:46:49+00:00 [//Alice (DomainId(0))] acknowledgement_sender_stream tag="New slot Slot(393)"
2023-12-22 14:46:49+00:00 [Ferdie] 🎁 Prepared block for proposing at 393 (9 ms) [hash: 0x61f87a1ccf17740bc90bd7ac92f03ef2081c34b9f6cb988f8c7ce5a30cadc868; parent_hash: 0x5840…51c4; extrinsics (2): [0xc037…aac5, 0xdd05…5b33]]
2023-12-22 14:46:49+00:00 [//Ferdie (Consensus)] ✨ Imported #393 (0x61f8…c868)    
2023-12-22 14:46:49+00:00 [//Alice (DomainId(0))] ✨ Imported #197 (0xa6f3…f0e2)    
2023-12-22 14:46:49+00:00 [//Alice (DomainId(0))] acknowledgement_sender_stream tag="Import block #393"
2023-12-22 14:46:49+00:00 [Ferdie] 🎁 Prepared block for proposing at 394 (5 ms) [hash: 0xc2b3eaa643f641831a4e62dc41d3a3ff7b8f479944bfafe7a9b329a9ea1b3ca8; parent_hash: 0x61f8…c868; extrinsics (1): [0x7193…6564]]
2023-12-22 14:46:49+00:00 [//Ferdie (Consensus)] ✨ Imported #394 (0xc2b3…3ca8)    
2023-12-22 14:46:49+00:00 [//Alice (DomainId(0))] acknowledgement_sender_stream tag="Import block #394"
2023-12-22 14:46:49+00:00 [//Alice (DomainId(0))] 📦 Claimed bundle at slot 395
2023-12-22 14:46:49+00:00 [//Alice (DomainId(0))] 🔖 Producing bundle at slot Slot(395)
2023-12-22 14:46:49+00:00 [//Alice (DomainId(0))] Submitted bundle from slot 395, extrinsics: 0    
2023-12-22 14:46:49+00:00 [//Alice (DomainId(0))] acknowledgement_sender_stream tag="New slot Slot(395)"
2023-12-22 14:46:49+00:00 [Ferdie] 🎁 Prepared block for proposing at 395 (9 ms) [hash: 0x32794ad787c5a36386943763eea8bc6f393f7d998951c01fe5329fafb315ba68; parent_hash: 0xc2b3…3ca8; extrinsics (2): [0x8703…59c2, 0x0788…bb54]]
2023-12-22 14:46:49+00:00 [//Ferdie (Consensus)] ✨ Imported #395 (0x3279…ba68)    
2023-12-22 14:46:49+00:00 [//Alice (DomainId(0))] ✨ Imported #198 (0x27cf…5aa9)    
2023-12-22 14:46:49+00:00 [//Alice (DomainId(0))] acknowledgement_sender_stream tag="Import block #395"
2023-12-22 14:46:49+00:00 [Ferdie] 🎁 Prepared block for proposing at 396 (5 ms) [hash: 0x7e1c464c2f3f4157abeba87b81067707b0f8d4b90c0a4f50e720a2928db9ec87; parent_hash: 0x3279…ba68; extrinsics (1): [0xd761…b7c7]]
2023-12-22 14:46:49+00:00 [//Ferdie (Consensus)] ✨ Imported #396 (0x7e1c…ec87)    
2023-12-22 14:46:49+00:00 [//Alice (DomainId(0))] acknowledgement_sender_stream tag="Import block #396"
2023-12-22 14:46:49+00:00 [//Alice (DomainId(0))] 📦 Claimed bundle at slot 397
2023-12-22 14:46:49+00:00 [//Alice (DomainId(0))] 🔖 Producing bundle at slot Slot(397)
2023-12-22 14:46:49+00:00 [//Alice (DomainId(0))] Submitted bundle from slot 397, extrinsics: 0    
2023-12-22 14:46:49+00:00 [//Alice (DomainId(0))] acknowledgement_sender_stream tag="New slot Slot(397)"
2023-12-22 14:46:49+00:00 [Ferdie] 🎁 Prepared block for proposing at 397 (9 ms) [hash: 0x516363366034d16de06a2ddf3c9ec48e3163e2f460c803e29b81d8af97ba63af; parent_hash: 0x7e1c…ec87; extrinsics (2): [0xf79d…0d3b, 0x379f…a346]]
2023-12-22 14:46:49+00:00 [//Ferdie (Consensus)] ✨ Imported #397 (0x5163…63af)    
2023-12-22 14:46:49+00:00 [//Alice (DomainId(0))] ✨ Imported #199 (0x59dd…8e2d)    
2023-12-22 14:46:49+00:00 [//Alice (DomainId(0))] Slow post domain block execution, took 331ms consensus_block_info=(0x516363366034d16de06a2ddf3c9ec48e3163e2f460c803e29b81d8af97ba63af, 397) built_block_info=(0x59dd5b49c2a94b2cd2fb4bd1df514486f846a582d61087f8b418231656fb8e2d, 199)
2023-12-22 14:46:49+00:00 [//Alice (DomainId(0))] acknowledgement_sender_stream tag="Import block #397"
2023-12-22 14:46:49+00:00 [Ferdie] 🎁 Prepared block for proposing at 398 (5 ms) [hash: 0xb24b432251a08471beade9bc4449a6b8b9bbce19346ab18d20179347b3f99192; parent_hash: 0x5163…63af; extrinsics (1): [0x40b6…c1cb]]
2023-12-22 14:46:49+00:00 [//Ferdie (Consensus)] ✨ Imported #398 (0xb24b…9192)    
2023-12-22 14:46:50+00:00 [//Alice (DomainId(0))] acknowledgement_sender_stream tag="Import block #398"
2023-12-22 14:46:50+00:00 [//Alice (DomainId(0))] 📦 Claimed bundle at slot 399
2023-12-22 14:46:50+00:00 [//Alice (DomainId(0))] 🔖 Producing bundle at slot Slot(399)
2023-12-22 14:46:50+00:00 [//Alice (DomainId(0))] Submitted bundle from slot 399, extrinsics: 0    
2023-12-22 14:46:50+00:00 [//Alice (DomainId(0))] acknowledgement_sender_stream tag="New slot Slot(399)"
2023-12-22 14:46:50+00:00 [Ferdie] 🎁 Prepared block for proposing at 399 (9 ms) [hash: 0x5f59680c4f168939171e12da290de7990324254db39f19c4c6675047cae1cf71; parent_hash: 0xb24b…9192; extrinsics (2): [0x1cb6…8285, 0x7e22…edbb]]
2023-12-22 14:46:50+00:00 [//Ferdie (Consensus)] ✨ Imported #399 (0x5f59…cf71)    
2023-12-22 14:46:50+00:00 [//Alice (DomainId(0))] ✨ Imported #200 (0x98b5…7e85)    
2023-12-22 14:46:50+00:00 [//Alice (DomainId(0))] acknowledgement_sender_stream tag="Import block #399"
2023-12-22 14:46:50+00:00 [Ferdie] 🎁 Prepared block for proposing at 400 (5 ms) [hash: 0x142b9b6c8dbeffbeebd5519d4560507a17a6dcac51d423edfe133d63e64599ad; parent_hash: 0x5f59…cf71; extrinsics (1): [0x3889…957b]]
2023-12-22 14:46:50+00:00 [//Ferdie (Consensus)] ✨ Imported #400 (0x142b…99ad)    
2023-12-22 14:46:50+00:00 [//Alice (DomainId(0))] acknowledgement_sender_stream tag="Import block #400"
2023-12-22 14:46:50+00:00 [//Alice (DomainId(0))] 📦 Claimed bundle at slot 401
2023-12-22 14:46:50+00:00 [//Alice (DomainId(0))] 🔖 Producing bundle at slot Slot(401)
2023-12-22 14:46:50+00:00 [//Alice (DomainId(0))] Submitted bundle from slot 401, extrinsics: 0    
2023-12-22 14:46:50+00:00 [//Alice (DomainId(0))] acknowledgement_sender_stream tag="New slot Slot(401)"
2023-12-22 14:46:50+00:00 [Ferdie] 🎁 Prepared block for proposing at 401 (9 ms) [hash: 0x2275d224187f09b4134e60f511cd1264870e6737f7550ca2a8eae8d9d2dd9ba1; parent_hash: 0x142b…99ad; extrinsics (2): [0xe8b6…c70b, 0x3c19…4f60]]
2023-12-22 14:46:50+00:00 [//Ferdie (Consensus)] ✨ Imported #401 (0x2275…9ba1)    
2023-12-22 14:46:50+00:00 [//Alice (DomainId(0))] ✨ Imported #201 (0xf8dc…28a6)    
2023-12-22 14:46:50+00:00 [//Alice (DomainId(0))] acknowledgement_sender_stream tag="Import block #401"
2023-12-22 14:46:50+00:00 [Ferdie] 🎁 Prepared block for proposing at 402 (5 ms) [hash: 0x6423099a720458cf98c4a347774c0c7e2235baa1bd2003ff95d295319a787190; parent_hash: 0x2275…9ba1; extrinsics (1): [0xcdf6…172e]]
2023-12-22 14:46:50+00:00 [//Ferdie (Consensus)] ✨ Imported #402 (0x6423…7190)    
2023-12-22 14:46:50+00:00 [//Alice (DomainId(0))] acknowledgement_sender_stream tag="Import block #402"
2023-12-22 14:46:50+00:00 [//Alice (DomainId(0))] 📦 Claimed bundle at slot 403
2023-12-22 14:46:50+00:00 [//Alice (DomainId(0))] 🔖 Producing bundle at slot Slot(403)
2023-12-22 14:46:50+00:00 [//Alice (DomainId(0))] Submitted bundle from slot 403, extrinsics: 0    
2023-12-22 14:46:50+00:00 [//Alice (DomainId(0))] acknowledgement_sender_stream tag="New slot Slot(403)"
2023-12-22 14:46:50+00:00 [Ferdie] 🎁 Prepared block for proposing at 403 (9 ms) [hash: 0x3cad403c8fb3e879e02bd0aa808cccfd8b83279578420afc83705560ac05a2a0; parent_hash: 0x6423…7190; extrinsics (2): [0x69f7…dc24, 0x8222…b260]]
2023-12-22 14:46:50+00:00 [//Ferdie (Consensus)] ✨ Imported #403 (0x3cad…a2a0)    
2023-12-22 14:46:50+00:00 [//Alice (DomainId(0))] ✨ Imported #202 (0x6b25…d295)    
2023-12-22 14:46:50+00:00 [//Alice (DomainId(0))] acknowledgement_sender_stream tag="Import block #403"
2023-12-22 14:46:50+00:00 [Ferdie] 🎁 Prepared block for proposing at 404 (5 ms) [hash: 0x22cce46f82c00d9429611e3e5fd62c5522d1f70dce46a42068980f7bf1b38285; parent_hash: 0x3cad…a2a0; extrinsics (1): [0xc078…6bc7]]
2023-12-22 14:46:50+00:00 [//Ferdie (Consensus)] ✨ Imported #404 (0x22cc…8285)    
2023-12-22 14:46:50+00:00 [//Alice (DomainId(0))] acknowledgement_sender_stream tag="Import block #404"
2023-12-22 14:46:50+00:00 [//Alice (DomainId(0))] 📦 Claimed bundle at slot 405
2023-12-22 14:46:50+00:00 [//Alice (DomainId(0))] 🔖 Producing bundle at slot Slot(405)
2023-12-22 14:46:50+00:00 [//Alice (DomainId(0))] Submitted bundle from slot 405, extrinsics: 0    
2023-12-22 14:46:50+00:00 [//Alice (DomainId(0))] acknowledgement_sender_stream tag="New slot Slot(405)"
2023-12-22 14:46:50+00:00 [Ferdie] 🎁 Prepared block for proposing at 405 (9 ms) [hash: 0xf285d4a12bf42fdb959d61c6542e40b7aed5dc8a768a9e58a035c63085ab3160; parent_hash: 0x22cc…8285; extrinsics (2): [0x471f…6896, 0x2b61…7bff]]
2023-12-22 14:46:50+00:00 [//Ferdie (Consensus)] ✨ Imported #405 (0xf285…3160)    
2023-12-22 14:46:50+00:00 [//Alice (DomainId(0))] ✨ Imported #203 (0x17bc…1e08)    
2023-12-22 14:46:50+00:00 [//Alice (DomainId(0))] acknowledgement_sender_stream tag="Import block #405"
2023-12-22 14:46:50+00:00 [Ferdie] 🎁 Prepared block for proposing at 406 (5 ms) [hash: 0x3e8f0b10d74f304e870076e2d51cd7c40bcd57bb9e48accd3b176febddd0b360; parent_hash: 0xf285…3160; extrinsics (1): [0x8da8…4ce8]]
2023-12-22 14:46:50+00:00 [//Ferdie (Consensus)] ✨ Imported #406 (0x3e8f…b360)    
2023-12-22 14:46:50+00:00 [//Alice (DomainId(0))] acknowledgement_sender_stream tag="Import block #406"
2023-12-22 14:46:50+00:00 [//Alice (DomainId(0))] 📦 Claimed bundle at slot 407
2023-12-22 14:46:50+00:00 [//Alice (DomainId(0))] 🔖 Producing bundle at slot Slot(407)
2023-12-22 14:46:51+00:00 [//Alice (DomainId(0))] Submitted bundle from slot 407, extrinsics: 0    
2023-12-22 14:46:51+00:00 [//Alice (DomainId(0))] acknowledgement_sender_stream tag="New slot Slot(407)"
2023-12-22 14:46:51+00:00 [Ferdie] 🎁 Prepared block for proposing at 407 (9 ms) [hash: 0xf44b59c1f4e73d384a5faec3156c8d06b1724127d5ec92de64cd7d719ff9add2; parent_hash: 0x3e8f…b360; extrinsics (2): [0x98a4…eaf8, 0x9082…2dc9]]
2023-12-22 14:46:51+00:00 [//Ferdie (Consensus)] ✨ Imported #407 (0xf44b…add2)    
2023-12-22 14:46:51+00:00 [//Alice (DomainId(0))] acknowledgement_sender_stream tag="Import block #407"
2023-12-22 14:46:51+00:00 [//Alice (DomainId(0))] ✨ Imported #204 (0x6b05…4d6d)    
2023-12-22 14:46:51+00:00 [Ferdie] 🎁 Prepared block for proposing at 408 (5 ms) [hash: 0xeaa2930c6d0bdbd87809250f97888b6324edd278b6442ec06f4f5dd483252a73; parent_hash: 0xf44b…add2; extrinsics (1): [0x6be0…84b2]]
2023-12-22 14:46:51+00:00 [//Ferdie (Consensus)] ✨ Imported #408 (0xeaa2…2a73)    
2023-12-22 14:46:51+00:00 [//Alice (DomainId(0))] acknowledgement_sender_stream tag="Import block #408"
2023-12-22 14:46:51+00:00 [//Alice (DomainId(0))] 📦 Claimed bundle at slot 409
2023-12-22 14:46:51+00:00 [//Alice (DomainId(0))] 🔖 Producing bundle at slot Slot(409)
2023-12-22 14:46:51+00:00 [//Alice (DomainId(0))] Submitted bundle from slot 409, extrinsics: 0    
2023-12-22 14:46:51+00:00 [//Alice (DomainId(0))] acknowledgement_sender_stream tag="New slot Slot(409)"
2023-12-22 14:46:51+00:00 [Ferdie] 🎁 Prepared block for proposing at 409 (9 ms) [hash: 0x0c85af183d2ce5b61c609b31fa98995d6c2ed99dc6e8923fd214a8cdeae71501; parent_hash: 0xeaa2…2a73; extrinsics (2): [0xaddb…f688, 0x9188…68ee]]
2023-12-22 14:46:51+00:00 [//Ferdie (Consensus)] ✨ Imported #409 (0x0c85…1501)    
2023-12-22 14:46:51+00:00 [//Alice (DomainId(0))] ✨ Imported #205 (0x682a…8198)    
2023-12-22 14:46:52+00:00 [//Alice (DomainId(0))] Slow post domain block execution, took 457ms consensus_block_info=(0x0c85af183d2ce5b61c609b31fa98995d6c2ed99dc6e8923fd214a8cdeae71501, 409) built_block_info=(0x682ad79a5bba7042f02c9cb488eb868813183a0832c2410a48a0879ad0bd8198, 205)
2023-12-22 14:46:52+00:00 [//Alice (DomainId(0))] acknowledgement_sender_stream tag="Import block #409"
2023-12-22 14:46:52+00:00 [Ferdie] 🎁 Prepared block for proposing at 410 (5 ms) [hash: 0x04aed81e19ca6e5e9bb77aaa476238c6639491a7a57e4cc647e758020489b0f7; parent_hash: 0x0c85…1501; extrinsics (1): [0x69d4…705c]]
2023-12-22 14:46:52+00:00 [//Alice (DomainId(0))] 💤 Idle (0 peers), best: #205 (0x682a…8198), finalized #0 (0x7aea…1834), ⬇ 0 ⬆ 0    
2023-12-22 14:46:52+00:00 [//Ferdie (Consensus)] ✨ Imported #410 (0x04ae…b0f7)    
2023-12-22 14:46:52+00:00 [//Alice (DomainId(0))] acknowledgement_sender_stream tag="Import block #410"
2023-12-22 14:46:52+00:00 [//Alice (DomainId(0))] 📦 Claimed bundle at slot 411
2023-12-22 14:46:52+00:00 [//Alice (DomainId(0))] 🔖 Producing bundle at slot Slot(411)
2023-12-22 14:46:52+00:00 [//Alice (DomainId(0))] Submitted bundle from slot 411, extrinsics: 0    
2023-12-22 14:46:52+00:00 [//Alice (DomainId(0))] acknowledgement_sender_stream tag="New slot Slot(411)"
2023-12-22 14:46:52+00:00 [Ferdie] 🎁 Prepared block for proposing at 411 (9 ms) [hash: 0xff7a34dc358e39bf49cbeb30d79fa71264402781c2408d553bdcbe7866f5a94f; parent_hash: 0x04ae…b0f7; extrinsics (2): [0x49fc…576e, 0xb58a…c371]]
2023-12-22 14:46:52+00:00 [//Ferdie (Consensus)] ✨ Imported #411 (0xff7a…a94f)    
2023-12-22 14:46:52+00:00 [//Alice (DomainId(0))] ✨ Imported #206 (0x0891…5ce3)    
2023-12-22 14:46:52+00:00 [//Alice (DomainId(0))] acknowledgement_sender_stream tag="Import block #411"
2023-12-22 14:46:52+00:00 [Ferdie] 🎁 Prepared block for proposing at 412 (5 ms) [hash: 0xc5944fd9cc89134460c35bbfba814b5a2fbd9160cf79b624095f233ae601aa3c; parent_hash: 0xff7a…a94f; extrinsics (1): [0xc6e1…f001]]
2023-12-22 14:46:52+00:00 [//Ferdie (Consensus)] ✨ Imported #412 (0xc594…aa3c)    
2023-12-22 14:46:52+00:00 [//Alice (DomainId(0))] acknowledgement_sender_stream tag="Import block #412"
2023-12-22 14:46:52+00:00 [//Alice (DomainId(0))] 📦 Claimed bundle at slot 413
2023-12-22 14:46:52+00:00 [//Alice (DomainId(0))] 🔖 Producing bundle at slot Slot(413)
2023-12-22 14:46:52+00:00 [//Alice (DomainId(0))] Submitted bundle from slot 413, extrinsics: 0    
2023-12-22 14:46:52+00:00 [//Alice (DomainId(0))] acknowledgement_sender_stream tag="New slot Slot(413)"
2023-12-22 14:46:52+00:00 [Ferdie] 🎁 Prepared block for proposing at 413 (9 ms) [hash: 0xa25c3f40e46637608ff6b11d6bb9d241fbb56aa2a3902cc08786a491f42edee0; parent_hash: 0xc594…aa3c; extrinsics (2): [0xd765…7085, 0xb930…9ba9]]
2023-12-22 14:46:52+00:00 [//Ferdie (Consensus)] ✨ Imported #413 (0xa25c…dee0)    
2023-12-22 14:46:52+00:00 [//Alice (DomainId(0))] ✨ Imported #207 (0xe5e0…0c49)    
2023-12-22 14:46:52+00:00 [//Alice (DomainId(0))] acknowledgement_sender_stream tag="Import block #413"
2023-12-22 14:46:52+00:00 [Ferdie] 🎁 Prepared block for proposing at 414 (5 ms) [hash: 0x79c10c0cc7846bb9099ebce7eb13eb883eb3cfb50e8aaf0fea9ce6988fa1b4d5; parent_hash: 0xa25c…dee0; extrinsics (1): [0x5fc9…005e]]
2023-12-22 14:46:52+00:00 [//Ferdie (Consensus)] ✨ Imported #414 (0x79c1…b4d5)    
2023-12-22 14:46:52+00:00 [//Alice (DomainId(0))] acknowledgement_sender_stream tag="Import block #414"
2023-12-22 14:46:52+00:00 [//Alice (DomainId(0))] 📦 Claimed bundle at slot 415
2023-12-22 14:46:52+00:00 [//Alice (DomainId(0))] 🔖 Producing bundle at slot Slot(415)
2023-12-22 14:46:52+00:00 [//Alice (DomainId(0))] Submitted bundle from slot 415, extrinsics: 0    
2023-12-22 14:46:52+00:00 [//Alice (DomainId(0))] acknowledgement_sender_stream tag="New slot Slot(415)"
2023-12-22 14:46:52+00:00 [Ferdie] 🎁 Prepared block for proposing at 415 (9 ms) [hash: 0x5d4942faefb7deae48c8cbcfe9695bc589064df4e49f234a0c93bde6adefb962; parent_hash: 0x79c1…b4d5; extrinsics (2): [0x76c6…4fc1, 0x6937…bd9e]]
2023-12-22 14:46:52+00:00 [//Ferdie (Consensus)] ✨ Imported #415 (0x5d49…b962)    
2023-12-22 14:46:52+00:00 [//Alice (DomainId(0))] ✨ Imported #208 (0x55f6…2e1c)    
2023-12-22 14:46:52+00:00 [//Alice (DomainId(0))] acknowledgement_sender_stream tag="Import block #415"
2023-12-22 14:46:52+00:00 [Ferdie] 🎁 Prepared block for proposing at 416 (5 ms) [hash: 0xc4924cba72fd72b51ad17eaa41bdda92dba610a7dd771c20750b5aad304c983f; parent_hash: 0x5d49…b962; extrinsics (1): [0x2760…db08]]
2023-12-22 14:46:52+00:00 [//Ferdie (Consensus)] ✨ Imported #416 (0xc492…983f)    
2023-12-22 14:46:53+00:00 [//Alice (DomainId(0))] acknowledgement_sender_stream tag="Import block #416"
2023-12-22 14:46:53+00:00 [//Alice (DomainId(0))] 📦 Claimed bundle at slot 417
2023-12-22 14:46:53+00:00 [//Alice (DomainId(0))] 🔖 Producing bundle at slot Slot(417)
2023-12-22 14:46:53+00:00 [//Alice (DomainId(0))] Submitted bundle from slot 417, extrinsics: 0    
2023-12-22 14:46:53+00:00 [//Alice (DomainId(0))] acknowledgement_sender_stream tag="New slot Slot(417)"
2023-12-22 14:46:53+00:00 [Ferdie] 🎁 Prepared block for proposing at 417 (9 ms) [hash: 0x592f0f331c5716ef8a877addca090d4f531d7a9b32a55fca6c0837c69eaa82a6; parent_hash: 0xc492…983f; extrinsics (2): [0xf04c…2cc5, 0xed75…a7b8]]
2023-12-22 14:46:53+00:00 [//Ferdie (Consensus)] ✨ Imported #417 (0x592f…82a6)    
2023-12-22 14:46:53+00:00 [//Alice (DomainId(0))] acknowledgement_sender_stream tag="Import block #417"
2023-12-22 14:46:53+00:00 [//Alice (DomainId(0))] ✨ Imported #209 (0xa582…5343)    
2023-12-22 14:46:53+00:00 [Ferdie] 🎁 Prepared block for proposing at 418 (5 ms) [hash: 0xc971ae0ad1752568dacb457953e37bba4b03ad76f0c830837d3b787569ff8c52; parent_hash: 0x592f…82a6; extrinsics (1): [0x0dde…cce5]]
2023-12-22 14:46:53+00:00 [//Ferdie (Consensus)] ✨ Imported #418 (0xc971…8c52)    
2023-12-22 14:46:53+00:00 [//Alice (DomainId(0))] acknowledgement_sender_stream tag="Import block #418"
2023-12-22 14:46:53+00:00 [//Alice (DomainId(0))] 📦 Claimed bundle at slot 419
2023-12-22 14:46:53+00:00 [//Alice (DomainId(0))] 🔖 Producing bundle at slot Slot(419)
2023-12-22 14:46:53+00:00 [//Alice (DomainId(0))] Submitted bundle from slot 419, extrinsics: 0    
2023-12-22 14:46:53+00:00 [//Alice (DomainId(0))] acknowledgement_sender_stream tag="New slot Slot(419)"
2023-12-22 14:46:53+00:00 [Ferdie] 🎁 Prepared block for proposing at 419 (8 ms) [hash: 0xbd5a72547789a708ebfa8f43b2b3ba554e19e5b9cc793bd065e80bc53741e2f6; parent_hash: 0xc971…8c52; extrinsics (2): [0x4490…d0ff, 0x52c6…4321]]
2023-12-22 14:46:53+00:00 [//Ferdie (Consensus)] ✨ Imported #419 (0xbd5a…e2f6)    
2023-12-22 14:46:53+00:00 [//Alice (DomainId(0))] ✨ Imported #210 (0xf041…373d)    
2023-12-22 14:46:53+00:00 [//Alice (DomainId(0))] acknowledgement_sender_stream tag="Import block #419"
2023-12-22 14:46:53+00:00 [Ferdie] 🎁 Prepared block for proposing at 420 (5 ms) [hash: 0x2e631127b1cd284c2b2c0ec1d0328a05e908df7518837a8b604c6ac663feb53e; parent_hash: 0xbd5a…e2f6; extrinsics (1): [0x93b2…c7c9]]
2023-12-22 14:46:53+00:00 [//Ferdie (Consensus)] ✨ Imported #420 (0x2e63…b53e)    
2023-12-22 14:46:53+00:00 [//Alice (DomainId(0))] acknowledgement_sender_stream tag="Import block #420"
2023-12-22 14:46:53+00:00 [//Alice (DomainId(0))] 📦 Claimed bundle at slot 421
2023-12-22 14:46:53+00:00 [//Alice (DomainId(0))] 🔖 Producing bundle at slot Slot(421)
2023-12-22 14:46:53+00:00 [//Alice (DomainId(0))] Submitted bundle from slot 421, extrinsics: 0    
2023-12-22 14:46:53+00:00 [//Alice (DomainId(0))] acknowledgement_sender_stream tag="New slot Slot(421)"
2023-12-22 14:46:53+00:00 [Ferdie] 🎁 Prepared block for proposing at 421 (9 ms) [hash: 0xb7886c4ab39c3003bec729ad91e74070ac802b2911905a92bc548f6322cddac2; parent_hash: 0x2e63…b53e; extrinsics (2): [0x36a4…a601, 0xfea8…e293]]
2023-12-22 14:46:53+00:00 [//Ferdie (Consensus)] ✨ Imported #421 (0xb788…dac2)    
2023-12-22 14:46:53+00:00 [//Alice (DomainId(0))] ✨ Imported #211 (0x2e03…0c73)    
2023-12-22 14:46:53+00:00 [//Alice (DomainId(0))] acknowledgement_sender_stream tag="Import block #421"
2023-12-22 14:46:53+00:00 [Ferdie] 🎁 Prepared block for proposing at 422 (5 ms) [hash: 0x7fcdf11c5f2d98b61d9603bf5d0306115fcd93e716f412ddb578e46605e5da49; parent_hash: 0xb788…dac2; extrinsics (1): [0x7ef8…08fa]]
2023-12-22 14:46:53+00:00 [//Ferdie (Consensus)] ✨ Imported #422 (0x7fcd…da49)    
2023-12-22 14:46:53+00:00 [//Alice (DomainId(0))] acknowledgement_sender_stream tag="Import block #422"
2023-12-22 14:46:53+00:00 [//Alice (DomainId(0))] 📦 Claimed bundle at slot 423
2023-12-22 14:46:53+00:00 [//Alice (DomainId(0))] 🔖 Producing bundle at slot Slot(423)
2023-12-22 14:46:53+00:00 [//Alice (DomainId(0))] Submitted bundle from slot 423, extrinsics: 0    
2023-12-22 14:46:53+00:00 [//Alice (DomainId(0))] acknowledgement_sender_stream tag="New slot Slot(423)"
2023-12-22 14:46:53+00:00 [Ferdie] 🎁 Prepared block for proposing at 423 (9 ms) [hash: 0x8b4616eb65143ed7dc00639a2de4ca71f28eb6a20e571b7b3a739f111fc226b8; parent_hash: 0x7fcd…da49; extrinsics (2): [0xc9f4…8d08, 0x5d29…b323]]
2023-12-22 14:46:53+00:00 [//Ferdie (Consensus)] ✨ Imported #423 (0x8b46…26b8)    
2023-12-22 14:46:53+00:00 [//Alice (DomainId(0))] ✨ Imported #212 (0xc97d…54eb)    
2023-12-22 14:46:53+00:00 [//Alice (DomainId(0))] acknowledgement_sender_stream tag="Import block #423"
2023-12-22 14:46:53+00:00 [Ferdie] 🎁 Prepared block for proposing at 424 (5 ms) [hash: 0x043cb2b0b288a4537006c440b357277638cc5c2720a52de6fd417c7cc3c07bfa; parent_hash: 0x8b46…26b8; extrinsics (1): [0x2c00…eb64]]
2023-12-22 14:46:53+00:00 [//Ferdie (Consensus)] ✨ Imported #424 (0x043c…7bfa)    
2023-12-22 14:46:53+00:00 [//Alice (DomainId(0))] acknowledgement_sender_stream tag="Import block #424"
2023-12-22 14:46:53+00:00 [//Alice (DomainId(0))] 📦 Claimed bundle at slot 425
2023-12-22 14:46:53+00:00 [//Alice (DomainId(0))] 🔖 Producing bundle at slot Slot(425)
2023-12-22 14:46:53+00:00 [//Alice (DomainId(0))] Submitted bundle from slot 425, extrinsics: 0    
2023-12-22 14:46:53+00:00 [//Alice (DomainId(0))] acknowledgement_sender_stream tag="New slot Slot(425)"
2023-12-22 14:46:53+00:00 [Ferdie] 🎁 Prepared block for proposing at 425 (9 ms) [hash: 0xa323d8f6e9a4b662316bbc85de44bc27004d5384f830e757d7c0abf693aa8dfc; parent_hash: 0x043c…7bfa; extrinsics (2): [0x74ef…69d3, 0xc4d5…e710]]
2023-12-22 14:46:53+00:00 [//Ferdie (Consensus)] ✨ Imported #425 (0xa323…8dfc)    
2023-12-22 14:46:53+00:00 [//Alice (DomainId(0))] ✨ Imported #213 (0x51ad…3205)    
2023-12-22 14:46:53+00:00 [//Alice (DomainId(0))] acknowledgement_sender_stream tag="Import block #425"
2023-12-22 14:46:53+00:00 [Ferdie] 🎁 Prepared block for proposing at 426 (5 ms) [hash: 0x10628e338e93db0dff7ad7ff60abefad516a0c33138785070a45406dafda1597; parent_hash: 0xa323…8dfc; extrinsics (1): [0x87a5…7d39]]
2023-12-22 14:46:53+00:00 [//Ferdie (Consensus)] ✨ Imported #426 (0x1062…1597)    
2023-12-22 14:46:53+00:00 [//Alice (DomainId(0))] acknowledgement_sender_stream tag="Import block #426"
2023-12-22 14:46:53+00:00 [//Alice (DomainId(0))] 📦 Claimed bundle at slot 427
2023-12-22 14:46:53+00:00 [//Alice (DomainId(0))] 🔖 Producing bundle at slot Slot(427)
2023-12-22 14:46:53+00:00 [//Alice (DomainId(0))] Submitted bundle from slot 427, extrinsics: 0    
2023-12-22 14:46:53+00:00 [//Alice (DomainId(0))] acknowledgement_sender_stream tag="New slot Slot(427)"
2023-12-22 14:46:53+00:00 [Ferdie] 🎁 Prepared block for proposing at 427 (9 ms) [hash: 0x0637e1a25d7573e0a10679ecc8bc26824c5280d8f89fe3617f5431c6f2e194fe; parent_hash: 0x1062…1597; extrinsics (2): [0x9f91…f2a5, 0x5928…ac2b]]
2023-12-22 14:46:53+00:00 [//Ferdie (Consensus)] ✨ Imported #427 (0x0637…94fe)    
2023-12-22 14:46:53+00:00 [//Alice (DomainId(0))] ✨ Imported #214 (0xb687…4abf)    
2023-12-22 14:46:53+00:00 [//Alice (DomainId(0))] acknowledgement_sender_stream tag="Import block #427"
2023-12-22 14:46:53+00:00 [Ferdie] 🎁 Prepared block for proposing at 428 (5 ms) [hash: 0xc5a362a5fac04f597a10b123e335568b8651b4d691118d891fd84ac1cf12c254; parent_hash: 0x0637…94fe; extrinsics (1): [0x9810…0a3f]]
2023-12-22 14:46:53+00:00 [//Ferdie (Consensus)] ✨ Imported #428 (0xc5a3…c254)    
2023-12-22 14:46:53+00:00 [//Alice (DomainId(0))] acknowledgement_sender_stream tag="Import block #428"
2023-12-22 14:46:53+00:00 [//Alice (DomainId(0))] 📦 Claimed bundle at slot 429
2023-12-22 14:46:53+00:00 [//Alice (DomainId(0))] 🔖 Producing bundle at slot Slot(429)
2023-12-22 14:46:53+00:00 [//Alice (DomainId(0))] Submitted bundle from slot 429, extrinsics: 0    
2023-12-22 14:46:53+00:00 [//Alice (DomainId(0))] acknowledgement_sender_stream tag="New slot Slot(429)"
2023-12-22 14:46:53+00:00 [Ferdie] 🎁 Prepared block for proposing at 429 (10 ms) [hash: 0xd941acd8ad843027939edaab8377c916aa3847386bee55891bdd1110505e3189; parent_hash: 0xc5a3…c254; extrinsics (2): [0x904b…7556, 0xe52a…2bfe]]
2023-12-22 14:46:53+00:00 [//Ferdie (Consensus)] ✨ Imported #429 (0xd941…3189)    
2023-12-22 14:46:53+00:00 [//Alice (DomainId(0))] ✨ Imported #215 (0xef41…0a73)    
2023-12-22 14:46:53+00:00 [//Alice (DomainId(0))] acknowledgement_sender_stream tag="Import block #429"
2023-12-22 14:46:53+00:00 [Ferdie] 🎁 Prepared block for proposing at 430 (5 ms) [hash: 0x09276048bfc7ff320753ed7498cb4a298bb64b8c314f48f20b6f24a535066434; parent_hash: 0xd941…3189; extrinsics (1): [0xb216…ad97]]
2023-12-22 14:46:53+00:00 [//Ferdie (Consensus)] ✨ Imported #430 (0x0927…6434)    
2023-12-22 14:46:53+00:00 [//Alice (DomainId(0))] acknowledgement_sender_stream tag="Import block #430"
2023-12-22 14:46:53+00:00 [//Alice (DomainId(0))] 📦 Claimed bundle at slot 431
2023-12-22 14:46:53+00:00 [//Alice (DomainId(0))] 🔖 Producing bundle at slot Slot(431)
2023-12-22 14:46:53+00:00 [//Alice (DomainId(0))] Submitted bundle from slot 431, extrinsics: 0    
2023-12-22 14:46:53+00:00 [//Alice (DomainId(0))] acknowledgement_sender_stream tag="New slot Slot(431)"
2023-12-22 14:46:53+00:00 [Ferdie] 🎁 Prepared block for proposing at 431 (9 ms) [hash: 0xa1aa65c911d28e2d3be9f2371a0bbb3cbcf6f59958f4b315157d99d40a5afd36; parent_hash: 0x0927…6434; extrinsics (2): [0x44e5…a9b2, 0x33f5…dfcf]]
2023-12-22 14:46:53+00:00 [//Ferdie (Consensus)] ✨ Imported #431 (0xa1aa…fd36)    
2023-12-22 14:46:53+00:00 [//Alice (DomainId(0))] ✨ Imported #216 (0xb6bc…88d8)    
2023-12-22 14:46:53+00:00 [//Alice (DomainId(0))] acknowledgement_sender_stream tag="Import block #431"
2023-12-22 14:46:53+00:00 [Ferdie] 🎁 Prepared block for proposing at 432 (5 ms) [hash: 0xd922cf060f8b4881b480fbfb1e3794ae2f93012a90e248a1e8854bcfe3b80e97; parent_hash: 0xa1aa…fd36; extrinsics (1): [0x2596…059f]]
2023-12-22 14:46:53+00:00 [//Ferdie (Consensus)] ✨ Imported #432 (0xd922…0e97)    
2023-12-22 14:46:53+00:00 [//Alice (DomainId(0))] acknowledgement_sender_stream tag="Import block #432"
2023-12-22 14:46:53+00:00 [//Alice (DomainId(0))] 📦 Claimed bundle at slot 433
2023-12-22 14:46:53+00:00 [//Alice (DomainId(0))] 🔖 Producing bundle at slot Slot(433)
2023-12-22 14:46:53+00:00 [//Alice (DomainId(0))] Submitted bundle from slot 433, extrinsics: 0    
2023-12-22 14:46:53+00:00 [//Alice (DomainId(0))] acknowledgement_sender_stream tag="New slot Slot(433)"
2023-12-22 14:46:53+00:00 [Ferdie] 🎁 Prepared block for proposing at 433 (9 ms) [hash: 0xdb0ae1a755b85b5300ab634ad499286701c9e1486be5f173aadb49cfa3a31622; parent_hash: 0xd922…0e97; extrinsics (2): [0x3aeb…be6b, 0x51d8…058b]]
2023-12-22 14:46:53+00:00 [//Ferdie (Consensus)] ✨ Imported #433 (0xdb0a…1622)    
2023-12-22 14:46:53+00:00 [//Alice (DomainId(0))] ✨ Imported #217 (0x1e5b…76a8)    
2023-12-22 14:46:53+00:00 [//Alice (DomainId(0))] acknowledgement_sender_stream tag="Import block #433"
2023-12-22 14:46:53+00:00 [Ferdie] 🎁 Prepared block for proposing at 434 (5 ms) [hash: 0x4baee6456c86cc6c352f3817a3448b7a037dd78932f45749ace441f9b3f529e0; parent_hash: 0xdb0a…1622; extrinsics (1): [0xe13b…4f08]]
2023-12-22 14:46:53+00:00 [//Ferdie (Consensus)] ✨ Imported #434 (0x4bae…29e0)    
2023-12-22 14:46:53+00:00 [//Alice (DomainId(0))] acknowledgement_sender_stream tag="Import block #434"
2023-12-22 14:46:53+00:00 [//Alice (DomainId(0))] 📦 Claimed bundle at slot 435
2023-12-22 14:46:53+00:00 [//Alice (DomainId(0))] 🔖 Producing bundle at slot Slot(435)
2023-12-22 14:46:53+00:00 [//Alice (DomainId(0))] Submitted bundle from slot 435, extrinsics: 0    
2023-12-22 14:46:53+00:00 [//Alice (DomainId(0))] acknowledgement_sender_stream tag="New slot Slot(435)"
2023-12-22 14:46:53+00:00 [Ferdie] 🎁 Prepared block for proposing at 435 (9 ms) [hash: 0x8d45e973a524023f0e631885b14480a097ae4776377156b2ad7b76012b8f23ec; parent_hash: 0x4bae…29e0; extrinsics (2): [0x0205…cb48, 0x3209…51c4]]
2023-12-22 14:46:53+00:00 [//Ferdie (Consensus)] ✨ Imported #435 (0x8d45…23ec)    
2023-12-22 14:46:53+00:00 [//Alice (DomainId(0))] ✨ Imported #218 (0x2b8b…6920)    
2023-12-22 14:46:53+00:00 [//Alice (DomainId(0))] acknowledgement_sender_stream tag="Import block #435"
2023-12-22 14:46:53+00:00 [Ferdie] 🎁 Prepared block for proposing at 436 (5 ms) [hash: 0x8f2d75f9f3304f6faf5ecd8243f6cf992bfe1226f7457dd33f69c1d6102d7969; parent_hash: 0x8d45…23ec; extrinsics (1): [0xc0b8…9e7e]]
2023-12-22 14:46:53+00:00 [//Ferdie (Consensus)] ✨ Imported #436 (0x8f2d…7969)    
2023-12-22 14:46:53+00:00 [//Alice (DomainId(0))] acknowledgement_sender_stream tag="Import block #436"
2023-12-22 14:46:53+00:00 [//Alice (DomainId(0))] 📦 Claimed bundle at slot 437
2023-12-22 14:46:53+00:00 [//Alice (DomainId(0))] 🔖 Producing bundle at slot Slot(437)
2023-12-22 14:46:53+00:00 [//Alice (DomainId(0))] Submitted bundle from slot 437, extrinsics: 0    
2023-12-22 14:46:53+00:00 [//Alice (DomainId(0))] acknowledgement_sender_stream tag="New slot Slot(437)"
2023-12-22 14:46:53+00:00 [Ferdie] 🎁 Prepared block for proposing at 437 (9 ms) [hash: 0x1d92b2c7b78fac2031ebb4eec7d9162a0cd5c7667bc334f91f531d2d1a9ba5e0; parent_hash: 0x8f2d…7969; extrinsics (2): [0xb0ce…76ef, 0x6265…8473]]
2023-12-22 14:46:53+00:00 [//Ferdie (Consensus)] ✨ Imported #437 (0x1d92…a5e0)    
2023-12-22 14:46:53+00:00 [//Alice (DomainId(0))] ✨ Imported #219 (0x222e…93cb)    
2023-12-22 14:46:54+00:00 [//Alice (DomainId(0))] acknowledgement_sender_stream tag="Import block #437"
2023-12-22 14:46:54+00:00 [Ferdie] 🎁 Prepared block for proposing at 438 (5 ms) [hash: 0xcb3618f01968c257169cc515f5474c330e2e8e7d0abb0c581960744dafd5c51f; parent_hash: 0x1d92…a5e0; extrinsics (1): [0xa933…dcd8]]
2023-12-22 14:46:54+00:00 [//Ferdie (Consensus)] ✨ Imported #438 (0xcb36…c51f)    
2023-12-22 14:46:54+00:00 [//Alice (DomainId(0))] acknowledgement_sender_stream tag="Import block #438"
2023-12-22 14:46:54+00:00 [//Alice (DomainId(0))] 📦 Claimed bundle at slot 439
2023-12-22 14:46:54+00:00 [//Alice (DomainId(0))] 🔖 Producing bundle at slot Slot(439)
2023-12-22 14:46:54+00:00 [//Alice (DomainId(0))] Submitted bundle from slot 439, extrinsics: 0    
2023-12-22 14:46:54+00:00 [//Alice (DomainId(0))] acknowledgement_sender_stream tag="New slot Slot(439)"
2023-12-22 14:46:54+00:00 [Ferdie] 🎁 Prepared block for proposing at 439 (9 ms) [hash: 0x391f41b8a55618afbdf40118c02d51f6acc259ce1ff886a106dcdf7ff998447c; parent_hash: 0xcb36…c51f; extrinsics (2): [0x267c…6279, 0x3db8…2784]]
2023-12-22 14:46:54+00:00 [//Ferdie (Consensus)] ✨ Imported #439 (0x391f…447c)    
2023-12-22 14:46:54+00:00 [//Alice (DomainId(0))] ✨ Imported #220 (0x4459…f5cf)    
2023-12-22 14:46:54+00:00 [//Alice (DomainId(0))] acknowledgement_sender_stream tag="Import block #439"
2023-12-22 14:46:54+00:00 [Ferdie] 🎁 Prepared block for proposing at 440 (5 ms) [hash: 0xcedbc7ecaa4e785a52f0fc6e49d57664024f370f827ba9125b717e05b5f02557; parent_hash: 0x391f…447c; extrinsics (1): [0x9328…b0ee]]
2023-12-22 14:46:54+00:00 [//Ferdie (Consensus)] ✨ Imported #440 (0xcedb…2557)    
2023-12-22 14:46:54+00:00 [//Alice (DomainId(0))] acknowledgement_sender_stream tag="Import block #440"
2023-12-22 14:46:54+00:00 [//Alice (DomainId(0))] 📦 Claimed bundle at slot 441
2023-12-22 14:46:54+00:00 [//Alice (DomainId(0))] 🔖 Producing bundle at slot Slot(441)
2023-12-22 14:46:54+00:00 [//Alice (DomainId(0))] Submitted bundle from slot 441, extrinsics: 0    
2023-12-22 14:46:54+00:00 [//Alice (DomainId(0))] acknowledgement_sender_stream tag="New slot Slot(441)"
2023-12-22 14:46:54+00:00 [Ferdie] 🎁 Prepared block for proposing at 441 (9 ms) [hash: 0x60773197e9881c75720e0fd89d907b13dbc1f8c087afbb0fa2ff8ade88ae034c; parent_hash: 0xcedb…2557; extrinsics (2): [0xbde1…e205, 0xd45f…c461]]
2023-12-22 14:46:54+00:00 [//Ferdie (Consensus)] ✨ Imported #441 (0x6077…034c)    
2023-12-22 14:46:54+00:00 [//Alice (DomainId(0))] ✨ Imported #221 (0x07f4…b6a9)    
2023-12-22 14:46:54+00:00 [//Alice (DomainId(0))] acknowledgement_sender_stream tag="Import block #441"
2023-12-22 14:46:54+00:00 [Ferdie] 🎁 Prepared block for proposing at 442 (5 ms) [hash: 0x03b4f61c2f204fbe3b372c9f2eab65452e21212011c12c741085bf20f5066902; parent_hash: 0x6077…034c; extrinsics (1): [0xcd63…a728]]
2023-12-22 14:46:54+00:00 [//Ferdie (Consensus)] ✨ Imported #442 (0x03b4…6902)    
2023-12-22 14:46:54+00:00 [//Alice (DomainId(0))] acknowledgement_sender_stream tag="Import block #442"
2023-12-22 14:46:54+00:00 [//Alice (DomainId(0))] 📦 Claimed bundle at slot 443
2023-12-22 14:46:54+00:00 [//Alice (DomainId(0))] 🔖 Producing bundle at slot Slot(443)
2023-12-22 14:46:54+00:00 [//Alice (DomainId(0))] Submitted bundle from slot 443, extrinsics: 0    
2023-12-22 14:46:54+00:00 [//Alice (DomainId(0))] acknowledgement_sender_stream tag="New slot Slot(443)"
2023-12-22 14:46:54+00:00 [Ferdie] 🎁 Prepared block for proposing at 443 (9 ms) [hash: 0x38b97f6edb65e986c50a7a341bb14d3b58fa3e61a743ca8a4cc49323fa6ca65e; parent_hash: 0x03b4…6902; extrinsics (2): [0xed4b…45a9, 0xbab4…2b0b]]
2023-12-22 14:46:54+00:00 [//Ferdie (Consensus)] ✨ Imported #443 (0x38b9…a65e)    
2023-12-22 14:46:54+00:00 [//Alice (DomainId(0))] ✨ Imported #222 (0x4a79…0b3c)    
2023-12-22 14:46:54+00:00 [//Alice (DomainId(0))] acknowledgement_sender_stream tag="Import block #443"
2023-12-22 14:46:54+00:00 [Ferdie] 🎁 Prepared block for proposing at 444 (5 ms) [hash: 0x616027a68595ee36a717b9de374e63beee8699dc315ee0ae37e48799addfc58b; parent_hash: 0x38b9…a65e; extrinsics (1): [0x5262…257f]]
2023-12-22 14:46:54+00:00 [//Ferdie (Consensus)] ✨ Imported #444 (0x6160…c58b)    
2023-12-22 14:46:54+00:00 [//Alice (DomainId(0))] acknowledgement_sender_stream tag="Import block #444"
2023-12-22 14:46:54+00:00 [//Alice (DomainId(0))] 📦 Claimed bundle at slot 445
2023-12-22 14:46:54+00:00 [//Alice (DomainId(0))] 🔖 Producing bundle at slot Slot(445)
2023-12-22 14:46:54+00:00 [//Alice (DomainId(0))] Submitted bundle from slot 445, extrinsics: 0    
2023-12-22 14:46:54+00:00 [//Alice (DomainId(0))] acknowledgement_sender_stream tag="New slot Slot(445)"
2023-12-22 14:46:54+00:00 [Ferdie] 🎁 Prepared block for proposing at 445 (9 ms) [hash: 0x78bcf201e94072db1fdaf2ba45b9a00ee73fdd5a5475b1e531c35fbf7d789a79; parent_hash: 0x6160…c58b; extrinsics (2): [0xc4ef…907f, 0xf688…35fa]]
2023-12-22 14:46:54+00:00 [//Ferdie (Consensus)] ✨ Imported #445 (0x78bc…9a79)    
2023-12-22 14:46:54+00:00 [//Alice (DomainId(0))] ✨ Imported #223 (0xcbd6…a198)    
2023-12-22 14:46:54+00:00 [//Alice (DomainId(0))] acknowledgement_sender_stream tag="Import block #445"
2023-12-22 14:46:54+00:00 [Ferdie] 🎁 Prepared block for proposing at 446 (5 ms) [hash: 0xa6a741930fd2bcf919adaf541a0acf66202a6e9cef349320ddc622f0d11bfbd6; parent_hash: 0x78bc…9a79; extrinsics (1): [0xa7f8…f6fd]]
2023-12-22 14:46:54+00:00 [//Ferdie (Consensus)] ✨ Imported #446 (0xa6a7…fbd6)    
2023-12-22 14:46:54+00:00 [//Alice (DomainId(0))] acknowledgement_sender_stream tag="Import block #446"
2023-12-22 14:46:54+00:00 [//Alice (DomainId(0))] 📦 Claimed bundle at slot 447
2023-12-22 14:46:54+00:00 [//Alice (DomainId(0))] 🔖 Producing bundle at slot Slot(447)
2023-12-22 14:46:55+00:00 [//Alice (DomainId(0))] Submitted bundle from slot 447, extrinsics: 0    
2023-12-22 14:46:55+00:00 [//Alice (DomainId(0))] acknowledgement_sender_stream tag="New slot Slot(447)"
2023-12-22 14:46:55+00:00 [Ferdie] 🎁 Prepared block for proposing at 447 (9 ms) [hash: 0x351428684eeaf966bac34fbe20d96e6c788cb55a0d4149f80a222f32391e1a1b; parent_hash: 0xa6a7…fbd6; extrinsics (2): [0x531a…064e, 0x2421…ad18]]
2023-12-22 14:46:55+00:00 [//Ferdie (Consensus)] ✨ Imported #447 (0x3514…1a1b)    
2023-12-22 14:46:55+00:00 [//Alice (DomainId(0))] ✨ Imported #224 (0x0191…873c)    
2023-12-22 14:46:55+00:00 [//Alice (DomainId(0))] Slow domain block execution, took 390ms consensus_block_info=(0x351428684eeaf966bac34fbe20d96e6c788cb55a0d4149f80a222f32391e1a1b, 447) built_block_info=(0x01910b596edaab54acca2f700d4323cda9601372753001dcd9c122e4c4cb873c, 224) reference_block_execution_duration_ms=1
2023-12-22 14:46:55+00:00 [//Alice (DomainId(0))] acknowledgement_sender_stream tag="Import block #447"
2023-12-22 14:46:55+00:00 [Ferdie] 🎁 Prepared block for proposing at 448 (5 ms) [hash: 0xd27f8c62e90dfad0e156691fe04e842f69eadbba4461161721d1be644ceabcca; parent_hash: 0x3514…1a1b; extrinsics (1): [0x7562…e25b]]
2023-12-22 14:46:55+00:00 [//Ferdie (Consensus)] ✨ Imported #448 (0xd27f…bcca)    
2023-12-22 14:46:55+00:00 [//Alice (DomainId(0))] acknowledgement_sender_stream tag="Import block #448"
2023-12-22 14:46:55+00:00 [//Alice (DomainId(0))] 📦 Claimed bundle at slot 449
2023-12-22 14:46:55+00:00 [//Alice (DomainId(0))] 🔖 Producing bundle at slot Slot(449)
2023-12-22 14:46:55+00:00 [//Alice (DomainId(0))] Submitted bundle from slot 449, extrinsics: 0    
2023-12-22 14:46:55+00:00 [//Alice (DomainId(0))] acknowledgement_sender_stream tag="New slot Slot(449)"
2023-12-22 14:46:55+00:00 [Ferdie] 🎁 Prepared block for proposing at 449 (9 ms) [hash: 0xe93af6727d29a9feabda512de2b6d741ab80d70126f136fc9987aba4717acc20; parent_hash: 0xd27f…bcca; extrinsics (2): [0x2fde…6357, 0x54a6…9cc2]]
2023-12-22 14:46:55+00:00 [//Ferdie (Consensus)] ✨ Imported #449 (0xe93a…cc20)    
2023-12-22 14:46:55+00:00 [//Alice (DomainId(0))] ✨ Imported #225 (0xad1e…bb6a)    
2023-12-22 14:46:55+00:00 [//Alice (DomainId(0))] acknowledgement_sender_stream tag="Import block #449"
2023-12-22 14:46:55+00:00 [Ferdie] 🎁 Prepared block for proposing at 450 (5 ms) [hash: 0xfdd0233dc999e9b022a51e15e2364a7c3b1fd70c343305458d2ca31b20dc0f27; parent_hash: 0xe93a…cc20; extrinsics (1): [0x00e2…850e]]
2023-12-22 14:46:55+00:00 [//Ferdie (Consensus)] ✨ Imported #450 (0xfdd0…0f27)    
2023-12-22 14:46:55+00:00 [//Alice (DomainId(0))] acknowledgement_sender_stream tag="Import block #450"
2023-12-22 14:46:55+00:00 [//Alice (DomainId(0))] 📦 Claimed bundle at slot 451
2023-12-22 14:46:55+00:00 [//Alice (DomainId(0))] 🔖 Producing bundle at slot Slot(451)
2023-12-22 14:46:55+00:00 [//Alice (DomainId(0))] Submitted bundle from slot 451, extrinsics: 0    
2023-12-22 14:46:55+00:00 [//Alice (DomainId(0))] acknowledgement_sender_stream tag="New slot Slot(451)"
2023-12-22 14:46:55+00:00 [Ferdie] Timeout fired waiting for transaction pool at #450, proceeding with production.
2023-12-22 14:46:55+00:00 [Ferdie] 🎁 Prepared block for proposing at 451 (22 ms) [hash: 0xa10feb01e21b6e931572b3a094ba3e70a7a9191ab525babd6ed19739f5a9ae74; parent_hash: 0xfdd0…0f27; extrinsics (2): [0x14ec…bf78, 0xb3c4…3192]]
2023-12-22 14:46:55+00:00 [//Ferdie (Consensus)] ✨ Imported #451 (0xa10f…ae74)    
2023-12-22 14:46:55+00:00 [//Alice (DomainId(0))] ✨ Imported #226 (0x0910…700e)    
2023-12-22 14:46:56+00:00 [//Alice (DomainId(0))] acknowledgement_sender_stream tag="Import block #451"
2023-12-22 14:46:56+00:00 [Ferdie] 🎁 Prepared block for proposing at 452 (5 ms) [hash: 0x81b50b96ab6719870ddb12e47b2c9659223760bd8f2e6fd9103a88e43c32472c; parent_hash: 0xa10f…ae74; extrinsics (1): [0x7844…182b]]
2023-12-22 14:46:56+00:00 [//Ferdie (Consensus)] ✨ Imported #452 (0x81b5…472c)    
2023-12-22 14:46:56+00:00 [//Alice (DomainId(0))] acknowledgement_sender_stream tag="Import block #452"
2023-12-22 14:46:56+00:00 [//Alice (DomainId(0))] 📦 Claimed bundle at slot 453
2023-12-22 14:46:56+00:00 [//Alice (DomainId(0))] 🔖 Producing bundle at slot Slot(453)
2023-12-22 14:46:56+00:00 [//Alice (DomainId(0))] Submitted bundle from slot 453, extrinsics: 0    
2023-12-22 14:46:56+00:00 [//Alice (DomainId(0))] acknowledgement_sender_stream tag="New slot Slot(453)"
2023-12-22 14:46:56+00:00 [Ferdie] 🎁 Prepared block for proposing at 453 (9 ms) [hash: 0x692969446f7a31cf1cc898bfc74cce1e25589d8b2d56d64699dca05022bd83b8; parent_hash: 0x81b5…472c; extrinsics (2): [0x333b…1f5a, 0x70d3…c21a]]
2023-12-22 14:46:56+00:00 [//Ferdie (Consensus)] ✨ Imported #453 (0x6929…83b8)    
2023-12-22 14:46:56+00:00 [//Alice (DomainId(0))] ✨ Imported #227 (0x36e5…2863)    
2023-12-22 14:46:56+00:00 [//Alice (DomainId(0))] acknowledgement_sender_stream tag="Import block #453"
2023-12-22 14:46:56+00:00 [Ferdie] 🎁 Prepared block for proposing at 454 (5 ms) [hash: 0x3de3fc14133d6e79284f95f99779983b2879c7fb792d78285edba97e0fe2bf6a; parent_hash: 0x6929…83b8; extrinsics (1): [0xbc6a…a99b]]
2023-12-22 14:46:56+00:00 [//Ferdie (Consensus)] ✨ Imported #454 (0x3de3…bf6a)    
2023-12-22 14:46:56+00:00 [//Alice (DomainId(0))] acknowledgement_sender_stream tag="Import block #454"
2023-12-22 14:46:56+00:00 [//Alice (DomainId(0))] 📦 Claimed bundle at slot 455
2023-12-22 14:46:56+00:00 [//Alice (DomainId(0))] 🔖 Producing bundle at slot Slot(455)
2023-12-22 14:46:56+00:00 [//Alice (DomainId(0))] Submitted bundle from slot 455, extrinsics: 0    
2023-12-22 14:46:56+00:00 [//Alice (DomainId(0))] acknowledgement_sender_stream tag="New slot Slot(455)"
2023-12-22 14:46:56+00:00 [Ferdie] 🎁 Prepared block for proposing at 455 (9 ms) [hash: 0x42848dd1cf0c7c7e9609aeb43381d3c6d21e53f37e0d3ef97d45fb9bf699161d; parent_hash: 0x3de3…bf6a; extrinsics (2): [0xd726…ff14, 0xe32f…1ab9]]
2023-12-22 14:46:56+00:00 [//Ferdie (Consensus)] ✨ Imported #455 (0x4284…161d)    
2023-12-22 14:46:56+00:00 [//Alice (DomainId(0))] ✨ Imported #228 (0x8bf2…2a1e)    
2023-12-22 14:46:56+00:00 [//Alice (DomainId(0))] acknowledgement_sender_stream tag="Import block #455"
2023-12-22 14:46:56+00:00 [Ferdie] 🎁 Prepared block for proposing at 456 (5 ms) [hash: 0x9f25b3ae6bd2dc6b75d67ae22a138a0ed9a0d55357168893f36db16c9067e193; parent_hash: 0x4284…161d; extrinsics (1): [0x9290…11df]]
2023-12-22 14:46:56+00:00 [//Ferdie (Consensus)] ✨ Imported #456 (0x9f25…e193)    
2023-12-22 14:46:56+00:00 [//Alice (DomainId(0))] acknowledgement_sender_stream tag="Import block #456"
2023-12-22 14:46:56+00:00 [//Alice (DomainId(0))] 📦 Claimed bundle at slot 457
2023-12-22 14:46:56+00:00 [//Alice (DomainId(0))] 🔖 Producing bundle at slot Slot(457)
2023-12-22 14:46:56+00:00 [//Alice (DomainId(0))] Submitted bundle from slot 457, extrinsics: 0    
2023-12-22 14:46:56+00:00 [//Alice (DomainId(0))] acknowledgement_sender_stream tag="New slot Slot(457)"
2023-12-22 14:46:56+00:00 [Ferdie] Timeout fired waiting for transaction pool at #456, proceeding with production.
2023-12-22 14:46:56+00:00 [Ferdie] 🎁 Prepared block for proposing at 457 (23 ms) [hash: 0x87cf8efb24d03cfe1f45a3644ff0057fd5d759e89374fcee68cc9dd56a097af1; parent_hash: 0x9f25…e193; extrinsics (2): [0x0424…fde0, 0xaeef…0488]]
2023-12-22 14:46:56+00:00 [//Ferdie (Consensus)] ✨ Imported #457 (0x87cf…7af1)    
2023-12-22 14:46:56+00:00 [//Alice (DomainId(0))] ✨ Imported #229 (0x3f66…fa34)    
2023-12-22 14:46:56+00:00 [//Alice (DomainId(0))] acknowledgement_sender_stream tag="Import block #457"
2023-12-22 14:46:56+00:00 [Ferdie] 🎁 Prepared block for proposing at 458 (5 ms) [hash: 0x4b0d641bf291716a1fcb97ab63b590442a908aa3ec886ffcc6fe88d6f7bc4bc7; parent_hash: 0x87cf…7af1; extrinsics (1): [0x9a00…98b4]]
2023-12-22 14:46:56+00:00 [//Ferdie (Consensus)] ✨ Imported #458 (0x4b0d…4bc7)    
2023-12-22 14:46:56+00:00 [//Alice (DomainId(0))] acknowledgement_sender_stream tag="Import block #458"
2023-12-22 14:46:56+00:00 [//Alice (DomainId(0))] 📦 Claimed bundle at slot 459
2023-12-22 14:46:56+00:00 [//Alice (DomainId(0))] 🔖 Producing bundle at slot Slot(459)
2023-12-22 14:46:56+00:00 [//Alice (DomainId(0))] Submitted bundle from slot 459, extrinsics: 0    
2023-12-22 14:46:56+00:00 [//Alice (DomainId(0))] acknowledgement_sender_stream tag="New slot Slot(459)"
2023-12-22 14:46:56+00:00 [Ferdie] 🎁 Prepared block for proposing at 459 (9 ms) [hash: 0x74d27137eefef348b162f01bcde8b669a5381151a59878441f797f6c98406953; parent_hash: 0x4b0d…4bc7; extrinsics (2): [0x831b…bb41, 0xa466…7466]]
2023-12-22 14:46:56+00:00 [//Ferdie (Consensus)] ✨ Imported #459 (0x74d2…6953)    
2023-12-22 14:46:56+00:00 [//Alice (DomainId(0))] ✨ Imported #230 (0x6a54…5a60)    
2023-12-22 14:46:56+00:00 [//Alice (DomainId(0))] acknowledgement_sender_stream tag="Import block #459"
2023-12-22 14:46:56+00:00 [Ferdie] 🎁 Prepared block for proposing at 460 (5 ms) [hash: 0x525463f7f27210d80dbb75e7ca04f218e5fef2bdddde9dd0a1aea2ed4f3299c6; parent_hash: 0x74d2…6953; extrinsics (1): [0xa153…70f4]]
2023-12-22 14:46:56+00:00 [//Ferdie (Consensus)] ✨ Imported #460 (0x5254…99c6)    
2023-12-22 14:46:56+00:00 [//Alice (DomainId(0))] acknowledgement_sender_stream tag="Import block #460"
2023-12-22 14:46:56+00:00 [//Alice (DomainId(0))] 📦 Claimed bundle at slot 461
2023-12-22 14:46:56+00:00 [//Alice (DomainId(0))] 🔖 Producing bundle at slot Slot(461)
2023-12-22 14:46:56+00:00 [//Alice (DomainId(0))] Submitted bundle from slot 461, extrinsics: 0    
2023-12-22 14:46:56+00:00 [//Alice (DomainId(0))] acknowledgement_sender_stream tag="New slot Slot(461)"
2023-12-22 14:46:56+00:00 [Ferdie] 🎁 Prepared block for proposing at 461 (9 ms) [hash: 0x2956706cb337a35ac2368d712819a487541a0dd7a928aea96f02982794bfd4f0; parent_hash: 0x5254…99c6; extrinsics (2): [0xe748…7291, 0xbd21…4a12]]
2023-12-22 14:46:56+00:00 [//Ferdie (Consensus)] ✨ Imported #461 (0x2956…d4f0)    
2023-12-22 14:46:56+00:00 [//Alice (DomainId(0))] ✨ Imported #231 (0xc829…55e1)    
2023-12-22 14:46:56+00:00 [//Alice (DomainId(0))] acknowledgement_sender_stream tag="Import block #461"
2023-12-22 14:46:56+00:00 [Ferdie] 🎁 Prepared block for proposing at 462 (5 ms) [hash: 0x4d045d4ef01da33d19f01ee87395bd1385bcb9cb00b175e55102e482b67c62f4; parent_hash: 0x2956…d4f0; extrinsics (1): [0xcc59…6e0c]]
2023-12-22 14:46:56+00:00 [//Ferdie (Consensus)] ✨ Imported #462 (0x4d04…62f4)    
2023-12-22 14:46:56+00:00 [//Alice (DomainId(0))] acknowledgement_sender_stream tag="Import block #462"
2023-12-22 14:46:56+00:00 [//Alice (DomainId(0))] 📦 Claimed bundle at slot 463
2023-12-22 14:46:56+00:00 [//Alice (DomainId(0))] 🔖 Producing bundle at slot Slot(463)
2023-12-22 14:46:56+00:00 [//Alice (DomainId(0))] Submitted bundle from slot 463, extrinsics: 0    
2023-12-22 14:46:56+00:00 [//Alice (DomainId(0))] acknowledgement_sender_stream tag="New slot Slot(463)"
2023-12-22 14:46:56+00:00 [Ferdie] 🎁 Prepared block for proposing at 463 (9 ms) [hash: 0xcce6b15ec7bd09b85b059a2c448c5e2b009fbbeb0246071ef883efb614ddc3bd; parent_hash: 0x4d04…62f4; extrinsics (2): [0x68ec…eba8, 0x888f…b2b0]]
2023-12-22 14:46:56+00:00 [//Ferdie (Consensus)] ✨ Imported #463 (0xcce6…c3bd)    
2023-12-22 14:46:57+00:00 [//Alice (DomainId(0))] acknowledgement_sender_stream tag="Import block #463"
2023-12-22 14:46:57+00:00 [Ferdie] 🎁 Prepared block for proposing at 464 (5 ms) [hash: 0x8a8feaa566fa366cdc7816149c123c9ad7903130a0baba6b37c2b3bab3b2db50; parent_hash: 0xcce6…c3bd; extrinsics (1): [0xc0c3…f937]]
2023-12-22 14:46:57+00:00 [//Alice (DomainId(0))] ✨ Imported #232 (0x9cbf…c8d2)    
2023-12-22 14:46:57+00:00 [//Ferdie (Consensus)] ✨ Imported #464 (0x8a8f…db50)    
2023-12-22 14:46:57+00:00 [//Alice (DomainId(0))] acknowledgement_sender_stream tag="Import block #464"
2023-12-22 14:46:57+00:00 [//Alice (DomainId(0))] 📦 Claimed bundle at slot 465
2023-12-22 14:46:57+00:00 [//Alice (DomainId(0))] 🔖 Producing bundle at slot Slot(465)
2023-12-22 14:46:57+00:00 [//Alice (DomainId(0))] Submitted bundle from slot 465, extrinsics: 0    
2023-12-22 14:46:57+00:00 [//Alice (DomainId(0))] acknowledgement_sender_stream tag="New slot Slot(465)"
2023-12-22 14:46:57+00:00 [Ferdie] 🎁 Prepared block for proposing at 465 (9 ms) [hash: 0xb736b98a46272e9e2456199067315bc99672493b0546c3e583348fb4707e9aa6; parent_hash: 0x8a8f…db50; extrinsics (2): [0x2dd1…de2d, 0xfe8b…3b2c]]
2023-12-22 14:46:57+00:00 [//Ferdie (Consensus)] ✨ Imported #465 (0xb736…9aa6)    
2023-12-22 14:46:57+00:00 [//Alice (DomainId(0))] ✨ Imported #233 (0x3b63…1d09)    
2023-12-22 14:46:57+00:00 [//Alice (DomainId(0))] acknowledgement_sender_stream tag="Import block #465"
2023-12-22 14:46:57+00:00 [Ferdie] 🎁 Prepared block for proposing at 466 (5 ms) [hash: 0xa40173b0cd04b6fe2607ee7ea44a93860f6e8fb4e9acf7754d6ff184ed881501; parent_hash: 0xb736…9aa6; extrinsics (1): [0xf4bd…ea7a]]
2023-12-22 14:46:57+00:00 [//Ferdie (Consensus)] ✨ Imported #466 (0xa401…1501)    
2023-12-22 14:46:57+00:00 [//Alice (DomainId(0))] acknowledgement_sender_stream tag="Import block #466"
2023-12-22 14:46:57+00:00 [//Alice (DomainId(0))] 📦 Claimed bundle at slot 467
2023-12-22 14:46:57+00:00 [//Alice (DomainId(0))] 🔖 Producing bundle at slot Slot(467)
2023-12-22 14:46:57+00:00 [//Alice (DomainId(0))] Submitted bundle from slot 467, extrinsics: 0    
2023-12-22 14:46:57+00:00 [//Alice (DomainId(0))] acknowledgement_sender_stream tag="New slot Slot(467)"
2023-12-22 14:46:57+00:00 [Ferdie] 🎁 Prepared block for proposing at 467 (9 ms) [hash: 0xe16ddbbdc4c38763505326f58352a8f74ef22df561b9cd3c121b2e30cdbf4bbe; parent_hash: 0xa401…1501; extrinsics (2): [0xacab…8491, 0xdd34…fd6c]]
2023-12-22 14:46:57+00:00 [//Ferdie (Consensus)] ✨ Imported #467 (0xe16d…4bbe)    
2023-12-22 14:46:57+00:00 [//Alice (DomainId(0))] ✨ Imported #234 (0x31ad…8bff)    
2023-12-22 14:46:57+00:00 [//Alice (DomainId(0))] acknowledgement_sender_stream tag="Import block #467"
2023-12-22 14:46:57+00:00 [Ferdie] 🎁 Prepared block for proposing at 468 (5 ms) [hash: 0x829aaaab216c9bb11e5a884d240ac245a6b19d1570fd8994f3a1c9069be7f649; parent_hash: 0xe16d…4bbe; extrinsics (1): [0xf50a…e7b0]]
2023-12-22 14:46:57+00:00 [//Ferdie (Consensus)] ✨ Imported #468 (0x829a…f649)    
2023-12-22 14:46:57+00:00 [//Alice (DomainId(0))] acknowledgement_sender_stream tag="Import block #468"
2023-12-22 14:46:57+00:00 [//Alice (DomainId(0))] 📦 Claimed bundle at slot 469
2023-12-22 14:46:57+00:00 [//Alice (DomainId(0))] 🔖 Producing bundle at slot Slot(469)
2023-12-22 14:46:57+00:00 [//Alice (DomainId(0))] Submitted bundle from slot 469, extrinsics: 0    
2023-12-22 14:46:57+00:00 [//Alice (DomainId(0))] acknowledgement_sender_stream tag="New slot Slot(469)"
2023-12-22 14:46:57+00:00 [Ferdie] 🎁 Prepared block for proposing at 469 (9 ms) [hash: 0x29067da9f43a21b4e9c5318064dbcaf2a5808e4ff34f24c70d9562f20c12643b; parent_hash: 0x829a…f649; extrinsics (2): [0xfc8b…247d, 0x78c2…8ce8]]
2023-12-22 14:46:57+00:00 [//Ferdie (Consensus)] ✨ Imported #469 (0x2906…643b)    
2023-12-22 14:46:57+00:00 [//Alice (DomainId(0))] ✨ Imported #235 (0x32d5…b604)    
2023-12-22 14:46:57+00:00 [//Alice (DomainId(0))] acknowledgement_sender_stream tag="Import block #469"
2023-12-22 14:46:57+00:00 [Ferdie] 🎁 Prepared block for proposing at 470 (5 ms) [hash: 0x634e6db54f68075a2fdb62ec2d02448aefc51de32844f443d28505896aa58e67; parent_hash: 0x2906…643b; extrinsics (1): [0x428b…3d20]]
2023-12-22 14:46:57+00:00 [//Ferdie (Consensus)] ✨ Imported #470 (0x634e…8e67)    
2023-12-22 14:46:57+00:00 [//Alice (DomainId(0))] acknowledgement_sender_stream tag="Import block #470"
2023-12-22 14:46:57+00:00 [//Alice (DomainId(0))] 📦 Claimed bundle at slot 471
2023-12-22 14:46:57+00:00 [//Alice (DomainId(0))] 🔖 Producing bundle at slot Slot(471)
2023-12-22 14:46:57+00:00 [//Alice (DomainId(0))] Submitted bundle from slot 471, extrinsics: 0    
2023-12-22 14:46:57+00:00 [//Alice (DomainId(0))] acknowledgement_sender_stream tag="New slot Slot(471)"
2023-12-22 14:46:57+00:00 [Ferdie] 🎁 Prepared block for proposing at 471 (9 ms) [hash: 0x45fbb5b0f0e58963fafd338f120cd0ac4cebcad106b4cf1277bb7ce0f3e0420e; parent_hash: 0x634e…8e67; extrinsics (2): [0x48d3…a776, 0x215b…a596]]
2023-12-22 14:46:57+00:00 [//Ferdie (Consensus)] ✨ Imported #471 (0x45fb…420e)    
2023-12-22 14:46:57+00:00 [//Alice (DomainId(0))] ✨ Imported #236 (0x6e2e…c2c4)    
2023-12-22 14:46:57+00:00 [//Alice (DomainId(0))] acknowledgement_sender_stream tag="Import block #471"
2023-12-22 14:46:57+00:00 [Ferdie] 🎁 Prepared block for proposing at 472 (5 ms) [hash: 0x298035c4052589e086c048f1309d60cf15c76ef1d2f891709b5bdc0a2bb479a2; parent_hash: 0x45fb…420e; extrinsics (1): [0xcb5a…4147]]
2023-12-22 14:46:57+00:00 [//Ferdie (Consensus)] ✨ Imported #472 (0x2980…79a2)    
2023-12-22 14:46:57+00:00 [//Alice (DomainId(0))] acknowledgement_sender_stream tag="Import block #472"
2023-12-22 14:46:57+00:00 [//Alice (DomainId(0))] 📦 Claimed bundle at slot 473
2023-12-22 14:46:57+00:00 [//Alice (DomainId(0))] 🔖 Producing bundle at slot Slot(473)
2023-12-22 14:46:58+00:00 [//Alice (DomainId(0))] Submitted bundle from slot 473, extrinsics: 0    
2023-12-22 14:46:58+00:00 [//Alice (DomainId(0))] acknowledgement_sender_stream tag="New slot Slot(473)"
2023-12-22 14:46:58+00:00 [Ferdie] 🎁 Prepared block for proposing at 473 (9 ms) [hash: 0x18fea877ed843a2af1b3ad7292b1bb3ad616bda6f10d80d67766e8c9f5d52424; parent_hash: 0x2980…79a2; extrinsics (2): [0x6e40…bd03, 0x1b52…7911]]
2023-12-22 14:46:58+00:00 [//Alice (DomainId(0))] 💤 Idle (0 peers), best: #236 (0x6e2e…c2c4), finalized #0 (0x7aea…1834), ⬇ 0 ⬆ 0    
2023-12-22 14:46:58+00:00 [//Ferdie (Consensus)] ✨ Imported #473 (0x18fe…2424)    
2023-12-22 14:46:58+00:00 [//Alice (DomainId(0))] ✨ Imported #237 (0x8bf9…623c)    
2023-12-22 14:46:58+00:00 [//Alice (DomainId(0))] acknowledgement_sender_stream tag="Import block #473"
2023-12-22 14:46:58+00:00 [Ferdie] 🎁 Prepared block for proposing at 474 (5 ms) [hash: 0x6fff34d48a8bfea973a27e6e2fe95f58899356168fd8e0ac7db0d4fa1e00d8e0; parent_hash: 0x18fe…2424; extrinsics (1): [0xbb54…3cf8]]
2023-12-22 14:46:58+00:00 [//Ferdie (Consensus)] ✨ Imported #474 (0x6fff…d8e0)    
2023-12-22 14:46:58+00:00 [//Alice (DomainId(0))] acknowledgement_sender_stream tag="Import block #474"
2023-12-22 14:46:58+00:00 [//Alice (DomainId(0))] 📦 Claimed bundle at slot 475
2023-12-22 14:46:58+00:00 [//Alice (DomainId(0))] 🔖 Producing bundle at slot Slot(475)
2023-12-22 14:46:58+00:00 [//Alice (DomainId(0))] Submitted bundle from slot 475, extrinsics: 0    
2023-12-22 14:46:58+00:00 [//Alice (DomainId(0))] acknowledgement_sender_stream tag="New slot Slot(475)"
2023-12-22 14:46:58+00:00 [Ferdie] 🎁 Prepared block for proposing at 475 (9 ms) [hash: 0x974ea883e8fed9e6ca4c14ab64ed6c91ffbfbff90ed5d6f342d6aa68286346a2; parent_hash: 0x6fff…d8e0; extrinsics (2): [0x2fd0…89fc, 0xe671…7c29]]
2023-12-22 14:46:58+00:00 [//Ferdie (Consensus)] ✨ Imported #475 (0x974e…46a2)    
2023-12-22 14:46:58+00:00 [//Alice (DomainId(0))] ✨ Imported #238 (0xe422…6f31)    
2023-12-22 14:46:58+00:00 [//Alice (DomainId(0))] acknowledgement_sender_stream tag="Import block #475"
2023-12-22 14:46:58+00:00 [Ferdie] 🎁 Prepared block for proposing at 476 (5 ms) [hash: 0xbb64173aad3e3eae44134f31008ffa489d35e609d3ba27dd9b8e2251100f5ede; parent_hash: 0x974e…46a2; extrinsics (1): [0x5413…f572]]
2023-12-22 14:46:58+00:00 [//Ferdie (Consensus)] ✨ Imported #476 (0xbb64…5ede)    
2023-12-22 14:46:58+00:00 [//Alice (DomainId(0))] acknowledgement_sender_stream tag="Import block #476"
2023-12-22 14:46:58+00:00 [//Alice (DomainId(0))] 📦 Claimed bundle at slot 477
2023-12-22 14:46:58+00:00 [//Alice (DomainId(0))] 🔖 Producing bundle at slot Slot(477)
2023-12-22 14:46:58+00:00 [//Alice (DomainId(0))] Submitted bundle from slot 477, extrinsics: 0    
2023-12-22 14:46:58+00:00 [//Alice (DomainId(0))] acknowledgement_sender_stream tag="New slot Slot(477)"
2023-12-22 14:46:58+00:00 [Ferdie] 🎁 Prepared block for proposing at 477 (9 ms) [hash: 0x8826a273b7e5ac85e57782050fc9a9e6661a46cc369e7a7c35d1e92245616354; parent_hash: 0xbb64…5ede; extrinsics (2): [0x2e4d…b25b, 0xd476…4814]]
2023-12-22 14:46:58+00:00 [//Ferdie (Consensus)] ✨ Imported #477 (0x8826…6354)    
2023-12-22 14:46:58+00:00 [//Alice (DomainId(0))] ✨ Imported #239 (0xe7c1…7b66)    
2023-12-22 14:46:58+00:00 [//Alice (DomainId(0))] acknowledgement_sender_stream tag="Import block #477"
2023-12-22 14:46:58+00:00 [Ferdie] 🎁 Prepared block for proposing at 478 (5 ms) [hash: 0x7ac42fddc6e77234b59db8fd2c1b648f5e9767c85c55f05950eb909c88bf1504; parent_hash: 0x8826…6354; extrinsics (1): [0x5be7…d806]]
2023-12-22 14:46:58+00:00 [//Ferdie (Consensus)] ✨ Imported #478 (0x7ac4…1504)    
2023-12-22 14:46:58+00:00 [//Alice (DomainId(0))] acknowledgement_sender_stream tag="Import block #478"
2023-12-22 14:46:59+00:00 [//Alice (DomainId(0))] 📦 Claimed bundle at slot 479
2023-12-22 14:46:59+00:00 [//Alice (DomainId(0))] 🔖 Producing bundle at slot Slot(479)
2023-12-22 14:46:59+00:00 [//Alice (DomainId(0))] Submitted bundle from slot 479, extrinsics: 0    
2023-12-22 14:46:59+00:00 [//Alice (DomainId(0))] acknowledgement_sender_stream tag="New slot Slot(479)"
2023-12-22 14:46:59+00:00 [Ferdie] 🎁 Prepared block for proposing at 479 (9 ms) [hash: 0x6da676e903782ab38925c7d3acabeb5051062807f694e8c1e228073cea5f23f5; parent_hash: 0x7ac4…1504; extrinsics (2): [0xefd8…8aef, 0x429c…10ee]]
2023-12-22 14:46:59+00:00 [//Ferdie (Consensus)] ✨ Imported #479 (0x6da6…23f5)    
2023-12-22 14:46:59+00:00 [//Alice (DomainId(0))] ✨ Imported #240 (0x7fdc…e448)    
2023-12-22 14:46:59+00:00 [//Alice (DomainId(0))] acknowledgement_sender_stream tag="Import block #479"
2023-12-22 14:46:59+00:00 [Ferdie] 🎁 Prepared block for proposing at 480 (5 ms) [hash: 0x8448b68fca03ddcb238cfebabe2d65fc92f93f107e007b23750bae1ce073dd0b; parent_hash: 0x6da6…23f5; extrinsics (1): [0xd15a…6445]]
2023-12-22 14:46:59+00:00 [//Ferdie (Consensus)] ✨ Imported #480 (0x8448…dd0b)    
2023-12-22 14:46:59+00:00 [//Alice (DomainId(0))] acknowledgement_sender_stream tag="Import block #480"
2023-12-22 14:46:59+00:00 [//Alice (DomainId(0))] 📦 Claimed bundle at slot 481
2023-12-22 14:46:59+00:00 [//Alice (DomainId(0))] 🔖 Producing bundle at slot Slot(481)
2023-12-22 14:46:59+00:00 [//Alice (DomainId(0))] Submitted bundle from slot 481, extrinsics: 0    
2023-12-22 14:46:59+00:00 [//Alice (DomainId(0))] acknowledgement_sender_stream tag="New slot Slot(481)"
2023-12-22 14:46:59+00:00 [Ferdie] 🎁 Prepared block for proposing at 481 (9 ms) [hash: 0xa968fea1204581bbf8067008b45c7ec8984e4cdfec89c9c7d20fd9def1b4a0fc; parent_hash: 0x8448…dd0b; extrinsics (2): [0x4062…f9f5, 0xd27d…498a]]
2023-12-22 14:46:59+00:00 [//Ferdie (Consensus)] ✨ Imported #481 (0xa968…a0fc)    
2023-12-22 14:46:59+00:00 [//Alice (DomainId(0))] acknowledgement_sender_stream tag="Import block #481"
2023-12-22 14:46:59+00:00 [//Alice (DomainId(0))] ✨ Imported #241 (0xbfcc…d454)    
2023-12-22 14:46:59+00:00 [Ferdie] 🎁 Prepared block for proposing at 482 (5 ms) [hash: 0x180d8498f0c616f80fada124e014603d15eb39ec1e16beeb90614a7021d7cdcc; parent_hash: 0xa968…a0fc; extrinsics (1): [0x7b62…4fae]]
2023-12-22 14:46:59+00:00 [//Ferdie (Consensus)] ✨ Imported #482 (0x180d…cdcc)    
2023-12-22 14:47:00+00:00 [//Alice (DomainId(0))] acknowledgement_sender_stream tag="Import block #482"
2023-12-22 14:47:00+00:00 [//Alice (DomainId(0))] 📦 Claimed bundle at slot 483
2023-12-22 14:47:00+00:00 [//Alice (DomainId(0))] 🔖 Producing bundle at slot Slot(483)
2023-12-22 14:47:00+00:00 [//Alice (DomainId(0))] Submitted bundle from slot 483, extrinsics: 0    
2023-12-22 14:47:00+00:00 [//Alice (DomainId(0))] acknowledgement_sender_stream tag="New slot Slot(483)"
2023-12-22 14:47:00+00:00 [Ferdie] 🎁 Prepared block for proposing at 483 (9 ms) [hash: 0xe098af404b175b6f56f4323670b4b0d125b7ac76d5de416fd8b67b58ed19c3eb; parent_hash: 0x180d…cdcc; extrinsics (2): [0xdca7…6199, 0x5db6…fb44]]
2023-12-22 14:47:00+00:00 [//Ferdie (Consensus)] ✨ Imported #483 (0xe098…c3eb)    
2023-12-22 14:47:00+00:00 [//Alice (DomainId(0))] ✨ Imported #242 (0xf381…da2d)    
2023-12-22 14:47:00+00:00 [//Alice (DomainId(0))] acknowledgement_sender_stream tag="Import block #483"
2023-12-22 14:47:00+00:00 [Ferdie] 🎁 Prepared block for proposing at 484 (5 ms) [hash: 0x472030a1e5b0c461a58de924f12243e308e0223b0720b890ec9eb647e8b92ff7; parent_hash: 0xe098…c3eb; extrinsics (1): [0x5eff…d9f7]]
2023-12-22 14:47:00+00:00 [//Ferdie (Consensus)] ✨ Imported #484 (0x4720…2ff7)    
2023-12-22 14:47:00+00:00 [//Alice (DomainId(0))] acknowledgement_sender_stream tag="Import block #484"
2023-12-22 14:47:00+00:00 [//Alice (DomainId(0))] 📦 Claimed bundle at slot 485
2023-12-22 14:47:00+00:00 [//Alice (DomainId(0))] 🔖 Producing bundle at slot Slot(485)
2023-12-22 14:47:00+00:00 [//Alice (DomainId(0))] Submitted bundle from slot 485, extrinsics: 0    
2023-12-22 14:47:00+00:00 [//Alice (DomainId(0))] acknowledgement_sender_stream tag="New slot Slot(485)"
2023-12-22 14:47:00+00:00 [Ferdie] 🎁 Prepared block for proposing at 485 (9 ms) [hash: 0xf8ad06bf8b66389010904ec8305a8d1c1327450d6dfbd980804f954c2b3b841e; parent_hash: 0x4720…2ff7; extrinsics (2): [0xbf1b…dbd5, 0x3831…7c9b]]
2023-12-22 14:47:00+00:00 [//Ferdie (Consensus)] ✨ Imported #485 (0xf8ad…841e)    
2023-12-22 14:47:00+00:00 [//Alice (DomainId(0))] ✨ Imported #243 (0x52af…fe92)    
2023-12-22 14:47:00+00:00 [//Alice (DomainId(0))] acknowledgement_sender_stream tag="Import block #485"
2023-12-22 14:47:00+00:00 [Ferdie] 🎁 Prepared block for proposing at 486 (5 ms) [hash: 0xec8e077bb48bf90cd4d0b11c7b38f2df172f0eea0ae00a82b9d622f5e4b90a75; parent_hash: 0xf8ad…841e; extrinsics (1): [0x3cfc…c040]]
2023-12-22 14:47:00+00:00 [//Ferdie (Consensus)] ✨ Imported #486 (0xec8e…0a75)    
2023-12-22 14:47:00+00:00 [//Alice (DomainId(0))] acknowledgement_sender_stream tag="Import block #486"
2023-12-22 14:47:00+00:00 [//Alice (DomainId(0))] 📦 Claimed bundle at slot 487
2023-12-22 14:47:00+00:00 [//Alice (DomainId(0))] 🔖 Producing bundle at slot Slot(487)
2023-12-22 14:47:00+00:00 [//Alice (DomainId(0))] Submitted bundle from slot 487, extrinsics: 0    
2023-12-22 14:47:00+00:00 [//Alice (DomainId(0))] acknowledgement_sender_stream tag="New slot Slot(487)"
2023-12-22 14:47:01+00:00 [Ferdie] 🎁 Prepared block for proposing at 487 (9 ms) [hash: 0xa7d3c25808045411b974405fbfee90297ba0f7c0ce650c27bff5a9495a2a8eae; parent_hash: 0xec8e…0a75; extrinsics (2): [0x60c2…ee27, 0x2692…dfc4]]
2023-12-22 14:47:01+00:00 [//Ferdie (Consensus)] ✨ Imported #487 (0xa7d3…8eae)    
2023-12-22 14:47:01+00:00 [//Alice (DomainId(0))] ✨ Imported #244 (0xcd04…be90)    
2023-12-22 14:47:01+00:00 [//Alice (DomainId(0))] acknowledgement_sender_stream tag="Import block #487"
2023-12-22 14:47:01+00:00 [Ferdie] 🎁 Prepared block for proposing at 488 (5 ms) [hash: 0xa7ea908aca2987c7716f5d9330a148f02a7255dd768f8ea40c45db76cecec4ec; parent_hash: 0xa7d3…8eae; extrinsics (1): [0xecfd…f127]]
2023-12-22 14:47:01+00:00 [//Ferdie (Consensus)] ✨ Imported #488 (0xa7ea…c4ec)    
2023-12-22 14:47:01+00:00 [//Alice (DomainId(0))] acknowledgement_sender_stream tag="Import block #488"
2023-12-22 14:47:01+00:00 [//Alice (DomainId(0))] 📦 Claimed bundle at slot 489
2023-12-22 14:47:01+00:00 [//Alice (DomainId(0))] 🔖 Producing bundle at slot Slot(489)
2023-12-22 14:47:01+00:00 [//Alice (DomainId(0))] Submitted bundle from slot 489, extrinsics: 0    
2023-12-22 14:47:01+00:00 [//Alice (DomainId(0))] acknowledgement_sender_stream tag="New slot Slot(489)"
2023-12-22 14:47:01+00:00 [Ferdie] 🎁 Prepared block for proposing at 489 (9 ms) [hash: 0xad1cfd1a3a6ce6458d0fc4fdf05751d7af6d0fd3751d4305a6d325868022c608; parent_hash: 0xa7ea…c4ec; extrinsics (2): [0xb742…1876, 0xccf6…1768]]
2023-12-22 14:47:01+00:00 [//Ferdie (Consensus)] ✨ Imported #489 (0xad1c…c608)    
2023-12-22 14:47:01+00:00 [//Alice (DomainId(0))] ✨ Imported #245 (0x5206…384f)    
2023-12-22 14:47:01+00:00 [//Alice (DomainId(0))] acknowledgement_sender_stream tag="Import block #489"
2023-12-22 14:47:01+00:00 [Ferdie] 🎁 Prepared block for proposing at 490 (5 ms) [hash: 0x41687cdbe0ff275a600b58d405e89e6d41c55946f2099d524a8af19c2cca6332; parent_hash: 0xad1c…c608; extrinsics (1): [0xbeb3…4ff2]]
2023-12-22 14:47:01+00:00 [//Ferdie (Consensus)] ✨ Imported #490 (0x4168…6332)    
2023-12-22 14:47:01+00:00 [//Alice (DomainId(0))] acknowledgement_sender_stream tag="Import block #490"
2023-12-22 14:47:01+00:00 [//Alice (DomainId(0))] 📦 Claimed bundle at slot 491
2023-12-22 14:47:01+00:00 [//Alice (DomainId(0))] 🔖 Producing bundle at slot Slot(491)
2023-12-22 14:47:01+00:00 [//Alice (DomainId(0))] Submitted bundle from slot 491, extrinsics: 0    
2023-12-22 14:47:01+00:00 [//Alice (DomainId(0))] acknowledgement_sender_stream tag="New slot Slot(491)"
2023-12-22 14:47:01+00:00 [Ferdie] 🎁 Prepared block for proposing at 491 (9 ms) [hash: 0x3669e31f5a67223588dcf49a5ed09ed0c35a77c27c8f38dcc4316477c2896081; parent_hash: 0x4168…6332; extrinsics (2): [0x0476…d706, 0x82af…e8d0]]
2023-12-22 14:47:01+00:00 [//Ferdie (Consensus)] ✨ Imported #491 (0x3669…6081)    
2023-12-22 14:47:01+00:00 [//Alice (DomainId(0))] ✨ Imported #246 (0x4a14…dbed)    
2023-12-22 14:47:02+00:00 [//Alice (DomainId(0))] acknowledgement_sender_stream tag="Import block #491"
2023-12-22 14:47:02+00:00 [Ferdie] 🎁 Prepared block for proposing at 492 (5 ms) [hash: 0x47e4ed2ace9e78337656f439e9993d2e8ebbcc4a9eac5d03a6934d47ef2e3ac5; parent_hash: 0x3669…6081; extrinsics (1): [0xb928…c672]]
2023-12-22 14:47:02+00:00 [//Ferdie (Consensus)] ✨ Imported #492 (0x47e4…3ac5)    
2023-12-22 14:47:02+00:00 [//Alice (DomainId(0))] acknowledgement_sender_stream tag="Import block #492"
2023-12-22 14:47:02+00:00 [//Alice (DomainId(0))] 📦 Claimed bundle at slot 493
2023-12-22 14:47:02+00:00 [//Alice (DomainId(0))] 🔖 Producing bundle at slot Slot(493)
2023-12-22 14:47:02+00:00 [//Alice (DomainId(0))] Submitted bundle from slot 493, extrinsics: 0    
2023-12-22 14:47:02+00:00 [//Alice (DomainId(0))] acknowledgement_sender_stream tag="New slot Slot(493)"
2023-12-22 14:47:02+00:00 [Ferdie] 🎁 Prepared block for proposing at 493 (9 ms) [hash: 0x9ef7f233708f1042f35b5e871b987868a22b6c132a4fcce9c39e666bcb2a3f3e; parent_hash: 0x47e4…3ac5; extrinsics (2): [0xb3ba…a441, 0xddab…5626]]
2023-12-22 14:47:02+00:00 [//Ferdie (Consensus)] ✨ Imported #493 (0x9ef7…3f3e)    
2023-12-22 14:47:02+00:00 [//Alice (DomainId(0))] ✨ Imported #247 (0xa5cc…622e)    
2023-12-22 14:47:02+00:00 [//Alice (DomainId(0))] acknowledgement_sender_stream tag="Import block #493"
2023-12-22 14:47:02+00:00 [Ferdie] 🎁 Prepared block for proposing at 494 (5 ms) [hash: 0x7359a5c136acc554040c6b04b3cfbcb7867b648167ecc6a3dd3710d01d638b1f; parent_hash: 0x9ef7…3f3e; extrinsics (1): [0xe32e…a5bc]]
2023-12-22 14:47:02+00:00 [//Ferdie (Consensus)] ✨ Imported #494 (0x7359…8b1f)    
2023-12-22 14:47:02+00:00 [//Alice (DomainId(0))] acknowledgement_sender_stream tag="Import block #494"
2023-12-22 14:47:02+00:00 [//Alice (DomainId(0))] 📦 Claimed bundle at slot 495
2023-12-22 14:47:02+00:00 [//Alice (DomainId(0))] 🔖 Producing bundle at slot Slot(495)
2023-12-22 14:47:02+00:00 [//Alice (DomainId(0))] Submitted bundle from slot 495, extrinsics: 0    
2023-12-22 14:47:02+00:00 [//Alice (DomainId(0))] acknowledgement_sender_stream tag="New slot Slot(495)"
2023-12-22 14:47:02+00:00 [Ferdie] Timeout fired waiting for transaction pool at #494, proceeding with production.
2023-12-22 14:47:02+00:00 [Ferdie] 🎁 Prepared block for proposing at 495 (164 ms) [hash: 0xff097b4bc3f131b231b22a056181d0b8102cd661f125f6d5e8574023e5f18a81; parent_hash: 0x7359…8b1f; extrinsics (2): [0xac93…2ad6, 0x766a…3ae7]]
2023-12-22 14:47:03+00:00 [//Ferdie (Consensus)] ✨ Imported #495 (0xff09…8a81)    
2023-12-22 14:47:03+00:00 [//Alice (DomainId(0))] ✨ Imported #248 (0x8431…b0be)    
2023-12-22 14:47:03+00:00 [//Alice (DomainId(0))] acknowledgement_sender_stream tag="Import block #495"
2023-12-22 14:47:03+00:00 [Ferdie] 🎁 Prepared block for proposing at 496 (5 ms) [hash: 0x16bcc2c1c74853a4a0b0d6b10afa83edc0d2affa0c2d4c7910c5e71deae2df27; parent_hash: 0xff09…8a81; extrinsics (1): [0x21b9…b3b6]]
2023-12-22 14:47:03+00:00 [//Ferdie (Consensus)] ✨ Imported #496 (0x16bc…df27)    
2023-12-22 14:47:03+00:00 [//Alice (DomainId(0))] acknowledgement_sender_stream tag="Import block #496"
2023-12-22 14:47:03+00:00 [//Alice (DomainId(0))] 📦 Claimed bundle at slot 497
2023-12-22 14:47:03+00:00 [//Alice (DomainId(0))] 🔖 Producing bundle at slot Slot(497)
2023-12-22 14:47:03+00:00 [//Alice (DomainId(0))] Submitted bundle from slot 497, extrinsics: 0    
2023-12-22 14:47:03+00:00 [//Alice (DomainId(0))] acknowledgement_sender_stream tag="New slot Slot(497)"
2023-12-22 14:47:03+00:00 [Ferdie] 🎁 Prepared block for proposing at 497 (9 ms) [hash: 0x14274f7c010d127a81dc923e658ac924c01137701e4034df72d715abb14e321d; parent_hash: 0x16bc…df27; extrinsics (2): [0xefbf…c6b6, 0x2791…c73f]]
2023-12-22 14:47:03+00:00 [//Ferdie (Consensus)] ✨ Imported #497 (0x1427…321d)    
2023-12-22 14:47:03+00:00 [//Alice (DomainId(0))] ✨ Imported #249 (0x869c…415a)    
2023-12-22 14:47:03+00:00 [//Alice (DomainId(0))] acknowledgement_sender_stream tag="Import block #497"
2023-12-22 14:47:03+00:00 [Ferdie] 🎁 Prepared block for proposing at 498 (5 ms) [hash: 0x4c203c928c75ea44478f7a0f481d44d70d97ce454db2a3bba7537133102b0fca; parent_hash: 0x1427…321d; extrinsics (1): [0xc25d…129b]]
2023-12-22 14:47:03+00:00 [//Ferdie (Consensus)] ✨ Imported #498 (0x4c20…0fca)    
2023-12-22 14:47:03+00:00 [//Alice (DomainId(0))] acknowledgement_sender_stream tag="Import block #498"
2023-12-22 14:47:03+00:00 [//Alice (DomainId(0))] 📦 Claimed bundle at slot 499
2023-12-22 14:47:03+00:00 [//Alice (DomainId(0))] 🔖 Producing bundle at slot Slot(499)
2023-12-22 14:47:03+00:00 [//Alice (DomainId(0))] Submitted bundle from slot 499, extrinsics: 0    
2023-12-22 14:47:03+00:00 [//Alice (DomainId(0))] acknowledgement_sender_stream tag="New slot Slot(499)"
2023-12-22 14:47:03+00:00 [Ferdie] 🎁 Prepared block for proposing at 499 (9 ms) [hash: 0x28f90f0a62f131789208526d27ad914971fa57d589fbe2c071c97bf225cae022; parent_hash: 0x4c20…0fca; extrinsics (2): [0x34e0…0236, 0x036a…a48f]]
2023-12-22 14:47:03+00:00 [//Ferdie (Consensus)] ✨ Imported #499 (0x28f9…e022)    
2023-12-22 14:47:03+00:00 [//Alice (DomainId(0))] ✨ Imported #250 (0x12b6…2b20)    
2023-12-22 14:47:03+00:00 [//Alice (DomainId(0))] acknowledgement_sender_stream tag="Import block #499"
2023-12-22 14:47:03+00:00 [Ferdie] 🎁 Prepared block for proposing at 500 (5 ms) [hash: 0x1ff33b046aaf46af256da9aadad0173b286a1e2b3084f38258867d33d96adca9; parent_hash: 0x28f9…e022; extrinsics (1): [0xe6a4…72ea]]
2023-12-22 14:47:03+00:00 [//Ferdie (Consensus)] ✨ Imported #500 (0x1ff3…dca9)    
2023-12-22 14:47:03+00:00 [//Alice (DomainId(0))] acknowledgement_sender_stream tag="Import block #500"
2023-12-22 14:47:03+00:00 [//Alice (DomainId(0))] 📦 Claimed bundle at slot 501
2023-12-22 14:47:03+00:00 [//Alice (DomainId(0))] 🔖 Producing bundle at slot Slot(501)
2023-12-22 14:47:03+00:00 [//Alice (DomainId(0))] Submitted bundle from slot 501, extrinsics: 0    
2023-12-22 14:47:03+00:00 [//Alice (DomainId(0))] acknowledgement_sender_stream tag="New slot Slot(501)"
2023-12-22 14:47:03+00:00 [Ferdie] 🎁 Prepared block for proposing at 501 (9 ms) [hash: 0xd33c7e2ac150e640c2e5bdec4468ef3e1974e8fa5a3aa700926ad3998f82a846; parent_hash: 0x1ff3…dca9; extrinsics (2): [0xfb8b…ba82, 0xad31…a233]]
2023-12-22 14:47:03+00:00 [//Ferdie (Consensus)] ✨ Imported #501 (0xd33c…a846)    
2023-12-22 14:47:03+00:00 [//Alice (DomainId(0))] ✨ Imported #251 (0x9ba0…3aa6)    
2023-12-22 14:47:03+00:00 [//Alice (DomainId(0))] acknowledgement_sender_stream tag="Import block #501"
2023-12-22 14:47:03+00:00 [Ferdie] 🎁 Prepared block for proposing at 502 (5 ms) [hash: 0x5726278edc267ee932932e8f7bce348bfa291a6f4315f0376919c3966358e922; parent_hash: 0xd33c…a846; extrinsics (1): [0xc443…fddd]]
2023-12-22 14:47:03+00:00 [//Ferdie (Consensus)] ✨ Imported #502 (0x5726…e922)    
2023-12-22 14:47:03+00:00 [//Alice (DomainId(0))] 💤 Idle (0 peers), best: #251 (0x9ba0…3aa6), finalized #0 (0x7aea…1834), ⬇ 0 ⬆ 0    
2023-12-22 14:47:03+00:00 [//Alice (DomainId(0))] acknowledgement_sender_stream tag="Import block #502"
2023-12-22 14:47:03+00:00 [//Alice (DomainId(0))] 📦 Claimed bundle at slot 503
2023-12-22 14:47:03+00:00 [//Alice (DomainId(0))] 🔖 Producing bundle at slot Slot(503)
2023-12-22 14:47:03+00:00 [//Alice (DomainId(0))] Submitted bundle from slot 503, extrinsics: 0    
2023-12-22 14:47:03+00:00 [//Alice (DomainId(0))] acknowledgement_sender_stream tag="New slot Slot(503)"
2023-12-22 14:47:03+00:00 [Ferdie] 🎁 Prepared block for proposing at 503 (9 ms) [hash: 0xfd620ab13d781b1f6f26c5f2e09dab81a6773af00de86b1bc2b8141edd4196c6; parent_hash: 0x5726…e922; extrinsics (2): [0xf2dc…c4c3, 0x8911…8e00]]
2023-12-22 14:47:03+00:00 [//Ferdie (Consensus)] ✨ Imported #503 (0xfd62…96c6)    
2023-12-22 14:47:03+00:00 [//Alice (DomainId(0))] ✨ Imported #252 (0xde67…6673)    
2023-12-22 14:47:03+00:00 [//Alice (DomainId(0))] acknowledgement_sender_stream tag="Import block #503"
2023-12-22 14:47:03+00:00 [Ferdie] 🎁 Prepared block for proposing at 504 (5 ms) [hash: 0xcebd149ea00ff73a19f768f8a8cee99592dea18a49f963542d2e46ef0b72dfbc; parent_hash: 0xfd62…96c6; extrinsics (1): [0x3845…2348]]
2023-12-22 14:47:03+00:00 [//Ferdie (Consensus)] ✨ Imported #504 (0xcebd…dfbc)    
2023-12-22 14:47:03+00:00 [//Alice (DomainId(0))] acknowledgement_sender_stream tag="Import block #504"
2023-12-22 14:47:03+00:00 [//Alice (DomainId(0))] 📦 Claimed bundle at slot 505
2023-12-22 14:47:03+00:00 [//Alice (DomainId(0))] 🔖 Producing bundle at slot Slot(505)
2023-12-22 14:47:03+00:00 [//Alice (DomainId(0))] Submitted bundle from slot 505, extrinsics: 0    
2023-12-22 14:47:03+00:00 [//Alice (DomainId(0))] acknowledgement_sender_stream tag="New slot Slot(505)"
2023-12-22 14:47:03+00:00 [Ferdie] 🎁 Prepared block for proposing at 505 (9 ms) [hash: 0x7b643d0672917c652f2120b672178a996718423d8adbceb404a0dc0d77fe7071; parent_hash: 0xcebd…dfbc; extrinsics (2): [0xcf55…325b, 0x8687…50bf]]
2023-12-22 14:47:03+00:00 [//Ferdie (Consensus)] ✨ Imported #505 (0x7b64…7071)    
2023-12-22 14:47:04+00:00 [//Alice (DomainId(0))] ✨ Imported #253 (0x3c9c…ebf3)    
2023-12-22 14:47:04+00:00 [//Alice (DomainId(0))] acknowledgement_sender_stream tag="Import block #505"
2023-12-22 14:47:04+00:00 [Ferdie] 🎁 Prepared block for proposing at 506 (5 ms) [hash: 0x98987a39b9339627668746a5f6f979f0552bed6b69c917cab9f51ba5be811298; parent_hash: 0x7b64…7071; extrinsics (1): [0x821e…9eff]]
2023-12-22 14:47:04+00:00 [//Ferdie (Consensus)] ✨ Imported #506 (0x9898…1298)    
2023-12-22 14:47:04+00:00 [//Alice (DomainId(0))] acknowledgement_sender_stream tag="Import block #506"
2023-12-22 14:47:04+00:00 [//Alice (DomainId(0))] 📦 Claimed bundle at slot 507
2023-12-22 14:47:04+00:00 [//Alice (DomainId(0))] 🔖 Producing bundle at slot Slot(507)
2023-12-22 14:47:04+00:00 [//Alice (DomainId(0))] Submitted bundle from slot 507, extrinsics: 0    
2023-12-22 14:47:04+00:00 [//Alice (DomainId(0))] acknowledgement_sender_stream tag="New slot Slot(507)"
2023-12-22 14:47:04+00:00 [Ferdie] 🎁 Prepared block for proposing at 507 (9 ms) [hash: 0x0b0d7510c9a88d64e6099ff2321fd7d234dbf95ed57c0a5a058829235c0f0297; parent_hash: 0x9898…1298; extrinsics (2): [0x44b1…88cf, 0x5ef3…82d4]]
2023-12-22 14:47:04+00:00 [//Ferdie (Consensus)] ✨ Imported #507 (0x0b0d…0297)    
2023-12-22 14:47:04+00:00 [//Alice (DomainId(0))] ✨ Imported #254 (0x29f3…543e)    
2023-12-22 14:47:04+00:00 [//Alice (DomainId(0))] acknowledgement_sender_stream tag="Import block #507"
2023-12-22 14:47:04+00:00 [Ferdie] 🎁 Prepared block for proposing at 508 (5 ms) [hash: 0xea550708b125753638edc1cdece67793edf8d98ef4096d3b8a3087e6f59c47b4; parent_hash: 0x0b0d…0297; extrinsics (1): [0x8e09…4d17]]
2023-12-22 14:47:04+00:00 [//Ferdie (Consensus)] ✨ Imported #508 (0xea55…47b4)    
2023-12-22 14:47:04+00:00 [//Alice (DomainId(0))] acknowledgement_sender_stream tag="Import block #508"
2023-12-22 14:47:04+00:00 [//Alice (DomainId(0))] 📦 Claimed bundle at slot 509
2023-12-22 14:47:04+00:00 [//Alice (DomainId(0))] 🔖 Producing bundle at slot Slot(509)
2023-12-22 14:47:04+00:00 [//Alice (DomainId(0))] Submitted bundle from slot 509, extrinsics: 0    
2023-12-22 14:47:04+00:00 [//Alice (DomainId(0))] acknowledgement_sender_stream tag="New slot Slot(509)"
2023-12-22 14:47:04+00:00 [Ferdie] 🎁 Prepared block for proposing at 509 (9 ms) [hash: 0x8a64d5b21debf780b3f07c91c9ac23b9c318df82334f524c46e7d8bc7854e5a4; parent_hash: 0xea55…47b4; extrinsics (2): [0x9381…ea1b, 0x443a…1a74]]
2023-12-22 14:47:04+00:00 [//Ferdie (Consensus)] ✨ Imported #509 (0x8a64…e5a4)    
2023-12-22 14:47:04+00:00 [//Alice (DomainId(0))] ✨ Imported #255 (0x056c…389f)    
2023-12-22 14:47:04+00:00 [//Alice (DomainId(0))] acknowledgement_sender_stream tag="Import block #509"
2023-12-22 14:47:04+00:00 [Ferdie] 🎁 Prepared block for proposing at 510 (8 ms) [hash: 0x55ac5fda55286bfec1f04820e6bcc5ad136689be94d6589682a5aa80eaf3084b; parent_hash: 0x8a64…e5a4; extrinsics (1): [0xc6cd…c860]]
2023-12-22 14:47:04+00:00 [//Ferdie (Consensus)] ✨ Imported #510 (0x55ac…084b)    
2023-12-22 14:47:04+00:00 [//Alice (DomainId(0))] acknowledgement_sender_stream tag="Import block #510"
2023-12-22 14:47:04+00:00 [//Alice (DomainId(0))] 📦 Claimed bundle at slot 511
2023-12-22 14:47:04+00:00 [//Alice (DomainId(0))] 🔖 Producing bundle at slot Slot(511)
2023-12-22 14:47:04+00:00 [//Alice (DomainId(0))] Submitted bundle from slot 511, extrinsics: 0    
2023-12-22 14:47:04+00:00 [//Alice (DomainId(0))] acknowledgement_sender_stream tag="New slot Slot(511)"
2023-12-22 14:47:04+00:00 [Ferdie] 🎁 Prepared block for proposing at 511 (9 ms) [hash: 0x6b947d339aaa61e93823116ccce52de37f6f2c481b8b3bbeafbf61d9766f7a93; parent_hash: 0x55ac…084b; extrinsics (2): [0xa3c0…7ce0, 0x92d9…b995]]
2023-12-22 14:47:04+00:00 [//Ferdie (Consensus)] ✨ Imported #511 (0x6b94…7a93)    
2023-12-22 14:47:04+00:00 [//Alice (DomainId(0))] ✨ Imported #256 (0xba79…6b3e)    
2023-12-22 14:47:04+00:00 [//Alice (DomainId(0))] acknowledgement_sender_stream tag="Import block #511"
2023-12-22 14:47:04+00:00 [Ferdie] 🎁 Prepared block for proposing at 512 (5 ms) [hash: 0x85715e703220e7efee0a140747125787c8a23eb3e00aa7f839256858c62710a5; parent_hash: 0x6b94…7a93; extrinsics (1): [0x8143…3bd8]]
2023-12-22 14:47:04+00:00 [//Ferdie (Consensus)] ✨ Imported #512 (0x8571…10a5)    
2023-12-22 14:47:04+00:00 [//Alice (DomainId(0))] acknowledgement_sender_stream tag="Import block #512"
2023-12-22 14:47:04+00:00 [//Alice (DomainId(0))] 📦 Claimed bundle at slot 513
2023-12-22 14:47:04+00:00 [//Alice (DomainId(0))] 🔖 Producing bundle at slot Slot(513)
2023-12-22 14:47:04+00:00 [//Alice (DomainId(0))] Submitted bundle from slot 513, extrinsics: 0    
2023-12-22 14:47:04+00:00 [//Alice (DomainId(0))] acknowledgement_sender_stream tag="New slot Slot(513)"
2023-12-22 14:47:04+00:00 [Ferdie] 🎁 Prepared block for proposing at 513 (9 ms) [hash: 0x7e6dafe7d3fb2fde1db98a77371d9a56245969f760353d4e35e16ceec4bb3d20; parent_hash: 0x8571…10a5; extrinsics (2): [0x7f88…618d, 0xc39e…b54e]]
2023-12-22 14:47:04+00:00 [//Ferdie (Consensus)] ✨ Imported #513 (0x7e6d…3d20)    
2023-12-22 14:47:04+00:00 [//Alice (DomainId(0))] ✨ Imported #257 (0xa3b3…a719)    
2023-12-22 14:47:04+00:00 [//Alice (DomainId(0))] acknowledgement_sender_stream tag="Import block #513"
2023-12-22 14:47:04+00:00 [Ferdie] 🎁 Prepared block for proposing at 514 (5 ms) [hash: 0x885f6fcbe950a0a4da294eb2d85e36aa07a4c7f5390ea3b7a742e2da80891506; parent_hash: 0x7e6d…3d20; extrinsics (1): [0xe0c1…d13b]]
2023-12-22 14:47:04+00:00 [//Ferdie (Consensus)] ✨ Imported #514 (0x885f…1506)    
2023-12-22 14:47:04+00:00 [//Alice (DomainId(0))] acknowledgement_sender_stream tag="Import block #514"
2023-12-22 14:47:04+00:00 [//Alice (DomainId(0))] 📦 Claimed bundle at slot 515
2023-12-22 14:47:04+00:00 [//Alice (DomainId(0))] 🔖 Producing bundle at slot Slot(515)
2023-12-22 14:47:05+00:00 [//Alice (DomainId(0))] Submitted bundle from slot 515, extrinsics: 0    
2023-12-22 14:47:05+00:00 [//Alice (DomainId(0))] acknowledgement_sender_stream tag="New slot Slot(515)"
2023-12-22 14:47:05+00:00 [Ferdie] 🎁 Prepared block for proposing at 515 (9 ms) [hash: 0x0840619d5889786478e0050a015ccaad4fc4b757a2edca24fc6a6d702a0f8503; parent_hash: 0x885f…1506; extrinsics (2): [0x3c53…5f88, 0xa557…fdfa]]
2023-12-22 14:47:05+00:00 [//Ferdie (Consensus)] ✨ Imported #515 (0x0840…8503)    
2023-12-22 14:47:05+00:00 [//Alice (DomainId(0))] ✨ Imported #258 (0x3992…52fa)    
2023-12-22 14:47:05+00:00 [//Alice (DomainId(0))] acknowledgement_sender_stream tag="Import block #515"
2023-12-22 14:47:05+00:00 [Ferdie] 🎁 Prepared block for proposing at 516 (5 ms) [hash: 0xa77b77faa593e7b164c1f728112a946513f7b7244a563d33392f6bf32985d243; parent_hash: 0x0840…8503; extrinsics (1): [0xac76…df2d]]
2023-12-22 14:47:05+00:00 [//Ferdie (Consensus)] ✨ Imported #516 (0xa77b…d243)    
2023-12-22 14:47:05+00:00 [//Alice (DomainId(0))] acknowledgement_sender_stream tag="Import block #516"
2023-12-22 14:47:05+00:00 [//Alice (DomainId(0))] 📦 Claimed bundle at slot 517
2023-12-22 14:47:05+00:00 [//Alice (DomainId(0))] 🔖 Producing bundle at slot Slot(517)
2023-12-22 14:47:05+00:00 [//Alice (DomainId(0))] Submitted bundle from slot 517, extrinsics: 0    
2023-12-22 14:47:05+00:00 [//Alice (DomainId(0))] acknowledgement_sender_stream tag="New slot Slot(517)"
2023-12-22 14:47:05+00:00 [Ferdie] 🎁 Prepared block for proposing at 517 (9 ms) [hash: 0x168c2c1a5e37724391cca4f31d2355b4d93146baab08b483b23d8a8072427490; parent_hash: 0xa77b…d243; extrinsics (2): [0x7956…9868, 0xde12…b63f]]
2023-12-22 14:47:05+00:00 [//Ferdie (Consensus)] ✨ Imported #517 (0x168c…7490)    
2023-12-22 14:47:05+00:00 [//Alice (DomainId(0))] ✨ Imported #259 (0xf992…b059)    
2023-12-22 14:47:05+00:00 [//Alice (DomainId(0))] acknowledgement_sender_stream tag="Import block #517"
2023-12-22 14:47:05+00:00 [Ferdie] 🎁 Prepared block for proposing at 518 (13 ms) [hash: 0x21a06727ec745303596f337c3c4a41f505f9b98ce2fa1d1ab863ebdcc30f26e4; parent_hash: 0x168c…7490; extrinsics (1): [0x7ab6…27ca]]
2023-12-22 14:47:05+00:00 [//Ferdie (Consensus)] ✨ Imported #518 (0x21a0…26e4)    
2023-12-22 14:47:05+00:00 [//Alice (DomainId(0))] acknowledgement_sender_stream tag="Import block #518"
2023-12-22 14:47:05+00:00 [//Alice (DomainId(0))] 📦 Claimed bundle at slot 519
2023-12-22 14:47:05+00:00 [//Alice (DomainId(0))] 🔖 Producing bundle at slot Slot(519)
2023-12-22 14:47:05+00:00 [//Alice (DomainId(0))] Submitted bundle from slot 519, extrinsics: 0    
2023-12-22 14:47:05+00:00 [//Alice (DomainId(0))] acknowledgement_sender_stream tag="New slot Slot(519)"
2023-12-22 14:47:05+00:00 [Ferdie] 🎁 Prepared block for proposing at 519 (9 ms) [hash: 0x99e155cbcc049dba0684bd20a5ad4ee46b4fcd41170d85047969b33d16c9e63a; parent_hash: 0x21a0…26e4; extrinsics (2): [0x2045…230c, 0xee03…6f4d]]
2023-12-22 14:47:05+00:00 [//Ferdie (Consensus)] ✨ Imported #519 (0x99e1…e63a)    
2023-12-22 14:47:05+00:00 [//Alice (DomainId(0))] ✨ Imported #260 (0x48a8…f79a)    
2023-12-22 14:47:05+00:00 [//Alice (DomainId(0))] acknowledgement_sender_stream tag="Import block #519"
2023-12-22 14:47:05+00:00 [Ferdie] 🎁 Prepared block for proposing at 520 (5 ms) [hash: 0xdcc0c734f2a2c82de5e61b0797ea9bdca7e3465f6b95929c549a7ba4e54bfd83; parent_hash: 0x99e1…e63a; extrinsics (1): [0xd550…cda0]]
2023-12-22 14:47:05+00:00 [//Ferdie (Consensus)] ✨ Imported #520 (0xdcc0…fd83)    
2023-12-22 14:47:05+00:00 [//Alice (DomainId(0))] acknowledgement_sender_stream tag="Import block #520"
2023-12-22 14:47:05+00:00 [//Alice (DomainId(0))] 📦 Claimed bundle at slot 521
2023-12-22 14:47:05+00:00 [//Alice (DomainId(0))] 🔖 Producing bundle at slot Slot(521)
2023-12-22 14:47:05+00:00 [//Alice (DomainId(0))] Submitted bundle from slot 521, extrinsics: 0    
2023-12-22 14:47:05+00:00 [//Alice (DomainId(0))] acknowledgement_sender_stream tag="New slot Slot(521)"
2023-12-22 14:47:05+00:00 [Ferdie] 🎁 Prepared block for proposing at 521 (9 ms) [hash: 0xab1db0ff32966632bb1bf2bd072f47c373300bd769edcf375d1d100c36c98e39; parent_hash: 0xdcc0…fd83; extrinsics (2): [0x9f5d…2c0a, 0xd325…251f]]
2023-12-22 14:47:05+00:00 [//Ferdie (Consensus)] ✨ Imported #521 (0xab1d…8e39)    
2023-12-22 14:47:05+00:00 [//Alice (DomainId(0))] ✨ Imported #261 (0x90eb…2773)    
2023-12-22 14:47:05+00:00 [//Alice (DomainId(0))] acknowledgement_sender_stream tag="Import block #521"
2023-12-22 14:47:05+00:00 [Ferdie] 🎁 Prepared block for proposing at 522 (5 ms) [hash: 0xdeffd20ebe4259bc6aef8a589a077cfa869592ccb790b58c0484429216aa83a8; parent_hash: 0xab1d…8e39; extrinsics (1): [0xc5b2…0052]]
2023-12-22 14:47:05+00:00 [//Ferdie (Consensus)] ✨ Imported #522 (0xdeff…83a8)    
2023-12-22 14:47:05+00:00 [//Alice (DomainId(0))] acknowledgement_sender_stream tag="Import block #522"
2023-12-22 14:47:05+00:00 [//Alice (DomainId(0))] 📦 Claimed bundle at slot 523
2023-12-22 14:47:05+00:00 [//Alice (DomainId(0))] 🔖 Producing bundle at slot Slot(523)
2023-12-22 14:47:05+00:00 [//Alice (DomainId(0))] Submitted bundle from slot 523, extrinsics: 0    
2023-12-22 14:47:05+00:00 [//Alice (DomainId(0))] acknowledgement_sender_stream tag="New slot Slot(523)"
2023-12-22 14:47:05+00:00 [Ferdie] 🎁 Prepared block for proposing at 523 (9 ms) [hash: 0x727abfb9e370b73e6b08883f883807d72e85c624a6c63b65a6296a050e52d23a; parent_hash: 0xdeff…83a8; extrinsics (2): [0xedc9…3668, 0x3ef5…df16]]
2023-12-22 14:47:05+00:00 [//Ferdie (Consensus)] ✨ Imported #523 (0x727a…d23a)    
2023-12-22 14:47:05+00:00 [//Alice (DomainId(0))] ✨ Imported #262 (0x1de2…42d6)    
2023-12-22 14:47:06+00:00 [//Alice (DomainId(0))] acknowledgement_sender_stream tag="Import block #523"
2023-12-22 14:47:06+00:00 [Ferdie] 🎁 Prepared block for proposing at 524 (5 ms) [hash: 0xb84d6653e525ced3878a6dcf949d08dccbf21f6eec890f8a4401749b18fc9dca; parent_hash: 0x727a…d23a; extrinsics (1): [0x829f…1fa9]]
2023-12-22 14:47:06+00:00 [//Ferdie (Consensus)] ✨ Imported #524 (0xb84d…9dca)    
2023-12-22 14:47:06+00:00 [//Alice (DomainId(0))] acknowledgement_sender_stream tag="Import block #524"
2023-12-22 14:47:06+00:00 [//Alice (DomainId(0))] 📦 Claimed bundle at slot 525
2023-12-22 14:47:06+00:00 [//Alice (DomainId(0))] 🔖 Producing bundle at slot Slot(525)
2023-12-22 14:47:06+00:00 [//Alice (DomainId(0))] Submitted bundle from slot 525, extrinsics: 0    
2023-12-22 14:47:06+00:00 [//Alice (DomainId(0))] acknowledgement_sender_stream tag="New slot Slot(525)"
2023-12-22 14:47:06+00:00 [Ferdie] 🎁 Prepared block for proposing at 525 (9 ms) [hash: 0x1624f04cca92c779f037a1c3754e61e19b6caf70f254569b636a115e20a375bb; parent_hash: 0xb84d…9dca; extrinsics (2): [0x0d64…00d4, 0x2d9a…f54c]]
2023-12-22 14:47:06+00:00 [//Ferdie (Consensus)] ✨ Imported #525 (0x1624…75bb)    
2023-12-22 14:47:07+00:00 [//Alice (DomainId(0))] ✨ Imported #263 (0xfd09…5e21)    
2023-12-22 14:47:07+00:00 [//Alice (DomainId(0))] Slow domain block execution, took 418ms consensus_block_info=(0x1624f04cca92c779f037a1c3754e61e19b6caf70f254569b636a115e20a375bb, 525) built_block_info=(0xfd099e67625721d52fe9fceca2efbedbf46e26401771899fffb61b9c69705e21, 263) reference_block_execution_duration_ms=1
2023-12-22 14:47:07+00:00 [//Alice (DomainId(0))] acknowledgement_sender_stream tag="Import block #525"
2023-12-22 14:47:07+00:00 [Ferdie] 🎁 Prepared block for proposing at 526 (5 ms) [hash: 0x3a0f331daaedd460daa438e951ff3262822721be78e1c3fee916899c8113fc2c; parent_hash: 0x1624…75bb; extrinsics (1): [0x0ebd…9bd3]]
2023-12-22 14:47:07+00:00 [//Ferdie (Consensus)] ✨ Imported #526 (0x3a0f…fc2c)    
2023-12-22 14:47:07+00:00 [//Alice (DomainId(0))] acknowledgement_sender_stream tag="Import block #526"
2023-12-22 14:47:07+00:00 [//Alice (DomainId(0))] 📦 Claimed bundle at slot 527
2023-12-22 14:47:08+00:00 [//Alice (DomainId(0))] 🔖 Producing bundle at slot Slot(527)
2023-12-22 14:47:08+00:00 [//Alice (DomainId(0))] Submitted bundle from slot 527, extrinsics: 0    
2023-12-22 14:47:08+00:00 [//Alice (DomainId(0))] acknowledgement_sender_stream tag="New slot Slot(527)"
2023-12-22 14:47:08+00:00 [Ferdie] 🎁 Prepared block for proposing at 527 (9 ms) [hash: 0xa6a6d307d9e90121d81f034241f4a961e97b38682648037bd9959320d9d5d857; parent_hash: 0x3a0f…fc2c; extrinsics (2): [0xa7a1…2b64, 0x6f45…c9ad]]
2023-12-22 14:47:08+00:00 [//Ferdie (Consensus)] ✨ Imported #527 (0xa6a6…d857)    
2023-12-22 14:47:08+00:00 [//Alice (DomainId(0))] ✨ Imported #264 (0xe493…e334)    
2023-12-22 14:47:08+00:00 [//Alice (DomainId(0))] acknowledgement_sender_stream tag="Import block #527"
2023-12-22 14:47:08+00:00 [Ferdie] 🎁 Prepared block for proposing at 528 (5 ms) [hash: 0x448cf978070096482ab2449437b388a575d1523c054b0db3244b68514b3df081; parent_hash: 0xa6a6…d857; extrinsics (1): [0x515d…2c04]]
2023-12-22 14:47:08+00:00 [//Ferdie (Consensus)] ✨ Imported #528 (0x448c…f081)    
2023-12-22 14:47:08+00:00 [//Alice (DomainId(0))] acknowledgement_sender_stream tag="Import block #528"
2023-12-22 14:47:08+00:00 [//Alice (DomainId(0))] 📦 Claimed bundle at slot 529
2023-12-22 14:47:08+00:00 [//Alice (DomainId(0))] 🔖 Producing bundle at slot Slot(529)
2023-12-22 14:47:08+00:00 [//Alice (DomainId(0))] Submitted bundle from slot 529, extrinsics: 0    
2023-12-22 14:47:08+00:00 [//Alice (DomainId(0))] acknowledgement_sender_stream tag="New slot Slot(529)"
2023-12-22 14:47:08+00:00 [Ferdie] 🎁 Prepared block for proposing at 529 (8 ms) [hash: 0x374ea47f17f10377b94b4fe084551eea612c6ebee104b43ce590afe0b79574fd; parent_hash: 0x448c…f081; extrinsics (2): [0x4a29…b413, 0x8ad0…cbdb]]
2023-12-22 14:47:08+00:00 [//Ferdie (Consensus)] ✨ Imported #529 (0x374e…74fd)    
2023-12-22 14:47:08+00:00 [//Alice (DomainId(0))] ✨ Imported #265 (0x2dcc…ee0a)    
2023-12-22 14:47:08+00:00 [//Alice (DomainId(0))] acknowledgement_sender_stream tag="Import block #529"
2023-12-22 14:47:08+00:00 [Ferdie] 🎁 Prepared block for proposing at 530 (5 ms) [hash: 0x182ddbc188d0237144fc97a9644dd08f6b1b844847b0229e590e5cf3d16cddc4; parent_hash: 0x374e…74fd; extrinsics (1): [0x4868…c351]]
2023-12-22 14:47:08+00:00 [//Ferdie (Consensus)] ✨ Imported #530 (0x182d…ddc4)    
2023-12-22 14:47:08+00:00 [//Alice (DomainId(0))] acknowledgement_sender_stream tag="Import block #530"
2023-12-22 14:47:08+00:00 [//Alice (DomainId(0))] 📦 Claimed bundle at slot 531
2023-12-22 14:47:08+00:00 [//Alice (DomainId(0))] 🔖 Producing bundle at slot Slot(531)
2023-12-22 14:47:08+00:00 [//Alice (DomainId(0))] Submitted bundle from slot 531, extrinsics: 0    
2023-12-22 14:47:08+00:00 [//Alice (DomainId(0))] acknowledgement_sender_stream tag="New slot Slot(531)"
2023-12-22 14:47:08+00:00 [Ferdie] 🎁 Prepared block for proposing at 531 (9 ms) [hash: 0xa371a1007dada2804f7ab940ca0aff8843c4ea2d6339224cf19d530791f2906f; parent_hash: 0x182d…ddc4; extrinsics (2): [0xbd00…705e, 0xf667…20ca]]
2023-12-22 14:47:08+00:00 [//Ferdie (Consensus)] ✨ Imported #531 (0xa371…906f)    
2023-12-22 14:47:08+00:00 [//Alice (DomainId(0))] ✨ Imported #266 (0x3e67…7a74)    
2023-12-22 14:47:08+00:00 [//Alice (DomainId(0))] acknowledgement_sender_stream tag="Import block #531"
2023-12-22 14:47:08+00:00 [Ferdie] 🎁 Prepared block for proposing at 532 (5 ms) [hash: 0x1c7e28fa17a591f1d50c2641731313aa753079a3f6b8303a6274de71592d78a6; parent_hash: 0xa371…906f; extrinsics (1): [0x3cf5…0ca0]]
2023-12-22 14:47:08+00:00 [//Ferdie (Consensus)] ✨ Imported #532 (0x1c7e…78a6)    
2023-12-22 14:47:08+00:00 [//Alice (DomainId(0))] acknowledgement_sender_stream tag="Import block #532"
2023-12-22 14:47:08+00:00 [//Alice (DomainId(0))] 📦 Claimed bundle at slot 533
2023-12-22 14:47:08+00:00 [//Alice (DomainId(0))] 🔖 Producing bundle at slot Slot(533)
2023-12-22 14:47:08+00:00 [//Alice (DomainId(0))] Submitted bundle from slot 533, extrinsics: 0    
2023-12-22 14:47:08+00:00 [//Alice (DomainId(0))] acknowledgement_sender_stream tag="New slot Slot(533)"
2023-12-22 14:47:08+00:00 [Ferdie] 🎁 Prepared block for proposing at 533 (10 ms) [hash: 0xdf12000424ce7d8e37d1c3e5ffefe4384d69dfbca0e84a92a2cd45f0cb9c7a02; parent_hash: 0x1c7e…78a6; extrinsics (2): [0x365f…5a03, 0x5dfc…ccf0]]
2023-12-22 14:47:08+00:00 [//Ferdie (Consensus)] ✨ Imported #533 (0xdf12…7a02)    
2023-12-22 14:47:08+00:00 [//Alice (DomainId(0))] ✨ Imported #267 (0x8d7a…ff4a)    
2023-12-22 14:47:08+00:00 [//Alice (DomainId(0))] acknowledgement_sender_stream tag="Import block #533"












2023-12-22 14:47:08+00:00 [Ferdie] 🎁 Prepared block for proposing at 534 (5 ms) [hash: 0x36e3513232e7856c4f30838882bfe137c19a74b7bf64be81fb162639beef834d; parent_hash: 0xdf12…7a02; extrinsics (1): [0x0b3e…068d]]
2023-12-22 14:47:08+00:00 [//Ferdie (Consensus)] ✨ Imported #534 (0x36e3…834d)    
2023-12-22 14:47:08+00:00 [//Alice (DomainId(0))] acknowledgement_sender_stream tag="Import block #534"
2023-12-22 14:47:08+00:00 [//Alice (DomainId(0))] 📦 Claimed bundle at slot 535
2023-12-22 14:47:08+00:00 [//Alice (DomainId(0))] 🔖 Producing bundle at slot Slot(535)
2023-12-22 14:47:08+00:00 [//Alice (DomainId(0))] Submitted bundle from slot 535, extrinsics: 0    
2023-12-22 14:47:08+00:00 [//Alice (DomainId(0))] acknowledgement_sender_stream tag="New slot Slot(535)"
2023-12-22 14:47:08+00:00 [Ferdie] 🎁 Prepared block for proposing at 535 (9 ms) [hash: 0x8f651cb02a8b9f52e90f40d282b67c3c7ca73e4c735362f7de4f984779ed958b; parent_hash: 0x36e3…834d; extrinsics (2): [0x27ab…0f6a, 0xea32…86cc]]
2023-12-22 14:47:08+00:00 [//Ferdie (Consensus)] ✨ Imported #535 (0x8f65…958b)    
2023-12-22 14:47:08+00:00 [//Alice (DomainId(0))] ✨ Imported #268 (0x5deb…2738)    
2023-12-22 14:47:08+00:00 [//Alice (DomainId(0))] acknowledgement_sender_stream tag="Import block #535"
2023-12-22 14:47:08+00:00 [Ferdie] 🎁 Prepared block for proposing at 536 (5 ms) [hash: 0xf6274f047258f201e3943968ad8b1b2970c2d3da1e87e73afcbd006be9a9f475; parent_hash: 0x8f65…958b; extrinsics (1): [0x5ddb…b8f4]]
2023-12-22 14:47:08+00:00 [//Ferdie (Consensus)] ✨ Imported #536 (0xf627…f475)    
2023-12-22 14:47:08+00:00 [//Alice (DomainId(0))] 💤 Idle (0 peers), best: #268 (0x5deb…2738), finalized #0 (0x7aea…1834), ⬇ 0 ⬆ 0    
2023-12-22 14:47:09+00:00 [//Alice (DomainId(0))] acknowledgement_sender_stream tag="Import block #536"
2023-12-22 14:47:09+00:00 [//Alice (DomainId(0))] acknowledgement_sender_stream tag="New slot Slot(537)"
2023-12-22 14:47:09+00:00 [Ferdie] 🎁 Prepared block for proposing at 537 (7 ms) [hash: 0xe4ba36ce81e2129a4b819f998829be2b6fb42aa449652643ba56e356af968fc2; parent_hash: 0xf627…f475; extrinsics (1): [0x7335…1c31]]
2023-12-22 14:47:09+00:00 [//Ferdie (Consensus)] ✨ Imported #537 (0xe4ba…8fc2)    
2023-12-22 14:47:09+00:00 [//Alice (DomainId(0))] 📦 Claimed bundle at slot 537
2023-12-22 14:47:09+00:00 [//Alice (DomainId(0))] 🔖 Producing bundle at slot Slot(537)
2023-12-22 14:47:09+00:00 [//Alice (DomainId(0))] Submitted bundle from slot 537, extrinsics: 0    
2023-12-22 14:47:09+00:00 [//Alice (DomainId(0))] acknowledgement_sender_stream tag="Import block #537"
2023-12-22 14:47:09+00:00 [Ferdie] 🎁 Prepared block for proposing at 538 (5 ms) [hash: 0x66c58c05a13ecc25563d56d6332713f3dc98efb0ca3dfe61f88f1fbd3bb2c5e6; parent_hash: 0xe4ba…8fc2; extrinsics (1): [0x9763…6c53]]
2023-12-22 14:47:09+00:00 [//Ferdie (Consensus)] ✨ Imported #538 (0x66c5…c5e6)    
2023-12-22 14:47:10+00:00 [//Alice (DomainId(0))] acknowledgement_sender_stream tag="Import block #538"
2023-12-22 14:47:10+00:00 [//Alice (DomainId(0))] 📦 Claimed bundle at slot 539
2023-12-22 14:47:10+00:00 [//Alice (DomainId(0))] 🔖 Producing bundle at slot Slot(539)
2023-12-22 14:47:10+00:00 [//Alice (DomainId(0))] Submitted bundle from slot 539, extrinsics: 0    
2023-12-22 14:47:10+00:00 [//Alice (DomainId(0))] acknowledgement_sender_stream tag="New slot Slot(539)"
2023-12-22 14:47:10+00:00 [Ferdie] 🎁 Prepared block for proposing at 539 (14 ms) [hash: 0x07792a322d31a645d341a70fa145e79c6fb4b8bc009fdf8c2aa7dc4f9a0127a4; parent_hash: 0x66c5…c5e6; extrinsics (3): [0xae53…7e9d, 0xfc4c…5ca2, 0x515f…19b9]]
2023-12-22 14:47:10+00:00 [//Ferdie (Consensus)] ✨ Imported #539 (0x0779…27a4)    
2023-12-22 14:47:10+00:00 [//Alice (DomainId(0))] acknowledgement_sender_stream tag="Import block #539"
2023-12-22 14:47:10+00:00 [//Alice (DomainId(0))] ✨ Imported #269 (0xb64e…ac61)    
2023-12-22 14:47:10+00:00 [Ferdie] 🎁 Prepared block for proposing at 540 (5 ms) [hash: 0x8aeeaa4f2be7ba70f5f004e568e9a3af30e5de2db98efacc4001cad9453f429f; parent_hash: 0x0779…27a4; extrinsics (1): [0xac1b…3529]]
2023-12-22 14:47:10+00:00 [//Ferdie (Consensus)] ✨ Imported #540 (0x8aee…429f)    
2023-12-22 14:47:10+00:00 [//Alice (DomainId(0))] acknowledgement_sender_stream tag="Import block #540"
2023-12-22 14:47:10+00:00 [//Alice (DomainId(0))] 📦 Claimed bundle at slot 541
2023-12-22 14:47:10+00:00 [//Alice (DomainId(0))] 🔖 Producing bundle at slot Slot(541)
2023-12-22 14:47:10+00:00 [//Alice (DomainId(0))] Submitted bundle from slot 541, extrinsics: 0    
2023-12-22 14:47:10+00:00 [//Alice (DomainId(0))] acknowledgement_sender_stream tag="New slot Slot(541)"
2023-12-22 14:47:10+00:00 [Ferdie] 🎁 Prepared block for proposing at 541 (9 ms) [hash: 0xefaab17bb143a7abcd41769ef389379a0cd923e5326b609df42de478f92269c0; parent_hash: 0x8aee…429f; extrinsics (2): [0xc09c…0a97, 0x0b5b…6993]]
2023-12-22 14:47:10+00:00 [//Ferdie (Consensus)] ✨ Imported #541 (0xefaa…69c0)    
2023-12-22 14:47:10+00:00 [//Alice (DomainId(0))] ✨ Imported #270 (0x345a…6e3e)    
2023-12-22 14:47:10+00:00 [//Alice (DomainId(0))] acknowledgement_sender_stream tag="Import block #541"
2023-12-22 14:47:10+00:00 [Ferdie] 🎁 Prepared block for proposing at 542 (5 ms) [hash: 0xd44c2a20d2b3722ad3f05a8c6f44050e40ec1d7d8b1ba4018de6e5833c979167; parent_hash: 0xefaa…69c0; extrinsics (1): [0x1fb2…887e]]
2023-12-22 14:47:10+00:00 [//Ferdie (Consensus)] ✨ Imported #542 (0xd44c…9167)    
2023-12-22 14:47:10+00:00 [//Alice (DomainId(0))] acknowledgement_sender_stream tag="Import block #542"
2023-12-22 14:47:10+00:00 [//Alice (DomainId(0))] 📦 Claimed bundle at slot 543
2023-12-22 14:47:10+00:00 [//Alice (DomainId(0))] 🔖 Producing bundle at slot Slot(543)
2023-12-22 14:47:10+00:00 [//Alice (DomainId(0))] Submitted bundle from slot 543, extrinsics: 0    
2023-12-22 14:47:10+00:00 [//Alice (DomainId(0))] acknowledgement_sender_stream tag="New slot Slot(543)"
2023-12-22 14:47:10+00:00 [Ferdie] 🎁 Prepared block for proposing at 543 (9 ms) [hash: 0x926cae1e177a1c2b23c62dd751061e2d8beb5e136328c55e5e0c3f61a912415e; parent_hash: 0xd44c…9167; extrinsics (2): [0xe826…0fd4, 0x9c87…0dcd]]
2023-12-22 14:47:10+00:00 [//Ferdie (Consensus)] ✨ Imported #543 (0x926c…415e)    
2023-12-22 14:47:10+00:00 [//Alice (DomainId(0))] ✨ Imported #271 (0x46f5…6b33)    
2023-12-22 14:47:10+00:00 [//Alice (DomainId(0))] acknowledgement_sender_stream tag="Import block #543"
2023-12-22 14:47:10+00:00 [Ferdie] 🎁 Prepared block for proposing at 544 (5 ms) [hash: 0xda892b8232f7bb76a13fdf9e57bc7fbec89bd996be20c6f7e2ecfbad3306608b; parent_hash: 0x926c…415e; extrinsics (1): [0x1de6…5db7]]
2023-12-22 14:47:10+00:00 [//Ferdie (Consensus)] ✨ Imported #544 (0xda89…608b)    
2023-12-22 14:47:10+00:00 [//Alice (DomainId(0))] acknowledgement_sender_stream tag="Import block #544"
2023-12-22 14:47:10+00:00 [//Alice (DomainId(0))] 📦 Claimed bundle at slot 545
2023-12-22 14:47:10+00:00 [//Alice (DomainId(0))] 🔖 Producing bundle at slot Slot(545)
2023-12-22 14:47:10+00:00 [//Alice (DomainId(0))] Submitted bundle from slot 545, extrinsics: 0    
2023-12-22 14:47:10+00:00 [//Alice (DomainId(0))] acknowledgement_sender_stream tag="New slot Slot(545)"
2023-12-22 14:47:10+00:00 [Ferdie] 🎁 Prepared block for proposing at 545 (9 ms) [hash: 0xcdf3e33083a735a46544a1d1764139ae79be1fcca37507ddee1b2a62c3926129; parent_hash: 0xda89…608b; extrinsics (2): [0x8eec…ef53, 0xd421…2234]]
2023-12-22 14:47:10+00:00 [//Ferdie (Consensus)] ✨ Imported #545 (0xcdf3…6129)    
2023-12-22 14:47:10+00:00 [//Alice (DomainId(0))] ✨ Imported #272 (0xdbe2…d7c5)    
2023-12-22 14:47:10+00:00 [//Alice (DomainId(0))] acknowledgement_sender_stream tag="Import block #545"
2023-12-22 14:47:10+00:00 [Ferdie] 🎁 Prepared block for proposing at 546 (5 ms) [hash: 0x0972476e0e8da9e8957ef5383c5db4f191fe51e7f8e284d19228e86780cde133; parent_hash: 0xcdf3…6129; extrinsics (1): [0x4d60…1ad3]]
2023-12-22 14:47:10+00:00 [//Ferdie (Consensus)] ✨ Imported #546 (0x0972…e133)    
2023-12-22 14:47:10+00:00 [//Alice (DomainId(0))] acknowledgement_sender_stream tag="Import block #546"
2023-12-22 14:47:10+00:00 [//Alice (DomainId(0))] 📦 Claimed bundle at slot 547
2023-12-22 14:47:10+00:00 [//Alice (DomainId(0))] 🔖 Producing bundle at slot Slot(547)
2023-12-22 14:47:10+00:00 [//Alice (DomainId(0))] Submitted bundle from slot 547, extrinsics: 0    
2023-12-22 14:47:10+00:00 [//Alice (DomainId(0))] acknowledgement_sender_stream tag="New slot Slot(547)"
2023-12-22 14:47:10+00:00 [Ferdie] 🎁 Prepared block for proposing at 547 (9 ms) [hash: 0x3012cd744ada677421f535a1ad1c1bb24a956260b81cafbe6c1eff66f42fa528; parent_hash: 0x0972…e133; extrinsics (2): [0xcb53…4987, 0x07bc…5fe7]]
2023-12-22 14:47:10+00:00 [//Ferdie (Consensus)] ✨ Imported #547 (0x3012…a528)    
2023-12-22 14:47:10+00:00 [//Alice (DomainId(0))] ✨ Imported #273 (0x3bfd…94ec)    
2023-12-22 14:47:10+00:00 [//Alice (DomainId(0))] acknowledgement_sender_stream tag="Import block #547"
2023-12-22 14:47:10+00:00 [Ferdie] 🎁 Prepared block for proposing at 548 (5 ms) [hash: 0x1909c94e3d10e78fe7e53d679eefbad7d9fc7fac9123ef3c448d4beee55160a1; parent_hash: 0x3012…a528; extrinsics (1): [0xd581…5cd9]]
2023-12-22 14:47:10+00:00 [//Ferdie (Consensus)] ✨ Imported #548 (0x1909…60a1)    
2023-12-22 14:47:10+00:00 [//Alice (DomainId(0))] acknowledgement_sender_stream tag="Import block #548"
2023-12-22 14:47:10+00:00 [//Alice (DomainId(0))] 📦 Claimed bundle at slot 549
2023-12-22 14:47:10+00:00 [//Alice (DomainId(0))] 🔖 Producing bundle at slot Slot(549)
2023-12-22 14:47:11+00:00 [//Alice (DomainId(0))] Submitted bundle from slot 549, extrinsics: 0    
2023-12-22 14:47:11+00:00 [//Alice (DomainId(0))] acknowledgement_sender_stream tag="New slot Slot(549)"
2023-12-22 14:47:11+00:00 [Ferdie] 🎁 Prepared block for proposing at 549 (9 ms) [hash: 0x54e7509818e64ba35a06e2442ce00d144cdb31070ce56f4126e4bc84288f1e53; parent_hash: 0x1909…60a1; extrinsics (2): [0x9130…25fb, 0x8400…88e1]]
2023-12-22 14:47:11+00:00 [//Ferdie (Consensus)] ✨ Imported #549 (0x54e7…1e53)    
2023-12-22 14:47:11+00:00 [//Alice (DomainId(0))] ✨ Imported #274 (0x91be…534a)    
2023-12-22 14:47:11+00:00 [//Alice (DomainId(0))] Slow post domain block execution, took 387ms consensus_block_info=(0x54e7509818e64ba35a06e2442ce00d144cdb31070ce56f4126e4bc84288f1e53, 549) built_block_info=(0x91be7b41ddd628bc13fcc8dc5ddb5344ab940beddeb744082d49ada39d2c534a, 274)
2023-12-22 14:47:11+00:00 [//Alice (DomainId(0))] acknowledgement_sender_stream tag="Import block #549"
2023-12-22 14:47:11+00:00 [Ferdie] 🎁 Prepared block for proposing at 550 (5 ms) [hash: 0xdac6d3ddfd9796b1b4735f80e4cb5d56ca7943d692412668f8f6406a04692846; parent_hash: 0x54e7…1e53; extrinsics (1): [0xee10…7249]]
2023-12-22 14:47:11+00:00 [//Ferdie (Consensus)] ✨ Imported #550 (0xdac6…2846)    
2023-12-22 14:47:12+00:00 [//Alice (DomainId(0))] acknowledgement_sender_stream tag="Import block #550"
2023-12-22 14:47:12+00:00 [//Alice (DomainId(0))] 📦 Claimed bundle at slot 551
2023-12-22 14:47:12+00:00 [//Alice (DomainId(0))] 🔖 Producing bundle at slot Slot(551)
2023-12-22 14:47:12+00:00 [//Alice (DomainId(0))] Submitted bundle from slot 551, extrinsics: 0    
2023-12-22 14:47:12+00:00 [//Alice (DomainId(0))] acknowledgement_sender_stream tag="New slot Slot(551)"
2023-12-22 14:47:12+00:00 [Ferdie] 🎁 Prepared block for proposing at 551 (9 ms) [hash: 0x6fd77cf954c2e3a1608ff32d2b73d6c418658005c610aa6bd0d381125f615fb4; parent_hash: 0xdac6…2846; extrinsics (2): [0x4331…ef0d, 0xf61c…f25c]]
2023-12-22 14:47:12+00:00 [//Ferdie (Consensus)] ✨ Imported #551 (0x6fd7…5fb4)    
2023-12-22 14:47:12+00:00 [//Alice (DomainId(0))] ✨ Imported #275 (0xade3…df6f)    
2023-12-22 14:47:12+00:00 [//Alice (DomainId(0))] acknowledgement_sender_stream tag="Import block #551"
2023-12-22 14:47:12+00:00 [Ferdie] 🎁 Prepared block for proposing at 552 (5 ms) [hash: 0x5655a954fc78e7607291d0aced046e6c98ca64f234c96a2a81005158fb3ca2ef; parent_hash: 0x6fd7…5fb4; extrinsics (1): [0xf1a9…2a34]]
2023-12-22 14:47:12+00:00 [//Ferdie (Consensus)] ✨ Imported #552 (0x5655…a2ef)    
2023-12-22 14:47:12+00:00 [//Alice (DomainId(0))] acknowledgement_sender_stream tag="Import block #552"
2023-12-22 14:47:12+00:00 [//Alice (DomainId(0))] 📦 Claimed bundle at slot 553
2023-12-22 14:47:12+00:00 [//Alice (DomainId(0))] 🔖 Producing bundle at slot Slot(553)
2023-12-22 14:47:12+00:00 [//Alice (DomainId(0))] Submitted bundle from slot 553, extrinsics: 0    
2023-12-22 14:47:12+00:00 [//Alice (DomainId(0))] acknowledgement_sender_stream tag="New slot Slot(553)"
2023-12-22 14:47:12+00:00 [Ferdie] 🎁 Prepared block for proposing at 553 (9 ms) [hash: 0x61e198737000094e5b76380bc61210722c715c6fccac72bcf2520dc97f9408a7; parent_hash: 0x5655…a2ef; extrinsics (2): [0xb827…dd57, 0x9bc0…3987]]
2023-12-22 14:47:12+00:00 [//Ferdie (Consensus)] ✨ Imported #553 (0x61e1…08a7)    
2023-12-22 14:47:12+00:00 [//Alice (DomainId(0))] ✨ Imported #276 (0x33e0…1213)    
2023-12-22 14:47:12+00:00 [//Alice (DomainId(0))] acknowledgement_sender_stream tag="Import block #553"
2023-12-22 14:47:12+00:00 [Ferdie] 🎁 Prepared block for proposing at 554 (5 ms) [hash: 0x1a2e2c2c23a1c710512ef41452100ccf6647cf4292dae4be63bb936b54e8613f; parent_hash: 0x61e1…08a7; extrinsics (1): [0x8d3b…98c6]]
2023-12-22 14:47:12+00:00 [//Ferdie (Consensus)] ✨ Imported #554 (0x1a2e…613f)    
2023-12-22 14:47:12+00:00 [//Alice (DomainId(0))] acknowledgement_sender_stream tag="Import block #554"
2023-12-22 14:47:12+00:00 [//Alice (DomainId(0))] 📦 Claimed bundle at slot 555
2023-12-22 14:47:12+00:00 [//Alice (DomainId(0))] 🔖 Producing bundle at slot Slot(555)
2023-12-22 14:47:12+00:00 [//Alice (DomainId(0))] Submitted bundle from slot 555, extrinsics: 0    
2023-12-22 14:47:12+00:00 [//Alice (DomainId(0))] acknowledgement_sender_stream tag="New slot Slot(555)"
2023-12-22 14:47:12+00:00 [Ferdie] 🎁 Prepared block for proposing at 555 (9 ms) [hash: 0x7fd2c7ebad06c3c2a6396028cbcd1c99a81e9d0a879329622795e12c36454173; parent_hash: 0x1a2e…613f; extrinsics (2): [0xa6b6…524a, 0x804f…3f2e]]
2023-12-22 14:47:12+00:00 [//Ferdie (Consensus)] ✨ Imported #555 (0x7fd2…4173)    
2023-12-22 14:47:12+00:00 [//Alice (DomainId(0))] ✨ Imported #277 (0xe2a7…1fb0)    
2023-12-22 14:47:12+00:00 [//Alice (DomainId(0))] acknowledgement_sender_stream tag="Import block #555"
2023-12-22 14:47:12+00:00 [Ferdie] 🎁 Prepared block for proposing at 556 (5 ms) [hash: 0x14dd77b3ba405d670396b78707ffffa69ece48a8f7e53af7ca8dd5f907faf875; parent_hash: 0x7fd2…4173; extrinsics (1): [0xb2cf…1ee8]]
2023-12-22 14:47:12+00:00 [//Ferdie (Consensus)] ✨ Imported #556 (0x14dd…f875)    
2023-12-22 14:47:12+00:00 [//Alice (DomainId(0))] acknowledgement_sender_stream tag="Import block #556"
2023-12-22 14:47:12+00:00 [//Alice (DomainId(0))] 📦 Claimed bundle at slot 557
2023-12-22 14:47:12+00:00 [//Alice (DomainId(0))] 🔖 Producing bundle at slot Slot(557)
2023-12-22 14:47:12+00:00 [//Alice (DomainId(0))] Submitted bundle from slot 557, extrinsics: 0    
2023-12-22 14:47:12+00:00 [//Alice (DomainId(0))] acknowledgement_sender_stream tag="New slot Slot(557)"
2023-12-22 14:47:12+00:00 [Ferdie] 🎁 Prepared block for proposing at 557 (9 ms) [hash: 0x0991e8f4cb0a29614d5369c1394afbb419bb289b4e3558860f86b51335b46000; parent_hash: 0x14dd…f875; extrinsics (2): [0x3790…c58e, 0x72ca…9786]]
2023-12-22 14:47:12+00:00 [//Ferdie (Consensus)] ✨ Imported #557 (0x0991…6000)    
2023-12-22 14:47:12+00:00 [//Alice (DomainId(0))] ✨ Imported #278 (0x393f…db46)    
2023-12-22 14:47:12+00:00 [//Alice (DomainId(0))] acknowledgement_sender_stream tag="Import block #557"
2023-12-22 14:47:12+00:00 [Ferdie] 🎁 Prepared block for proposing at 558 (5 ms) [hash: 0x451d9a15544b711afc1e79132963b8d504aad6d701d229e6488a584846acecb7; parent_hash: 0x0991…6000; extrinsics (1): [0xd391…df16]]
2023-12-22 14:47:12+00:00 [//Ferdie (Consensus)] ✨ Imported #558 (0x451d…ecb7)    
2023-12-22 14:47:12+00:00 [//Alice (DomainId(0))] acknowledgement_sender_stream tag="Import block #558"
2023-12-22 14:47:12+00:00 [//Alice (DomainId(0))] 📦 Claimed bundle at slot 559
2023-12-22 14:47:12+00:00 [//Alice (DomainId(0))] 🔖 Producing bundle at slot Slot(559)
2023-12-22 14:47:12+00:00 [//Alice (DomainId(0))] Submitted bundle from slot 559, extrinsics: 0    
2023-12-22 14:47:12+00:00 [//Alice (DomainId(0))] acknowledgement_sender_stream tag="New slot Slot(559)"
2023-12-22 14:47:12+00:00 [Ferdie] 🎁 Prepared block for proposing at 559 (9 ms) [hash: 0x18ea79550ea65cc5f4e6af53aeb9410e9c2538bed0a7bc8032efbd925d1e54a4; parent_hash: 0x451d…ecb7; extrinsics (2): [0x2260…e356, 0x378f…86da]]
2023-12-22 14:47:12+00:00 [//Ferdie (Consensus)] ✨ Imported #559 (0x18ea…54a4)    
2023-12-22 14:47:12+00:00 [//Alice (DomainId(0))] ✨ Imported #279 (0x8622…9f37)    
2023-12-22 14:47:12+00:00 [//Alice (DomainId(0))] acknowledgement_sender_stream tag="Import block #559"
2023-12-22 14:47:12+00:00 [Ferdie] 🎁 Prepared block for proposing at 560 (5 ms) [hash: 0xef16fba4041afb93d194470fea326ca91265f9f8a40668d6015e487181c20b06; parent_hash: 0x18ea…54a4; extrinsics (1): [0x5f34…4e12]]
2023-12-22 14:47:12+00:00 [//Ferdie (Consensus)] ✨ Imported #560 (0xef16…0b06)    
2023-12-22 14:47:12+00:00 [//Alice (DomainId(0))] acknowledgement_sender_stream tag="Import block #560"
2023-12-22 14:47:12+00:00 [//Alice (DomainId(0))] 📦 Claimed bundle at slot 561
2023-12-22 14:47:12+00:00 [//Alice (DomainId(0))] 🔖 Producing bundle at slot Slot(561)
2023-12-22 14:47:12+00:00 [//Alice (DomainId(0))] Submitted bundle from slot 561, extrinsics: 0    
2023-12-22 14:47:12+00:00 [//Alice (DomainId(0))] acknowledgement_sender_stream tag="New slot Slot(561)"
2023-12-22 14:47:12+00:00 [Ferdie] 🎁 Prepared block for proposing at 561 (9 ms) [hash: 0xb9aec06c8fe175d28292af91cc994664ca8c7d2712b1ec7d2f79a314893ab42e; parent_hash: 0xef16…0b06; extrinsics (2): [0xb448…e7b0, 0x8fd8…9791]]
2023-12-22 14:47:12+00:00 [//Ferdie (Consensus)] ✨ Imported #561 (0xb9ae…b42e)    
2023-12-22 14:47:12+00:00 [//Alice (DomainId(0))] ✨ Imported #280 (0x6e2b…a734)    
2023-12-22 14:47:12+00:00 [//Alice (DomainId(0))] acknowledgement_sender_stream tag="Import block #561"
2023-12-22 14:47:12+00:00 [Ferdie] 🎁 Prepared block for proposing at 562 (6 ms) [hash: 0x43cf7ff0a7942cccb702f726ccd021094f49dd7c28c0c8352c9bb225bd917664; parent_hash: 0xb9ae…b42e; extrinsics (1): [0x3fdc…8ac7]]
2023-12-22 14:47:12+00:00 [//Ferdie (Consensus)] ✨ Imported #562 (0x43cf…7664)    
2023-12-22 14:47:12+00:00 [//Alice (DomainId(0))] acknowledgement_sender_stream tag="Import block #562"
2023-12-22 14:47:12+00:00 [//Alice (DomainId(0))] 📦 Claimed bundle at slot 563
2023-12-22 14:47:12+00:00 [//Alice (DomainId(0))] 🔖 Producing bundle at slot Slot(563)
2023-12-22 14:47:12+00:00 [//Alice (DomainId(0))] Submitted bundle from slot 563, extrinsics: 0    
2023-12-22 14:47:12+00:00 [//Alice (DomainId(0))] acknowledgement_sender_stream tag="New slot Slot(563)"
2023-12-22 14:47:12+00:00 [Ferdie] 🎁 Prepared block for proposing at 563 (9 ms) [hash: 0xbc76842c35f86f4ee7f3d1a8e177221ee3242127bf4eaae696c365d1fa01cd46; parent_hash: 0x43cf…7664; extrinsics (2): [0x31d8…feaa, 0xe625…c988]]
2023-12-22 14:47:12+00:00 [//Ferdie (Consensus)] ✨ Imported #563 (0xbc76…cd46)    
2023-12-22 14:47:12+00:00 [//Alice (DomainId(0))] ✨ Imported #281 (0xb18f…6616)    
2023-12-22 14:47:12+00:00 [//Alice (DomainId(0))] acknowledgement_sender_stream tag="Import block #563"
2023-12-22 14:47:12+00:00 [Ferdie] 🎁 Prepared block for proposing at 564 (5 ms) [hash: 0x5afdc58337d4198d6f58dc9251f8e3bc9094b087888deb6417dc1eadbb31b095; parent_hash: 0xbc76…cd46; extrinsics (1): [0x30ab…f54b]]
2023-12-22 14:47:12+00:00 [//Ferdie (Consensus)] ✨ Imported #564 (0x5afd…b095)    
2023-12-22 14:47:12+00:00 [//Alice (DomainId(0))] acknowledgement_sender_stream tag="Import block #564"
2023-12-22 14:47:12+00:00 [//Alice (DomainId(0))] 📦 Claimed bundle at slot 565
2023-12-22 14:47:12+00:00 [//Alice (DomainId(0))] 🔖 Producing bundle at slot Slot(565)
2023-12-22 14:47:12+00:00 [//Alice (DomainId(0))] Submitted bundle from slot 565, extrinsics: 0    
2023-12-22 14:47:12+00:00 [//Alice (DomainId(0))] acknowledgement_sender_stream tag="New slot Slot(565)"
2023-12-22 14:47:12+00:00 [Ferdie] 🎁 Prepared block for proposing at 565 (9 ms) [hash: 0xe333cf6225312d402b68d1750171a1fb15cdbea05c9d9c88517512fba765da4f; parent_hash: 0x5afd…b095; extrinsics (2): [0x76c3…e35b, 0x59b4…a27f]]
2023-12-22 14:47:12+00:00 [//Ferdie (Consensus)] ✨ Imported #565 (0xe333…da4f)    
2023-12-22 14:47:12+00:00 [//Alice (DomainId(0))] ✨ Imported #282 (0xded3…f544)    
2023-12-22 14:47:12+00:00 [//Alice (DomainId(0))] acknowledgement_sender_stream tag="Import block #565"
2023-12-22 14:47:12+00:00 [Ferdie] 🎁 Prepared block for proposing at 566 (5 ms) [hash: 0x6bd1212d997a0a2a8ef6a069300559cf75083400175ee2716ab17fc0165cbc36; parent_hash: 0xe333…da4f; extrinsics (1): [0xebd1…58e8]]
2023-12-22 14:47:12+00:00 [//Ferdie (Consensus)] ✨ Imported #566 (0x6bd1…bc36)    
2023-12-22 14:47:12+00:00 [//Alice (DomainId(0))] acknowledgement_sender_stream tag="Import block #566"
2023-12-22 14:47:12+00:00 [//Alice (DomainId(0))] 📦 Claimed bundle at slot 567
2023-12-22 14:47:12+00:00 [//Alice (DomainId(0))] 🔖 Producing bundle at slot Slot(567)
2023-12-22 14:47:12+00:00 [//Alice (DomainId(0))] Submitted bundle from slot 567, extrinsics: 0    
2023-12-22 14:47:12+00:00 [//Alice (DomainId(0))] acknowledgement_sender_stream tag="New slot Slot(567)"
2023-12-22 14:47:12+00:00 [Ferdie] 🎁 Prepared block for proposing at 567 (9 ms) [hash: 0x270731403f7d6c18d0f93befe4d19a378b5e057102d7539625d6b8f2012f8bfb; parent_hash: 0x6bd1…bc36; extrinsics (2): [0x0e99…f949, 0x010b…33d1]]
2023-12-22 14:47:12+00:00 [//Ferdie (Consensus)] ✨ Imported #567 (0x2707…8bfb)    
2023-12-22 14:47:12+00:00 [//Alice (DomainId(0))] acknowledgement_sender_stream tag="Import block #567"
2023-12-22 14:47:12+00:00 [//Alice (DomainId(0))] ✨ Imported #283 (0x3f3d…6284)    
2023-12-22 14:47:12+00:00 [Ferdie] 🎁 Prepared block for proposing at 568 (6 ms) [hash: 0x2eb67392b339bd15efda584f43e87e00835ee2511039e85dd986649cda9c39b4; parent_hash: 0x2707…8bfb; extrinsics (1): [0x43d6…4772]]
2023-12-22 14:47:12+00:00 [//Ferdie (Consensus)] ✨ Imported #568 (0x2eb6…39b4)    
2023-12-22 14:47:12+00:00 [//Alice (DomainId(0))] acknowledgement_sender_stream tag="Import block #568"
2023-12-22 14:47:12+00:00 [//Alice (DomainId(0))] 📦 Claimed bundle at slot 569
2023-12-22 14:47:12+00:00 [//Alice (DomainId(0))] 🔖 Producing bundle at slot Slot(569)
2023-12-22 14:47:12+00:00 [//Alice (DomainId(0))] Submitted bundle from slot 569, extrinsics: 0    
2023-12-22 14:47:12+00:00 [//Alice (DomainId(0))] acknowledgement_sender_stream tag="New slot Slot(569)"
2023-12-22 14:47:12+00:00 [Ferdie] 🎁 Prepared block for proposing at 569 (9 ms) [hash: 0x3e5bd27d26b418b962c42565083c3cb71f88e0489cbeb63ef532817db6891dd4; parent_hash: 0x2eb6…39b4; extrinsics (2): [0x4e1c…c3a9, 0x036c…4487]]
2023-12-22 14:47:12+00:00 [//Ferdie (Consensus)] ✨ Imported #569 (0x3e5b…1dd4)    
2023-12-22 14:47:12+00:00 [//Alice (DomainId(0))] ✨ Imported #284 (0x29e4…b6c9)    
2023-12-22 14:47:12+00:00 [//Alice (DomainId(0))] acknowledgement_sender_stream tag="Import block #569"
2023-12-22 14:47:12+00:00 [Ferdie] 🎁 Prepared block for proposing at 570 (5 ms) [hash: 0x23c23e131ac2f334de77158eb1ca581b80f3c8134bc0a5d8bf21af6d9b28d34a; parent_hash: 0x3e5b…1dd4; extrinsics (1): [0x87f2…767e]]
2023-12-22 14:47:12+00:00 [//Ferdie (Consensus)] ✨ Imported #570 (0x23c2…d34a)    
2023-12-22 14:47:12+00:00 [//Alice (DomainId(0))] acknowledgement_sender_stream tag="Import block #570"
2023-12-22 14:47:12+00:00 [//Alice (DomainId(0))] 📦 Claimed bundle at slot 571
2023-12-22 14:47:12+00:00 [//Alice (DomainId(0))] 🔖 Producing bundle at slot Slot(571)
2023-12-22 14:47:12+00:00 [//Alice (DomainId(0))] Submitted bundle from slot 571, extrinsics: 0    
2023-12-22 14:47:12+00:00 [//Alice (DomainId(0))] acknowledgement_sender_stream tag="New slot Slot(571)"
2023-12-22 14:47:12+00:00 [Ferdie] 🎁 Prepared block for proposing at 571 (9 ms) [hash: 0x98cd62d3da6a6f66dbcaaf9564d2f42746f5ce88b43feac886923ea941cb99d7; parent_hash: 0x23c2…d34a; extrinsics (2): [0xb1df…5377, 0x1956…5ae2]]
2023-12-22 14:47:12+00:00 [//Ferdie (Consensus)] ✨ Imported #571 (0x98cd…99d7)    
2023-12-22 14:47:12+00:00 [//Alice (DomainId(0))] ✨ Imported #285 (0xad0e…91a5)    
2023-12-22 14:47:12+00:00 [//Alice (DomainId(0))] acknowledgement_sender_stream tag="Import block #571"
2023-12-22 14:47:12+00:00 [Ferdie] 🎁 Prepared block for proposing at 572 (5 ms) [hash: 0xde329e93e3961b86d443b22d5c167b4c785e9207746bcd2db081028afe113678; parent_hash: 0x98cd…99d7; extrinsics (1): [0xd11c…a058]]
2023-12-22 14:47:12+00:00 [//Ferdie (Consensus)] ✨ Imported #572 (0xde32…3678)    
2023-12-22 14:47:12+00:00 [//Alice (DomainId(0))] acknowledgement_sender_stream tag="Import block #572"
2023-12-22 14:47:12+00:00 [//Alice (DomainId(0))] 📦 Claimed bundle at slot 573
2023-12-22 14:47:12+00:00 [//Alice (DomainId(0))] 🔖 Producing bundle at slot Slot(573)
2023-12-22 14:47:12+00:00 [//Alice (DomainId(0))] Submitted bundle from slot 573, extrinsics: 0    
2023-12-22 14:47:12+00:00 [//Alice (DomainId(0))] acknowledgement_sender_stream tag="New slot Slot(573)"
2023-12-22 14:47:12+00:00 [Ferdie] 🎁 Prepared block for proposing at 573 (9 ms) [hash: 0xd4e210d19f7fd02b1960a282df63138d80332ca89908ab6eb457337153f15164; parent_hash: 0xde32…3678; extrinsics (2): [0x6cec…d0f0, 0xc40b…589a]]
2023-12-22 14:47:12+00:00 [//Ferdie (Consensus)] ✨ Imported #573 (0xd4e2…5164)    
2023-12-22 14:47:12+00:00 [//Alice (DomainId(0))] ✨ Imported #286 (0x771c…62cc)    
2023-12-22 14:47:12+00:00 [//Alice (DomainId(0))] acknowledgement_sender_stream tag="Import block #573"
2023-12-22 14:47:12+00:00 [Ferdie] 🎁 Prepared block for proposing at 574 (5 ms) [hash: 0x206e2485ca65f553255677fece5a405e02ab8dc52a32ae881453ffd72369536f; parent_hash: 0xd4e2…5164; extrinsics (1): [0xa7eb…9ee1]]
2023-12-22 14:47:12+00:00 [//Ferdie (Consensus)] ✨ Imported #574 (0x206e…536f)    
2023-12-22 14:47:12+00:00 [//Alice (DomainId(0))] acknowledgement_sender_stream tag="Import block #574"
2023-12-22 14:47:12+00:00 [//Alice (DomainId(0))] 📦 Claimed bundle at slot 575
2023-12-22 14:47:12+00:00 [//Alice (DomainId(0))] 🔖 Producing bundle at slot Slot(575)
2023-12-22 14:47:12+00:00 [//Alice (DomainId(0))] Submitted bundle from slot 575, extrinsics: 0    
2023-12-22 14:47:12+00:00 [//Alice (DomainId(0))] acknowledgement_sender_stream tag="New slot Slot(575)"
2023-12-22 14:47:12+00:00 [Ferdie] 🎁 Prepared block for proposing at 575 (10 ms) [hash: 0x2b745984c140f3c6ae111367a0698a036adc19c720b88542b619b25f69581cb8; parent_hash: 0x206e…536f; extrinsics (2): [0xda9f…ea63, 0x38e8…f90f]]
2023-12-22 14:47:12+00:00 [//Ferdie (Consensus)] ✨ Imported #575 (0x2b74…1cb8)    
2023-12-22 14:47:13+00:00 [//Alice (DomainId(0))] ✨ Imported #287 (0xe9d5…024f)    
2023-12-22 14:47:13+00:00 [//Alice (DomainId(0))] acknowledgement_sender_stream tag="Import block #575"
2023-12-22 14:47:13+00:00 [Ferdie] 🎁 Prepared block for proposing at 576 (5 ms) [hash: 0x53aff934fe4b860341788f7650b47be31aaa7af05d57ec63fa1b8d82fed5652d; parent_hash: 0x2b74…1cb8; extrinsics (1): [0xc954…3d0e]]
2023-12-22 14:47:13+00:00 [//Ferdie (Consensus)] ✨ Imported #576 (0x53af…652d)    
2023-12-22 14:47:13+00:00 [//Alice (DomainId(0))] acknowledgement_sender_stream tag="Import block #576"
2023-12-22 14:47:13+00:00 [//Alice (DomainId(0))] 📦 Claimed bundle at slot 577
2023-12-22 14:47:13+00:00 [//Alice (DomainId(0))] 🔖 Producing bundle at slot Slot(577)
2023-12-22 14:47:13+00:00 [//Alice (DomainId(0))] Submitted bundle from slot 577, extrinsics: 0    
2023-12-22 14:47:13+00:00 [//Alice (DomainId(0))] acknowledgement_sender_stream tag="New slot Slot(577)"
2023-12-22 14:47:13+00:00 [Ferdie] 🎁 Prepared block for proposing at 577 (9 ms) [hash: 0x2e17d52616f365fb893bff8d3e6ca0cea3f2e7d6dd5382cc84da773f4cd2f4e3; parent_hash: 0x53af…652d; extrinsics (2): [0xf9b4…bd7f, 0x4a6f…fa96]]
2023-12-22 14:47:13+00:00 [//Ferdie (Consensus)] ✨ Imported #577 (0x2e17…f4e3)    
2023-12-22 14:47:13+00:00 [//Alice (DomainId(0))] ✨ Imported #288 (0x3d8f…5d5a)    
2023-12-22 14:47:13+00:00 [//Alice (DomainId(0))] acknowledgement_sender_stream tag="Import block #577"
2023-12-22 14:47:13+00:00 [Ferdie] 🎁 Prepared block for proposing at 578 (5 ms) [hash: 0x581efc9c22dcd916fa226dd4a14d2f2683c5af9ffaefb63ccad7396672133de1; parent_hash: 0x2e17…f4e3; extrinsics (1): [0x9254…7747]]
2023-12-22 14:47:13+00:00 [//Ferdie (Consensus)] ✨ Imported #578 (0x581e…3de1)    
2023-12-22 14:47:13+00:00 [//Alice (DomainId(0))] acknowledgement_sender_stream tag="Import block #578"
2023-12-22 14:47:13+00:00 [//Alice (DomainId(0))] 📦 Claimed bundle at slot 579
2023-12-22 14:47:13+00:00 [//Alice (DomainId(0))] 🔖 Producing bundle at slot Slot(579)
2023-12-22 14:47:13+00:00 [//Alice (DomainId(0))] Submitted bundle from slot 579, extrinsics: 0    
2023-12-22 14:47:13+00:00 [//Alice (DomainId(0))] acknowledgement_sender_stream tag="New slot Slot(579)"
2023-12-22 14:47:13+00:00 [Ferdie] 🎁 Prepared block for proposing at 579 (9 ms) [hash: 0x0dff2ae4114bd90736b696a194ea526aff50899a3b8e3a7f9442bd61d5a8d55a; parent_hash: 0x581e…3de1; extrinsics (2): [0xe664…1d0d, 0xdfc0…14b0]]
2023-12-22 14:47:13+00:00 [//Ferdie (Consensus)] ✨ Imported #579 (0x0dff…d55a)    
2023-12-22 14:47:13+00:00 [//Alice (DomainId(0))] ✨ Imported #289 (0xab6e…2bd6)    
2023-12-22 14:47:13+00:00 [//Alice (DomainId(0))] acknowledgement_sender_stream tag="Import block #579"
2023-12-22 14:47:13+00:00 [Ferdie] 🎁 Prepared block for proposing at 580 (5 ms) [hash: 0x5687fcfb0f26cb2d76c806be908ed8a3fcd3b116b020fd63bdeff56e8ac9d3b6; parent_hash: 0x0dff…d55a; extrinsics (1): [0x4158…8857]]
2023-12-22 14:47:13+00:00 [//Ferdie (Consensus)] ✨ Imported #580 (0x5687…d3b6)    
2023-12-22 14:47:13+00:00 [//Alice (DomainId(0))] acknowledgement_sender_stream tag="Import block #580"
2023-12-22 14:47:13+00:00 [//Alice (DomainId(0))] 📦 Claimed bundle at slot 581
2023-12-22 14:47:13+00:00 [//Alice (DomainId(0))] 🔖 Producing bundle at slot Slot(581)
2023-12-22 14:47:13+00:00 [//Alice (DomainId(0))] Submitted bundle from slot 581, extrinsics: 0    
2023-12-22 14:47:13+00:00 [//Alice (DomainId(0))] acknowledgement_sender_stream tag="New slot Slot(581)"
2023-12-22 14:47:13+00:00 [Ferdie] 🎁 Prepared block for proposing at 581 (9 ms) [hash: 0x9dd44016a3002f28ef39595f2c061458968b320a8417ab140df616e1799a2859; parent_hash: 0x5687…d3b6; extrinsics (2): [0x0768…58f4, 0xd253…f203]]
2023-12-22 14:47:13+00:00 [//Ferdie (Consensus)] ✨ Imported #581 (0x9dd4…2859)    
2023-12-22 14:47:13+00:00 [//Alice (DomainId(0))] acknowledgement_sender_stream tag="Import block #581"
2023-12-22 14:47:13+00:00 [Ferdie] 🎁 Prepared block for proposing at 582 (5 ms) [hash: 0xb644aa8b6b60796bce1284bb84d1434f1761661b92af6809dd169f1538f54959; parent_hash: 0x9dd4…2859; extrinsics (1): [0x1f62…c022]]
2023-12-22 14:47:13+00:00 [//Ferdie (Consensus)] ✨ Imported #582 (0xb644…4959)    
2023-12-22 14:47:13+00:00 [//Alice (DomainId(0))] acknowledgement_sender_stream tag="Import block #582"
2023-12-22 14:47:13+00:00 [//Alice (DomainId(0))] 📦 Claimed bundle at slot 583
2023-12-22 14:47:13+00:00 [//Alice (DomainId(0))] 🔖 Producing bundle at slot Slot(583)
2023-12-22 14:47:13+00:00 [//Alice (DomainId(0))] Submitted bundle from slot 583, extrinsics: 0    
2023-12-22 14:47:13+00:00 [//Alice (DomainId(0))] acknowledgement_sender_stream tag="New slot Slot(583)"
2023-12-22 14:47:13+00:00 [Ferdie] 🎁 Prepared block for proposing at 583 (9 ms) [hash: 0x5751529b19acb287ebdc55f59ececbc55ea8eb173be8bf735107424b0e6fe98e; parent_hash: 0xb644…4959; extrinsics (2): [0xa96c…3a33, 0xc24e…d329]]
2023-12-22 14:47:13+00:00 [//Ferdie (Consensus)] ✨ Imported #583 (0x5751…e98e)    
2023-12-22 14:47:13+00:00 [//Alice (DomainId(0))] acknowledgement_sender_stream tag="Import block #583"
2023-12-22 14:47:13+00:00 [Ferdie] 🎁 Prepared block for proposing at 584 (5 ms) [hash: 0x2af23bcbbc3f04b29df996804053f2da56acd7f17b4cccee304cc61063f0a23e; parent_hash: 0x5751…e98e; extrinsics (1): [0xc374…d2ef]]
2023-12-22 14:47:13+00:00 [//Ferdie (Consensus)] ✨ Imported #584 (0x2af2…a23e)    
2023-12-22 14:47:13+00:00 [//Alice (DomainId(0))] acknowledgement_sender_stream tag="Import block #584"
2023-12-22 14:47:13+00:00 [//Alice (DomainId(0))] 📦 Claimed bundle at slot 585
2023-12-22 14:47:14+00:00 [//Alice (DomainId(0))] 🔖 Producing bundle at slot Slot(585)
2023-12-22 14:47:14+00:00 [//Alice (DomainId(0))] ✨ Imported #290 (0x14d0…ac3c)    
2023-12-22 14:47:14+00:00 [//Alice (DomainId(0))] ✨ Imported #291 (0x0a36…d3e6)    
2023-12-22 14:47:14+00:00 [//Alice (DomainId(0))] Submitted bundle from slot 585, extrinsics: 0    
2023-12-22 14:47:14+00:00 [//Alice (DomainId(0))] acknowledgement_sender_stream tag="New slot Slot(585)"
2023-12-22 14:47:14+00:00 [Ferdie] 🎁 Prepared block for proposing at 585 (9 ms) [hash: 0x477ef58e2f30601a1b66a384f63a80227423a2b14f5ce0c3ad263fd3cb50bc9a; parent_hash: 0x2af2…a23e; extrinsics (2): [0x5dae…ffa7, 0xc739…2f83]]
2023-12-22 14:47:14+00:00 [//Ferdie (Consensus)] ✨ Imported #585 (0x477e…bc9a)    
2023-12-22 14:47:14+00:00 [//Alice (DomainId(0))] ✨ Imported #292 (0xf145…169f)    
2023-12-22 14:47:14+00:00 [//Alice (DomainId(0))] acknowledgement_sender_stream tag="Import block #585"
2023-12-22 14:47:14+00:00 [//Alice (DomainId(0))] 💤 Idle (0 peers), best: #292 (0xf145…169f), finalized #0 (0x7aea…1834), ⬇ 0 ⬆ 0    
2023-12-22 14:47:14+00:00 [Ferdie] 🎁 Prepared block for proposing at 586 (5 ms) [hash: 0xaa8d48acdfb05532d24ada2467899e159fab5b71a6c3a9bec86828c81390e91b; parent_hash: 0x477e…bc9a; extrinsics (1): [0x89c0…2b9f]]
2023-12-22 14:47:14+00:00 [//Ferdie (Consensus)] ✨ Imported #586 (0xaa8d…e91b)    
2023-12-22 14:47:14+00:00 [//Alice (DomainId(0))] acknowledgement_sender_stream tag="Import block #586"
2023-12-22 14:47:14+00:00 [//Alice (DomainId(0))] 📦 Claimed bundle at slot 587
2023-12-22 14:47:14+00:00 [//Alice (DomainId(0))] 🔖 Producing bundle at slot Slot(587)
2023-12-22 14:47:14+00:00 [//Alice (DomainId(0))] Submitted bundle from slot 587, extrinsics: 0    
2023-12-22 14:47:14+00:00 [//Alice (DomainId(0))] acknowledgement_sender_stream tag="New slot Slot(587)"
2023-12-22 14:47:14+00:00 [Ferdie] 🎁 Prepared block for proposing at 587 (9 ms) [hash: 0x59bfed913b72be2113b905b9e01419e0c1578ba8c1a409fe8be7a449adcdb7d9; parent_hash: 0xaa8d…e91b; extrinsics (2): [0x0dbf…8174, 0x84e1…daa3]]
2023-12-22 14:47:14+00:00 [//Ferdie (Consensus)] ✨ Imported #587 (0x59bf…b7d9)    
2023-12-22 14:47:14+00:00 [//Alice (DomainId(0))] ✨ Imported #293 (0xce62…0a62)    
2023-12-22 14:47:14+00:00 [//Alice (DomainId(0))] acknowledgement_sender_stream tag="Import block #587"
2023-12-22 14:47:14+00:00 [Ferdie] 🎁 Prepared block for proposing at 588 (5 ms) [hash: 0x0f177ffae04809cb873e27bdcef60924fb2de8b66c7035b7cca05ef0fa61f3fb; parent_hash: 0x59bf…b7d9; extrinsics (1): [0xec69…fc55]]
2023-12-22 14:47:14+00:00 [//Ferdie (Consensus)] ✨ Imported #588 (0x0f17…f3fb)    
2023-12-22 14:47:14+00:00 [//Alice (DomainId(0))] acknowledgement_sender_stream tag="Import block #588"
2023-12-22 14:47:14+00:00 [//Alice (DomainId(0))] 📦 Claimed bundle at slot 589
2023-12-22 14:47:14+00:00 [//Alice (DomainId(0))] 🔖 Producing bundle at slot Slot(589)
2023-12-22 14:47:14+00:00 [//Alice (DomainId(0))] Submitted bundle from slot 589, extrinsics: 0    
2023-12-22 14:47:14+00:00 [//Alice (DomainId(0))] acknowledgement_sender_stream tag="New slot Slot(589)"
2023-12-22 14:47:14+00:00 [Ferdie] 🎁 Prepared block for proposing at 589 (9 ms) [hash: 0xd2783c64af04ce363377c1715df41c9e83bea5ddde5c851e8365787697faccdb; parent_hash: 0x0f17…f3fb; extrinsics (2): [0x6362…54ba, 0xe9ff…e589]]
2023-12-22 14:47:14+00:00 [//Ferdie (Consensus)] ✨ Imported #589 (0xd278…ccdb)    
2023-12-22 14:47:14+00:00 [//Alice (DomainId(0))] ✨ Imported #294 (0xaa56…53f2)    
2023-12-22 14:47:14+00:00 [//Alice (DomainId(0))] acknowledgement_sender_stream tag="Import block #589"
2023-12-22 14:47:14+00:00 [Ferdie] 🎁 Prepared block for proposing at 590 (5 ms) [hash: 0xdb40f8acd09de8e4ca4d0af1067b9388a79294720828c5cf4b4a1332f23a6460; parent_hash: 0xd278…ccdb; extrinsics (1): [0xb125…b809]]
2023-12-22 14:47:14+00:00 [//Ferdie (Consensus)] ✨ Imported #590 (0xdb40…6460)    
2023-12-22 14:47:14+00:00 [//Alice (DomainId(0))] acknowledgement_sender_stream tag="Import block #590"
2023-12-22 14:47:14+00:00 [//Alice (DomainId(0))] 📦 Claimed bundle at slot 591
2023-12-22 14:47:14+00:00 [//Alice (DomainId(0))] 🔖 Producing bundle at slot Slot(591)
2023-12-22 14:47:14+00:00 [//Alice (DomainId(0))] Submitted bundle from slot 591, extrinsics: 0    
2023-12-22 14:47:14+00:00 [//Alice (DomainId(0))] acknowledgement_sender_stream tag="New slot Slot(591)"
2023-12-22 14:47:14+00:00 [Ferdie] 🎁 Prepared block for proposing at 591 (9 ms) [hash: 0x97cc87a4f6ac28d412df1ff775979e4f7a4198763eceb53b5d84362924685073; parent_hash: 0xdb40…6460; extrinsics (2): [0x383f…3486, 0xccb4…0085]]
2023-12-22 14:47:14+00:00 [//Ferdie (Consensus)] ✨ Imported #591 (0x97cc…5073)    
2023-12-22 14:47:14+00:00 [//Alice (DomainId(0))] acknowledgement_sender_stream tag="Import block #591"
2023-12-22 14:47:14+00:00 [//Alice (DomainId(0))] ✨ Imported #295 (0x4e18…c72c)    
2023-12-22 14:47:14+00:00 [Ferdie] 🎁 Prepared block for proposing at 592 (5 ms) [hash: 0x9a680906ff8e38d73a36a67f9a1b8d9e24fd329d87873b16a219319150404fa7; parent_hash: 0x97cc…5073; extrinsics (1): [0x2938…5b6f]]
2023-12-22 14:47:14+00:00 [//Ferdie (Consensus)] ✨ Imported #592 (0x9a68…4fa7)    
2023-12-22 14:47:14+00:00 [//Alice (DomainId(0))] acknowledgement_sender_stream tag="Import block #592"
2023-12-22 14:47:14+00:00 [//Alice (DomainId(0))] 📦 Claimed bundle at slot 593
2023-12-22 14:47:14+00:00 [//Alice (DomainId(0))] 🔖 Producing bundle at slot Slot(593)
2023-12-22 14:47:14+00:00 [//Alice (DomainId(0))] Submitted bundle from slot 593, extrinsics: 0    
2023-12-22 14:47:14+00:00 [//Alice (DomainId(0))] acknowledgement_sender_stream tag="New slot Slot(593)"
2023-12-22 14:47:14+00:00 [Ferdie] 🎁 Prepared block for proposing at 593 (9 ms) [hash: 0xe52b06ce76067f94a8c3b44dfa27e7fad60b4adb73986b135ee4aee4e37cc0a8; parent_hash: 0x9a68…4fa7; extrinsics (2): [0x0dfb…f089, 0x9ae3…ff89]]
2023-12-22 14:47:14+00:00 [//Ferdie (Consensus)] ✨ Imported #593 (0xe52b…c0a8)    
2023-12-22 14:47:14+00:00 [//Alice (DomainId(0))] ✨ Imported #296 (0xfcb3…5f65)    
2023-12-22 14:47:14+00:00 [//Alice (DomainId(0))] acknowledgement_sender_stream tag="Import block #593"
2023-12-22 14:47:14+00:00 [Ferdie] 🎁 Prepared block for proposing at 594 (5 ms) [hash: 0xece4daf3dacf52c41508a39763564d1f1b92a316ef40c4c0dc211d6c092b9a1a; parent_hash: 0xe52b…c0a8; extrinsics (1): [0x53f6…90e2]]
2023-12-22 14:47:14+00:00 [//Ferdie (Consensus)] ✨ Imported #594 (0xece4…9a1a)    
2023-12-22 14:47:14+00:00 [//Alice (DomainId(0))] acknowledgement_sender_stream tag="Import block #594"
2023-12-22 14:47:14+00:00 [//Alice (DomainId(0))] 📦 Claimed bundle at slot 595
2023-12-22 14:47:14+00:00 [//Alice (DomainId(0))] 🔖 Producing bundle at slot Slot(595)
2023-12-22 14:47:14+00:00 [//Alice (DomainId(0))] Submitted bundle from slot 595, extrinsics: 0    
2023-12-22 14:47:14+00:00 [//Alice (DomainId(0))] acknowledgement_sender_stream tag="New slot Slot(595)"
2023-12-22 14:47:14+00:00 [Ferdie] 🎁 Prepared block for proposing at 595 (9 ms) [hash: 0x5f9337045c8f1a63db42ef2b4a94908a0a54f88b64feb7cadbce0f86169da237; parent_hash: 0xece4…9a1a; extrinsics (2): [0xd1d1…930f, 0x7681…64b2]]
2023-12-22 14:47:14+00:00 [//Ferdie (Consensus)] ✨ Imported #595 (0x5f93…a237)    
2023-12-22 14:47:14+00:00 [//Alice (DomainId(0))] ✨ Imported #297 (0x9535…23da)    
2023-12-22 14:47:14+00:00 [//Alice (DomainId(0))] acknowledgement_sender_stream tag="Import block #595"
2023-12-22 14:47:14+00:00 [Ferdie] 🎁 Prepared block for proposing at 596 (5 ms) [hash: 0x2fa08461c88f34296c06bec78e1b638793e05db8a56ca634c48ab51ad2570a24; parent_hash: 0x5f93…a237; extrinsics (1): [0xb669…312b]]
2023-12-22 14:47:14+00:00 [//Ferdie (Consensus)] ✨ Imported #596 (0x2fa0…0a24)    
2023-12-22 14:47:14+00:00 [//Alice (DomainId(0))] acknowledgement_sender_stream tag="Import block #596"
2023-12-22 14:47:14+00:00 [//Alice (DomainId(0))] 📦 Claimed bundle at slot 597
2023-12-22 14:47:14+00:00 [//Alice (DomainId(0))] 🔖 Producing bundle at slot Slot(597)
2023-12-22 14:47:14+00:00 [//Alice (DomainId(0))] Submitted bundle from slot 597, extrinsics: 0    
2023-12-22 14:47:14+00:00 [//Alice (DomainId(0))] acknowledgement_sender_stream tag="New slot Slot(597)"
2023-12-22 14:47:14+00:00 [Ferdie] 🎁 Prepared block for proposing at 597 (9 ms) [hash: 0xc6fdf28306a82ceee191397903f676f543b953f051a23e848579c1542aaec717; parent_hash: 0x2fa0…0a24; extrinsics (2): [0xd214…f751, 0x70b2…6fe3]]
2023-12-22 14:47:14+00:00 [//Ferdie (Consensus)] ✨ Imported #597 (0xc6fd…c717)    
2023-12-22 14:47:14+00:00 [//Alice (DomainId(0))] ✨ Imported #298 (0xb22a…64e8)    
2023-12-22 14:47:14+00:00 [//Alice (DomainId(0))] acknowledgement_sender_stream tag="Import block #597"
2023-12-22 14:47:14+00:00 [Ferdie] 🎁 Prepared block for proposing at 598 (5 ms) [hash: 0xf247bdccab2f5ec1875b162ed564c18d406f503148c258f308104806896de80c; parent_hash: 0xc6fd…c717; extrinsics (1): [0x7ea8…3105]]
2023-12-22 14:47:14+00:00 [//Ferdie (Consensus)] ✨ Imported #598 (0xf247…e80c)    
2023-12-22 14:47:14+00:00 [//Alice (DomainId(0))] acknowledgement_sender_stream tag="Import block #598"
2023-12-22 14:47:14+00:00 [//Alice (DomainId(0))] 📦 Claimed bundle at slot 599
2023-12-22 14:47:14+00:00 [//Alice (DomainId(0))] 🔖 Producing bundle at slot Slot(599)
2023-12-22 14:47:14+00:00 [//Alice (DomainId(0))] Submitted bundle from slot 599, extrinsics: 0    
2023-12-22 14:47:14+00:00 [//Alice (DomainId(0))] acknowledgement_sender_stream tag="New slot Slot(599)"
2023-12-22 14:47:14+00:00 [Ferdie] 🎁 Prepared block for proposing at 599 (9 ms) [hash: 0xb4e4d11a2ba31ba1d84a312ae446eef040fb34a592b54392f2fd067a2ce06411; parent_hash: 0xf247…e80c; extrinsics (2): [0x1f6c…eda5, 0x40b1…72ce]]
2023-12-22 14:47:14+00:00 [//Ferdie (Consensus)] ✨ Imported #599 (0xb4e4…6411)    
2023-12-22 14:47:14+00:00 [//Alice (DomainId(0))] ✨ Imported #299 (0x545e…7cd8)    
2023-12-22 14:47:14+00:00 [//Alice (DomainId(0))] acknowledgement_sender_stream tag="Import block #599"
2023-12-22 14:47:14+00:00 [Ferdie] 🎁 Prepared block for proposing at 600 (5 ms) [hash: 0xc6ddfc2ab04290850972ee6a0c908d5a89bf65656924a8cde33496f391b3b612; parent_hash: 0xb4e4…6411; extrinsics (1): [0x0e7b…e930]]
2023-12-22 14:47:15+00:00 [//Ferdie (Consensus)] ✨ Imported #600 (0xc6dd…b612)    
2023-12-22 14:47:15+00:00 [//Alice (DomainId(0))] acknowledgement_sender_stream tag="Import block #600"
2023-12-22 14:47:15+00:00 [//Alice (DomainId(0))] 📦 Claimed bundle at slot 601
2023-12-22 14:47:15+00:00 [//Alice (DomainId(0))] 🔖 Producing bundle at slot Slot(601)
2023-12-22 14:47:15+00:00 [//Alice (DomainId(0))] Submitted bundle from slot 601, extrinsics: 0    
2023-12-22 14:47:15+00:00 [//Alice (DomainId(0))] acknowledgement_sender_stream tag="New slot Slot(601)"
2023-12-22 14:47:15+00:00 [Ferdie] 🎁 Prepared block for proposing at 601 (9 ms) [hash: 0x864a4947da3254f501a221bf48d7fb858deabdc80b6eb3cb71a808b9b2cebd04; parent_hash: 0xc6dd…b612; extrinsics (2): [0x2e50…d541, 0x85ee…bff2]]
2023-12-22 14:47:15+00:00 [//Ferdie (Consensus)] ✨ Imported #601 (0x864a…bd04)    
2023-12-22 14:47:15+00:00 [//Alice (DomainId(0))] ✨ Imported #300 (0xff0c…68c8)    
2023-12-22 14:47:15+00:00 [//Alice (DomainId(0))] acknowledgement_sender_stream tag="Import block #601"
2023-12-22 14:47:15+00:00 [Ferdie] 🎁 Prepared block for proposing at 602 (5 ms) [hash: 0xaece18c8ad67b23397720fdd7d6804725d234870d975492ca03f45776e9be76f; parent_hash: 0x864a…bd04; extrinsics (1): [0x7f10…7c9e]]
2023-12-22 14:47:15+00:00 [//Ferdie (Consensus)] ✨ Imported #602 (0xaece…e76f)    
2023-12-22 14:47:15+00:00 [//Alice (DomainId(0))] acknowledgement_sender_stream tag="Import block #602"
2023-12-22 14:47:15+00:00 [//Alice (DomainId(0))] 📦 Claimed bundle at slot 603
2023-12-22 14:47:15+00:00 [//Alice (DomainId(0))] 🔖 Producing bundle at slot Slot(603)
2023-12-22 14:47:15+00:00 [//Alice (DomainId(0))] Submitted bundle from slot 603, extrinsics: 0    
2023-12-22 14:47:15+00:00 [//Alice (DomainId(0))] acknowledgement_sender_stream tag="New slot Slot(603)"
2023-12-22 14:47:15+00:00 [Ferdie] 🎁 Prepared block for proposing at 603 (9 ms) [hash: 0x56db65900e3142bff715ebea3a95542263b86ca3e8c7c0874cc78da504f76980; parent_hash: 0xaece…e76f; extrinsics (2): [0xa906…4dcb, 0x5995…ae38]]
2023-12-22 14:47:15+00:00 [//Ferdie (Consensus)] ✨ Imported #603 (0x56db…6980)    
2023-12-22 14:47:15+00:00 [//Alice (DomainId(0))] acknowledgement_sender_stream tag="Import block #603"
2023-12-22 14:47:15+00:00 [Ferdie] 🎁 Prepared block for proposing at 604 (5 ms) [hash: 0x2074dda1c30e7f04b4b9f94bcd76b5b766dd80d5d88bf174d186aa1c64491038; parent_hash: 0x56db…6980; extrinsics (1): [0x7e61…13ea]]
2023-12-22 14:47:15+00:00 [//Alice (DomainId(0))] ✨ Imported #301 (0x2f96…720f)    
2023-12-22 14:47:15+00:00 [//Ferdie (Consensus)] ✨ Imported #604 (0x2074…1038)    
2023-12-22 14:47:15+00:00 [//Alice (DomainId(0))] acknowledgement_sender_stream tag="Import block #604"
2023-12-22 14:47:15+00:00 [//Alice (DomainId(0))] 📦 Claimed bundle at slot 605
2023-12-22 14:47:15+00:00 [//Alice (DomainId(0))] 🔖 Producing bundle at slot Slot(605)
2023-12-22 14:47:15+00:00 [//Alice (DomainId(0))] Submitted bundle from slot 605, extrinsics: 0    
2023-12-22 14:47:15+00:00 [//Alice (DomainId(0))] acknowledgement_sender_stream tag="New slot Slot(605)"
2023-12-22 14:47:15+00:00 [Ferdie] 🎁 Prepared block for proposing at 605 (9 ms) [hash: 0x5a489ab63ff4e32b27145ab777b53ff0d07044bf4ffa359a42945a6b8078d6ac; parent_hash: 0x2074…1038; extrinsics (2): [0x30cd…fa98, 0x3a08…d32c]]
2023-12-22 14:47:15+00:00 [//Ferdie (Consensus)] ✨ Imported #605 (0x5a48…d6ac)    
2023-12-22 14:47:15+00:00 [//Alice (DomainId(0))] ✨ Imported #302 (0x89fd…154b)    
2023-12-22 14:47:15+00:00 [//Alice (DomainId(0))] acknowledgement_sender_stream tag="Import block #605"
2023-12-22 14:47:15+00:00 [Ferdie] 🎁 Prepared block for proposing at 606 (5 ms) [hash: 0x289b9c1fa7278a514f5450fa4d4ab1cb3a6d870382db237171d33355b9e1dacb; parent_hash: 0x5a48…d6ac; extrinsics (1): [0x3c04…bff7]]
2023-12-22 14:47:15+00:00 [//Ferdie (Consensus)] ✨ Imported #606 (0x289b…dacb)    
2023-12-22 14:47:15+00:00 [//Alice (DomainId(0))] acknowledgement_sender_stream tag="Import block #606"
2023-12-22 14:47:15+00:00 [//Alice (DomainId(0))] 📦 Claimed bundle at slot 607
2023-12-22 14:47:15+00:00 [//Alice (DomainId(0))] 🔖 Producing bundle at slot Slot(607)
2023-12-22 14:47:15+00:00 [//Alice (DomainId(0))] Submitted bundle from slot 607, extrinsics: 0    
2023-12-22 14:47:15+00:00 [//Alice (DomainId(0))] acknowledgement_sender_stream tag="New slot Slot(607)"
2023-12-22 14:47:15+00:00 [Ferdie] 🎁 Prepared block for proposing at 607 (9 ms) [hash: 0x8c063384596a8745888d34f44d72d001f366c378072d10271f519bdfd15e441b; parent_hash: 0x289b…dacb; extrinsics (2): [0x7601…0a24, 0xbef3…4425]]
2023-12-22 14:47:15+00:00 [//Ferdie (Consensus)] ✨ Imported #607 (0x8c06…441b)    
2023-12-22 14:47:15+00:00 [//Alice (DomainId(0))] ✨ Imported #303 (0xa9d2…82e7)    
2023-12-22 14:47:15+00:00 [//Alice (DomainId(0))] acknowledgement_sender_stream tag="Import block #607"
2023-12-22 14:47:15+00:00 [Ferdie] 🎁 Prepared block for proposing at 608 (5 ms) [hash: 0xd4ad213700fc396a3eea35dc6afa6205c9f7c0d4ec9ccfd8f3708d39f93b0dcc; parent_hash: 0x8c06…441b; extrinsics (1): [0x9bb5…b818]]
2023-12-22 14:47:15+00:00 [//Ferdie (Consensus)] ✨ Imported #608 (0xd4ad…0dcc)    
2023-12-22 14:47:15+00:00 [//Alice (DomainId(0))] acknowledgement_sender_stream tag="Import block #608"
2023-12-22 14:47:15+00:00 [//Alice (DomainId(0))] 📦 Claimed bundle at slot 609
2023-12-22 14:47:15+00:00 [//Alice (DomainId(0))] 🔖 Producing bundle at slot Slot(609)
2023-12-22 14:47:15+00:00 [//Alice (DomainId(0))] Submitted bundle from slot 609, extrinsics: 0    
2023-12-22 14:47:15+00:00 [//Alice (DomainId(0))] acknowledgement_sender_stream tag="New slot Slot(609)"
2023-12-22 14:47:15+00:00 [Ferdie] 🎁 Prepared block for proposing at 609 (9 ms) [hash: 0x5b266e19a39facbd9e1900b470562a080dd2a8a19cb6621a3be7001e6a888948; parent_hash: 0xd4ad…0dcc; extrinsics (2): [0xf9f2…bcc3, 0xba4f…e847]]
2023-12-22 14:47:15+00:00 [//Ferdie (Consensus)] ✨ Imported #609 (0x5b26…8948)    
2023-12-22 14:47:15+00:00 [//Alice (DomainId(0))] ✨ Imported #304 (0x8f2d…4bac)    
2023-12-22 14:47:15+00:00 [//Alice (DomainId(0))] acknowledgement_sender_stream tag="Import block #609"
2023-12-22 14:47:15+00:00 [Ferdie] 🎁 Prepared block for proposing at 610 (5 ms) [hash: 0x17186f5c779661b0ee4c47121f4511371da925a02f3fd67cff9dc1a72d33847d; parent_hash: 0x5b26…8948; extrinsics (1): [0x9473…f2a5]]
2023-12-22 14:47:15+00:00 [//Ferdie (Consensus)] ✨ Imported #610 (0x1718…847d)    
2023-12-22 14:47:15+00:00 [//Alice (DomainId(0))] acknowledgement_sender_stream tag="Import block #610"
2023-12-22 14:47:15+00:00 [//Alice (DomainId(0))] 📦 Claimed bundle at slot 611
2023-12-22 14:47:15+00:00 [//Alice (DomainId(0))] 🔖 Producing bundle at slot Slot(611)
2023-12-22 14:47:15+00:00 [//Alice (DomainId(0))] Submitted bundle from slot 611, extrinsics: 0    
2023-12-22 14:47:15+00:00 [//Alice (DomainId(0))] acknowledgement_sender_stream tag="New slot Slot(611)"
2023-12-22 14:47:16+00:00 [Ferdie] 🎁 Prepared block for proposing at 611 (9 ms) [hash: 0x84891645d731a683104f4fbeccfb3f64fe5cde42786d7bf44376b94912e4fdfe; parent_hash: 0x1718…847d; extrinsics (2): [0x72bc…7282, 0xd13f…83f7]]
2023-12-22 14:47:16+00:00 [//Ferdie (Consensus)] ✨ Imported #611 (0x8489…fdfe)    
2023-12-22 14:47:16+00:00 [//Alice (DomainId(0))] ✨ Imported #305 (0xe1dc…aa92)    
2023-12-22 14:47:16+00:00 [//Alice (DomainId(0))] acknowledgement_sender_stream tag="Import block #611"
2023-12-22 14:47:16+00:00 [Ferdie] 🎁 Prepared block for proposing at 612 (5 ms) [hash: 0x282ac4e81e819ace83c221148ec9a71456c95591ca2140c24d511704381a90a6; parent_hash: 0x8489…fdfe; extrinsics (1): [0x5280…f321]]
2023-12-22 14:47:16+00:00 [//Ferdie (Consensus)] ✨ Imported #612 (0x282a…90a6)    
2023-12-22 14:47:16+00:00 [//Alice (DomainId(0))] acknowledgement_sender_stream tag="Import block #612"
2023-12-22 14:47:16+00:00 [//Alice (DomainId(0))] 📦 Claimed bundle at slot 613
2023-12-22 14:47:16+00:00 [//Alice (DomainId(0))] 🔖 Producing bundle at slot Slot(613)
2023-12-22 14:47:16+00:00 [//Alice (DomainId(0))] Submitted bundle from slot 613, extrinsics: 0    
2023-12-22 14:47:16+00:00 [//Alice (DomainId(0))] acknowledgement_sender_stream tag="New slot Slot(613)"
2023-12-22 14:47:16+00:00 [Ferdie] 🎁 Prepared block for proposing at 613 (9 ms) [hash: 0xa0654e71d68fd22516f84b6cf1016554179caf7fb1b84d4eeabc2187d6f29fc6; parent_hash: 0x282a…90a6; extrinsics (2): [0x9c02…7568, 0xd7cc…afe6]]
2023-12-22 14:47:16+00:00 [//Ferdie (Consensus)] ✨ Imported #613 (0xa065…9fc6)    
2023-12-22 14:47:16+00:00 [//Alice (DomainId(0))] ✨ Imported #306 (0x9290…1e5e)    
2023-12-22 14:47:16+00:00 [//Alice (DomainId(0))] acknowledgement_sender_stream tag="Import block #613"
2023-12-22 14:47:16+00:00 [Ferdie] 🎁 Prepared block for proposing at 614 (5 ms) [hash: 0x6abba3d2e4358fac49adb0fb03322dd19d43c808beb1e171958a63b0d419defd; parent_hash: 0xa065…9fc6; extrinsics (1): [0x2206…c9bc]]
2023-12-22 14:47:16+00:00 [//Ferdie (Consensus)] ✨ Imported #614 (0x6abb…defd)    
2023-12-22 14:47:16+00:00 [//Alice (DomainId(0))] acknowledgement_sender_stream tag="Import block #614"
2023-12-22 14:47:16+00:00 [//Alice (DomainId(0))] 📦 Claimed bundle at slot 615
2023-12-22 14:47:16+00:00 [//Alice (DomainId(0))] 🔖 Producing bundle at slot Slot(615)
2023-12-22 14:47:16+00:00 [//Alice (DomainId(0))] Submitted bundle from slot 615, extrinsics: 0    
2023-12-22 14:47:16+00:00 [//Alice (DomainId(0))] acknowledgement_sender_stream tag="New slot Slot(615)"
2023-12-22 14:47:16+00:00 [Ferdie] 🎁 Prepared block for proposing at 615 (10 ms) [hash: 0x0415ed09a03c6a0c5ecbfb968ad845c868a5d14fad0d3387d5451bb6bfb42be5; parent_hash: 0x6abb…defd; extrinsics (2): [0xd343…c465, 0x4742…6974]]
2023-12-22 14:47:16+00:00 [//Ferdie (Consensus)] ✨ Imported #615 (0x0415…2be5)    
2023-12-22 14:47:16+00:00 [//Alice (DomainId(0))] ✨ Imported #307 (0x2b5b…4c98)    
2023-12-22 14:47:16+00:00 [//Alice (DomainId(0))] acknowledgement_sender_stream tag="Import block #615"
2023-12-22 14:47:16+00:00 [Ferdie] 🎁 Prepared block for proposing at 616 (5 ms) [hash: 0x40bc3a93c0da067a019f5c1f6799eb590133b1fa90975aaacac33c9d6fed6fd9; parent_hash: 0x0415…2be5; extrinsics (1): [0x7891…d0f7]]
2023-12-22 14:47:16+00:00 [//Ferdie (Consensus)] ✨ Imported #616 (0x40bc…6fd9)    
2023-12-22 14:47:16+00:00 [//Alice (DomainId(0))] acknowledgement_sender_stream tag="Import block #616"
2023-12-22 14:47:16+00:00 [//Alice (DomainId(0))] 📦 Claimed bundle at slot 617
2023-12-22 14:47:16+00:00 [//Alice (DomainId(0))] 🔖 Producing bundle at slot Slot(617)
2023-12-22 14:47:16+00:00 [//Alice (DomainId(0))] Submitted bundle from slot 617, extrinsics: 0    
2023-12-22 14:47:16+00:00 [//Alice (DomainId(0))] acknowledgement_sender_stream tag="New slot Slot(617)"
2023-12-22 14:47:16+00:00 [Ferdie] 🎁 Prepared block for proposing at 617 (9 ms) [hash: 0xd3b713027de7046ca6a60a08bbb99f62be89fd53105217610fdb9f907820b846; parent_hash: 0x40bc…6fd9; extrinsics (2): [0x961a…2a6e, 0x00bc…c32c]]
2023-12-22 14:47:16+00:00 [//Ferdie (Consensus)] ✨ Imported #617 (0xd3b7…b846)    
2023-12-22 14:47:16+00:00 [//Alice (DomainId(0))] ✨ Imported #308 (0x610b…2b6c)    
2023-12-22 14:47:16+00:00 [//Alice (DomainId(0))] acknowledgement_sender_stream tag="Import block #617"
2023-12-22 14:47:16+00:00 [Ferdie] 🎁 Prepared block for proposing at 618 (5 ms) [hash: 0x931b52062de53698cc88075336cdd90f7712d16122cb008ada1be9cc043b58a6; parent_hash: 0xd3b7…b846; extrinsics (1): [0xf40d…d99a]]
2023-12-22 14:47:16+00:00 [//Ferdie (Consensus)] ✨ Imported #618 (0x931b…58a6)    
2023-12-22 14:47:16+00:00 [//Alice (DomainId(0))] acknowledgement_sender_stream tag="Import block #618"
2023-12-22 14:47:16+00:00 [//Alice (DomainId(0))] 📦 Claimed bundle at slot 619
2023-12-22 14:47:16+00:00 [//Alice (DomainId(0))] 🔖 Producing bundle at slot Slot(619)
2023-12-22 14:47:16+00:00 [//Alice (DomainId(0))] Submitted bundle from slot 619, extrinsics: 0    
2023-12-22 14:47:16+00:00 [//Alice (DomainId(0))] acknowledgement_sender_stream tag="New slot Slot(619)"
2023-12-22 14:47:16+00:00 [Ferdie] 🎁 Prepared block for proposing at 619 (9 ms) [hash: 0x4f31629dd9a815700a50e727c4c9c6f144fc2d0f393e852af0368f063cf3d409; parent_hash: 0x931b…58a6; extrinsics (2): [0xb2e8…5579, 0xf9fb…6c96]]
2023-12-22 14:47:16+00:00 [//Ferdie (Consensus)] ✨ Imported #619 (0x4f31…d409)    
2023-12-22 14:47:16+00:00 [//Alice (DomainId(0))] ✨ Imported #309 (0x209c…2fb8)    
2023-12-22 14:47:17+00:00 [//Alice (DomainId(0))] acknowledgement_sender_stream tag="Import block #619"
2023-12-22 14:47:17+00:00 [Ferdie] 🎁 Prepared block for proposing at 620 (5 ms) [hash: 0x81eb58cbc28b12c6d67ac1c576161239acf44e103cdd00483b713ef88dbe970e; parent_hash: 0x4f31…d409; extrinsics (1): [0x7d63…c263]]
2023-12-22 14:47:17+00:00 [//Ferdie (Consensus)] ✨ Imported #620 (0x81eb…970e)    
2023-12-22 14:47:17+00:00 [//Alice (DomainId(0))] acknowledgement_sender_stream tag="Import block #620"
2023-12-22 14:47:17+00:00 [//Alice (DomainId(0))] 📦 Claimed bundle at slot 621
2023-12-22 14:47:17+00:00 [//Alice (DomainId(0))] 🔖 Producing bundle at slot Slot(621)
2023-12-22 14:47:17+00:00 [//Alice (DomainId(0))] Submitted bundle from slot 621, extrinsics: 0    
2023-12-22 14:47:17+00:00 [//Alice (DomainId(0))] acknowledgement_sender_stream tag="New slot Slot(621)"
2023-12-22 14:47:17+00:00 [Ferdie] 🎁 Prepared block for proposing at 621 (9 ms) [hash: 0xda32e6ac6832d19e4e17f9948f712010fc7db798a7666f7e4854f1082c5c031c; parent_hash: 0x81eb…970e; extrinsics (2): [0x0e8f…64bc, 0x7691…1a10]]
2023-12-22 14:47:17+00:00 [//Ferdie (Consensus)] ✨ Imported #621 (0xda32…031c)    
2023-12-22 14:47:17+00:00 [//Alice (DomainId(0))] ✨ Imported #310 (0x0da7…272d)    
2023-12-22 14:47:17+00:00 [//Alice (DomainId(0))] acknowledgement_sender_stream tag="Import block #621"
2023-12-22 14:47:17+00:00 [Ferdie] 🎁 Prepared block for proposing at 622 (5 ms) [hash: 0x1ab633b5a8669faafbefe2ad05f65eda42d2d5554e6bdc04448fb33b4688e2a0; parent_hash: 0xda32…031c; extrinsics (1): [0x3ac4…e323]]
2023-12-22 14:47:17+00:00 [//Ferdie (Consensus)] ✨ Imported #622 (0x1ab6…e2a0)    
2023-12-22 14:47:17+00:00 [//Alice (DomainId(0))] acknowledgement_sender_stream tag="Import block #622"
2023-12-22 14:47:17+00:00 [//Alice (DomainId(0))] 📦 Claimed bundle at slot 623
2023-12-22 14:47:17+00:00 [//Alice (DomainId(0))] 🔖 Producing bundle at slot Slot(623)
2023-12-22 14:47:17+00:00 [//Alice (DomainId(0))] Submitted bundle from slot 623, extrinsics: 0    
2023-12-22 14:47:17+00:00 [//Alice (DomainId(0))] acknowledgement_sender_stream tag="New slot Slot(623)"
2023-12-22 14:47:17+00:00 [Ferdie] 🎁 Prepared block for proposing at 623 (9 ms) [hash: 0x93a5750505be495b924ef39916e3127934d4e6b07a175255822a5ed8686f4e81; parent_hash: 0x1ab6…e2a0; extrinsics (2): [0x2221…adcc, 0x8a2a…a7c3]]
2023-12-22 14:47:17+00:00 [//Ferdie (Consensus)] ✨ Imported #623 (0x93a5…4e81)    
2023-12-22 14:47:17+00:00 [//Alice (DomainId(0))] ✨ Imported #311 (0x3e2f…337e)    
2023-12-22 14:47:17+00:00 [//Alice (DomainId(0))] acknowledgement_sender_stream tag="Import block #623"
2023-12-22 14:47:17+00:00 [Ferdie] 🎁 Prepared block for proposing at 624 (5 ms) [hash: 0xb104f7f2538309942c975f99e1869cdbd4cad06d9212f3e9fd5623550af06f88; parent_hash: 0x93a5…4e81; extrinsics (1): [0x632f…14aa]]
2023-12-22 14:47:17+00:00 [//Ferdie (Consensus)] ✨ Imported #624 (0xb104…6f88)    
2023-12-22 14:47:17+00:00 [//Alice (DomainId(0))] acknowledgement_sender_stream tag="Import block #624"
2023-12-22 14:47:17+00:00 [//Alice (DomainId(0))] 📦 Claimed bundle at slot 625
2023-12-22 14:47:17+00:00 [//Alice (DomainId(0))] 🔖 Producing bundle at slot Slot(625)
2023-12-22 14:47:17+00:00 [//Alice (DomainId(0))] Submitted bundle from slot 625, extrinsics: 0    
2023-12-22 14:47:17+00:00 [//Alice (DomainId(0))] acknowledgement_sender_stream tag="New slot Slot(625)"
2023-12-22 14:47:17+00:00 [Ferdie] 🎁 Prepared block for proposing at 625 (9 ms) [hash: 0xa1c6fc8af6fd8950ef1415b9bb3af4075b29e7e46149243d3453d9cced9d64f2; parent_hash: 0xb104…6f88; extrinsics (2): [0xaff0…52cc, 0x0ac4…8112]]
2023-12-22 14:47:17+00:00 [//Ferdie (Consensus)] ✨ Imported #625 (0xa1c6…64f2)    
2023-12-22 14:47:17+00:00 [//Alice (DomainId(0))] ✨ Imported #312 (0x02bb…cf5e)    
2023-12-22 14:47:17+00:00 [//Alice (DomainId(0))] acknowledgement_sender_stream tag="Import block #625"
2023-12-22 14:47:17+00:00 [Ferdie] 🎁 Prepared block for proposing at 626 (5 ms) [hash: 0x4efe30ea8cc78940756885b48f5153c4688207935bf40579c84f7186844feb8b; parent_hash: 0xa1c6…64f2; extrinsics (1): [0x551f…0520]]
2023-12-22 14:47:17+00:00 [//Ferdie (Consensus)] ✨ Imported #626 (0x4efe…eb8b)    
2023-12-22 14:47:17+00:00 [//Alice (DomainId(0))] acknowledgement_sender_stream tag="Import block #626"
2023-12-22 14:47:17+00:00 [//Alice (DomainId(0))] 📦 Claimed bundle at slot 627
2023-12-22 14:47:17+00:00 [//Alice (DomainId(0))] 🔖 Producing bundle at slot Slot(627)
2023-12-22 14:47:17+00:00 [//Alice (DomainId(0))] Submitted bundle from slot 627, extrinsics: 0    
2023-12-22 14:47:17+00:00 [//Alice (DomainId(0))] acknowledgement_sender_stream tag="New slot Slot(627)"
2023-12-22 14:47:17+00:00 [Ferdie] 🎁 Prepared block for proposing at 627 (9 ms) [hash: 0x57ef498c2a5310f7804e2764e0e1aebb8f7e555c0d1ccf40d473f1aae36688cf; parent_hash: 0x4efe…eb8b; extrinsics (2): [0x156c…c78b, 0x0ee9…e581]]
2023-12-22 14:47:17+00:00 [//Ferdie (Consensus)] ✨ Imported #627 (0x57ef…88cf)    
2023-12-22 14:47:17+00:00 [//Alice (DomainId(0))] ✨ Imported #313 (0x45e4…840d)    
2023-12-22 14:47:17+00:00 [//Alice (DomainId(0))] acknowledgement_sender_stream tag="Import block #627"
2023-12-22 14:47:17+00:00 [Ferdie] 🎁 Prepared block for proposing at 628 (5 ms) [hash: 0x3e7dfcd4525ef861cc5f2c91980bb4c932a8f96df3b2a18238aea8c1ed74213d; parent_hash: 0x57ef…88cf; extrinsics (1): [0x6db1…ec65]]
2023-12-22 14:47:17+00:00 [//Ferdie (Consensus)] ✨ Imported #628 (0x3e7d…213d)    
2023-12-22 14:47:17+00:00 [//Alice (DomainId(0))] acknowledgement_sender_stream tag="Import block #628"
2023-12-22 14:47:17+00:00 [//Alice (DomainId(0))] 📦 Claimed bundle at slot 629
2023-12-22 14:47:17+00:00 [//Alice (DomainId(0))] 🔖 Producing bundle at slot Slot(629)
2023-12-22 14:47:17+00:00 [//Alice (DomainId(0))] Submitted bundle from slot 629, extrinsics: 0    
2023-12-22 14:47:17+00:00 [//Alice (DomainId(0))] acknowledgement_sender_stream tag="New slot Slot(629)"
2023-12-22 14:47:17+00:00 [Ferdie] 🎁 Prepared block for proposing at 629 (9 ms) [hash: 0x55916c18b5d8b72dae3d62e0b6fc9c2aca594f19a2ad26b79348cecdea5b83d4; parent_hash: 0x3e7d…213d; extrinsics (2): [0x3646…7d40, 0x7908…2a57]]
2023-12-22 14:47:17+00:00 [//Ferdie (Consensus)] ✨ Imported #629 (0x5591…83d4)    
2023-12-22 14:47:17+00:00 [//Alice (DomainId(0))] acknowledgement_sender_stream tag="Import block #629"
2023-12-22 14:47:17+00:00 [//Alice (DomainId(0))] ✨ Imported #314 (0x582b…5623)    
2023-12-22 14:47:17+00:00 [Ferdie] 🎁 Prepared block for proposing at 630 (5 ms) [hash: 0xf864b542c1e4d522f7a099e8ff226acc4326befa9f478911f5f7f0b04f8ebaab; parent_hash: 0x5591…83d4; extrinsics (1): [0xaf10…df3e]]
2023-12-22 14:47:17+00:00 [//Ferdie (Consensus)] ✨ Imported #630 (0xf864…baab)    
2023-12-22 14:47:17+00:00 [//Alice (DomainId(0))] acknowledgement_sender_stream tag="Import block #630"
2023-12-22 14:47:17+00:00 [//Alice (DomainId(0))] 📦 Claimed bundle at slot 631
2023-12-22 14:47:17+00:00 [//Alice (DomainId(0))] 🔖 Producing bundle at slot Slot(631)
2023-12-22 14:47:17+00:00 [//Alice (DomainId(0))] Submitted bundle from slot 631, extrinsics: 0    
2023-12-22 14:47:17+00:00 [//Alice (DomainId(0))] acknowledgement_sender_stream tag="New slot Slot(631)"
2023-12-22 14:47:17+00:00 [Ferdie] 🎁 Prepared block for proposing at 631 (9 ms) [hash: 0x06cb6a6390ed51831dfbf8a70310925b8b7fd89b32071695b352f424353b3685; parent_hash: 0xf864…baab; extrinsics (2): [0xc110…c53e, 0xc37a…fde3]]
2023-12-22 14:47:17+00:00 [//Ferdie (Consensus)] ✨ Imported #631 (0x06cb…3685)    
2023-12-22 14:47:17+00:00 [//Alice (DomainId(0))] ✨ Imported #315 (0x90e8…a8e0)    
2023-12-22 14:47:17+00:00 [//Alice (DomainId(0))] acknowledgement_sender_stream tag="Import block #631"
2023-12-22 14:47:17+00:00 [Ferdie] 🎁 Prepared block for proposing at 632 (5 ms) [hash: 0xe9bd437eb09c17d043bf30684cadef2ffc8f7907a755668f284d51433e865615; parent_hash: 0x06cb…3685; extrinsics (1): [0x7030…9bd0]]
2023-12-22 14:47:17+00:00 [//Ferdie (Consensus)] ✨ Imported #632 (0xe9bd…5615)    
2023-12-22 14:47:18+00:00 [//Alice (DomainId(0))] acknowledgement_sender_stream tag="Import block #632"
2023-12-22 14:47:18+00:00 [//Alice (DomainId(0))] 📦 Claimed bundle at slot 633
2023-12-22 14:47:18+00:00 [//Alice (DomainId(0))] 🔖 Producing bundle at slot Slot(633)
2023-12-22 14:47:18+00:00 [//Alice (DomainId(0))] Submitted bundle from slot 633, extrinsics: 0    
2023-12-22 14:47:18+00:00 [//Alice (DomainId(0))] acknowledgement_sender_stream tag="New slot Slot(633)"
2023-12-22 14:47:18+00:00 [Ferdie] 🎁 Prepared block for proposing at 633 (9 ms) [hash: 0x018fee70b0454299862c6e0b1a005b50a4b984a22469c3109bd0281320550cfc; parent_hash: 0xe9bd…5615; extrinsics (2): [0xedf3…56e8, 0x0fb4…662e]]
2023-12-22 14:47:18+00:00 [//Ferdie (Consensus)] ✨ Imported #633 (0x018f…0cfc)    
2023-12-22 14:47:18+00:00 [//Alice (DomainId(0))] ✨ Imported #316 (0x9a4c…0cba)    
2023-12-22 14:47:18+00:00 [//Alice (DomainId(0))] acknowledgement_sender_stream tag="Import block #633"
2023-12-22 14:47:18+00:00 [Ferdie] 🎁 Prepared block for proposing at 634 (5 ms) [hash: 0x84ebf17dadcde75f421444a3767e3c1a1c6324974b0bcf7c4a16b95b79f39431; parent_hash: 0x018f…0cfc; extrinsics (1): [0xbd2a…1712]]
2023-12-22 14:47:18+00:00 [//Ferdie (Consensus)] ✨ Imported #634 (0x84eb…9431)    
2023-12-22 14:47:18+00:00 [//Alice (DomainId(0))] acknowledgement_sender_stream tag="Import block #634"
2023-12-22 14:47:18+00:00 [//Alice (DomainId(0))] 📦 Claimed bundle at slot 635
2023-12-22 14:47:18+00:00 [//Alice (DomainId(0))] 🔖 Producing bundle at slot Slot(635)
2023-12-22 14:47:18+00:00 [//Alice (DomainId(0))] Submitted bundle from slot 635, extrinsics: 0    
2023-12-22 14:47:18+00:00 [//Alice (DomainId(0))] acknowledgement_sender_stream tag="New slot Slot(635)"
2023-12-22 14:47:18+00:00 [Ferdie] 🎁 Prepared block for proposing at 635 (10 ms) [hash: 0xa43b1d1ceefe47a0c77afca6ac65838a1b08ca8faf9ccbce16d09b86333743d2; parent_hash: 0x84eb…9431; extrinsics (2): [0xcb5e…417d, 0x3997…d3ed]]
2023-12-22 14:47:18+00:00 [//Ferdie (Consensus)] ✨ Imported #635 (0xa43b…43d2)    
2023-12-22 14:47:18+00:00 [//Alice (DomainId(0))] ✨ Imported #317 (0xc333…4bde)    
2023-12-22 14:47:19+00:00 [//Alice (DomainId(0))] acknowledgement_sender_stream tag="Import block #635"
2023-12-22 14:47:19+00:00 [Ferdie] 🎁 Prepared block for proposing at 636 (5 ms) [hash: 0xb1303fa3a3747fae9169d58440b8317b8ed8d06df7adc6b914f2c4e5e57ff890; parent_hash: 0xa43b…43d2; extrinsics (1): [0x7ea5…69f2]]
2023-12-22 14:47:19+00:00 [//Ferdie (Consensus)] ✨ Imported #636 (0xb130…f890)    
2023-12-22 14:47:19+00:00 [//Alice (DomainId(0))] 💤 Idle (0 peers), best: #317 (0xc333…4bde), finalized #0 (0x7aea…1834), ⬇ 0 ⬆ 0    
2023-12-22 14:47:19+00:00 [//Alice (DomainId(0))] acknowledgement_sender_stream tag="Import block #636"
2023-12-22 14:47:19+00:00 [//Alice (DomainId(0))] 📦 Claimed bundle at slot 637
2023-12-22 14:47:19+00:00 [//Alice (DomainId(0))] 🔖 Producing bundle at slot Slot(637)
2023-12-22 14:47:19+00:00 [//Alice (DomainId(0))] Submitted bundle from slot 637, extrinsics: 0    
2023-12-22 14:47:19+00:00 [//Alice (DomainId(0))] acknowledgement_sender_stream tag="New slot Slot(637)"
2023-12-22 14:47:19+00:00 [Ferdie] 🎁 Prepared block for proposing at 637 (9 ms) [hash: 0xbc94c77af223ec7e785bfec12245d56f685f5fb7c1be5737ccfcbd56dbef463f; parent_hash: 0xb130…f890; extrinsics (2): [0x3e13…44a3, 0xb8ff…eaee]]
2023-12-22 14:47:19+00:00 [//Ferdie (Consensus)] ✨ Imported #637 (0xbc94…463f)    
2023-12-22 14:47:19+00:00 [//Alice (DomainId(0))] acknowledgement_sender_stream tag="Import block #637"
2023-12-22 14:47:19+00:00 [//Alice (DomainId(0))] ✨ Imported #318 (0x3440…d10d)    
2023-12-22 14:47:19+00:00 [Ferdie] 🎁 Prepared block for proposing at 638 (5 ms) [hash: 0x9525b723abaf241551b0e21fe50718ed5deaff3c19f73ff64228822671375d9a; parent_hash: 0xbc94…463f; extrinsics (1): [0x8961…0c8a]]
2023-12-22 14:47:19+00:00 [//Ferdie (Consensus)] ✨ Imported #638 (0x9525…5d9a)    
2023-12-22 14:47:19+00:00 [//Alice (DomainId(0))] acknowledgement_sender_stream tag="Import block #638"
2023-12-22 14:47:19+00:00 [//Alice (DomainId(0))] 📦 Claimed bundle at slot 639
2023-12-22 14:47:19+00:00 [//Alice (DomainId(0))] 🔖 Producing bundle at slot Slot(639)
2023-12-22 14:47:19+00:00 [//Alice (DomainId(0))] Submitted bundle from slot 639, extrinsics: 0    
2023-12-22 14:47:19+00:00 [//Alice (DomainId(0))] acknowledgement_sender_stream tag="New slot Slot(639)"
2023-12-22 14:47:19+00:00 [Ferdie] 🎁 Prepared block for proposing at 639 (9 ms) [hash: 0x2ca1e1e596ace322b6cbee64c8648ac67635d584a6b859c24d054feff447cef3; parent_hash: 0x9525…5d9a; extrinsics (2): [0xf4b0…2165, 0xd9f8…5832]]
2023-12-22 14:47:19+00:00 [//Ferdie (Consensus)] ✨ Imported #639 (0x2ca1…cef3)    
2023-12-22 14:47:19+00:00 [//Alice (DomainId(0))] ✨ Imported #319 (0x9550…f1b6)    
2023-12-22 14:47:19+00:00 [//Alice (DomainId(0))] acknowledgement_sender_stream tag="Import block #639"
2023-12-22 14:47:19+00:00 [Ferdie] 🎁 Prepared block for proposing at 640 (5 ms) [hash: 0x390b7d98db860136a828562e5d8ea250acb8785b3cb00bffa763c297d8a0fecf; parent_hash: 0x2ca1…cef3; extrinsics (1): [0xcb82…72c6]]
2023-12-22 14:47:19+00:00 [//Ferdie (Consensus)] ✨ Imported #640 (0x390b…fecf)    
2023-12-22 14:47:19+00:00 [//Alice (DomainId(0))] acknowledgement_sender_stream tag="Import block #640"
2023-12-22 14:47:19+00:00 [//Alice (DomainId(0))] 📦 Claimed bundle at slot 641
2023-12-22 14:47:19+00:00 [//Alice (DomainId(0))] 🔖 Producing bundle at slot Slot(641)
2023-12-22 14:47:19+00:00 [//Alice (DomainId(0))] Submitted bundle from slot 641, extrinsics: 0    
2023-12-22 14:47:19+00:00 [//Alice (DomainId(0))] acknowledgement_sender_stream tag="New slot Slot(641)"
2023-12-22 14:47:19+00:00 [Ferdie] 🎁 Prepared block for proposing at 641 (9 ms) [hash: 0x621fecd6b632572d5fdb83d9ce498f4aae41ffc010ae2956c8ab16a6449ed533; parent_hash: 0x390b…fecf; extrinsics (2): [0xd645…0cd0, 0x6d02…f415]]
2023-12-22 14:47:19+00:00 [//Ferdie (Consensus)] ✨ Imported #641 (0x621f…d533)    
2023-12-22 14:47:19+00:00 [//Alice (DomainId(0))] ✨ Imported #320 (0xad98…ca9c)    
2023-12-22 14:47:19+00:00 [//Alice (DomainId(0))] acknowledgement_sender_stream tag="Import block #641"
2023-12-22 14:47:19+00:00 [Ferdie] 🎁 Prepared block for proposing at 642 (5 ms) [hash: 0x57290d3ff1285dc79d2342d47a22c778ed8fb42dbf50fea245da3dd417fc47f7; parent_hash: 0x621f…d533; extrinsics (1): [0x55cc…72c3]]
2023-12-22 14:47:19+00:00 [//Ferdie (Consensus)] ✨ Imported #642 (0x5729…47f7)    
2023-12-22 14:47:19+00:00 [//Alice (DomainId(0))] acknowledgement_sender_stream tag="Import block #642"
2023-12-22 14:47:19+00:00 [//Alice (DomainId(0))] 📦 Claimed bundle at slot 643
2023-12-22 14:47:19+00:00 [//Alice (DomainId(0))] 🔖 Producing bundle at slot Slot(643)
2023-12-22 14:47:19+00:00 [//Alice (DomainId(0))] Submitted bundle from slot 643, extrinsics: 0    
2023-12-22 14:47:19+00:00 [//Alice (DomainId(0))] acknowledgement_sender_stream tag="New slot Slot(643)"
2023-12-22 14:47:19+00:00 [Ferdie] 🎁 Prepared block for proposing at 643 (9 ms) [hash: 0xe1b8871ba9ac60eb293ce4051d0633428fc01a6df8fa4ad1d6375c8a5d14bb7f; parent_hash: 0x5729…47f7; extrinsics (2): [0xf974…59bc, 0x4cda…db46]]
2023-12-22 14:47:19+00:00 [//Ferdie (Consensus)] ✨ Imported #643 (0xe1b8…bb7f)    
2023-12-22 14:47:19+00:00 [//Alice (DomainId(0))] ✨ Imported #321 (0x7286…f685)    
2023-12-22 14:47:19+00:00 [//Alice (DomainId(0))] acknowledgement_sender_stream tag="Import block #643"
2023-12-22 14:47:19+00:00 [Ferdie] 🎁 Prepared block for proposing at 644 (5 ms) [hash: 0xa13c132cdc5554645de51a894b7e7c4adf21299ac763dd7316ab6a9552a97c0e; parent_hash: 0xe1b8…bb7f; extrinsics (1): [0x89f1…b83d]]
2023-12-22 14:47:19+00:00 [//Ferdie (Consensus)] ✨ Imported #644 (0xa13c…7c0e)    
2023-12-22 14:47:19+00:00 [//Alice (DomainId(0))] acknowledgement_sender_stream tag="Import block #644"
2023-12-22 14:47:19+00:00 [//Alice (DomainId(0))] 📦 Claimed bundle at slot 645
2023-12-22 14:47:19+00:00 [//Alice (DomainId(0))] 🔖 Producing bundle at slot Slot(645)
2023-12-22 14:47:19+00:00 [//Alice (DomainId(0))] Submitted bundle from slot 645, extrinsics: 0    
2023-12-22 14:47:19+00:00 [//Alice (DomainId(0))] acknowledgement_sender_stream tag="New slot Slot(645)"
2023-12-22 14:47:19+00:00 [Ferdie] 🎁 Prepared block for proposing at 645 (9 ms) [hash: 0x7e6e56f99b212a4f22a986324314e2cad635d71de428eadae5b96ae518ab4eaa; parent_hash: 0xa13c…7c0e; extrinsics (2): [0xaae8…edf5, 0x8d32…4bd4]]
2023-12-22 14:47:19+00:00 [//Ferdie (Consensus)] ✨ Imported #645 (0x7e6e…4eaa)    
2023-12-22 14:47:19+00:00 [//Alice (DomainId(0))] ✨ Imported #322 (0x54bf…2df2)    
2023-12-22 14:47:19+00:00 [//Alice (DomainId(0))] acknowledgement_sender_stream tag="Import block #645"
2023-12-22 14:47:19+00:00 [Ferdie] 🎁 Prepared block for proposing at 646 (5 ms) [hash: 0xd659eb01d440ea0d7ebbdc7116b601b20d48f11f03bfa6fdafbd6c387a492d21; parent_hash: 0x7e6e…4eaa; extrinsics (1): [0x3d16…d3e3]]
2023-12-22 14:47:19+00:00 [//Ferdie (Consensus)] ✨ Imported #646 (0xd659…2d21)    
2023-12-22 14:47:19+00:00 [//Alice (DomainId(0))] acknowledgement_sender_stream tag="Import block #646"
2023-12-22 14:47:19+00:00 [//Alice (DomainId(0))] 📦 Claimed bundle at slot 647
2023-12-22 14:47:19+00:00 [//Alice (DomainId(0))] 🔖 Producing bundle at slot Slot(647)
2023-12-22 14:47:19+00:00 [//Alice (DomainId(0))] Submitted bundle from slot 647, extrinsics: 0    
2023-12-22 14:47:19+00:00 [//Alice (DomainId(0))] acknowledgement_sender_stream tag="New slot Slot(647)"
2023-12-22 14:47:19+00:00 [Ferdie] 🎁 Prepared block for proposing at 647 (9 ms) [hash: 0xa52f985cac5bb43da8b00e8452dfbd6852b459a02b7ee698d7af790505ede094; parent_hash: 0xd659…2d21; extrinsics (2): [0xce9c…288f, 0x4a2e…84c6]]
2023-12-22 14:47:19+00:00 [//Ferdie (Consensus)] ✨ Imported #647 (0xa52f…e094)    
2023-12-22 14:47:19+00:00 [//Alice (DomainId(0))] ✨ Imported #323 (0x978c…d7b1)    
2023-12-22 14:47:19+00:00 [//Alice (DomainId(0))] acknowledgement_sender_stream tag="Import block #647"
2023-12-22 14:47:19+00:00 [Ferdie] 🎁 Prepared block for proposing at 648 (5 ms) [hash: 0x695a0e4fe77c11ff3d16eab60eb23adf9e14e85689c162fc0faddd556f93ab2f; parent_hash: 0xa52f…e094; extrinsics (1): [0x9919…9903]]
2023-12-22 14:47:19+00:00 [//Ferdie (Consensus)] ✨ Imported #648 (0x695a…ab2f)    
2023-12-22 14:47:19+00:00 [//Alice (DomainId(0))] acknowledgement_sender_stream tag="Import block #648"
2023-12-22 14:47:19+00:00 [//Alice (DomainId(0))] 📦 Claimed bundle at slot 649
2023-12-22 14:47:19+00:00 [//Alice (DomainId(0))] 🔖 Producing bundle at slot Slot(649)
2023-12-22 14:47:20+00:00 [//Alice (DomainId(0))] Submitted bundle from slot 649, extrinsics: 0    
2023-12-22 14:47:20+00:00 [//Alice (DomainId(0))] acknowledgement_sender_stream tag="New slot Slot(649)"
2023-12-22 14:47:20+00:00 [Ferdie] 🎁 Prepared block for proposing at 649 (9 ms) [hash: 0xf3ac707816fe3a397d89b16700dddd6ffecd7adbd3d31bc068b09f76c6751fc3; parent_hash: 0x695a…ab2f; extrinsics (2): [0x7daa…982d, 0xedcf…ed5c]]
2023-12-22 14:47:20+00:00 [//Ferdie (Consensus)] ✨ Imported #649 (0xf3ac…1fc3)    
2023-12-22 14:47:20+00:00 [//Alice (DomainId(0))] ✨ Imported #324 (0x7b2a…c84e)    
2023-12-22 14:47:20+00:00 [//Alice (DomainId(0))] acknowledgement_sender_stream tag="Import block #649"
2023-12-22 14:47:20+00:00 [Ferdie] 🎁 Prepared block for proposing at 650 (5 ms) [hash: 0xb64decdca55b38825cff78d498d5a9c7de91497539d81138715bdeef2d0cf47d; parent_hash: 0xf3ac…1fc3; extrinsics (1): [0x814b…01a9]]
2023-12-22 14:47:20+00:00 [//Ferdie (Consensus)] ✨ Imported #650 (0xb64d…f47d)    
2023-12-22 14:47:20+00:00 [//Alice (DomainId(0))] acknowledgement_sender_stream tag="Import block #650"
2023-12-22 14:47:20+00:00 [//Alice (DomainId(0))] 📦 Claimed bundle at slot 651
2023-12-22 14:47:20+00:00 [//Alice (DomainId(0))] 🔖 Producing bundle at slot Slot(651)
2023-12-22 14:47:20+00:00 [//Alice (DomainId(0))] Submitted bundle from slot 651, extrinsics: 0    
2023-12-22 14:47:20+00:00 [//Alice (DomainId(0))] acknowledgement_sender_stream tag="New slot Slot(651)"
2023-12-22 14:47:20+00:00 [Ferdie] 🎁 Prepared block for proposing at 651 (9 ms) [hash: 0x0733f5867f0f8e0e6f3a24b130f7fee7aa392f030e221368373d3abb36c0737a; parent_hash: 0xb64d…f47d; extrinsics (2): [0x6a9c…970c, 0xac21…92d8]]
2023-12-22 14:47:20+00:00 [//Ferdie (Consensus)] ✨ Imported #651 (0x0733…737a)    
2023-12-22 14:47:20+00:00 [//Alice (DomainId(0))] ✨ Imported #325 (0xa371…0fd5)    
2023-12-22 14:47:20+00:00 [//Alice (DomainId(0))] acknowledgement_sender_stream tag="Import block #651"
2023-12-22 14:47:20+00:00 [Ferdie] 🎁 Prepared block for proposing at 652 (5 ms) [hash: 0x850fa13cea7e450ebacf0d71e30c3981ffd4aa905793da008189ff396b29485c; parent_hash: 0x0733…737a; extrinsics (1): [0x56da…b58f]]
2023-12-22 14:47:20+00:00 [//Ferdie (Consensus)] ✨ Imported #652 (0x850f…485c)    
2023-12-22 14:47:20+00:00 [//Alice (DomainId(0))] acknowledgement_sender_stream tag="Import block #652"
2023-12-22 14:47:20+00:00 [//Alice (DomainId(0))] 📦 Claimed bundle at slot 653
2023-12-22 14:47:20+00:00 [//Alice (DomainId(0))] 🔖 Producing bundle at slot Slot(653)
2023-12-22 14:47:20+00:00 [//Alice (DomainId(0))] Submitted bundle from slot 653, extrinsics: 0    
2023-12-22 14:47:20+00:00 [//Alice (DomainId(0))] acknowledgement_sender_stream tag="New slot Slot(653)"
2023-12-22 14:47:20+00:00 [Ferdie] 🎁 Prepared block for proposing at 653 (9 ms) [hash: 0xff382376ab558fc965be2eef0a0bc4e580d23099f7a2d3b2cfc7801dddc46b75; parent_hash: 0x850f…485c; extrinsics (2): [0xc459…79f8, 0x2b76…7f0b]]
2023-12-22 14:47:20+00:00 [//Ferdie (Consensus)] ✨ Imported #653 (0xff38…6b75)    
2023-12-22 14:47:20+00:00 [//Alice (DomainId(0))] ✨ Imported #326 (0xafc9…3745)    
2023-12-22 14:47:20+00:00 [//Alice (DomainId(0))] acknowledgement_sender_stream tag="Import block #653"
2023-12-22 14:47:20+00:00 [Ferdie] 🎁 Prepared block for proposing at 654 (5 ms) [hash: 0x6b8dd031ab67a8b3d298ee8ca548413fbcd1fbcbfdb8d65a2ac8f2c8bc428174; parent_hash: 0xff38…6b75; extrinsics (1): [0xf251…88db]]
2023-12-22 14:47:20+00:00 [//Ferdie (Consensus)] ✨ Imported #654 (0x6b8d…8174)    
2023-12-22 14:47:20+00:00 [//Alice (DomainId(0))] acknowledgement_sender_stream tag="Import block #654"
2023-12-22 14:47:20+00:00 [//Alice (DomainId(0))] 📦 Claimed bundle at slot 655
2023-12-22 14:47:20+00:00 [//Alice (DomainId(0))] 🔖 Producing bundle at slot Slot(655)
2023-12-22 14:47:20+00:00 [//Alice (DomainId(0))] Submitted bundle from slot 655, extrinsics: 0    
2023-12-22 14:47:20+00:00 [//Alice (DomainId(0))] acknowledgement_sender_stream tag="New slot Slot(655)"
2023-12-22 14:47:20+00:00 [Ferdie] 🎁 Prepared block for proposing at 655 (9 ms) [hash: 0x9a34784d4176a0cafae9eab88783b17bdb594a498153005e17f0e4763fe751f6; parent_hash: 0x6b8d…8174; extrinsics (2): [0x3386…b79d, 0x7cbb…94a2]]
2023-12-22 14:47:20+00:00 [//Ferdie (Consensus)] ✨ Imported #655 (0x9a34…51f6)    
2023-12-22 14:47:20+00:00 [//Alice (DomainId(0))] ✨ Imported #327 (0x8c46…e2a5)    
2023-12-22 14:47:20+00:00 [//Alice (DomainId(0))] acknowledgement_sender_stream tag="Import block #655"
2023-12-22 14:47:20+00:00 [Ferdie] 🎁 Prepared block for proposing at 656 (5 ms) [hash: 0x50657dbbfbfc4eed4aabeb1735666c2c6643bda7dfdb9709bf4b3a061238174c; parent_hash: 0x9a34…51f6; extrinsics (1): [0x7394…9850]]
2023-12-22 14:47:20+00:00 [//Ferdie (Consensus)] ✨ Imported #656 (0x5065…174c)    
2023-12-22 14:47:20+00:00 [//Alice (DomainId(0))] acknowledgement_sender_stream tag="Import block #656"
2023-12-22 14:47:20+00:00 [//Alice (DomainId(0))] 📦 Claimed bundle at slot 657
2023-12-22 14:47:20+00:00 [//Alice (DomainId(0))] 🔖 Producing bundle at slot Slot(657)
2023-12-22 14:47:20+00:00 [//Alice (DomainId(0))] Submitted bundle from slot 657, extrinsics: 0    
2023-12-22 14:47:20+00:00 [//Alice (DomainId(0))] acknowledgement_sender_stream tag="New slot Slot(657)"
2023-12-22 14:47:20+00:00 [Ferdie] 🎁 Prepared block for proposing at 657 (9 ms) [hash: 0xdd281be56216b82ca9afaf77f9042ab416d0099c22b4788c7c7a1297e2bae985; parent_hash: 0x5065…174c; extrinsics (2): [0x9f41…8c30, 0x32e4…59de]]
2023-12-22 14:47:20+00:00 [//Ferdie (Consensus)] ✨ Imported #657 (0xdd28…e985)    
2023-12-22 14:47:20+00:00 [//Alice (DomainId(0))] acknowledgement_sender_stream tag="Import block #657"
2023-12-22 14:47:20+00:00 [//Alice (DomainId(0))] ✨ Imported #328 (0x86ee…7825)    
2023-12-22 14:47:20+00:00 [Ferdie] 🎁 Prepared block for proposing at 658 (5 ms) [hash: 0x5defffe1260b6f3b83806c74e8f6d4aca2d19fe19054760a4bc8728f874bab6f; parent_hash: 0xdd28…e985; extrinsics (1): [0xeb9d…2b26]]
2023-12-22 14:47:20+00:00 [//Ferdie (Consensus)] ✨ Imported #658 (0x5def…ab6f)    
2023-12-22 14:47:20+00:00 [//Alice (DomainId(0))] acknowledgement_sender_stream tag="Import block #658"
2023-12-22 14:47:20+00:00 [//Alice (DomainId(0))] 📦 Claimed bundle at slot 659
2023-12-22 14:47:20+00:00 [//Alice (DomainId(0))] 🔖 Producing bundle at slot Slot(659)
2023-12-22 14:47:20+00:00 [//Alice (DomainId(0))] Submitted bundle from slot 659, extrinsics: 0    
2023-12-22 14:47:20+00:00 [//Alice (DomainId(0))] acknowledgement_sender_stream tag="New slot Slot(659)"
2023-12-22 14:47:20+00:00 [Ferdie] 🎁 Prepared block for proposing at 659 (9 ms) [hash: 0xa7bedae733e213e7e5377b935751bbc2a0d8931a52229e7cb92669afe1f6b743; parent_hash: 0x5def…ab6f; extrinsics (2): [0xcf0e…6799, 0xa00f…ce5b]]
2023-12-22 14:47:20+00:00 [//Ferdie (Consensus)] ✨ Imported #659 (0xa7be…b743)    
2023-12-22 14:47:21+00:00 [//Alice (DomainId(0))] acknowledgement_sender_stream tag="Import block #659"
2023-12-22 14:47:21+00:00 [//Alice (DomainId(0))] ✨ Imported #329 (0xfcb9…869d)    
2023-12-22 14:47:21+00:00 [Ferdie] 🎁 Prepared block for proposing at 660 (5 ms) [hash: 0x73796c6263587ba96d9b27b7a8ec7f3219e919e0baf2d8f72393dad5b9fc5c79; parent_hash: 0xa7be…b743; extrinsics (1): [0x3672…df55]]
2023-12-22 14:47:21+00:00 [//Ferdie (Consensus)] ✨ Imported #660 (0x7379…5c79)    
2023-12-22 14:47:21+00:00 [//Alice (DomainId(0))] acknowledgement_sender_stream tag="Import block #660"
2023-12-22 14:47:21+00:00 [//Alice (DomainId(0))] 📦 Claimed bundle at slot 661
2023-12-22 14:47:21+00:00 [//Alice (DomainId(0))] 🔖 Producing bundle at slot Slot(661)
2023-12-22 14:47:21+00:00 [//Alice (DomainId(0))] Submitted bundle from slot 661, extrinsics: 0    
2023-12-22 14:47:21+00:00 [//Alice (DomainId(0))] acknowledgement_sender_stream tag="New slot Slot(661)"
2023-12-22 14:47:21+00:00 [Ferdie] 🎁 Prepared block for proposing at 661 (9 ms) [hash: 0x65b6a4714340bd3a8d34249b664dc7f08ac64fd426791823ef0b2166cd5a8f2b; parent_hash: 0x7379…5c79; extrinsics (2): [0x4738…48d4, 0xf98b…3d14]]
2023-12-22 14:47:21+00:00 [//Ferdie (Consensus)] ✨ Imported #661 (0x65b6…8f2b)    
2023-12-22 14:47:21+00:00 [//Alice (DomainId(0))] ✨ Imported #330 (0xab14…12b9)    
2023-12-22 14:47:21+00:00 [//Alice (DomainId(0))] acknowledgement_sender_stream tag="Import block #661"
2023-12-22 14:47:21+00:00 [Ferdie] 🎁 Prepared block for proposing at 662 (5 ms) [hash: 0x57428eff9bcfe8446cdd1561f5b7a303c2319e3788595216de573859bcd25841; parent_hash: 0x65b6…8f2b; extrinsics (1): [0x71e5…a36f]]
2023-12-22 14:47:21+00:00 [//Ferdie (Consensus)] ✨ Imported #662 (0x5742…5841)    
2023-12-22 14:47:21+00:00 [//Alice (DomainId(0))] acknowledgement_sender_stream tag="Import block #662"
2023-12-22 14:47:21+00:00 [//Alice (DomainId(0))] 📦 Claimed bundle at slot 663
2023-12-22 14:47:21+00:00 [//Alice (DomainId(0))] 🔖 Producing bundle at slot Slot(663)
2023-12-22 14:47:21+00:00 [//Alice (DomainId(0))] Submitted bundle from slot 663, extrinsics: 0    
2023-12-22 14:47:21+00:00 [//Alice (DomainId(0))] acknowledgement_sender_stream tag="New slot Slot(663)"
2023-12-22 14:47:21+00:00 [Ferdie] 🎁 Prepared block for proposing at 663 (9 ms) [hash: 0x91590600c55d1b2d288cab04ccdd7009efcf28a82f78a56a4f4e9cc8eee1826a; parent_hash: 0x5742…5841; extrinsics (2): [0x7271…f12f, 0xc735…7ae6]]
2023-12-22 14:47:21+00:00 [//Ferdie (Consensus)] ✨ Imported #663 (0x9159…826a)    
2023-12-22 14:47:21+00:00 [//Alice (DomainId(0))] ✨ Imported #331 (0xb60a…71fa)    
2023-12-22 14:47:21+00:00 [//Alice (DomainId(0))] acknowledgement_sender_stream tag="Import block #663"
2023-12-22 14:47:21+00:00 [Ferdie] 🎁 Prepared block for proposing at 664 (5 ms) [hash: 0xdc6b6eac1780fdb8f4122053b94af766902627ba3969d120811f37b5b76d5b5f; parent_hash: 0x9159…826a; extrinsics (1): [0x13d4…5a3b]]
2023-12-22 14:47:21+00:00 [//Ferdie (Consensus)] ✨ Imported #664 (0xdc6b…5b5f)    
2023-12-22 14:47:21+00:00 [//Alice (DomainId(0))] acknowledgement_sender_stream tag="Import block #664"
2023-12-22 14:47:21+00:00 [//Alice (DomainId(0))] 📦 Claimed bundle at slot 665
2023-12-22 14:47:21+00:00 [//Alice (DomainId(0))] 🔖 Producing bundle at slot Slot(665)
2023-12-22 14:47:21+00:00 [//Alice (DomainId(0))] Submitted bundle from slot 665, extrinsics: 0    
2023-12-22 14:47:21+00:00 [//Alice (DomainId(0))] acknowledgement_sender_stream tag="New slot Slot(665)"
2023-12-22 14:47:21+00:00 [Ferdie] 🎁 Prepared block for proposing at 665 (9 ms) [hash: 0xe3d17f6e68f4ec3f06eb5eee9290e6a045e0d9fcb11291a81408f1854e7eab08; parent_hash: 0xdc6b…5b5f; extrinsics (2): [0x2a44…bbd6, 0x7616…e4f7]]
2023-12-22 14:47:21+00:00 [//Ferdie (Consensus)] ✨ Imported #665 (0xe3d1…ab08)    
2023-12-22 14:47:21+00:00 [//Alice (DomainId(0))] ✨ Imported #332 (0x6e31…8950)    
2023-12-22 14:47:21+00:00 [//Alice (DomainId(0))] acknowledgement_sender_stream tag="Import block #665"
2023-12-22 14:47:21+00:00 [Ferdie] 🎁 Prepared block for proposing at 666 (5 ms) [hash: 0xe9cd8494b9c7503e98de523d222f412522c2e73e38a08ab1fb5b042a7621aa50; parent_hash: 0xe3d1…ab08; extrinsics (1): [0x5bcf…73d7]]
2023-12-22 14:47:21+00:00 [//Ferdie (Consensus)] ✨ Imported #666 (0xe9cd…aa50)    
2023-12-22 14:47:21+00:00 [//Alice (DomainId(0))] acknowledgement_sender_stream tag="Import block #666"
2023-12-22 14:47:21+00:00 [//Alice (DomainId(0))] 📦 Claimed bundle at slot 667
2023-12-22 14:47:21+00:00 [//Alice (DomainId(0))] 🔖 Producing bundle at slot Slot(667)
2023-12-22 14:47:21+00:00 [//Alice (DomainId(0))] Submitted bundle from slot 667, extrinsics: 0    
2023-12-22 14:47:21+00:00 [//Alice (DomainId(0))] acknowledgement_sender_stream tag="New slot Slot(667)"
2023-12-22 14:47:21+00:00 [Ferdie] 🎁 Prepared block for proposing at 667 (9 ms) [hash: 0x74b468dc87dbfc4c2fb4ee6a132db97f0e778c8d86e34ecb2d40429d0b1246dc; parent_hash: 0xe9cd…aa50; extrinsics (2): [0xf8da…b6d1, 0x24f6…f272]]
2023-12-22 14:47:21+00:00 [//Ferdie (Consensus)] ✨ Imported #667 (0x74b4…46dc)    
2023-12-22 14:47:21+00:00 [//Alice (DomainId(0))] ✨ Imported #333 (0xca5c…a681)    
2023-12-22 14:47:21+00:00 [//Alice (DomainId(0))] acknowledgement_sender_stream tag="Import block #667"
2023-12-22 14:47:21+00:00 [Ferdie] 🎁 Prepared block for proposing at 668 (5 ms) [hash: 0x42510726b486f630713cc7361949c5da1c41de0cced5937a4ceab25fcc121b9b; parent_hash: 0x74b4…46dc; extrinsics (1): [0x2fba…83fd]]
2023-12-22 14:47:21+00:00 [//Ferdie (Consensus)] ✨ Imported #668 (0x4251…1b9b)    
2023-12-22 14:47:21+00:00 [//Alice (DomainId(0))] acknowledgement_sender_stream tag="Import block #668"
2023-12-22 14:47:21+00:00 [//Alice (DomainId(0))] 📦 Claimed bundle at slot 669
2023-12-22 14:47:21+00:00 [//Alice (DomainId(0))] 🔖 Producing bundle at slot Slot(669)
2023-12-22 14:47:21+00:00 [//Alice (DomainId(0))] Submitted bundle from slot 669, extrinsics: 0    
2023-12-22 14:47:21+00:00 [//Alice (DomainId(0))] acknowledgement_sender_stream tag="New slot Slot(669)"
2023-12-22 14:47:21+00:00 [Ferdie] 🎁 Prepared block for proposing at 669 (9 ms) [hash: 0x8f8d2e6410e1209d9d9226bc7e51b7a693e107e23f3487fde1e67feb43237968; parent_hash: 0x4251…1b9b; extrinsics (2): [0x7c74…e13f, 0xb737…c6e4]]
2023-12-22 14:47:21+00:00 [//Ferdie (Consensus)] ✨ Imported #669 (0x8f8d…7968)    
2023-12-22 14:47:21+00:00 [//Alice (DomainId(0))] ✨ Imported #334 (0x1760…6665)    
2023-12-22 14:47:21+00:00 [//Alice (DomainId(0))] acknowledgement_sender_stream tag="Import block #669"
2023-12-22 14:47:21+00:00 [Ferdie] 🎁 Prepared block for proposing at 670 (5 ms) [hash: 0x11eafa6b34d16d6d7fdac6636e9d47c4b8c6a4231f39a7d91e62135e70db0539; parent_hash: 0x8f8d…7968; extrinsics (1): [0x968c…ee5a]]
2023-12-22 14:47:21+00:00 [//Ferdie (Consensus)] ✨ Imported #670 (0x11ea…0539)    
2023-12-22 14:47:21+00:00 [//Alice (DomainId(0))] acknowledgement_sender_stream tag="Import block #670"
2023-12-22 14:47:21+00:00 [//Alice (DomainId(0))] 📦 Claimed bundle at slot 671
2023-12-22 14:47:21+00:00 [//Alice (DomainId(0))] 🔖 Producing bundle at slot Slot(671)
2023-12-22 14:47:21+00:00 [//Alice (DomainId(0))] Submitted bundle from slot 671, extrinsics: 0    
2023-12-22 14:47:21+00:00 [//Alice (DomainId(0))] acknowledgement_sender_stream tag="New slot Slot(671)"
2023-12-22 14:47:21+00:00 [Ferdie] 🎁 Prepared block for proposing at 671 (9 ms) [hash: 0x832bf0852f2ce1aae356489279f417a57124f1fb01ec70cffbaae044a28cb290; parent_hash: 0x11ea…0539; extrinsics (2): [0xc348…c38b, 0xe04e…ce79]]
2023-12-22 14:47:21+00:00 [//Ferdie (Consensus)] ✨ Imported #671 (0x832b…b290)    
2023-12-22 14:47:22+00:00 [//Alice (DomainId(0))] ✨ Imported #335 (0x0aee…4f67)    
2023-12-22 14:47:22+00:00 [//Alice (DomainId(0))] acknowledgement_sender_stream tag="Import block #671"
2023-12-22 14:47:22+00:00 [Ferdie] 🎁 Prepared block for proposing at 672 (5 ms) [hash: 0xdfc9bad3b5584a16b683c6ec28162e59a2a4cc27197b75598722957cb9d50ec1; parent_hash: 0x832b…b290; extrinsics (1): [0xacc8…5da7]]
2023-12-22 14:47:22+00:00 [//Ferdie (Consensus)] ✨ Imported #672 (0xdfc9…0ec1)    
2023-12-22 14:47:22+00:00 [//Alice (DomainId(0))] acknowledgement_sender_stream tag="Import block #672"
2023-12-22 14:47:22+00:00 [//Alice (DomainId(0))] 📦 Claimed bundle at slot 673
2023-12-22 14:47:22+00:00 [//Alice (DomainId(0))] 🔖 Producing bundle at slot Slot(673)
2023-12-22 14:47:22+00:00 [//Alice (DomainId(0))] Submitted bundle from slot 673, extrinsics: 0    
2023-12-22 14:47:22+00:00 [//Alice (DomainId(0))] acknowledgement_sender_stream tag="New slot Slot(673)"
2023-12-22 14:47:22+00:00 [Ferdie] 🎁 Prepared block for proposing at 673 (9 ms) [hash: 0x3d6f4a4d45534074bef36f8380b13ccee78bdf8d35f26969ba27262f8d12a53a; parent_hash: 0xdfc9…0ec1; extrinsics (2): [0x6401…ef70, 0xf648…c4a2]]
2023-12-22 14:47:22+00:00 [//Ferdie (Consensus)] ✨ Imported #673 (0x3d6f…a53a)    
2023-12-22 14:47:22+00:00 [//Alice (DomainId(0))] ✨ Imported #336 (0x0b8e…064c)    
2023-12-22 14:47:22+00:00 [//Alice (DomainId(0))] acknowledgement_sender_stream tag="Import block #673"
2023-12-22 14:47:22+00:00 [Ferdie] 🎁 Prepared block for proposing at 674 (5 ms) [hash: 0x2e702ab0b5daa1f81084279a82c3d9c4277b5c22b63ab89486e6b2904195fc56; parent_hash: 0x3d6f…a53a; extrinsics (1): [0x7cf4…5fd1]]
2023-12-22 14:47:22+00:00 [//Ferdie (Consensus)] ✨ Imported #674 (0x2e70…fc56)    
2023-12-22 14:47:22+00:00 [//Alice (DomainId(0))] acknowledgement_sender_stream tag="Import block #674"
2023-12-22 14:47:22+00:00 [//Alice (DomainId(0))] 📦 Claimed bundle at slot 675
2023-12-22 14:47:22+00:00 [//Alice (DomainId(0))] 🔖 Producing bundle at slot Slot(675)
2023-12-22 14:47:22+00:00 [//Alice (DomainId(0))] Submitted bundle from slot 675, extrinsics: 0    
2023-12-22 14:47:22+00:00 [//Alice (DomainId(0))] acknowledgement_sender_stream tag="New slot Slot(675)"
2023-12-22 14:47:22+00:00 [Ferdie] 🎁 Prepared block for proposing at 675 (9 ms) [hash: 0x720c7f5b881ef7d8c870d84b80047e6163c645ea5e88d991baeada75ed442e81; parent_hash: 0x2e70…fc56; extrinsics (2): [0x63cd…829e, 0x1ccd…21af]]
2023-12-22 14:47:22+00:00 [//Ferdie (Consensus)] ✨ Imported #675 (0x720c…2e81)    
2023-12-22 14:47:22+00:00 [//Alice (DomainId(0))] ✨ Imported #337 (0xb6b4…54f8)    
2023-12-22 14:47:22+00:00 [//Alice (DomainId(0))] acknowledgement_sender_stream tag="Import block #675"
2023-12-22 14:47:22+00:00 [Ferdie] 🎁 Prepared block for proposing at 676 (5 ms) [hash: 0x93c8851215505f6c733d7334320ffed912fe63865e6a3e306e2caf2b3776557d; parent_hash: 0x720c…2e81; extrinsics (1): [0xe627…9ea5]]
2023-12-22 14:47:22+00:00 [//Ferdie (Consensus)] ✨ Imported #676 (0x93c8…557d)    
2023-12-22 14:47:22+00:00 [//Alice (DomainId(0))] acknowledgement_sender_stream tag="Import block #676"
2023-12-22 14:47:22+00:00 [//Alice (DomainId(0))] 📦 Claimed bundle at slot 677
2023-12-22 14:47:22+00:00 [//Alice (DomainId(0))] 🔖 Producing bundle at slot Slot(677)
2023-12-22 14:47:22+00:00 [//Alice (DomainId(0))] Submitted bundle from slot 677, extrinsics: 0    
2023-12-22 14:47:22+00:00 [//Alice (DomainId(0))] acknowledgement_sender_stream tag="New slot Slot(677)"
2023-12-22 14:47:22+00:00 [Ferdie] 🎁 Prepared block for proposing at 677 (9 ms) [hash: 0x6fd085e5c0b54029088237de4ced9689c0f82b2ea252422942020145453a8003; parent_hash: 0x93c8…557d; extrinsics (2): [0x4663…f0d3, 0xfc8c…14f4]]
2023-12-22 14:47:22+00:00 [//Ferdie (Consensus)] ✨ Imported #677 (0x6fd0…8003)    
2023-12-22 14:47:22+00:00 [//Alice (DomainId(0))] ✨ Imported #338 (0x024e…d0fb)    
2023-12-22 14:47:22+00:00 [//Alice (DomainId(0))] acknowledgement_sender_stream tag="Import block #677"
2023-12-22 14:47:22+00:00 [Ferdie] 🎁 Prepared block for proposing at 678 (5 ms) [hash: 0xff9787b8a0424d51d91f3c69c3b792d0352bcb0ac8261cf57859ba0731fd83e2; parent_hash: 0x6fd0…8003; extrinsics (1): [0x3a62…69e2]]
2023-12-22 14:47:22+00:00 [//Ferdie (Consensus)] ✨ Imported #678 (0xff97…83e2)    
2023-12-22 14:47:22+00:00 [//Alice (DomainId(0))] acknowledgement_sender_stream tag="Import block #678"
2023-12-22 14:47:22+00:00 [//Alice (DomainId(0))] 📦 Claimed bundle at slot 679
2023-12-22 14:47:22+00:00 [//Alice (DomainId(0))] 🔖 Producing bundle at slot Slot(679)
2023-12-22 14:47:22+00:00 [//Alice (DomainId(0))] Submitted bundle from slot 679, extrinsics: 0    
2023-12-22 14:47:22+00:00 [//Alice (DomainId(0))] acknowledgement_sender_stream tag="New slot Slot(679)"
2023-12-22 14:47:22+00:00 [Ferdie] 🎁 Prepared block for proposing at 679 (9 ms) [hash: 0xa55b82a96a4fff3c148232a7587012cac30b1de467044e96c5a6fe185eac4f94; parent_hash: 0xff97…83e2; extrinsics (2): [0x0245…edef, 0xd333…0605]]
2023-12-22 14:47:22+00:00 [//Ferdie (Consensus)] ✨ Imported #679 (0xa55b…4f94)    
2023-12-22 14:47:22+00:00 [//Alice (DomainId(0))] ✨ Imported #339 (0x802c…cbeb)    
2023-12-22 14:47:22+00:00 [//Alice (DomainId(0))] acknowledgement_sender_stream tag="Import block #679"
2023-12-22 14:47:22+00:00 [Ferdie] 🎁 Prepared block for proposing at 680 (5 ms) [hash: 0x66b8ed7deca1bfc5c5a666572a50d50b152d3235041df29e0d331fea598c1edf; parent_hash: 0xa55b…4f94; extrinsics (1): [0x9625…fd1e]]
2023-12-22 14:47:22+00:00 [//Ferdie (Consensus)] ✨ Imported #680 (0x66b8…1edf)    
2023-12-22 14:47:22+00:00 [//Alice (DomainId(0))] acknowledgement_sender_stream tag="Import block #680"
2023-12-22 14:47:22+00:00 [//Alice (DomainId(0))] 📦 Claimed bundle at slot 681
2023-12-22 14:47:22+00:00 [//Alice (DomainId(0))] 🔖 Producing bundle at slot Slot(681)
2023-12-22 14:47:22+00:00 [//Alice (DomainId(0))] Submitted bundle from slot 681, extrinsics: 0    
2023-12-22 14:47:22+00:00 [//Alice (DomainId(0))] acknowledgement_sender_stream tag="New slot Slot(681)"
2023-12-22 14:47:22+00:00 [Ferdie] 🎁 Prepared block for proposing at 681 (9 ms) [hash: 0x209e8d70d84e56dfd3f7ca7d4617c9b176df02ccc717980efc010f8e024391e2; parent_hash: 0x66b8…1edf; extrinsics (2): [0x1e21…5243, 0x9573…0dc5]]
2023-12-22 14:47:22+00:00 [//Ferdie (Consensus)] ✨ Imported #681 (0x209e…91e2)    
2023-12-22 14:47:22+00:00 [//Alice (DomainId(0))] ✨ Imported #340 (0x1bcf…7e68)    
2023-12-22 14:47:22+00:00 [//Alice (DomainId(0))] acknowledgement_sender_stream tag="Import block #681"
2023-12-22 14:47:22+00:00 [Ferdie] 🎁 Prepared block for proposing at 682 (5 ms) [hash: 0x762ba36cb1efd5d3829356eb0f60c86c54a52b71c483d40ca418dac708edb95d; parent_hash: 0x209e…91e2; extrinsics (1): [0xd3fb…aaeb]]
2023-12-22 14:47:22+00:00 [//Ferdie (Consensus)] ✨ Imported #682 (0x762b…b95d)    
2023-12-22 14:47:22+00:00 [//Alice (DomainId(0))] acknowledgement_sender_stream tag="Import block #682"
2023-12-22 14:47:22+00:00 [//Alice (DomainId(0))] 📦 Claimed bundle at slot 683
2023-12-22 14:47:22+00:00 [//Alice (DomainId(0))] 🔖 Producing bundle at slot Slot(683)
2023-12-22 14:47:22+00:00 [//Alice (DomainId(0))] Submitted bundle from slot 683, extrinsics: 0    
2023-12-22 14:47:22+00:00 [//Alice (DomainId(0))] acknowledgement_sender_stream tag="New slot Slot(683)"
2023-12-22 14:47:22+00:00 [Ferdie] 🎁 Prepared block for proposing at 683 (9 ms) [hash: 0x80a550d9a056e5670ed8fa421acbad0d2317506683b8c79326c84f0dcc15affc; parent_hash: 0x762b…b95d; extrinsics (2): [0x934d…46da, 0x32fb…afe2]]
2023-12-22 14:47:22+00:00 [//Ferdie (Consensus)] ✨ Imported #683 (0x80a5…affc)    
2023-12-22 14:47:23+00:00 [//Alice (DomainId(0))] ✨ Imported #341 (0x522e…9d6d)    
2023-12-22 14:47:23+00:00 [//Alice (DomainId(0))] acknowledgement_sender_stream tag="Import block #683"
2023-12-22 14:47:23+00:00 [Ferdie] 🎁 Prepared block for proposing at 684 (5 ms) [hash: 0x06cfaa3723d8d50aeb1f2bc2c363d7e0dbc5c70ee1ff7c397868c56f031a58ba; parent_hash: 0x80a5…affc; extrinsics (1): [0x45cc…27c4]]
2023-12-22 14:47:23+00:00 [//Ferdie (Consensus)] ✨ Imported #684 (0x06cf…58ba)    
2023-12-22 14:47:23+00:00 [//Alice (DomainId(0))] acknowledgement_sender_stream tag="Import block #684"
2023-12-22 14:47:23+00:00 [//Alice (DomainId(0))] 📦 Claimed bundle at slot 685
2023-12-22 14:47:23+00:00 [//Alice (DomainId(0))] 🔖 Producing bundle at slot Slot(685)
2023-12-22 14:47:23+00:00 [//Alice (DomainId(0))] Submitted bundle from slot 685, extrinsics: 0    
2023-12-22 14:47:23+00:00 [//Alice (DomainId(0))] acknowledgement_sender_stream tag="New slot Slot(685)"
2023-12-22 14:47:23+00:00 [Ferdie] 🎁 Prepared block for proposing at 685 (9 ms) [hash: 0xdf19ca08cae14261ac442456c46312da958925b5d4f8948d67885aca29e256a6; parent_hash: 0x06cf…58ba; extrinsics (2): [0x376c…2138, 0x18ac…67f5]]
2023-12-22 14:47:23+00:00 [//Ferdie (Consensus)] ✨ Imported #685 (0xdf19…56a6)    
2023-12-22 14:47:23+00:00 [//Alice (DomainId(0))] ✨ Imported #342 (0x2b22…dd33)    
2023-12-22 14:47:23+00:00 [//Alice (DomainId(0))] acknowledgement_sender_stream tag="Import block #685"
2023-12-22 14:47:23+00:00 [Ferdie] 🎁 Prepared block for proposing at 686 (5 ms) [hash: 0x5d25d89f453d7bce44f432f0e6afffacc3c345af75abfd5ce0e54e2190ec44f0; parent_hash: 0xdf19…56a6; extrinsics (1): [0x3d62…07b0]]
2023-12-22 14:47:23+00:00 [//Ferdie (Consensus)] ✨ Imported #686 (0x5d25…44f0)    
2023-12-22 14:47:24+00:00 [//Alice (DomainId(0))] acknowledgement_sender_stream tag="Import block #686"
2023-12-22 14:47:24+00:00 [//Alice (DomainId(0))] 📦 Claimed bundle at slot 687
2023-12-22 14:47:24+00:00 [//Alice (DomainId(0))] 🔖 Producing bundle at slot Slot(687)
2023-12-22 14:47:24+00:00 [//Alice (DomainId(0))] Submitted bundle from slot 687, extrinsics: 0    
2023-12-22 14:47:24+00:00 [//Alice (DomainId(0))] acknowledgement_sender_stream tag="New slot Slot(687)"
2023-12-22 14:47:24+00:00 [Ferdie] 🎁 Prepared block for proposing at 687 (9 ms) [hash: 0xd79613efdc15e1e89ec739f2a635d47c43c2e5b8a2df5800f8020d2e15da8fb7; parent_hash: 0x5d25…44f0; extrinsics (2): [0xb201…e5d4, 0x3626…bebd]]
2023-12-22 14:47:24+00:00 [//Ferdie (Consensus)] ✨ Imported #687 (0xd796…8fb7)    
2023-12-22 14:47:24+00:00 [//Alice (DomainId(0))] acknowledgement_sender_stream tag="Import block #687"
2023-12-22 14:47:24+00:00 [//Alice (DomainId(0))] ✨ Imported #343 (0xd9ff…905f)    
2023-12-22 14:47:24+00:00 [//Alice (DomainId(0))] 💤 Idle (0 peers), best: #343 (0xd9ff…905f), finalized #0 (0x7aea…1834), ⬇ 0 ⬆ 0    
2023-12-22 14:47:24+00:00 [Ferdie] 🎁 Prepared block for proposing at 688 (5 ms) [hash: 0xb60bbec9730e2ce369c9a50b05a63abb662591b880b01094ad6a9d1a3c3f195c; parent_hash: 0xd796…8fb7; extrinsics (1): [0xa21f…d09d]]
2023-12-22 14:47:24+00:00 [//Ferdie (Consensus)] ✨ Imported #688 (0xb60b…195c)    
2023-12-22 14:47:24+00:00 [//Alice (DomainId(0))] acknowledgement_sender_stream tag="Import block #688"
2023-12-22 14:47:24+00:00 [//Alice (DomainId(0))] 📦 Claimed bundle at slot 689
2023-12-22 14:47:24+00:00 [//Alice (DomainId(0))] 🔖 Producing bundle at slot Slot(689)
2023-12-22 14:47:24+00:00 [//Alice (DomainId(0))] Submitted bundle from slot 689, extrinsics: 0    
2023-12-22 14:47:24+00:00 [//Alice (DomainId(0))] acknowledgement_sender_stream tag="New slot Slot(689)"
2023-12-22 14:47:24+00:00 [Ferdie] 🎁 Prepared block for proposing at 689 (9 ms) [hash: 0xd5f78a8ffa19c12a9764a0c918acf7f18765c0497d152624b25c7b8524022cf3; parent_hash: 0xb60b…195c; extrinsics (2): [0xcf73…3fd7, 0x16aa…d971]]
2023-12-22 14:47:24+00:00 [//Ferdie (Consensus)] ✨ Imported #689 (0xd5f7…2cf3)    
2023-12-22 14:47:24+00:00 [//Alice (DomainId(0))] ✨ Imported #344 (0xb102…8ade)    
2023-12-22 14:47:24+00:00 [//Alice (DomainId(0))] acknowledgement_sender_stream tag="Import block #689"
2023-12-22 14:47:24+00:00 [Ferdie] 🎁 Prepared block for proposing at 690 (5 ms) [hash: 0x8d51c86dec89dedd965af075961ab50554aea1e63300f2699577c138b598cf02; parent_hash: 0xd5f7…2cf3; extrinsics (1): [0xa67c…5ac4]]
2023-12-22 14:47:24+00:00 [//Ferdie (Consensus)] ✨ Imported #690 (0x8d51…cf02)    
2023-12-22 14:47:25+00:00 [//Alice (DomainId(0))] acknowledgement_sender_stream tag="Import block #690"
2023-12-22 14:47:25+00:00 [//Alice (DomainId(0))] 📦 Claimed bundle at slot 691
2023-12-22 14:47:25+00:00 [//Alice (DomainId(0))] 🔖 Producing bundle at slot Slot(691)
2023-12-22 14:47:25+00:00 [//Alice (DomainId(0))] Submitted bundle from slot 691, extrinsics: 0    
2023-12-22 14:47:25+00:00 [//Alice (DomainId(0))] acknowledgement_sender_stream tag="New slot Slot(691)"
2023-12-22 14:47:25+00:00 [Ferdie] 🎁 Prepared block for proposing at 691 (9 ms) [hash: 0x299b6d3bf5ca899b03fa7b6ae04b19a8c2e204235d7cf56d79b2fe1fc5e5cf78; parent_hash: 0x8d51…cf02; extrinsics (2): [0x2d45…58bc, 0xcdb7…7eba]]
2023-12-22 14:47:25+00:00 [//Ferdie (Consensus)] ✨ Imported #691 (0x299b…cf78)    
2023-12-22 14:47:25+00:00 [//Alice (DomainId(0))] ✨ Imported #345 (0xb12c…7e88)    
2023-12-22 14:47:25+00:00 [//Alice (DomainId(0))] acknowledgement_sender_stream tag="Import block #691"
2023-12-22 14:47:25+00:00 [Ferdie] 🎁 Prepared block for proposing at 692 (5 ms) [hash: 0x227d6d9a56e64212afabebfdc72a0988c463043050595f6114cc5ccfebf705f6; parent_hash: 0x299b…cf78; extrinsics (1): [0xc735…532b]]
2023-12-22 14:47:25+00:00 [//Ferdie (Consensus)] ✨ Imported #692 (0x227d…05f6)    
2023-12-22 14:47:26+00:00 [//Alice (DomainId(0))] acknowledgement_sender_stream tag="Import block #692"
2023-12-22 14:47:26+00:00 [//Alice (DomainId(0))] 📦 Claimed bundle at slot 693
2023-12-22 14:47:26+00:00 [//Alice (DomainId(0))] 🔖 Producing bundle at slot Slot(693)
2023-12-22 14:47:26+00:00 [//Alice (DomainId(0))] Submitted bundle from slot 693, extrinsics: 0    
2023-12-22 14:47:26+00:00 [//Alice (DomainId(0))] acknowledgement_sender_stream tag="New slot Slot(693)"
2023-12-22 14:47:26+00:00 [Ferdie] 🎁 Prepared block for proposing at 693 (9 ms) [hash: 0x22814d1d36e323eba5d8301eeeec3191e78fc5d944a6ae7f04882320f581477d; parent_hash: 0x227d…05f6; extrinsics (2): [0x6748…79f5, 0x4da0…bde4]]
2023-12-22 14:47:26+00:00 [//Ferdie (Consensus)] ✨ Imported #693 (0x2281…477d)    
2023-12-22 14:47:26+00:00 [//Alice (DomainId(0))] ✨ Imported #346 (0x748f…1018)    
2023-12-22 14:47:26+00:00 [//Alice (DomainId(0))] Slow domain block execution, took 217ms consensus_block_info=(0x22814d1d36e323eba5d8301eeeec3191e78fc5d944a6ae7f04882320f581477d, 693) built_block_info=(0x748f363ab3a7aa7a902963b4e3a1f921233cfe33c9e125be0d482e70454d1018, 346) reference_block_execution_duration_ms=1
2023-12-22 14:47:26+00:00 [//Alice (DomainId(0))] acknowledgement_sender_stream tag="Import block #693"
2023-12-22 14:47:26+00:00 [Ferdie] 🎁 Prepared block for proposing at 694 (5 ms) [hash: 0xc2e11d0cd3e5bb41cc9b1d3d0cecc8fdb163bc7ebabca34851e854c11c4fc769; parent_hash: 0x2281…477d; extrinsics (1): [0xecd3…b782]]
2023-12-22 14:47:26+00:00 [//Ferdie (Consensus)] ✨ Imported #694 (0xc2e1…c769)    
2023-12-22 14:47:26+00:00 [//Alice (DomainId(0))] acknowledgement_sender_stream tag="Import block #694"
2023-12-22 14:47:26+00:00 [//Alice (DomainId(0))] 📦 Claimed bundle at slot 695
2023-12-22 14:47:26+00:00 [//Alice (DomainId(0))] 🔖 Producing bundle at slot Slot(695)
2023-12-22 14:47:26+00:00 [//Alice (DomainId(0))] Submitted bundle from slot 695, extrinsics: 0    
2023-12-22 14:47:26+00:00 [//Alice (DomainId(0))] acknowledgement_sender_stream tag="New slot Slot(695)"
2023-12-22 14:47:26+00:00 [Ferdie] 🎁 Prepared block for proposing at 695 (9 ms) [hash: 0xd4526cd154b675ac8b3bc5d3f828bd1b2da5a6244f7ff7e414382ce35841e348; parent_hash: 0xc2e1…c769; extrinsics (2): [0x4cd9…229a, 0x3d1c…b2a7]]
2023-12-22 14:47:26+00:00 [//Ferdie (Consensus)] ✨ Imported #695 (0xd452…e348)    
2023-12-22 14:47:26+00:00 [//Alice (DomainId(0))] acknowledgement_sender_stream tag="Import block #695"
2023-12-22 14:47:26+00:00 [//Alice (DomainId(0))] ✨ Imported #347 (0x391e…2ee5)    
2023-12-22 14:47:26+00:00 [Ferdie] 🎁 Prepared block for proposing at 696 (5 ms) [hash: 0x0dbf9651be152e274bb58dc4be11c1174c9bc0fa73ee99c7c174adc9b261a1d7; parent_hash: 0xd452…e348; extrinsics (1): [0x6da6…2149]]
2023-12-22 14:47:26+00:00 [//Ferdie (Consensus)] ✨ Imported #696 (0x0dbf…a1d7)    
2023-12-22 14:47:26+00:00 [//Alice (DomainId(0))] acknowledgement_sender_stream tag="Import block #696"
2023-12-22 14:47:26+00:00 [//Alice (DomainId(0))] 📦 Claimed bundle at slot 697
2023-12-22 14:47:26+00:00 [//Alice (DomainId(0))] 🔖 Producing bundle at slot Slot(697)
2023-12-22 14:47:26+00:00 [//Alice (DomainId(0))] Submitted bundle from slot 697, extrinsics: 0    
2023-12-22 14:47:26+00:00 [//Alice (DomainId(0))] acknowledgement_sender_stream tag="New slot Slot(697)"
2023-12-22 14:47:26+00:00 [Ferdie] 🎁 Prepared block for proposing at 697 (9 ms) [hash: 0x94eda6724bc31cd9ef43249feefbf30bee0ebd5f0b7f8de4abe53c9ebe31ced9; parent_hash: 0x0dbf…a1d7; extrinsics (2): [0x191d…abf1, 0x68f4…6270]]
2023-12-22 14:47:26+00:00 [//Ferdie (Consensus)] ✨ Imported #697 (0x94ed…ced9)    
2023-12-22 14:47:27+00:00 [//Alice (DomainId(0))] ✨ Imported #348 (0x7b07…c689)    
2023-12-22 14:47:27+00:00 [//Alice (DomainId(0))] acknowledgement_sender_stream tag="Import block #697"
2023-12-22 14:47:27+00:00 [Ferdie] 🎁 Prepared block for proposing at 698 (5 ms) [hash: 0xab6f6d0b4fafb18c09849fec575274de1b34df43a4afb43a04e688c1443b4a5e; parent_hash: 0x94ed…ced9; extrinsics (1): [0x84b2…4ed3]]
2023-12-22 14:47:27+00:00 [//Ferdie (Consensus)] ✨ Imported #698 (0xab6f…4a5e)    
2023-12-22 14:47:27+00:00 [//Alice (DomainId(0))] acknowledgement_sender_stream tag="Import block #698"
2023-12-22 14:47:27+00:00 [//Alice (DomainId(0))] 📦 Claimed bundle at slot 699
2023-12-22 14:47:27+00:00 [//Alice (DomainId(0))] 🔖 Producing bundle at slot Slot(699)
2023-12-22 14:47:27+00:00 [//Alice (DomainId(0))] Submitted bundle from slot 699, extrinsics: 0    
2023-12-22 14:47:27+00:00 [//Alice (DomainId(0))] acknowledgement_sender_stream tag="New slot Slot(699)"
2023-12-22 14:47:27+00:00 [Ferdie] 🎁 Prepared block for proposing at 699 (9 ms) [hash: 0xcf12d3eecac81bf916f5bdb40934ef1cc614c12a643437799f46cbc7ec4beb26; parent_hash: 0xab6f…4a5e; extrinsics (2): [0x78df…4ce5, 0x42bd…8cec]]
2023-12-22 14:47:27+00:00 [//Ferdie (Consensus)] ✨ Imported #699 (0xcf12…eb26)    
2023-12-22 14:47:27+00:00 [//Alice (DomainId(0))] ✨ Imported #349 (0x6a2c…8426)    
2023-12-22 14:47:27+00:00 [//Alice (DomainId(0))] acknowledgement_sender_stream tag="Import block #699"
2023-12-22 14:47:27+00:00 [Ferdie] 🎁 Prepared block for proposing at 700 (5 ms) [hash: 0x749fd692c429ddd10f86d62a89f01d05e7a292334db76b7205188314692b5608; parent_hash: 0xcf12…eb26; extrinsics (1): [0x70b4…f15c]]
2023-12-22 14:47:27+00:00 [//Ferdie (Consensus)] ✨ Imported #700 (0x749f…5608)    
2023-12-22 14:47:27+00:00 [//Alice (DomainId(0))] acknowledgement_sender_stream tag="Import block #700"
2023-12-22 14:47:27+00:00 [//Alice (DomainId(0))] 📦 Claimed bundle at slot 701
2023-12-22 14:47:27+00:00 [//Alice (DomainId(0))] 🔖 Producing bundle at slot Slot(701)
2023-12-22 14:47:27+00:00 [//Alice (DomainId(0))] Submitted bundle from slot 701, extrinsics: 0    
2023-12-22 14:47:27+00:00 [//Alice (DomainId(0))] acknowledgement_sender_stream tag="New slot Slot(701)"
2023-12-22 14:47:27+00:00 [Ferdie] 🎁 Prepared block for proposing at 701 (9 ms) [hash: 0xb270ffc3f143c68c7b5a579d9b44e0e38ae7ac2b28f0266f4b2b5364695f9266; parent_hash: 0x749f…5608; extrinsics (2): [0x772e…49d2, 0xe908…82ea]]
2023-12-22 14:47:27+00:00 [//Ferdie (Consensus)] ✨ Imported #701 (0xb270…9266)    
2023-12-22 14:47:27+00:00 [//Alice (DomainId(0))] ✨ Imported #350 (0x4386…ebb6)    
2023-12-22 14:47:27+00:00 [//Alice (DomainId(0))] acknowledgement_sender_stream tag="Import block #701"
2023-12-22 14:47:27+00:00 [Ferdie] 🎁 Prepared block for proposing at 702 (5 ms) [hash: 0x9a2ab9acdf65b941e2ad4060ff7bccf4b908ae9b2282c027f268c88e57d7f317; parent_hash: 0xb270…9266; extrinsics (1): [0x656f…acce]]
2023-12-22 14:47:27+00:00 [//Ferdie (Consensus)] ✨ Imported #702 (0x9a2a…f317)    
2023-12-22 14:47:27+00:00 [//Alice (DomainId(0))] acknowledgement_sender_stream tag="Import block #702"
2023-12-22 14:47:27+00:00 [//Alice (DomainId(0))] 📦 Claimed bundle at slot 703
2023-12-22 14:47:27+00:00 [//Alice (DomainId(0))] 🔖 Producing bundle at slot Slot(703)
2023-12-22 14:47:27+00:00 [//Alice (DomainId(0))] Submitted bundle from slot 703, extrinsics: 0    
2023-12-22 14:47:27+00:00 [//Alice (DomainId(0))] acknowledgement_sender_stream tag="New slot Slot(703)"
2023-12-22 14:47:27+00:00 [Ferdie] 🎁 Prepared block for proposing at 703 (9 ms) [hash: 0xa6da88e0e9734b8552e313efa7c0bcee865fdc50d966844cc5e23ca17847bc95; parent_hash: 0x9a2a…f317; extrinsics (2): [0x1774…f2df, 0x6bf9…f241]]
2023-12-22 14:47:27+00:00 [//Ferdie (Consensus)] ✨ Imported #703 (0xa6da…bc95)    
2023-12-22 14:47:27+00:00 [//Alice (DomainId(0))] ✨ Imported #351 (0xd6f4…ebda)    
2023-12-22 14:47:27+00:00 [//Alice (DomainId(0))] acknowledgement_sender_stream tag="Import block #703"
2023-12-22 14:47:27+00:00 [Ferdie] 🎁 Prepared block for proposing at 704 (5 ms) [hash: 0xfe88471c706bf4a3db08cbd5808dcad509a5ee83360543bb00dffde40594f5ba; parent_hash: 0xa6da…bc95; extrinsics (1): [0x4d10…c195]]
2023-12-22 14:47:27+00:00 [//Ferdie (Consensus)] ✨ Imported #704 (0xfe88…f5ba)    
2023-12-22 14:47:27+00:00 [//Alice (DomainId(0))] acknowledgement_sender_stream tag="Import block #704"
2023-12-22 14:47:27+00:00 [//Alice (DomainId(0))] 📦 Claimed bundle at slot 705
2023-12-22 14:47:27+00:00 [//Alice (DomainId(0))] 🔖 Producing bundle at slot Slot(705)
2023-12-22 14:47:27+00:00 [//Alice (DomainId(0))] Submitted bundle from slot 705, extrinsics: 0    
2023-12-22 14:47:27+00:00 [//Alice (DomainId(0))] acknowledgement_sender_stream tag="New slot Slot(705)"
2023-12-22 14:47:27+00:00 [Ferdie] 🎁 Prepared block for proposing at 705 (194 ms) [hash: 0x612f12289a90b6384277015f8859e979c381065ec4834dab8542c1118e57781e; parent_hash: 0xfe88…f5ba; extrinsics (2): [0xb49e…8a93, 0x8b8a…c590]]
2023-12-22 14:47:27+00:00 [//Ferdie (Consensus)] ✨ Imported #705 (0x612f…781e)    
2023-12-22 14:47:27+00:00 [//Alice (DomainId(0))] ✨ Imported #352 (0x4352…a52b)    
2023-12-22 14:47:28+00:00 [//Alice (DomainId(0))] acknowledgement_sender_stream tag="Import block #705"
2023-12-22 14:47:28+00:00 [Ferdie] 🎁 Prepared block for proposing at 706 (5 ms) [hash: 0xef9160725eac680dbca6fe675f20b4b67963adb1ae8670d4f423f6750631b708; parent_hash: 0x612f…781e; extrinsics (1): [0x6fea…f572]]
2023-12-22 14:47:28+00:00 [//Ferdie (Consensus)] ✨ Imported #706 (0xef91…b708)    
2023-12-22 14:47:28+00:00 [//Alice (DomainId(0))] acknowledgement_sender_stream tag="Import block #706"
2023-12-22 14:47:28+00:00 [//Alice (DomainId(0))] 📦 Claimed bundle at slot 707
2023-12-22 14:47:28+00:00 [//Alice (DomainId(0))] 🔖 Producing bundle at slot Slot(707)
2023-12-22 14:47:28+00:00 [//Alice (DomainId(0))] Submitted bundle from slot 707, extrinsics: 0    
2023-12-22 14:47:28+00:00 [//Alice (DomainId(0))] acknowledgement_sender_stream tag="New slot Slot(707)"
2023-12-22 14:47:28+00:00 [Ferdie] 🎁 Prepared block for proposing at 707 (9 ms) [hash: 0x07352b9c6fdbf326255146bac407ebc1b0db879d26537e573c59266c645d0aff; parent_hash: 0xef91…b708; extrinsics (2): [0x76ce…9f74, 0xfe17…9aab]]
2023-12-22 14:47:28+00:00 [//Ferdie (Consensus)] ✨ Imported #707 (0x0735…0aff)    
2023-12-22 14:47:28+00:00 [//Alice (DomainId(0))] ✨ Imported #353 (0x9297…6ce2)    
2023-12-22 14:47:28+00:00 [//Alice (DomainId(0))] acknowledgement_sender_stream tag="Import block #707"
2023-12-22 14:47:28+00:00 [Ferdie] 🎁 Prepared block for proposing at 708 (5 ms) [hash: 0x7834e63b877337db0caffafe680547420fca29a09498d84f26bcd27ea60e2c1e; parent_hash: 0x0735…0aff; extrinsics (1): [0x0299…a76a]]
2023-12-22 14:47:28+00:00 [//Ferdie (Consensus)] ✨ Imported #708 (0x7834…2c1e)    
2023-12-22 14:47:28+00:00 [//Alice (DomainId(0))] acknowledgement_sender_stream tag="Import block #708"
2023-12-22 14:47:28+00:00 [//Alice (DomainId(0))] 📦 Claimed bundle at slot 709
2023-12-22 14:47:28+00:00 [//Alice (DomainId(0))] 🔖 Producing bundle at slot Slot(709)
2023-12-22 14:47:28+00:00 [//Alice (DomainId(0))] Submitted bundle from slot 709, extrinsics: 0    
2023-12-22 14:47:28+00:00 [//Alice (DomainId(0))] acknowledgement_sender_stream tag="New slot Slot(709)"
2023-12-22 14:47:28+00:00 [Ferdie] 🎁 Prepared block for proposing at 709 (9 ms) [hash: 0x8af19ef03f26b02d0971f565517f66f7d273525b7288005c012b76df7a5b6f44; parent_hash: 0x7834…2c1e; extrinsics (2): [0x6efc…9c45, 0x75b2…e72f]]
2023-12-22 14:47:28+00:00 [//Ferdie (Consensus)] ✨ Imported #709 (0x8af1…6f44)    
2023-12-22 14:47:29+00:00 [//Alice (DomainId(0))] ✨ Imported #354 (0x107d…e298)    
2023-12-22 14:47:29+00:00 [//Alice (DomainId(0))] acknowledgement_sender_stream tag="Import block #709"
2023-12-22 14:47:29+00:00 [Ferdie] 🎁 Prepared block for proposing at 710 (5 ms) [hash: 0x4dc73f28c0db18ff12308dd9af28d462e8983bf879d28cd01940782ebe9fa9f3; parent_hash: 0x8af1…6f44; extrinsics (1): [0x8b89…a41b]]
2023-12-22 14:47:29+00:00 [//Ferdie (Consensus)] ✨ Imported #710 (0x4dc7…a9f3)    
2023-12-22 14:47:29+00:00 [//Alice (DomainId(0))] acknowledgement_sender_stream tag="Import block #710"
2023-12-22 14:47:29+00:00 [//Alice (DomainId(0))] 📦 Claimed bundle at slot 711
2023-12-22 14:47:29+00:00 [//Alice (DomainId(0))] 🔖 Producing bundle at slot Slot(711)
2023-12-22 14:47:29+00:00 [//Alice (DomainId(0))] Submitted bundle from slot 711, extrinsics: 0    
2023-12-22 14:47:29+00:00 [//Alice (DomainId(0))] acknowledgement_sender_stream tag="New slot Slot(711)"
2023-12-22 14:47:29+00:00 [Ferdie] 🎁 Prepared block for proposing at 711 (9 ms) [hash: 0xdd7628fd8cc73c1ccabe8808ff1aaa91b2077def13fd826bcf6213b6a8862a0a; parent_hash: 0x4dc7…a9f3; extrinsics (2): [0x4f0e…73a1, 0x3393…c465]]
2023-12-22 14:47:29+00:00 [//Ferdie (Consensus)] ✨ Imported #711 (0xdd76…2a0a)    
2023-12-22 14:47:29+00:00 [//Alice (DomainId(0))] ✨ Imported #355 (0x3d81…6f2a)    
2023-12-22 14:47:29+00:00 [//Alice (DomainId(0))] acknowledgement_sender_stream tag="Import block #711"
2023-12-22 14:47:29+00:00 [Ferdie] 🎁 Prepared block for proposing at 712 (5 ms) [hash: 0x9422b4506c37440b25bb3833c67b64ad050d71efdc0115ef3cc2d9c93ad78147; parent_hash: 0xdd76…2a0a; extrinsics (1): [0xc44a…e36a]]
2023-12-22 14:47:29+00:00 [//Ferdie (Consensus)] ✨ Imported #712 (0x9422…8147)    
2023-12-22 14:47:29+00:00 [//Alice (DomainId(0))] acknowledgement_sender_stream tag="Import block #712"
2023-12-22 14:47:29+00:00 [//Alice (DomainId(0))] 📦 Claimed bundle at slot 713
2023-12-22 14:47:29+00:00 [//Alice (DomainId(0))] 🔖 Producing bundle at slot Slot(713)
2023-12-22 14:47:29+00:00 [//Alice (DomainId(0))] Submitted bundle from slot 713, extrinsics: 0    
2023-12-22 14:47:29+00:00 [//Alice (DomainId(0))] acknowledgement_sender_stream tag="New slot Slot(713)"
2023-12-22 14:47:29+00:00 [Ferdie] 🎁 Prepared block for proposing at 713 (9 ms) [hash: 0x91b81bd3a16c84d002554475fe5d2fab76b55b1a0896e950430dad8943267b30; parent_hash: 0x9422…8147; extrinsics (2): [0x5cb0…3fc7, 0xb768…1373]]
2023-12-22 14:47:29+00:00 [//Ferdie (Consensus)] ✨ Imported #713 (0x91b8…7b30)    
2023-12-22 14:47:29+00:00 [//Alice (DomainId(0))] ✨ Imported #356 (0xe2f2…f220)    
2023-12-22 14:47:29+00:00 [//Alice (DomainId(0))] acknowledgement_sender_stream tag="Import block #713"
2023-12-22 14:47:29+00:00 [Ferdie] 🎁 Prepared block for proposing at 714 (5 ms) [hash: 0xb8dcdfb3a0bf84dbe80a4490de100bbcf5cb71836ea83ae8ee98f4d600222ac9; parent_hash: 0x91b8…7b30; extrinsics (1): [0xd581…9043]]
2023-12-22 14:47:29+00:00 [//Ferdie (Consensus)] ✨ Imported #714 (0xb8dc…2ac9)    
2023-12-22 14:47:29+00:00 [//Alice (DomainId(0))] acknowledgement_sender_stream tag="Import block #714"
2023-12-22 14:47:29+00:00 [//Alice (DomainId(0))] 📦 Claimed bundle at slot 715
2023-12-22 14:47:29+00:00 [//Alice (DomainId(0))] 🔖 Producing bundle at slot Slot(715)
2023-12-22 14:47:29+00:00 [//Alice (DomainId(0))] Submitted bundle from slot 715, extrinsics: 0    
2023-12-22 14:47:29+00:00 [//Alice (DomainId(0))] acknowledgement_sender_stream tag="New slot Slot(715)"
2023-12-22 14:47:29+00:00 [Ferdie] 🎁 Prepared block for proposing at 715 (9 ms) [hash: 0xd17108be04bb1915fdc01660f0a5071d6131103035b1f06085f377e7848515ed; parent_hash: 0xb8dc…2ac9; extrinsics (2): [0x8bf4…db97, 0x4ebd…e2fa]]
2023-12-22 14:47:29+00:00 [//Ferdie (Consensus)] ✨ Imported #715 (0xd171…15ed)    
2023-12-22 14:47:29+00:00 [//Alice (DomainId(0))] ✨ Imported #357 (0x812f…7702)    
2023-12-22 14:47:29+00:00 [//Alice (DomainId(0))] acknowledgement_sender_stream tag="Import block #715"
2023-12-22 14:47:29+00:00 [Ferdie] 🎁 Prepared block for proposing at 716 (5 ms) [hash: 0xc2c61fd612989ed2ad5542a41e37f8c7bd4516302da79b7fd13d06c42341972d; parent_hash: 0xd171…15ed; extrinsics (1): [0xfb61…a57f]]
2023-12-22 14:47:29+00:00 [//Ferdie (Consensus)] ✨ Imported #716 (0xc2c6…972d)    
2023-12-22 14:47:29+00:00 [//Alice (DomainId(0))] acknowledgement_sender_stream tag="Import block #716"
2023-12-22 14:47:29+00:00 [//Alice (DomainId(0))] 📦 Claimed bundle at slot 717
2023-12-22 14:47:29+00:00 [//Alice (DomainId(0))] 🔖 Producing bundle at slot Slot(717)
2023-12-22 14:47:29+00:00 [//Alice (DomainId(0))] Submitted bundle from slot 717, extrinsics: 0    
2023-12-22 14:47:29+00:00 [//Alice (DomainId(0))] acknowledgement_sender_stream tag="New slot Slot(717)"
2023-12-22 14:47:29+00:00 [Ferdie] 🎁 Prepared block for proposing at 717 (9 ms) [hash: 0x86efbc89eb44aad4b8fd71b089881f6a6ef8f6a0fdb0cb04f71d8e9c1d61d5e4; parent_hash: 0xc2c6…972d; extrinsics (2): [0x62fd…9a45, 0x5ddd…87e9]]
2023-12-22 14:47:29+00:00 [//Ferdie (Consensus)] ✨ Imported #717 (0x86ef…d5e4)    
2023-12-22 14:47:29+00:00 [//Alice (DomainId(0))] ✨ Imported #358 (0xd30e…83cb)    
2023-12-22 14:47:29+00:00 [//Alice (DomainId(0))] acknowledgement_sender_stream tag="Import block #717"
2023-12-22 14:47:29+00:00 [Ferdie] 🎁 Prepared block for proposing at 718 (5 ms) [hash: 0xc17ada262b62d01ee9d1c62d0f38fc896596a5e0217336029a429c34fef7c587; parent_hash: 0x86ef…d5e4; extrinsics (1): [0xd316…6506]]
2023-12-22 14:47:29+00:00 [//Ferdie (Consensus)] ✨ Imported #718 (0xc17a…c587)    
2023-12-22 14:47:29+00:00 [//Alice (DomainId(0))] acknowledgement_sender_stream tag="Import block #718"
2023-12-22 14:47:29+00:00 [//Alice (DomainId(0))] 📦 Claimed bundle at slot 719
2023-12-22 14:47:29+00:00 [//Alice (DomainId(0))] 🔖 Producing bundle at slot Slot(719)
2023-12-22 14:47:29+00:00 [//Alice (DomainId(0))] Submitted bundle from slot 719, extrinsics: 0    
2023-12-22 14:47:29+00:00 [//Alice (DomainId(0))] acknowledgement_sender_stream tag="New slot Slot(719)"
2023-12-22 14:47:29+00:00 [//Alice (DomainId(0))] 💤 Idle (0 peers), best: #358 (0xd30e…83cb), finalized #0 (0x7aea…1834), ⬇ 0 ⬆ 0    
2023-12-22 14:47:29+00:00 [Ferdie] 🎁 Prepared block for proposing at 719 (9 ms) [hash: 0x17986b6c4dd4ca9cf457d7260943462964a53cab9003d955c55579c601d1bea1; parent_hash: 0xc17a…c587; extrinsics (2): [0x7182…33c1, 0x0254…d702]]
2023-12-22 14:47:29+00:00 [//Ferdie (Consensus)] ✨ Imported #719 (0x1798…bea1)    
2023-12-22 14:47:29+00:00 [//Alice (DomainId(0))] ✨ Imported #359 (0x755a…5f77)    
2023-12-22 14:47:29+00:00 [//Alice (DomainId(0))] acknowledgement_sender_stream tag="Import block #719"
2023-12-22 14:47:29+00:00 [Ferdie] 🎁 Prepared block for proposing at 720 (5 ms) [hash: 0x5d5d7a5fa595476ca8d2bf9fa77899db5ab1e1329c8704d486c60cdd863d5599; parent_hash: 0x1798…bea1; extrinsics (1): [0x950d…0bd4]]
2023-12-22 14:47:29+00:00 [//Ferdie (Consensus)] ✨ Imported #720 (0x5d5d…5599)    
2023-12-22 14:47:29+00:00 [//Alice (DomainId(0))] acknowledgement_sender_stream tag="Import block #720"
2023-12-22 14:47:29+00:00 [//Alice (DomainId(0))] 📦 Claimed bundle at slot 721
2023-12-22 14:47:29+00:00 [//Alice (DomainId(0))] 🔖 Producing bundle at slot Slot(721)
2023-12-22 14:47:29+00:00 [//Alice (DomainId(0))] Submitted bundle from slot 721, extrinsics: 0    
2023-12-22 14:47:29+00:00 [//Alice (DomainId(0))] acknowledgement_sender_stream tag="New slot Slot(721)"
2023-12-22 14:47:29+00:00 [Ferdie] 🎁 Prepared block for proposing at 721 (9 ms) [hash: 0x86d9835a3f07e8b5ea825318c5c6aefe38aeb9466e5f34633f94900b7c481bda; parent_hash: 0x5d5d…5599; extrinsics (2): [0xc064…e815, 0xf00a…b554]]
2023-12-22 14:47:29+00:00 [//Ferdie (Consensus)] ✨ Imported #721 (0x86d9…1bda)    
2023-12-22 14:47:29+00:00 [//Alice (DomainId(0))] acknowledgement_sender_stream tag="Import block #721"
2023-12-22 14:47:29+00:00 [Ferdie] 🎁 Prepared block for proposing at 722 (5 ms) [hash: 0x3a686de4ff7ddf2cff909dde3f4680d26899040162fe3c6645c7d79e20b2e808; parent_hash: 0x86d9…1bda; extrinsics (1): [0xa139…9954]]
2023-12-22 14:47:29+00:00 [//Alice (DomainId(0))] ✨ Imported #360 (0x9c13…b706)    
2023-12-22 14:47:29+00:00 [//Ferdie (Consensus)] ✨ Imported #722 (0x3a68…e808)    
2023-12-22 14:47:29+00:00 [//Alice (DomainId(0))] acknowledgement_sender_stream tag="Import block #722"
2023-12-22 14:47:30+00:00 [//Alice (DomainId(0))] 📦 Claimed bundle at slot 723
2023-12-22 14:47:30+00:00 [//Alice (DomainId(0))] 🔖 Producing bundle at slot Slot(723)
2023-12-22 14:47:30+00:00 [//Alice (DomainId(0))] Submitted bundle from slot 723, extrinsics: 0    
2023-12-22 14:47:30+00:00 [//Alice (DomainId(0))] acknowledgement_sender_stream tag="New slot Slot(723)"
2023-12-22 14:47:30+00:00 [Ferdie] 🎁 Prepared block for proposing at 723 (9 ms) [hash: 0xecfee2ae90f6d3f508f6ce1268448f854e8ab8a122e4487cb6d094c38896cb8d; parent_hash: 0x3a68…e808; extrinsics (2): [0x1d66…db43, 0xb056…f7fb]]
2023-12-22 14:47:30+00:00 [//Ferdie (Consensus)] ✨ Imported #723 (0xecfe…cb8d)    
2023-12-22 14:47:30+00:00 [//Alice (DomainId(0))] ✨ Imported #361 (0x9a61…65a9)    
2023-12-22 14:47:30+00:00 [//Alice (DomainId(0))] acknowledgement_sender_stream tag="Import block #723"
2023-12-22 14:47:30+00:00 [Ferdie] 🎁 Prepared block for proposing at 724 (5 ms) [hash: 0xa5f61b95d84ac25b50d8d4ab6e3661dc4ea2fe6427d479dfd50a5c663d2fa03a; parent_hash: 0xecfe…cb8d; extrinsics (1): [0xcf46…b539]]
2023-12-22 14:47:30+00:00 [//Ferdie (Consensus)] ✨ Imported #724 (0xa5f6…a03a)    
2023-12-22 14:47:30+00:00 [//Alice (DomainId(0))] acknowledgement_sender_stream tag="Import block #724"
2023-12-22 14:47:30+00:00 [//Alice (DomainId(0))] 📦 Claimed bundle at slot 725
2023-12-22 14:47:30+00:00 [//Alice (DomainId(0))] 🔖 Producing bundle at slot Slot(725)
2023-12-22 14:47:30+00:00 [//Alice (DomainId(0))] Submitted bundle from slot 725, extrinsics: 0    
2023-12-22 14:47:30+00:00 [//Alice (DomainId(0))] acknowledgement_sender_stream tag="New slot Slot(725)"
2023-12-22 14:47:30+00:00 [Ferdie] 🎁 Prepared block for proposing at 725 (9 ms) [hash: 0x01e51d222e8a558b1d20cdecdc4b7ed6916c38ca262ebec32a01fed39643f957; parent_hash: 0xa5f6…a03a; extrinsics (2): [0xac86…c1e3, 0x5249…aa9d]]
2023-12-22 14:47:30+00:00 [//Ferdie (Consensus)] ✨ Imported #725 (0x01e5…f957)    
2023-12-22 14:47:30+00:00 [//Alice (DomainId(0))] ✨ Imported #362 (0x8834…84af)    
2023-12-22 14:47:30+00:00 [//Alice (DomainId(0))] acknowledgement_sender_stream tag="Import block #725"
2023-12-22 14:47:30+00:00 [Ferdie] 🎁 Prepared block for proposing at 726 (5 ms) [hash: 0xe7ef175713ae82c28ab03a12e146a089bed59c5df52bbcc23bae212b619d58a6; parent_hash: 0x01e5…f957; extrinsics (1): [0xe493…9f35]]
2023-12-22 14:47:30+00:00 [//Ferdie (Consensus)] ✨ Imported #726 (0xe7ef…58a6)    
2023-12-22 14:47:30+00:00 [//Alice (DomainId(0))] acknowledgement_sender_stream tag="Import block #726"
2023-12-22 14:47:30+00:00 [//Alice (DomainId(0))] 📦 Claimed bundle at slot 727
2023-12-22 14:47:30+00:00 [//Alice (DomainId(0))] 🔖 Producing bundle at slot Slot(727)
2023-12-22 14:47:30+00:00 [//Alice (DomainId(0))] Submitted bundle from slot 727, extrinsics: 0    
2023-12-22 14:47:30+00:00 [//Alice (DomainId(0))] acknowledgement_sender_stream tag="New slot Slot(727)"
2023-12-22 14:47:30+00:00 [Ferdie] 🎁 Prepared block for proposing at 727 (9 ms) [hash: 0x3e8e9da7536f90d14aceb3b33d3a9d42ce0dee5b33d379aaa8e5d34b8e816c46; parent_hash: 0xe7ef…58a6; extrinsics (2): [0x981f…52fe, 0x9666…c7d6]]
2023-12-22 14:47:30+00:00 [//Ferdie (Consensus)] ✨ Imported #727 (0x3e8e…6c46)    
2023-12-22 14:47:30+00:00 [//Alice (DomainId(0))] ✨ Imported #363 (0x2c3e…24d3)    
2023-12-22 14:47:30+00:00 [//Alice (DomainId(0))] acknowledgement_sender_stream tag="Import block #727"
2023-12-22 14:47:30+00:00 [Ferdie] 🎁 Prepared block for proposing at 728 (5 ms) [hash: 0x0689875ce44cd6d7123313737965b2304365a1ac7d52faf8a3b7b538e035245b; parent_hash: 0x3e8e…6c46; extrinsics (1): [0xe897…0c14]]
2023-12-22 14:47:30+00:00 [//Ferdie (Consensus)] ✨ Imported #728 (0x0689…245b)    
2023-12-22 14:47:30+00:00 [//Alice (DomainId(0))] acknowledgement_sender_stream tag="Import block #728"
2023-12-22 14:47:30+00:00 [//Alice (DomainId(0))] 📦 Claimed bundle at slot 729
2023-12-22 14:47:30+00:00 [//Alice (DomainId(0))] 🔖 Producing bundle at slot Slot(729)
2023-12-22 14:47:30+00:00 [//Alice (DomainId(0))] Submitted bundle from slot 729, extrinsics: 0    
2023-12-22 14:47:30+00:00 [//Alice (DomainId(0))] acknowledgement_sender_stream tag="New slot Slot(729)"
2023-12-22 14:47:30+00:00 [Ferdie] 🎁 Prepared block for proposing at 729 (9 ms) [hash: 0xae0a04a42c46517bba2d99f4927768ccf0578f2aeadb8387df05fc36cf3a0e7f; parent_hash: 0x0689…245b; extrinsics (2): [0x12d4…34a3, 0xfdec…4d75]]
2023-12-22 14:47:30+00:00 [//Ferdie (Consensus)] ✨ Imported #729 (0xae0a…0e7f)    
2023-12-22 14:47:30+00:00 [//Alice (DomainId(0))] ✨ Imported #364 (0xcac1…b91e)    
2023-12-22 14:47:30+00:00 [//Alice (DomainId(0))] acknowledgement_sender_stream tag="Import block #729"
2023-12-22 14:47:30+00:00 [Ferdie] 🎁 Prepared block for proposing at 730 (5 ms) [hash: 0x1e9df6d6083775f0968ea068adac4727a9e0fcf43bce0cc04183be8f9af64c5b; parent_hash: 0xae0a…0e7f; extrinsics (1): [0x3582…bfcd]]
2023-12-22 14:47:30+00:00 [//Ferdie (Consensus)] ✨ Imported #730 (0x1e9d…4c5b)    
2023-12-22 14:47:30+00:00 [//Alice (DomainId(0))] acknowledgement_sender_stream tag="Import block #730"
2023-12-22 14:47:30+00:00 [//Alice (DomainId(0))] 📦 Claimed bundle at slot 731
2023-12-22 14:47:30+00:00 [//Alice (DomainId(0))] 🔖 Producing bundle at slot Slot(731)
2023-12-22 14:47:30+00:00 [//Alice (DomainId(0))] Submitted bundle from slot 731, extrinsics: 0    
2023-12-22 14:47:30+00:00 [//Alice (DomainId(0))] acknowledgement_sender_stream tag="New slot Slot(731)"
2023-12-22 14:47:30+00:00 [Ferdie] 🎁 Prepared block for proposing at 731 (9 ms) [hash: 0xd03eabc93083e11b157f33db6c31c971402913404de992d80a350a05a3a09be3; parent_hash: 0x1e9d…4c5b; extrinsics (2): [0x4996…ad3a, 0xab28…735f]]
2023-12-22 14:47:30+00:00 [//Ferdie (Consensus)] ✨ Imported #731 (0xd03e…9be3)    
2023-12-22 14:47:30+00:00 [//Alice (DomainId(0))] ✨ Imported #365 (0xcf41…3513)    
2023-12-22 14:47:30+00:00 [//Alice (DomainId(0))] acknowledgement_sender_stream tag="Import block #731"
2023-12-22 14:47:30+00:00 [Ferdie] 🎁 Prepared block for proposing at 732 (5 ms) [hash: 0xa3887306c9d20a4c9cfe39ea0beb58ec3a8560af773c715c00a322d2829a5cab; parent_hash: 0xd03e…9be3; extrinsics (1): [0xa1c4…628a]]
2023-12-22 14:47:30+00:00 [//Ferdie (Consensus)] ✨ Imported #732 (0xa388…5cab)    
2023-12-22 14:47:30+00:00 [//Alice (DomainId(0))] acknowledgement_sender_stream tag="Import block #732"
2023-12-22 14:47:30+00:00 [//Alice (DomainId(0))] 📦 Claimed bundle at slot 733
2023-12-22 14:47:30+00:00 [//Alice (DomainId(0))] 🔖 Producing bundle at slot Slot(733)
2023-12-22 14:47:30+00:00 [//Alice (DomainId(0))] Submitted bundle from slot 733, extrinsics: 0    
2023-12-22 14:47:30+00:00 [//Alice (DomainId(0))] acknowledgement_sender_stream tag="New slot Slot(733)"
2023-12-22 14:47:30+00:00 [Ferdie] 🎁 Prepared block for proposing at 733 (9 ms) [hash: 0xc6425bb8cf9d6b1be4e3bba027b0a3894ba754d4cff822e4fab9f453cf91049f; parent_hash: 0xa388…5cab; extrinsics (2): [0xefce…03e2, 0xf9a8…a129]]
2023-12-22 14:47:30+00:00 [//Ferdie (Consensus)] ✨ Imported #733 (0xc642…049f)    
2023-12-22 14:47:30+00:00 [//Alice (DomainId(0))] ✨ Imported #366 (0x9840…f869)    
2023-12-22 14:47:30+00:00 [//Alice (DomainId(0))] acknowledgement_sender_stream tag="Import block #733"
2023-12-22 14:47:30+00:00 [Ferdie] 🎁 Prepared block for proposing at 734 (5 ms) [hash: 0xaaf72b90cf6e20616fd0831bbc0d4a7199a81426bd85803de64fc91c993feb50; parent_hash: 0xc642…049f; extrinsics (1): [0x45f6…d353]]
2023-12-22 14:47:30+00:00 [//Ferdie (Consensus)] ✨ Imported #734 (0xaaf7…eb50)    
2023-12-22 14:47:30+00:00 [//Alice (DomainId(0))] acknowledgement_sender_stream tag="Import block #734"
2023-12-22 14:47:30+00:00 [//Alice (DomainId(0))] 📦 Claimed bundle at slot 735
2023-12-22 14:47:30+00:00 [//Alice (DomainId(0))] 🔖 Producing bundle at slot Slot(735)
2023-12-22 14:47:30+00:00 [//Alice (DomainId(0))] Submitted bundle from slot 735, extrinsics: 0    
2023-12-22 14:47:30+00:00 [//Alice (DomainId(0))] acknowledgement_sender_stream tag="New slot Slot(735)"
2023-12-22 14:47:30+00:00 [Ferdie] 🎁 Prepared block for proposing at 735 (9 ms) [hash: 0x5f7e635f1bd1b4430ca76f5b61a15ad4f2401ed5d3f9f6c7812e2fd01f3a8bf4; parent_hash: 0xaaf7…eb50; extrinsics (2): [0xabe0…422d, 0xaf38…5bae]]
2023-12-22 14:47:30+00:00 [//Ferdie (Consensus)] ✨ Imported #735 (0x5f7e…8bf4)    
2023-12-22 14:47:30+00:00 [//Alice (DomainId(0))] ✨ Imported #367 (0xcdae…52b6)    
2023-12-22 14:47:30+00:00 [//Alice (DomainId(0))] acknowledgement_sender_stream tag="Import block #735"
2023-12-22 14:47:30+00:00 [Ferdie] 🎁 Prepared block for proposing at 736 (5 ms) [hash: 0xde7c3460eff9c1d6ccf67294be841f1a9adbc71487d965a61c67328fa696ef26; parent_hash: 0x5f7e…8bf4; extrinsics (1): [0x2aca…3275]]
2023-12-22 14:47:30+00:00 [//Ferdie (Consensus)] ✨ Imported #736 (0xde7c…ef26)    
2023-12-22 14:47:30+00:00 [//Alice (DomainId(0))] acknowledgement_sender_stream tag="Import block #736"
2023-12-22 14:47:30+00:00 [//Alice (DomainId(0))] 📦 Claimed bundle at slot 737
2023-12-22 14:47:30+00:00 [//Alice (DomainId(0))] 🔖 Producing bundle at slot Slot(737)
2023-12-22 14:47:30+00:00 [//Alice (DomainId(0))] Submitted bundle from slot 737, extrinsics: 0    
2023-12-22 14:47:30+00:00 [//Alice (DomainId(0))] acknowledgement_sender_stream tag="New slot Slot(737)"
2023-12-22 14:47:30+00:00 [Ferdie] 🎁 Prepared block for proposing at 737 (9 ms) [hash: 0x5deb61102fd68828a35ac4bc8b874c4373fa7dc745ff06936a0e5fc7bbbcce90; parent_hash: 0xde7c…ef26; extrinsics (2): [0x6d44…2ac3, 0x4eda…74fb]]
2023-12-22 14:47:30+00:00 [//Ferdie (Consensus)] ✨ Imported #737 (0x5deb…ce90)    
2023-12-22 14:47:30+00:00 [//Alice (DomainId(0))] ✨ Imported #368 (0xca66…41d3)    
2023-12-22 14:47:30+00:00 [//Alice (DomainId(0))] acknowledgement_sender_stream tag="Import block #737"
2023-12-22 14:47:30+00:00 [Ferdie] 🎁 Prepared block for proposing at 738 (5 ms) [hash: 0xfcea2bd1693bf289a14bd564c62412b9e80889048612de55a49a3ee3df1747ed; parent_hash: 0x5deb…ce90; extrinsics (1): [0xa58a…9e36]]
2023-12-22 14:47:30+00:00 [//Ferdie (Consensus)] ✨ Imported #738 (0xfcea…47ed)    
2023-12-22 14:47:30+00:00 [//Alice (DomainId(0))] acknowledgement_sender_stream tag="Import block #738"
2023-12-22 14:47:30+00:00 [//Alice (DomainId(0))] 📦 Claimed bundle at slot 739
2023-12-22 14:47:30+00:00 [//Alice (DomainId(0))] 🔖 Producing bundle at slot Slot(739)
2023-12-22 14:47:30+00:00 [//Alice (DomainId(0))] Submitted bundle from slot 739, extrinsics: 0    
2023-12-22 14:47:30+00:00 [//Alice (DomainId(0))] acknowledgement_sender_stream tag="New slot Slot(739)"
2023-12-22 14:47:30+00:00 [Ferdie] 🎁 Prepared block for proposing at 739 (9 ms) [hash: 0x6e14a8e4004a3dcf18b95b9d22ff13afdc90bbb98077238555c65be5f96c03f2; parent_hash: 0xfcea…47ed; extrinsics (2): [0x9697…1d19, 0x79e0…8e8b]]
2023-12-22 14:47:30+00:00 [//Ferdie (Consensus)] ✨ Imported #739 (0x6e14…03f2)    
2023-12-22 14:47:30+00:00 [//Alice (DomainId(0))] ✨ Imported #369 (0xaf7a…470d)    
2023-12-22 14:47:30+00:00 [//Alice (DomainId(0))] acknowledgement_sender_stream tag="Import block #739"
2023-12-22 14:47:30+00:00 [Ferdie] 🎁 Prepared block for proposing at 740 (5 ms) [hash: 0x127405fd9c0359d17dac9a6a8d078bef082c7fffe047a42ec49ce069529aeaf0; parent_hash: 0x6e14…03f2; extrinsics (1): [0x9014…e1f0]]
2023-12-22 14:47:30+00:00 [//Ferdie (Consensus)] ✨ Imported #740 (0x1274…eaf0)    
2023-12-22 14:47:30+00:00 [//Alice (DomainId(0))] acknowledgement_sender_stream tag="Import block #740"
2023-12-22 14:47:30+00:00 [//Alice (DomainId(0))] 📦 Claimed bundle at slot 741
2023-12-22 14:47:30+00:00 [//Alice (DomainId(0))] 🔖 Producing bundle at slot Slot(741)
2023-12-22 14:47:30+00:00 [//Alice (DomainId(0))] Submitted bundle from slot 741, extrinsics: 0    
2023-12-22 14:47:30+00:00 [//Alice (DomainId(0))] acknowledgement_sender_stream tag="New slot Slot(741)"
2023-12-22 14:47:30+00:00 [Ferdie] 🎁 Prepared block for proposing at 741 (9 ms) [hash: 0x31c7a3120b2958270524643a7fd158c23e4a2302811aa9a7171020ba2411b4ee; parent_hash: 0x1274…eaf0; extrinsics (2): [0x15ee…162d, 0xb2f6…28cb]]
2023-12-22 14:47:30+00:00 [//Ferdie (Consensus)] ✨ Imported #741 (0x31c7…b4ee)    
2023-12-22 14:47:30+00:00 [//Alice (DomainId(0))] ✨ Imported #370 (0xb1fa…c90e)    
2023-12-22 14:47:30+00:00 [//Alice (DomainId(0))] acknowledgement_sender_stream tag="Import block #741"
2023-12-22 14:47:31+00:00 [Ferdie] 🎁 Prepared block for proposing at 742 (5 ms) [hash: 0x3af14d3ed7e5da608ad9db43320e0d63928599fc40f47878481388d116d869fd; parent_hash: 0x31c7…b4ee; extrinsics (1): [0x4dde…2291]]
2023-12-22 14:47:31+00:00 [//Ferdie (Consensus)] ✨ Imported #742 (0x3af1…69fd)    
2023-12-22 14:47:31+00:00 [//Alice (DomainId(0))] acknowledgement_sender_stream tag="Import block #742"
2023-12-22 14:47:31+00:00 [//Alice (DomainId(0))] 📦 Claimed bundle at slot 743
2023-12-22 14:47:31+00:00 [//Alice (DomainId(0))] 🔖 Producing bundle at slot Slot(743)
2023-12-22 14:47:31+00:00 [//Alice (DomainId(0))] Submitted bundle from slot 743, extrinsics: 0    
2023-12-22 14:47:31+00:00 [//Alice (DomainId(0))] acknowledgement_sender_stream tag="New slot Slot(743)"
2023-12-22 14:47:31+00:00 [Ferdie] 🎁 Prepared block for proposing at 743 (9 ms) [hash: 0x0ff732b437ce167d734bb5eae387e4fc8281313250ce7df1327994c65549e4bb; parent_hash: 0x3af1…69fd; extrinsics (2): [0xb391…8985, 0x4036…dcca]]
2023-12-22 14:47:31+00:00 [//Ferdie (Consensus)] ✨ Imported #743 (0x0ff7…e4bb)    
2023-12-22 14:47:31+00:00 [//Alice (DomainId(0))] ✨ Imported #371 (0x40b3…fcae)    
2023-12-22 14:47:31+00:00 [//Alice (DomainId(0))] acknowledgement_sender_stream tag="Import block #743"
2023-12-22 14:47:31+00:00 [Ferdie] 🎁 Prepared block for proposing at 744 (6 ms) [hash: 0x31ea253ceca19beede9854265166078ac38c0b55ecad8514c62c6da5cd450c8c; parent_hash: 0x0ff7…e4bb; extrinsics (1): [0x7a9f…15c2]]
2023-12-22 14:47:31+00:00 [//Ferdie (Consensus)] ✨ Imported #744 (0x31ea…0c8c)    
2023-12-22 14:47:31+00:00 [//Alice (DomainId(0))] acknowledgement_sender_stream tag="Import block #744"
2023-12-22 14:47:31+00:00 [//Alice (DomainId(0))] 📦 Claimed bundle at slot 745
2023-12-22 14:47:31+00:00 [//Alice (DomainId(0))] 🔖 Producing bundle at slot Slot(745)
2023-12-22 14:47:31+00:00 [//Alice (DomainId(0))] Submitted bundle from slot 745, extrinsics: 0    
2023-12-22 14:47:31+00:00 [//Alice (DomainId(0))] acknowledgement_sender_stream tag="New slot Slot(745)"
2023-12-22 14:47:31+00:00 [Ferdie] 🎁 Prepared block for proposing at 745 (9 ms) [hash: 0xaf06b6d7431abf51f4625b6b83e74dde992949fd32d75ed0d750d00d71a1dd7a; parent_hash: 0x31ea…0c8c; extrinsics (2): [0xfa72…5b4e, 0x6f39…3746]]
2023-12-22 14:47:31+00:00 [//Ferdie (Consensus)] ✨ Imported #745 (0xaf06…dd7a)    
2023-12-22 14:47:31+00:00 [//Alice (DomainId(0))] ✨ Imported #372 (0xec46…ba24)    
2023-12-22 14:47:31+00:00 [//Alice (DomainId(0))] acknowledgement_sender_stream tag="Import block #745"
2023-12-22 14:47:31+00:00 [Ferdie] 🎁 Prepared block for proposing at 746 (5 ms) [hash: 0x73013db4c97eeada4ce1d23d5ac59e5ee41d43f3c157a33d590530cf0201bfb4; parent_hash: 0xaf06…dd7a; extrinsics (1): [0xe7b2…c469]]
2023-12-22 14:47:31+00:00 [//Ferdie (Consensus)] ✨ Imported #746 (0x7301…bfb4)    
2023-12-22 14:47:31+00:00 [//Alice (DomainId(0))] acknowledgement_sender_stream tag="Import block #746"
2023-12-22 14:47:31+00:00 [//Alice (DomainId(0))] 📦 Claimed bundle at slot 747
2023-12-22 14:47:31+00:00 [//Alice (DomainId(0))] 🔖 Producing bundle at slot Slot(747)
2023-12-22 14:47:31+00:00 [//Alice (DomainId(0))] Submitted bundle from slot 747, extrinsics: 0    
2023-12-22 14:47:31+00:00 [//Alice (DomainId(0))] acknowledgement_sender_stream tag="New slot Slot(747)"
2023-12-22 14:47:31+00:00 [Ferdie] 🎁 Prepared block for proposing at 747 (9 ms) [hash: 0x7d0d78ece224eaef69d874440d0f57c0413d05dca644f95ebd4757fcd91a1571; parent_hash: 0x7301…bfb4; extrinsics (2): [0xe135…318f, 0xf701…8c9c]]
2023-12-22 14:47:31+00:00 [//Ferdie (Consensus)] ✨ Imported #747 (0x7d0d…1571)    
2023-12-22 14:47:31+00:00 [//Alice (DomainId(0))] ✨ Imported #373 (0x8a11…499a)    
2023-12-22 14:47:31+00:00 [//Alice (DomainId(0))] acknowledgement_sender_stream tag="Import block #747"
2023-12-22 14:47:31+00:00 [Ferdie] 🎁 Prepared block for proposing at 748 (5 ms) [hash: 0x90624f8442e3a3325057ac5ae124c5e7dc95cf9588b04ef7553797b790bc9eab; parent_hash: 0x7d0d…1571; extrinsics (1): [0xea12…4730]]
2023-12-22 14:47:31+00:00 [//Ferdie (Consensus)] ✨ Imported #748 (0x9062…9eab)    
2023-12-22 14:47:31+00:00 [//Alice (DomainId(0))] acknowledgement_sender_stream tag="Import block #748"
2023-12-22 14:47:31+00:00 [//Alice (DomainId(0))] 📦 Claimed bundle at slot 749
2023-12-22 14:47:31+00:00 [//Alice (DomainId(0))] 🔖 Producing bundle at slot Slot(749)
2023-12-22 14:47:31+00:00 [//Alice (DomainId(0))] Submitted bundle from slot 749, extrinsics: 0    
2023-12-22 14:47:31+00:00 [//Alice (DomainId(0))] acknowledgement_sender_stream tag="New slot Slot(749)"
2023-12-22 14:47:31+00:00 [Ferdie] 🎁 Prepared block for proposing at 749 (9 ms) [hash: 0x59b9b81cfce2206e726b22bbe6ec5632178bd2edc52f148f80dfdab424c887b6; parent_hash: 0x9062…9eab; extrinsics (2): [0x5d1c…c208, 0x345c…785d]]
2023-12-22 14:47:31+00:00 [//Ferdie (Consensus)] ✨ Imported #749 (0x59b9…87b6)    
2023-12-22 14:47:31+00:00 [//Alice (DomainId(0))] ✨ Imported #374 (0x78c1…c5b7)    
2023-12-22 14:47:31+00:00 [//Alice (DomainId(0))] acknowledgement_sender_stream tag="Import block #749"
2023-12-22 14:47:31+00:00 [Ferdie] 🎁 Prepared block for proposing at 750 (5 ms) [hash: 0xeb11728bb9364765883d86e31d71760295ace4387bca6bc617d7673b5951da3e; parent_hash: 0x59b9…87b6; extrinsics (1): [0x460c…c5e1]]
2023-12-22 14:47:31+00:00 [//Ferdie (Consensus)] ✨ Imported #750 (0xeb11…da3e)    
2023-12-22 14:47:31+00:00 [//Alice (DomainId(0))] acknowledgement_sender_stream tag="Import block #750"
2023-12-22 14:47:31+00:00 [//Alice (DomainId(0))] 📦 Claimed bundle at slot 751
2023-12-22 14:47:31+00:00 [//Alice (DomainId(0))] 🔖 Producing bundle at slot Slot(751)
2023-12-22 14:47:31+00:00 [//Alice (DomainId(0))] Submitted bundle from slot 751, extrinsics: 0    
2023-12-22 14:47:31+00:00 [//Alice (DomainId(0))] acknowledgement_sender_stream tag="New slot Slot(751)"
2023-12-22 14:47:31+00:00 [Ferdie] 🎁 Prepared block for proposing at 751 (9 ms) [hash: 0x1ebee5dcdf704b827e1a4650899f379d5930dabd1f3f37b2c94f7c7eefbc63c7; parent_hash: 0xeb11…da3e; extrinsics (2): [0x2dec…ecf5, 0x0260…be78]]
2023-12-22 14:47:31+00:00 [//Ferdie (Consensus)] ✨ Imported #751 (0x1ebe…63c7)    
2023-12-22 14:47:31+00:00 [//Alice (DomainId(0))] ✨ Imported #375 (0x8c5f…e174)    
2023-12-22 14:47:31+00:00 [//Alice (DomainId(0))] acknowledgement_sender_stream tag="Import block #751"
2023-12-22 14:47:31+00:00 [Ferdie] 🎁 Prepared block for proposing at 752 (5 ms) [hash: 0x3da39f2d78912f7fff5a1d99e9e2b2456440bb8034962cf7c551e435ba6f732a; parent_hash: 0x1ebe…63c7; extrinsics (1): [0xf620…1846]]
2023-12-22 14:47:31+00:00 [//Ferdie (Consensus)] ✨ Imported #752 (0x3da3…732a)    
2023-12-22 14:47:31+00:00 [//Alice (DomainId(0))] acknowledgement_sender_stream tag="Import block #752"
2023-12-22 14:47:31+00:00 [//Alice (DomainId(0))] 📦 Claimed bundle at slot 753
2023-12-22 14:47:31+00:00 [//Alice (DomainId(0))] 🔖 Producing bundle at slot Slot(753)
2023-12-22 14:47:31+00:00 [//Alice (DomainId(0))] Submitted bundle from slot 753, extrinsics: 0    
2023-12-22 14:47:31+00:00 [//Alice (DomainId(0))] acknowledgement_sender_stream tag="New slot Slot(753)"
2023-12-22 14:47:31+00:00 [Ferdie] 🎁 Prepared block for proposing at 753 (9 ms) [hash: 0xdea74fa56ae5765df9be96e5b94d962304279538b2fe715fc1b3fad78dde0274; parent_hash: 0x3da3…732a; extrinsics (2): [0xfc39…03cb, 0x82ad…72bb]]
2023-12-22 14:47:31+00:00 [//Ferdie (Consensus)] ✨ Imported #753 (0xdea7…0274)    
2023-12-22 14:47:31+00:00 [//Alice (DomainId(0))] ✨ Imported #376 (0x2583…d6b6)    
2023-12-22 14:47:31+00:00 [//Alice (DomainId(0))] acknowledgement_sender_stream tag="Import block #753"
2023-12-22 14:47:31+00:00 [Ferdie] 🎁 Prepared block for proposing at 754 (5 ms) [hash: 0x98339f557c2ca938f4d34a88767f78c65acb60aa1a4bdb363bddd9ab86944554; parent_hash: 0xdea7…0274; extrinsics (1): [0x96a4…ed6c]]
2023-12-22 14:47:31+00:00 [//Ferdie (Consensus)] ✨ Imported #754 (0x9833…4554)    
2023-12-22 14:47:31+00:00 [//Alice (DomainId(0))] acknowledgement_sender_stream tag="Import block #754"
2023-12-22 14:47:31+00:00 [//Alice (DomainId(0))] 📦 Claimed bundle at slot 755
2023-12-22 14:47:31+00:00 [//Alice (DomainId(0))] 🔖 Producing bundle at slot Slot(755)
2023-12-22 14:47:31+00:00 [//Alice (DomainId(0))] Submitted bundle from slot 755, extrinsics: 0    
2023-12-22 14:47:31+00:00 [//Alice (DomainId(0))] acknowledgement_sender_stream tag="New slot Slot(755)"
2023-12-22 14:47:31+00:00 [Ferdie] 🎁 Prepared block for proposing at 755 (9 ms) [hash: 0x1d7ae6802faffcc0b62f0ab5402d92f37095becd1648c76eebe5fa31c1ba80ad; parent_hash: 0x9833…4554; extrinsics (2): [0xe205…2f8f, 0x9ddc…e68d]]
2023-12-22 14:47:31+00:00 [//Ferdie (Consensus)] ✨ Imported #755 (0x1d7a…80ad)    
2023-12-22 14:47:31+00:00 [//Alice (DomainId(0))] ✨ Imported #377 (0x4f8b…7b9f)    
2023-12-22 14:47:31+00:00 [//Alice (DomainId(0))] acknowledgement_sender_stream tag="Import block #755"
2023-12-22 14:47:31+00:00 [Ferdie] 🎁 Prepared block for proposing at 756 (5 ms) [hash: 0x533c51f82c3196f763215f05795d0a71e2ee999c3e42cbd627d6cfbf7f6e303f; parent_hash: 0x1d7a…80ad; extrinsics (1): [0xb244…a034]]
2023-12-22 14:47:31+00:00 [//Ferdie (Consensus)] ✨ Imported #756 (0x533c…303f)    
2023-12-22 14:47:31+00:00 [//Alice (DomainId(0))] acknowledgement_sender_stream tag="Import block #756"
2023-12-22 14:47:31+00:00 [//Alice (DomainId(0))] 📦 Claimed bundle at slot 757
2023-12-22 14:47:31+00:00 [//Alice (DomainId(0))] 🔖 Producing bundle at slot Slot(757)
2023-12-22 14:47:31+00:00 [//Alice (DomainId(0))] Submitted bundle from slot 757, extrinsics: 0    
2023-12-22 14:47:31+00:00 [//Alice (DomainId(0))] acknowledgement_sender_stream tag="New slot Slot(757)"
2023-12-22 14:47:31+00:00 [Ferdie] 🎁 Prepared block for proposing at 757 (9 ms) [hash: 0x7bd03c2ab8b5847e127f58e0e8a122a3a12636e8c15a8ade4f57dce7f3c78dcd; parent_hash: 0x533c…303f; extrinsics (2): [0x4106…e3c1, 0x2f42…0d49]]
2023-12-22 14:47:31+00:00 [//Ferdie (Consensus)] ✨ Imported #757 (0x7bd0…8dcd)    
2023-12-22 14:47:31+00:00 [//Alice (DomainId(0))] ✨ Imported #378 (0x1527…dc03)    
2023-12-22 14:47:31+00:00 [//Alice (DomainId(0))] acknowledgement_sender_stream tag="Import block #757"
2023-12-22 14:47:31+00:00 [Ferdie] 🎁 Prepared block for proposing at 758 (5 ms) [hash: 0xa45f5c240cfa545acd733591b8d1329a6bc37ad9958d512d4ab5bf37ecb1b813; parent_hash: 0x7bd0…8dcd; extrinsics (1): [0xdae7…1a9b]]
2023-12-22 14:47:31+00:00 [//Ferdie (Consensus)] ✨ Imported #758 (0xa45f…b813)    
2023-12-22 14:47:31+00:00 [//Alice (DomainId(0))] acknowledgement_sender_stream tag="Import block #758"
2023-12-22 14:47:31+00:00 [//Alice (DomainId(0))] 📦 Claimed bundle at slot 759
2023-12-22 14:47:31+00:00 [//Alice (DomainId(0))] 🔖 Producing bundle at slot Slot(759)
2023-12-22 14:47:31+00:00 [//Alice (DomainId(0))] Submitted bundle from slot 759, extrinsics: 0    
2023-12-22 14:47:31+00:00 [//Alice (DomainId(0))] acknowledgement_sender_stream tag="New slot Slot(759)"
2023-12-22 14:47:31+00:00 [Ferdie] 🎁 Prepared block for proposing at 759 (9 ms) [hash: 0x04410f126ac125a06e9a66f138fb6ad551dbb4dbddae4d751fcb7bc2adbeb99c; parent_hash: 0xa45f…b813; extrinsics (2): [0xe00b…981e, 0x9779…100e]]
2023-12-22 14:47:31+00:00 [//Ferdie (Consensus)] ✨ Imported #759 (0x0441…b99c)    
2023-12-22 14:47:31+00:00 [//Alice (DomainId(0))] ✨ Imported #379 (0xef76…5c4a)    
2023-12-22 14:47:31+00:00 [//Alice (DomainId(0))] acknowledgement_sender_stream tag="Import block #759"
2023-12-22 14:47:31+00:00 [Ferdie] 🎁 Prepared block for proposing at 760 (5 ms) [hash: 0x9d26875b9f9ad9424007ef1b4aa9ba283fce6138e635b02d0438163e232cbaaa; parent_hash: 0x0441…b99c; extrinsics (1): [0x4ab4…f606]]
2023-12-22 14:47:31+00:00 [//Ferdie (Consensus)] ✨ Imported #760 (0x9d26…baaa)    
2023-12-22 14:47:31+00:00 [//Alice (DomainId(0))] acknowledgement_sender_stream tag="Import block #760"
2023-12-22 14:47:31+00:00 [//Alice (DomainId(0))] 📦 Claimed bundle at slot 761
2023-12-22 14:47:31+00:00 [//Alice (DomainId(0))] 🔖 Producing bundle at slot Slot(761)
2023-12-22 14:47:31+00:00 [//Alice (DomainId(0))] Submitted bundle from slot 761, extrinsics: 0    
2023-12-22 14:47:31+00:00 [//Alice (DomainId(0))] acknowledgement_sender_stream tag="New slot Slot(761)"
2023-12-22 14:47:31+00:00 [Ferdie] 🎁 Prepared block for proposing at 761 (9 ms) [hash: 0xdad447b7b7aa0476e485f4a91412f65957f0efbe24d7e5c11f4f37350010404f; parent_hash: 0x9d26…baaa; extrinsics (2): [0x2d0b…45f7, 0xac47…7afc]]
2023-12-22 14:47:31+00:00 [//Ferdie (Consensus)] ✨ Imported #761 (0xdad4…404f)    
2023-12-22 14:47:31+00:00 [//Alice (DomainId(0))] ✨ Imported #380 (0x9e5b…4fcf)    
2023-12-22 14:47:31+00:00 [//Alice (DomainId(0))] acknowledgement_sender_stream tag="Import block #761"
2023-12-22 14:47:31+00:00 [Ferdie] 🎁 Prepared block for proposing at 762 (5 ms) [hash: 0xbb40ca5794285867b524b721d9a77edf7c7bab2b084a10dcc30afeb8cd94358d; parent_hash: 0xdad4…404f; extrinsics (1): [0x0471…e038]]
2023-12-22 14:47:31+00:00 [//Ferdie (Consensus)] ✨ Imported #762 (0xbb40…358d)    
2023-12-22 14:47:31+00:00 [//Alice (DomainId(0))] acknowledgement_sender_stream tag="Import block #762"
2023-12-22 14:47:31+00:00 [//Alice (DomainId(0))] 📦 Claimed bundle at slot 763
2023-12-22 14:47:31+00:00 [//Alice (DomainId(0))] 🔖 Producing bundle at slot Slot(763)
2023-12-22 14:47:31+00:00 [//Alice (DomainId(0))] Submitted bundle from slot 763, extrinsics: 0    
2023-12-22 14:47:31+00:00 [//Alice (DomainId(0))] acknowledgement_sender_stream tag="New slot Slot(763)"
2023-12-22 14:47:31+00:00 [Ferdie] 🎁 Prepared block for proposing at 763 (9 ms) [hash: 0x92d7a9f4152a3e575fc2e8402507e90f7b492f3bbae17aec232f8ec3687acf8b; parent_hash: 0xbb40…358d; extrinsics (2): [0x0943…5b51, 0x1f60…28a7]]
2023-12-22 14:47:31+00:00 [//Ferdie (Consensus)] ✨ Imported #763 (0x92d7…cf8b)    
2023-12-22 14:47:32+00:00 [//Alice (DomainId(0))] ✨ Imported #381 (0x6b8c…6445)    
2023-12-22 14:47:32+00:00 [//Alice (DomainId(0))] acknowledgement_sender_stream tag="Import block #763"
2023-12-22 14:47:32+00:00 [Ferdie] 🎁 Prepared block for proposing at 764 (5 ms) [hash: 0x2aa09a71ccf748fee77cfea90f9a60376bf0b2040b41b6965f485902a66fe35e; parent_hash: 0x92d7…cf8b; extrinsics (1): [0x4dea…e0d4]]
2023-12-22 14:47:32+00:00 [//Ferdie (Consensus)] ✨ Imported #764 (0x2aa0…e35e)    
2023-12-22 14:47:32+00:00 [//Alice (DomainId(0))] acknowledgement_sender_stream tag="Import block #764"
2023-12-22 14:47:32+00:00 [//Alice (DomainId(0))] 📦 Claimed bundle at slot 765
2023-12-22 14:47:32+00:00 [//Alice (DomainId(0))] 🔖 Producing bundle at slot Slot(765)
2023-12-22 14:47:32+00:00 [//Alice (DomainId(0))] Submitted bundle from slot 765, extrinsics: 0    
2023-12-22 14:47:32+00:00 [//Alice (DomainId(0))] acknowledgement_sender_stream tag="New slot Slot(765)"
2023-12-22 14:47:32+00:00 [Ferdie] 🎁 Prepared block for proposing at 765 (9 ms) [hash: 0xd7a384ff5d67334015f4c3034465d078555a43aa6f333e6dcb9bf441f22f7a03; parent_hash: 0x2aa0…e35e; extrinsics (2): [0xcfac…2280, 0xf2af…e675]]
2023-12-22 14:47:32+00:00 [//Ferdie (Consensus)] ✨ Imported #765 (0xd7a3…7a03)    
2023-12-22 14:47:32+00:00 [//Alice (DomainId(0))] ✨ Imported #382 (0x90b6…0724)    
2023-12-22 14:47:32+00:00 [//Alice (DomainId(0))] acknowledgement_sender_stream tag="Import block #765"
2023-12-22 14:47:32+00:00 [Ferdie] 🎁 Prepared block for proposing at 766 (5 ms) [hash: 0x0c5e737adb8884e751c677cc4a602705a1cace2cea1284f5a5084f16035c66ef; parent_hash: 0xd7a3…7a03; extrinsics (1): [0x6762…4438]]
2023-12-22 14:47:32+00:00 [//Ferdie (Consensus)] ✨ Imported #766 (0x0c5e…66ef)    
2023-12-22 14:47:32+00:00 [//Alice (DomainId(0))] acknowledgement_sender_stream tag="Import block #766"
2023-12-22 14:47:32+00:00 [//Alice (DomainId(0))] 📦 Claimed bundle at slot 767
2023-12-22 14:47:32+00:00 [//Alice (DomainId(0))] 🔖 Producing bundle at slot Slot(767)
2023-12-22 14:47:32+00:00 [//Alice (DomainId(0))] Submitted bundle from slot 767, extrinsics: 0    
2023-12-22 14:47:32+00:00 [//Alice (DomainId(0))] acknowledgement_sender_stream tag="New slot Slot(767)"
2023-12-22 14:47:32+00:00 [Ferdie] 🎁 Prepared block for proposing at 767 (9 ms) [hash: 0x7340bf7cffef5405ec0ef601e34e867d89f6c0de20dbb6931d32fd63ce993f98; parent_hash: 0x0c5e…66ef; extrinsics (2): [0xbb63…ed62, 0x7a55…2868]]
2023-12-22 14:47:32+00:00 [//Ferdie (Consensus)] ✨ Imported #767 (0x7340…3f98)    
2023-12-22 14:47:32+00:00 [//Alice (DomainId(0))] ✨ Imported #383 (0x93f4…b0a1)    
2023-12-22 14:47:32+00:00 [//Alice (DomainId(0))] acknowledgement_sender_stream tag="Import block #767"
2023-12-22 14:47:32+00:00 [Ferdie] 🎁 Prepared block for proposing at 768 (5 ms) [hash: 0xe58fa6bde5480941ee9d1a6d2168e9e047e01ff1c86ba496fa94275a2ef85461; parent_hash: 0x7340…3f98; extrinsics (1): [0xbe05…7397]]
2023-12-22 14:47:32+00:00 [//Ferdie (Consensus)] ✨ Imported #768 (0xe58f…5461)    
2023-12-22 14:47:32+00:00 [//Alice (DomainId(0))] acknowledgement_sender_stream tag="Import block #768"
2023-12-22 14:47:32+00:00 [//Alice (DomainId(0))] 📦 Claimed bundle at slot 769
2023-12-22 14:47:32+00:00 [//Alice (DomainId(0))] 🔖 Producing bundle at slot Slot(769)
2023-12-22 14:47:32+00:00 [//Alice (DomainId(0))] Submitted bundle from slot 769, extrinsics: 0    
2023-12-22 14:47:32+00:00 [//Alice (DomainId(0))] acknowledgement_sender_stream tag="New slot Slot(769)"
2023-12-22 14:47:32+00:00 [Ferdie] 🎁 Prepared block for proposing at 769 (9 ms) [hash: 0x867ec5a55b09aa7454c060d1a675434ee1e6a8a752a69a8ea8da861d4906f591; parent_hash: 0xe58f…5461; extrinsics (2): [0x21ed…da85, 0xf3c0…72b6]]
2023-12-22 14:47:32+00:00 [//Ferdie (Consensus)] ✨ Imported #769 (0x867e…f591)    
2023-12-22 14:47:32+00:00 [//Alice (DomainId(0))] ✨ Imported #384 (0xfc58…8b27)    
2023-12-22 14:47:32+00:00 [//Alice (DomainId(0))] acknowledgement_sender_stream tag="Import block #769"
2023-12-22 14:47:32+00:00 [Ferdie] 🎁 Prepared block for proposing at 770 (5 ms) [hash: 0x1aa0b79d1e0a44d282c4a97e222c0f4a3b26e761aaf90fde51b8236d688b1fd0; parent_hash: 0x867e…f591; extrinsics (1): [0x1d69…67e2]]
2023-12-22 14:47:32+00:00 [//Ferdie (Consensus)] ✨ Imported #770 (0x1aa0…1fd0)    
2023-12-22 14:47:32+00:00 [//Alice (DomainId(0))] acknowledgement_sender_stream tag="Import block #770"
2023-12-22 14:47:32+00:00 [//Alice (DomainId(0))] 📦 Claimed bundle at slot 771
2023-12-22 14:47:32+00:00 [//Alice (DomainId(0))] 🔖 Producing bundle at slot Slot(771)
2023-12-22 14:47:32+00:00 [//Alice (DomainId(0))] Submitted bundle from slot 771, extrinsics: 0    
2023-12-22 14:47:32+00:00 [//Alice (DomainId(0))] acknowledgement_sender_stream tag="New slot Slot(771)"
2023-12-22 14:47:32+00:00 [Ferdie] 🎁 Prepared block for proposing at 771 (9 ms) [hash: 0xb41b4452d41718b9bc20832094aed15a2496d7ee3b3de6bd56f349287822b7fc; parent_hash: 0x1aa0…1fd0; extrinsics (2): [0x247c…0509, 0xf69a…1551]]
2023-12-22 14:47:32+00:00 [//Ferdie (Consensus)] ✨ Imported #771 (0xb41b…b7fc)    
2023-12-22 14:47:32+00:00 [//Alice (DomainId(0))] ✨ Imported #385 (0xfca6…d5cf)    
2023-12-22 14:47:32+00:00 [//Alice (DomainId(0))] acknowledgement_sender_stream tag="Import block #771"
2023-12-22 14:47:32+00:00 [Ferdie] 🎁 Prepared block for proposing at 772 (5 ms) [hash: 0x92ac975017d9482901b1a995a70b11815d2c0cca5c0525fa8cc6b694e0070776; parent_hash: 0xb41b…b7fc; extrinsics (1): [0x5ad7…026d]]
2023-12-22 14:47:32+00:00 [//Ferdie (Consensus)] ✨ Imported #772 (0x92ac…0776)    
2023-12-22 14:47:33+00:00 [//Alice (DomainId(0))] acknowledgement_sender_stream tag="Import block #772"
2023-12-22 14:47:33+00:00 [//Alice (DomainId(0))] 📦 Claimed bundle at slot 773
2023-12-22 14:47:33+00:00 [//Alice (DomainId(0))] 🔖 Producing bundle at slot Slot(773)
2023-12-22 14:47:33+00:00 [//Alice (DomainId(0))] Submitted bundle from slot 773, extrinsics: 0    
2023-12-22 14:47:33+00:00 [//Alice (DomainId(0))] acknowledgement_sender_stream tag="New slot Slot(773)"
2023-12-22 14:47:33+00:00 [Ferdie] 🎁 Prepared block for proposing at 773 (10 ms) [hash: 0xb1a4893c3b9379719bb6fa52cad05d85ee8997a37ec5646282d7d3a7c36f9353; parent_hash: 0x92ac…0776; extrinsics (2): [0x3763…4fe5, 0x5e97…501b]]
2023-12-22 14:47:33+00:00 [//Ferdie (Consensus)] ✨ Imported #773 (0xb1a4…9353)    
2023-12-22 14:47:33+00:00 [//Alice (DomainId(0))] ✨ Imported #386 (0x23ef…7e1b)    
2023-12-22 14:47:33+00:00 [//Alice (DomainId(0))] acknowledgement_sender_stream tag="Import block #773"
2023-12-22 14:47:33+00:00 [Ferdie] 🎁 Prepared block for proposing at 774 (5 ms) [hash: 0xae8af13e3d2082da73f56180491093f2c6a66d4079c2b5dac9b28ddbdded68c6; parent_hash: 0xb1a4…9353; extrinsics (1): [0x585a…0ea7]]
2023-12-22 14:47:33+00:00 [//Ferdie (Consensus)] ✨ Imported #774 (0xae8a…68c6)    
2023-12-22 14:47:33+00:00 [//Alice (DomainId(0))] acknowledgement_sender_stream tag="Import block #774"
2023-12-22 14:47:33+00:00 [//Alice (DomainId(0))] 📦 Claimed bundle at slot 775
2023-12-22 14:47:33+00:00 [//Alice (DomainId(0))] 🔖 Producing bundle at slot Slot(775)
2023-12-22 14:47:33+00:00 [//Alice (DomainId(0))] Submitted bundle from slot 775, extrinsics: 0    
2023-12-22 14:47:33+00:00 [//Alice (DomainId(0))] acknowledgement_sender_stream tag="New slot Slot(775)"
2023-12-22 14:47:33+00:00 [Ferdie] 🎁 Prepared block for proposing at 775 (9 ms) [hash: 0x5f22d695e9b8befe9e89f5b311b72e269d24bc7676eaf643d390d7757bb26fc7; parent_hash: 0xae8a…68c6; extrinsics (2): [0xec25…00a8, 0x1405…9e2f]]
2023-12-22 14:47:33+00:00 [//Ferdie (Consensus)] ✨ Imported #775 (0x5f22…6fc7)    
2023-12-22 14:47:33+00:00 [//Alice (DomainId(0))] ✨ Imported #387 (0x2bb0…5184)    
2023-12-22 14:47:33+00:00 [//Alice (DomainId(0))] acknowledgement_sender_stream tag="Import block #775"
2023-12-22 14:47:33+00:00 [Ferdie] 🎁 Prepared block for proposing at 776 (5 ms) [hash: 0x295fa28c1b1dd86a1a0f8ae47b456ba9af6262472fc783959140733e03e8e8d6; parent_hash: 0x5f22…6fc7; extrinsics (1): [0x747c…1c81]]
2023-12-22 14:47:33+00:00 [//Ferdie (Consensus)] ✨ Imported #776 (0x295f…e8d6)    
2023-12-22 14:47:33+00:00 [//Alice (DomainId(0))] acknowledgement_sender_stream tag="Import block #776"
2023-12-22 14:47:33+00:00 [//Alice (DomainId(0))] 📦 Claimed bundle at slot 777
2023-12-22 14:47:33+00:00 [//Alice (DomainId(0))] 🔖 Producing bundle at slot Slot(777)
2023-12-22 14:47:33+00:00 [//Alice (DomainId(0))] Submitted bundle from slot 777, extrinsics: 0    
2023-12-22 14:47:33+00:00 [//Alice (DomainId(0))] acknowledgement_sender_stream tag="New slot Slot(777)"
2023-12-22 14:47:33+00:00 [Ferdie] 🎁 Prepared block for proposing at 777 (9 ms) [hash: 0xd18d26e0e66fa22223a5b7e20bf88e011641d6548b1cd240f80f35bd637ef3d2; parent_hash: 0x295f…e8d6; extrinsics (2): [0x34c7…bda6, 0x8aa3…479c]]
2023-12-22 14:47:33+00:00 [//Ferdie (Consensus)] ✨ Imported #777 (0xd18d…f3d2)    
2023-12-22 14:47:33+00:00 [//Alice (DomainId(0))] ✨ Imported #388 (0x0bfa…add6)    
2023-12-22 14:47:33+00:00 [//Alice (DomainId(0))] acknowledgement_sender_stream tag="Import block #777"
2023-12-22 14:47:33+00:00 [Ferdie] 🎁 Prepared block for proposing at 778 (5 ms) [hash: 0xff2df83c70b833c6d898c34bc39517a2f7854db946f4192a0367eba8df867470; parent_hash: 0xd18d…f3d2; extrinsics (1): [0x650e…f3e4]]
2023-12-22 14:47:33+00:00 [//Ferdie (Consensus)] ✨ Imported #778 (0xff2d…7470)    
2023-12-22 14:47:33+00:00 [//Alice (DomainId(0))] acknowledgement_sender_stream tag="Import block #778"
2023-12-22 14:47:33+00:00 [//Alice (DomainId(0))] 📦 Claimed bundle at slot 779
2023-12-22 14:47:33+00:00 [//Alice (DomainId(0))] 🔖 Producing bundle at slot Slot(779)
2023-12-22 14:47:33+00:00 [//Alice (DomainId(0))] Submitted bundle from slot 779, extrinsics: 0    
2023-12-22 14:47:33+00:00 [//Alice (DomainId(0))] acknowledgement_sender_stream tag="New slot Slot(779)"
2023-12-22 14:47:33+00:00 [Ferdie] 🎁 Prepared block for proposing at 779 (9 ms) [hash: 0xf05231e703ce570f0a77ddeba124b3c620823ce276fac061fa31c5ddeef46874; parent_hash: 0xff2d…7470; extrinsics (2): [0x80ca…c349, 0x2ae4…960c]]
2023-12-22 14:47:33+00:00 [//Ferdie (Consensus)] ✨ Imported #779 (0xf052…6874)    
2023-12-22 14:47:33+00:00 [//Alice (DomainId(0))] ✨ Imported #389 (0x672a…b5aa)    
2023-12-22 14:47:33+00:00 [//Alice (DomainId(0))] acknowledgement_sender_stream tag="Import block #779"
2023-12-22 14:47:33+00:00 [Ferdie] 🎁 Prepared block for proposing at 780 (5 ms) [hash: 0x286458e3694bc5b2b79a48195941b30eb25782c118791825243ef3553315027f; parent_hash: 0xf052…6874; extrinsics (1): [0x8e71…e719]]
2023-12-22 14:47:33+00:00 [//Ferdie (Consensus)] ✨ Imported #780 (0x2864…027f)    
2023-12-22 14:47:34+00:00 [//Alice (DomainId(0))] acknowledgement_sender_stream tag="Import block #780"
2023-12-22 14:47:34+00:00 [//Alice (DomainId(0))] 📦 Claimed bundle at slot 781
2023-12-22 14:47:34+00:00 [//Alice (DomainId(0))] 🔖 Producing bundle at slot Slot(781)
2023-12-22 14:47:34+00:00 [//Alice (DomainId(0))] Submitted bundle from slot 781, extrinsics: 0    
2023-12-22 14:47:34+00:00 [//Alice (DomainId(0))] acknowledgement_sender_stream tag="New slot Slot(781)"
2023-12-22 14:47:34+00:00 [Ferdie] 🎁 Prepared block for proposing at 781 (9 ms) [hash: 0x0d71d9315e23635cce023b02b8dbce795b15d4e8d7f44e9a34fe45e87a875e43; parent_hash: 0x2864…027f; extrinsics (2): [0xfcb3…0da8, 0xa625…c43a]]
2023-12-22 14:47:34+00:00 [//Ferdie (Consensus)] ✨ Imported #781 (0x0d71…5e43)    
2023-12-22 14:47:34+00:00 [//Alice (DomainId(0))] ✨ Imported #390 (0x70ab…6218)    
2023-12-22 14:47:34+00:00 [//Alice (DomainId(0))] acknowledgement_sender_stream tag="Import block #781"
2023-12-22 14:47:34+00:00 [Ferdie] 🎁 Prepared block for proposing at 782 (5 ms) [hash: 0xa6eedc69f2aacfb2f1ebdad317e9b1866c209e751f9fd38d9811070daa52dbf3; parent_hash: 0x0d71…5e43; extrinsics (1): [0xaf45…36f1]]
2023-12-22 14:47:34+00:00 [//Ferdie (Consensus)] ✨ Imported #782 (0xa6ee…dbf3)    
2023-12-22 14:47:34+00:00 [//Alice (DomainId(0))] acknowledgement_sender_stream tag="Import block #782"
2023-12-22 14:47:34+00:00 [//Alice (DomainId(0))] 📦 Claimed bundle at slot 783
2023-12-22 14:47:34+00:00 [//Alice (DomainId(0))] 🔖 Producing bundle at slot Slot(783)
2023-12-22 14:47:34+00:00 [//Alice (DomainId(0))] Submitted bundle from slot 783, extrinsics: 0    
2023-12-22 14:47:34+00:00 [//Alice (DomainId(0))] acknowledgement_sender_stream tag="New slot Slot(783)"
2023-12-22 14:47:34+00:00 [Ferdie] 🎁 Prepared block for proposing at 783 (10 ms) [hash: 0xfa61233adc3676c9e8a9fb9e230a96ce5e96a9457f7c6542c24f851ec83747cf; parent_hash: 0xa6ee…dbf3; extrinsics (2): [0x9f5e…ccf9, 0x94c5…3d5a]]
2023-12-22 14:47:34+00:00 [//Ferdie (Consensus)] ✨ Imported #783 (0xfa61…47cf)    
2023-12-22 14:47:34+00:00 [//Alice (DomainId(0))] ✨ Imported #391 (0x0536…12de)    
2023-12-22 14:47:34+00:00 [//Alice (DomainId(0))] acknowledgement_sender_stream tag="Import block #783"
2023-12-22 14:47:34+00:00 [Ferdie] 🎁 Prepared block for proposing at 784 (5 ms) [hash: 0x0081c37e564ff2466fd5087e94bde7aca843925ee2d3396e667bd6a1478622b8; parent_hash: 0xfa61…47cf; extrinsics (1): [0x028d…6992]]
2023-12-22 14:47:34+00:00 [//Ferdie (Consensus)] ✨ Imported #784 (0x0081…22b8)    
2023-12-22 14:47:34+00:00 [//Alice (DomainId(0))] acknowledgement_sender_stream tag="Import block #784"
2023-12-22 14:47:34+00:00 [//Alice (DomainId(0))] 📦 Claimed bundle at slot 785
2023-12-22 14:47:34+00:00 [//Alice (DomainId(0))] 🔖 Producing bundle at slot Slot(785)
2023-12-22 14:47:34+00:00 [//Alice (DomainId(0))] Submitted bundle from slot 785, extrinsics: 0    
2023-12-22 14:47:34+00:00 [//Alice (DomainId(0))] acknowledgement_sender_stream tag="New slot Slot(785)"
2023-12-22 14:47:34+00:00 [Ferdie] 🎁 Prepared block for proposing at 785 (9 ms) [hash: 0x3e73b621f2cf366de0382a4781b4d93593b2b46efb819d9634f0c7b7cf0d011a; parent_hash: 0x0081…22b8; extrinsics (2): [0x87dd…1160, 0x7864…edfa]]
2023-12-22 14:47:34+00:00 [//Ferdie (Consensus)] ✨ Imported #785 (0x3e73…011a)    
2023-12-22 14:47:34+00:00 [//Alice (DomainId(0))] ✨ Imported #392 (0xf4a4…bfc2)    
2023-12-22 14:47:34+00:00 [//Alice (DomainId(0))] acknowledgement_sender_stream tag="Import block #785"
2023-12-22 14:47:34+00:00 [Ferdie] 🎁 Prepared block for proposing at 786 (5 ms) [hash: 0x7417a4f68050f0aba8545d623c7aa8effa5f6573427528f73361e4158c8e1d51; parent_hash: 0x3e73…011a; extrinsics (1): [0xa7d6…6a30]]
2023-12-22 14:47:34+00:00 [//Ferdie (Consensus)] ✨ Imported #786 (0x7417…1d51)    
2023-12-22 14:47:34+00:00 [//Alice (DomainId(0))] acknowledgement_sender_stream tag="Import block #786"
2023-12-22 14:47:34+00:00 [//Alice (DomainId(0))] 💤 Idle (0 peers), best: #392 (0xf4a4…bfc2), finalized #0 (0x7aea…1834), ⬇ 0 ⬆ 0    
2023-12-22 14:47:34+00:00 [//Alice (DomainId(0))] 📦 Claimed bundle at slot 787
2023-12-22 14:47:34+00:00 [//Alice (DomainId(0))] 🔖 Producing bundle at slot Slot(787)
2023-12-22 14:47:34+00:00 [//Alice (DomainId(0))] Submitted bundle from slot 787, extrinsics: 0    
2023-12-22 14:47:34+00:00 [//Alice (DomainId(0))] acknowledgement_sender_stream tag="New slot Slot(787)"
2023-12-22 14:47:34+00:00 [Ferdie] 🎁 Prepared block for proposing at 787 (9 ms) [hash: 0x7554adecb5b0f9d89110175e6d7a5b3b2708c82cea03877c7a4cc412016fdcea; parent_hash: 0x7417…1d51; extrinsics (2): [0x52a2…9566, 0xc56b…abcf]]
2023-12-22 14:47:34+00:00 [//Ferdie (Consensus)] ✨ Imported #787 (0x7554…dcea)    
2023-12-22 14:47:34+00:00 [//Alice (DomainId(0))] ✨ Imported #393 (0x39fc…1c2b)    
2023-12-22 14:47:34+00:00 [//Alice (DomainId(0))] acknowledgement_sender_stream tag="Import block #787"
2023-12-22 14:47:34+00:00 [Ferdie] 🎁 Prepared block for proposing at 788 (5 ms) [hash: 0xa590f99d654ce742fa85c0975e147d216e7daa731b1ac6e4a60502b326782a6e; parent_hash: 0x7554…dcea; extrinsics (1): [0x039f…e17f]]
2023-12-22 14:47:34+00:00 [//Ferdie (Consensus)] ✨ Imported #788 (0xa590…2a6e)    
2023-12-22 14:47:34+00:00 [//Alice (DomainId(0))] acknowledgement_sender_stream tag="Import block #788"
2023-12-22 14:47:34+00:00 [//Alice (DomainId(0))] 📦 Claimed bundle at slot 789
2023-12-22 14:47:34+00:00 [//Alice (DomainId(0))] 🔖 Producing bundle at slot Slot(789)
2023-12-22 14:47:34+00:00 [//Alice (DomainId(0))] Submitted bundle from slot 789, extrinsics: 0    
2023-12-22 14:47:34+00:00 [//Alice (DomainId(0))] acknowledgement_sender_stream tag="New slot Slot(789)"
2023-12-22 14:47:34+00:00 [Ferdie] 🎁 Prepared block for proposing at 789 (9 ms) [hash: 0x4d3aa51d249e4f5f0911b66f7be6f9d6762099c726940939f2493de3a8b4c8fd; parent_hash: 0xa590…2a6e; extrinsics (2): [0xb508…f04f, 0xa3e6…4744]]
2023-12-22 14:47:34+00:00 [//Ferdie (Consensus)] ✨ Imported #789 (0x4d3a…c8fd)    
2023-12-22 14:47:34+00:00 [//Alice (DomainId(0))] ✨ Imported #394 (0x9a05…dcea)    
2023-12-22 14:47:34+00:00 [//Alice (DomainId(0))] acknowledgement_sender_stream tag="Import block #789"
2023-12-22 14:47:34+00:00 [Ferdie] 🎁 Prepared block for proposing at 790 (5 ms) [hash: 0x176df57672dd20e1b58dd834bd722ce9cb58453afe3298df2b6059c9f5086f36; parent_hash: 0x4d3a…c8fd; extrinsics (1): [0x9603…6b88]]
2023-12-22 14:47:34+00:00 [//Ferdie (Consensus)] ✨ Imported #790 (0x176d…6f36)    
2023-12-22 14:47:34+00:00 [//Alice (DomainId(0))] acknowledgement_sender_stream tag="Import block #790"
2023-12-22 14:47:34+00:00 [//Alice (DomainId(0))] 📦 Claimed bundle at slot 791
2023-12-22 14:47:34+00:00 [//Alice (DomainId(0))] 🔖 Producing bundle at slot Slot(791)
2023-12-22 14:47:34+00:00 [//Alice (DomainId(0))] Submitted bundle from slot 791, extrinsics: 0    
2023-12-22 14:47:34+00:00 [//Alice (DomainId(0))] acknowledgement_sender_stream tag="New slot Slot(791)"
2023-12-22 14:47:34+00:00 [Ferdie] 🎁 Prepared block for proposing at 791 (9 ms) [hash: 0x7d11b24d5558a0db57468e7992c07aaaf2c784fa357a85a19e67ed885abcfbc0; parent_hash: 0x176d…6f36; extrinsics (2): [0x9536…ebff, 0xe69c…7c3f]]
2023-12-22 14:47:34+00:00 [//Ferdie (Consensus)] ✨ Imported #791 (0x7d11…fbc0)    
2023-12-22 14:47:34+00:00 [//Alice (DomainId(0))] ✨ Imported #395 (0xc342…3fc3)    
2023-12-22 14:47:35+00:00 [//Alice (DomainId(0))] acknowledgement_sender_stream tag="Import block #791"
2023-12-22 14:47:35+00:00 [Ferdie] 🎁 Prepared block for proposing at 792 (5 ms) [hash: 0xbed5e875fcaed108809a987a43963a1119d8dd33c05783bcbaf1d642c293be1f; parent_hash: 0x7d11…fbc0; extrinsics (1): [0xe740…9a0d]]
2023-12-22 14:47:35+00:00 [//Ferdie (Consensus)] ✨ Imported #792 (0xbed5…be1f)    
2023-12-22 14:47:35+00:00 [//Alice (DomainId(0))] acknowledgement_sender_stream tag="Import block #792"
2023-12-22 14:47:35+00:00 [//Alice (DomainId(0))] 📦 Claimed bundle at slot 793
2023-12-22 14:47:35+00:00 [//Alice (DomainId(0))] 🔖 Producing bundle at slot Slot(793)
2023-12-22 14:47:35+00:00 [//Alice (DomainId(0))] Submitted bundle from slot 793, extrinsics: 0    
2023-12-22 14:47:35+00:00 [//Alice (DomainId(0))] acknowledgement_sender_stream tag="New slot Slot(793)"
2023-12-22 14:47:35+00:00 [Ferdie] 🎁 Prepared block for proposing at 793 (9 ms) [hash: 0xbf0815c1c29341b9bd7e2f0b412e4af65665a43e627e7dbeade44013d8818d3e; parent_hash: 0xbed5…be1f; extrinsics (2): [0xc257…803d, 0xf5ba…6ce5]]
2023-12-22 14:47:35+00:00 [//Ferdie (Consensus)] ✨ Imported #793 (0xbf08…8d3e)    
2023-12-22 14:47:35+00:00 [//Alice (DomainId(0))] ✨ Imported #396 (0xdc6f…5547)    
2023-12-22 14:47:35+00:00 [//Alice (DomainId(0))] acknowledgement_sender_stream tag="Import block #793"
2023-12-22 14:47:35+00:00 [Ferdie] 🎁 Prepared block for proposing at 794 (5 ms) [hash: 0xe6c34b4a8fafa996ecbc6a01edbdf9634e05cc0208f389795f87c99e83a5f782; parent_hash: 0xbf08…8d3e; extrinsics (1): [0x2f9c…9e40]]
2023-12-22 14:47:35+00:00 [//Ferdie (Consensus)] ✨ Imported #794 (0xe6c3…f782)    
2023-12-22 14:47:35+00:00 [//Alice (DomainId(0))] acknowledgement_sender_stream tag="Import block #794"
2023-12-22 14:47:35+00:00 [//Alice (DomainId(0))] 📦 Claimed bundle at slot 795
2023-12-22 14:47:35+00:00 [//Alice (DomainId(0))] 🔖 Producing bundle at slot Slot(795)
2023-12-22 14:47:35+00:00 [//Alice (DomainId(0))] Submitted bundle from slot 795, extrinsics: 0    
2023-12-22 14:47:35+00:00 [//Alice (DomainId(0))] acknowledgement_sender_stream tag="New slot Slot(795)"
2023-12-22 14:47:35+00:00 [Ferdie] 🎁 Prepared block for proposing at 795 (9 ms) [hash: 0xf95ce6599e0992187ef23147bb6e246ee58ae04577707f6a680dec4af2bd1daf; parent_hash: 0xe6c3…f782; extrinsics (2): [0xc260…cf4a, 0xf034…3695]]
2023-12-22 14:47:35+00:00 [//Ferdie (Consensus)] ✨ Imported #795 (0xf95c…1daf)    
2023-12-22 14:47:35+00:00 [//Alice (DomainId(0))] ✨ Imported #397 (0x12e5…44ba)    
2023-12-22 14:47:35+00:00 [//Alice (DomainId(0))] acknowledgement_sender_stream tag="Import block #795"
2023-12-22 14:47:35+00:00 [Ferdie] 🎁 Prepared block for proposing at 796 (5 ms) [hash: 0xacc5877fe9adae5513868d9aa4989245c51e125ab4f13b93c8f08162f9dc4209; parent_hash: 0xf95c…1daf; extrinsics (1): [0xf3a3…62cd]]
2023-12-22 14:47:35+00:00 [//Ferdie (Consensus)] ✨ Imported #796 (0xacc5…4209)    
2023-12-22 14:47:35+00:00 [//Alice (DomainId(0))] acknowledgement_sender_stream tag="Import block #796"
2023-12-22 14:47:35+00:00 [//Alice (DomainId(0))] 📦 Claimed bundle at slot 797
2023-12-22 14:47:35+00:00 [//Alice (DomainId(0))] 🔖 Producing bundle at slot Slot(797)
2023-12-22 14:47:35+00:00 [//Alice (DomainId(0))] Submitted bundle from slot 797, extrinsics: 0    
2023-12-22 14:47:35+00:00 [//Alice (DomainId(0))] acknowledgement_sender_stream tag="New slot Slot(797)"
2023-12-22 14:47:35+00:00 [Ferdie] 🎁 Prepared block for proposing at 797 (9 ms) [hash: 0x57e1f12acf76be1c8a3d83eef63138a3f1ed500fb77c9ecaf74177910e93cc74; parent_hash: 0xacc5…4209; extrinsics (2): [0x5829…d1f1, 0x8de8…5206]]
2023-12-22 14:47:35+00:00 [//Ferdie (Consensus)] ✨ Imported #797 (0x57e1…cc74)    
2023-12-22 14:47:35+00:00 [//Alice (DomainId(0))] ✨ Imported #398 (0x579a…7e59)    
2023-12-22 14:47:35+00:00 [//Alice (DomainId(0))] acknowledgement_sender_stream tag="Import block #797"
2023-12-22 14:47:35+00:00 [Ferdie] 🎁 Prepared block for proposing at 798 (5 ms) [hash: 0xaefd9a00608daed7336c174525ad18a863e6d51b330d40ea5ffa3fe3c4fe8427; parent_hash: 0x57e1…cc74; extrinsics (1): [0x875c…ffdb]]
2023-12-22 14:47:35+00:00 [//Ferdie (Consensus)] ✨ Imported #798 (0xaefd…8427)    
2023-12-22 14:47:35+00:00 [//Alice (DomainId(0))] acknowledgement_sender_stream tag="Import block #798"
2023-12-22 14:47:35+00:00 [//Alice (DomainId(0))] 📦 Claimed bundle at slot 799
2023-12-22 14:47:35+00:00 [//Alice (DomainId(0))] 🔖 Producing bundle at slot Slot(799)
2023-12-22 14:47:35+00:00 [//Alice (DomainId(0))] Submitted bundle from slot 799, extrinsics: 0    
2023-12-22 14:47:35+00:00 [//Alice (DomainId(0))] acknowledgement_sender_stream tag="New slot Slot(799)"
2023-12-22 14:47:35+00:00 [Ferdie] 🎁 Prepared block for proposing at 799 (9 ms) [hash: 0x6a4c1b9984621f5cdeda5c8fb83c5478f71672cefc63c4c9360b3d7d26758f6a; parent_hash: 0xaefd…8427; extrinsics (2): [0xd7c2…d8ed, 0x9d23…e21a]]
2023-12-22 14:47:35+00:00 [//Ferdie (Consensus)] ✨ Imported #799 (0x6a4c…8f6a)    
2023-12-22 14:47:35+00:00 [//Alice (DomainId(0))] ✨ Imported #399 (0xa2d7…137c)    
2023-12-22 14:47:35+00:00 [//Alice (DomainId(0))] acknowledgement_sender_stream tag="Import block #799"
2023-12-22 14:47:35+00:00 [Ferdie] 🎁 Prepared block for proposing at 800 (5 ms) [hash: 0x87b0d50bc3e555d8d7463f7189691877791f5c1237b671074f1197cffc58a3fc; parent_hash: 0x6a4c…8f6a; extrinsics (1): [0x50b2…4b0f]]
2023-12-22 14:47:35+00:00 [//Ferdie (Consensus)] ✨ Imported #800 (0x87b0…a3fc)    
2023-12-22 14:47:35+00:00 [//Alice (DomainId(0))] acknowledgement_sender_stream tag="Import block #800"
2023-12-22 14:47:35+00:00 [//Alice (DomainId(0))] 📦 Claimed bundle at slot 801
2023-12-22 14:47:35+00:00 [//Alice (DomainId(0))] 🔖 Producing bundle at slot Slot(801)
2023-12-22 14:47:35+00:00 [//Alice (DomainId(0))] Submitted bundle from slot 801, extrinsics: 0    
2023-12-22 14:47:35+00:00 [//Alice (DomainId(0))] acknowledgement_sender_stream tag="New slot Slot(801)"
2023-12-22 14:47:35+00:00 [Ferdie] 🎁 Prepared block for proposing at 801 (9 ms) [hash: 0x5ed35bb9c18049d4a1bba50a29770fae9c91f8b7fd93a796b08982f148076e0d; parent_hash: 0x87b0…a3fc; extrinsics (2): [0x6448…af9f, 0x61a1…a453]]
2023-12-22 14:47:35+00:00 [//Ferdie (Consensus)] ✨ Imported #801 (0x5ed3…6e0d)    
2023-12-22 14:47:35+00:00 [//Alice (DomainId(0))] ✨ Imported #400 (0xc8ab…8209)    
2023-12-22 14:47:35+00:00 [//Alice (DomainId(0))] acknowledgement_sender_stream tag="Import block #801"
2023-12-22 14:47:35+00:00 [Ferdie] 🎁 Prepared block for proposing at 802 (5 ms) [hash: 0x7f70d0c4eac1e736329267ef9b760ac9ac073174a4c3fdf12af425a92073806a; parent_hash: 0x5ed3…6e0d; extrinsics (1): [0x1245…ecc0]]
2023-12-22 14:47:35+00:00 [//Ferdie (Consensus)] ✨ Imported #802 (0x7f70…806a)    
2023-12-22 14:47:35+00:00 [//Alice (DomainId(0))] acknowledgement_sender_stream tag="Import block #802"
2023-12-22 14:47:35+00:00 [//Alice (DomainId(0))] 📦 Claimed bundle at slot 803
2023-12-22 14:47:35+00:00 [//Alice (DomainId(0))] 🔖 Producing bundle at slot Slot(803)
2023-12-22 14:47:35+00:00 [//Alice (DomainId(0))] Submitted bundle from slot 803, extrinsics: 0    
2023-12-22 14:47:35+00:00 [//Alice (DomainId(0))] acknowledgement_sender_stream tag="New slot Slot(803)"
2023-12-22 14:47:35+00:00 [Ferdie] 🎁 Prepared block for proposing at 803 (9 ms) [hash: 0x18bee31c76157bb8e810fb0b138700754ae2d207c163bee62e5234cdf124ee77; parent_hash: 0x7f70…806a; extrinsics (2): [0x10f6…54d8, 0x8b49…fd74]]
2023-12-22 14:47:35+00:00 [//Ferdie (Consensus)] ✨ Imported #803 (0x18be…ee77)    
2023-12-22 14:47:35+00:00 [//Alice (DomainId(0))] ✨ Imported #401 (0x8625…3320)    
2023-12-22 14:47:35+00:00 [//Alice (DomainId(0))] acknowledgement_sender_stream tag="Import block #803"
2023-12-22 14:47:35+00:00 [Ferdie] 🎁 Prepared block for proposing at 804 (4 ms) [hash: 0xbc49976d793a94cc8cf3477665c647af01317e9082b09a58b1ac7cc54995ad85; parent_hash: 0x18be…ee77; extrinsics (1): [0x78f3…2368]]
2023-12-22 14:47:35+00:00 [//Ferdie (Consensus)] ✨ Imported #804 (0xbc49…ad85)    
2023-12-22 14:47:36+00:00 [//Alice (DomainId(0))] acknowledgement_sender_stream tag="Import block #804"
2023-12-22 14:47:36+00:00 [//Alice (DomainId(0))] 📦 Claimed bundle at slot 805
2023-12-22 14:47:36+00:00 [//Alice (DomainId(0))] 🔖 Producing bundle at slot Slot(805)
2023-12-22 14:47:36+00:00 [//Alice (DomainId(0))] Submitted bundle from slot 805, extrinsics: 0    
2023-12-22 14:47:36+00:00 [//Alice (DomainId(0))] acknowledgement_sender_stream tag="New slot Slot(805)"
2023-12-22 14:47:36+00:00 [Ferdie] 🎁 Prepared block for proposing at 805 (10 ms) [hash: 0xccf43292e74a2d9c8253db35b41e72be11535493dab48d1ceeb21b6f13fd3f24; parent_hash: 0xbc49…ad85; extrinsics (2): [0x7d20…537f, 0x47c2…0d47]]
2023-12-22 14:47:36+00:00 [//Ferdie (Consensus)] ✨ Imported #805 (0xccf4…3f24)    
2023-12-22 14:47:36+00:00 [//Alice (DomainId(0))] ✨ Imported #402 (0xbf9d…b0b6)    
2023-12-22 14:47:36+00:00 [//Alice (DomainId(0))] acknowledgement_sender_stream tag="Import block #805"
2023-12-22 14:47:36+00:00 [Ferdie] 🎁 Prepared block for proposing at 806 (5 ms) [hash: 0x485d094ade7a00c5e5a6aa89d284d39a44283514cd049f5203c612f263f698c5; parent_hash: 0xccf4…3f24; extrinsics (1): [0x9cd4…5930]]
2023-12-22 14:47:36+00:00 [//Ferdie (Consensus)] ✨ Imported #806 (0x485d…98c5)    
2023-12-22 14:47:36+00:00 [//Alice (DomainId(0))] acknowledgement_sender_stream tag="Import block #806"
2023-12-22 14:47:36+00:00 [//Alice (DomainId(0))] 📦 Claimed bundle at slot 807
2023-12-22 14:47:36+00:00 [//Alice (DomainId(0))] 🔖 Producing bundle at slot Slot(807)
2023-12-22 14:47:36+00:00 [//Alice (DomainId(0))] Submitted bundle from slot 807, extrinsics: 0    
2023-12-22 14:47:36+00:00 [//Alice (DomainId(0))] acknowledgement_sender_stream tag="New slot Slot(807)"
2023-12-22 14:47:36+00:00 [Ferdie] 🎁 Prepared block for proposing at 807 (9 ms) [hash: 0x66de9ff589e1f374b603f1c614a04cfaf2fd526016681b4f1811507609cef0e8; parent_hash: 0x485d…98c5; extrinsics (2): [0x1135…b25a, 0x1f68…0598]]
2023-12-22 14:47:36+00:00 [//Ferdie (Consensus)] ✨ Imported #807 (0x66de…f0e8)    
2023-12-22 14:47:36+00:00 [//Alice (DomainId(0))] ✨ Imported #403 (0xe281…d916)    
2023-12-22 14:47:36+00:00 [//Alice (DomainId(0))] acknowledgement_sender_stream tag="Import block #807"
2023-12-22 14:47:36+00:00 [Ferdie] 🎁 Prepared block for proposing at 808 (5 ms) [hash: 0x4c92e7feacb8a267fc791876d6052afc5eaa5e40f5cfeaea00304f525d81c68f; parent_hash: 0x66de…f0e8; extrinsics (1): [0xa377…3bfd]]
2023-12-22 14:47:36+00:00 [//Ferdie (Consensus)] ✨ Imported #808 (0x4c92…c68f)    
2023-12-22 14:47:37+00:00 [//Alice (DomainId(0))] acknowledgement_sender_stream tag="Import block #808"
2023-12-22 14:47:37+00:00 [//Alice (DomainId(0))] 📦 Claimed bundle at slot 809
2023-12-22 14:47:37+00:00 [//Alice (DomainId(0))] 🔖 Producing bundle at slot Slot(809)
2023-12-22 14:47:37+00:00 [//Alice (DomainId(0))] Submitted bundle from slot 809, extrinsics: 0    
2023-12-22 14:47:37+00:00 [//Alice (DomainId(0))] acknowledgement_sender_stream tag="New slot Slot(809)"
2023-12-22 14:47:37+00:00 [Ferdie] 🎁 Prepared block for proposing at 809 (9 ms) [hash: 0x67500880dc8a1f4fbdff273678dc00c2d00801247f9000a8c1e6cdbe3adfd3af; parent_hash: 0x4c92…c68f; extrinsics (2): [0x6e71…688a, 0x4427…0906]]
2023-12-22 14:47:37+00:00 [//Ferdie (Consensus)] ✨ Imported #809 (0x6750…d3af)    
2023-12-22 14:47:37+00:00 [//Alice (DomainId(0))] ✨ Imported #404 (0xb0c2…c47b)    
2023-12-22 14:47:37+00:00 [//Alice (DomainId(0))] acknowledgement_sender_stream tag="Import block #809"
2023-12-22 14:47:37+00:00 [Ferdie] 🎁 Prepared block for proposing at 810 (5 ms) [hash: 0x86e7744563c4a0a2c55e9e3d35bea8c1008fbaa867db4725a2fd4238cacde2f5; parent_hash: 0x6750…d3af; extrinsics (1): [0x1278…6676]]
2023-12-22 14:47:37+00:00 [//Ferdie (Consensus)] ✨ Imported #810 (0x86e7…e2f5)    
2023-12-22 14:47:37+00:00 [//Alice (DomainId(0))] acknowledgement_sender_stream tag="Import block #810"
2023-12-22 14:47:37+00:00 [//Alice (DomainId(0))] 📦 Claimed bundle at slot 811
2023-12-22 14:47:37+00:00 [//Alice (DomainId(0))] 🔖 Producing bundle at slot Slot(811)
2023-12-22 14:47:37+00:00 [//Alice (DomainId(0))] Submitted bundle from slot 811, extrinsics: 0    
2023-12-22 14:47:37+00:00 [//Alice (DomainId(0))] acknowledgement_sender_stream tag="New slot Slot(811)"
2023-12-22 14:47:37+00:00 [Ferdie] 🎁 Prepared block for proposing at 811 (9 ms) [hash: 0x7a9e214c02870faa8336fe922c5ae4455733f31883b66080f0fea785dbdc56ac; parent_hash: 0x86e7…e2f5; extrinsics (2): [0xa9d7…cd55, 0x7a7e…47f0]]
2023-12-22 14:47:37+00:00 [//Ferdie (Consensus)] ✨ Imported #811 (0x7a9e…56ac)    
2023-12-22 14:47:37+00:00 [//Alice (DomainId(0))] ✨ Imported #405 (0xae35…250e)    
2023-12-22 14:47:37+00:00 [//Alice (DomainId(0))] acknowledgement_sender_stream tag="Import block #811"
2023-12-22 14:47:37+00:00 [Ferdie] 🎁 Prepared block for proposing at 812 (5 ms) [hash: 0xf3aca91609fc2e21c3c840e666698eb1dfb4e1ec02bd8e24ad3b792dc6f9e245; parent_hash: 0x7a9e…56ac; extrinsics (1): [0x8738…7412]]
2023-12-22 14:47:37+00:00 [//Ferdie (Consensus)] ✨ Imported #812 (0xf3ac…e245)    
2023-12-22 14:47:37+00:00 [//Alice (DomainId(0))] acknowledgement_sender_stream tag="Import block #812"
2023-12-22 14:47:37+00:00 [//Alice (DomainId(0))] 📦 Claimed bundle at slot 813
2023-12-22 14:47:37+00:00 [//Alice (DomainId(0))] 🔖 Producing bundle at slot Slot(813)
2023-12-22 14:47:37+00:00 [//Alice (DomainId(0))] Submitted bundle from slot 813, extrinsics: 0    
2023-12-22 14:47:37+00:00 [//Alice (DomainId(0))] acknowledgement_sender_stream tag="New slot Slot(813)"
2023-12-22 14:47:37+00:00 [Ferdie] 🎁 Prepared block for proposing at 813 (9 ms) [hash: 0x234ee52f2b2dd1177f988d730566f2678a368596c1ed919f8bb4c202c99ff19e; parent_hash: 0xf3ac…e245; extrinsics (2): [0x558b…d230, 0xe3ef…f1dd]]
2023-12-22 14:47:37+00:00 [//Ferdie (Consensus)] ✨ Imported #813 (0x234e…f19e)    
2023-12-22 14:47:37+00:00 [//Alice (DomainId(0))] ✨ Imported #406 (0xcd29…69b0)    
2023-12-22 14:47:37+00:00 [//Alice (DomainId(0))] acknowledgement_sender_stream tag="Import block #813"
2023-12-22 14:47:37+00:00 [Ferdie] 🎁 Prepared block for proposing at 814 (5 ms) [hash: 0x8a8d4e78571588275088809315c321b10b1a79f98740534f11bf5659a6009fd7; parent_hash: 0x234e…f19e; extrinsics (1): [0x45b4…b147]]
2023-12-22 14:47:37+00:00 [//Ferdie (Consensus)] ✨ Imported #814 (0x8a8d…9fd7)    
2023-12-22 14:47:37+00:00 [//Alice (DomainId(0))] acknowledgement_sender_stream tag="Import block #814"
2023-12-22 14:47:37+00:00 [//Alice (DomainId(0))] 📦 Claimed bundle at slot 815
2023-12-22 14:47:37+00:00 [//Alice (DomainId(0))] 🔖 Producing bundle at slot Slot(815)
2023-12-22 14:47:37+00:00 [//Alice (DomainId(0))] Submitted bundle from slot 815, extrinsics: 0    
2023-12-22 14:47:37+00:00 [//Alice (DomainId(0))] acknowledgement_sender_stream tag="New slot Slot(815)"
2023-12-22 14:47:37+00:00 [Ferdie] 🎁 Prepared block for proposing at 815 (9 ms) [hash: 0x471899982be534d4df1238147f91210f7f19fac04e5d6df524b5e67461c21b05; parent_hash: 0x8a8d…9fd7; extrinsics (2): [0x96cc…e247, 0x570f…2aea]]
2023-12-22 14:47:37+00:00 [//Ferdie (Consensus)] ✨ Imported #815 (0x4718…1b05)    
2023-12-22 14:47:37+00:00 [//Alice (DomainId(0))] ✨ Imported #407 (0xd785…26b2)    
2023-12-22 14:47:37+00:00 [//Alice (DomainId(0))] acknowledgement_sender_stream tag="Import block #815"
2023-12-22 14:47:37+00:00 [Ferdie] 🎁 Prepared block for proposing at 816 (5 ms) [hash: 0x69b1909c1f992bfcb3ecfe4dd900b28ef3e74134524a8ea0655c83ec831ff1c1; parent_hash: 0x4718…1b05; extrinsics (1): [0xe178…c3fa]]
2023-12-22 14:47:37+00:00 [//Ferdie (Consensus)] ✨ Imported #816 (0x69b1…f1c1)    
2023-12-22 14:47:37+00:00 [//Alice (DomainId(0))] acknowledgement_sender_stream tag="Import block #816"
2023-12-22 14:47:37+00:00 [//Alice (DomainId(0))] 📦 Claimed bundle at slot 817
2023-12-22 14:47:37+00:00 [//Alice (DomainId(0))] 🔖 Producing bundle at slot Slot(817)
2023-12-22 14:47:38+00:00 [//Alice (DomainId(0))] Submitted bundle from slot 817, extrinsics: 0    
2023-12-22 14:47:38+00:00 [//Alice (DomainId(0))] acknowledgement_sender_stream tag="New slot Slot(817)"
2023-12-22 14:47:38+00:00 [Ferdie] 🎁 Prepared block for proposing at 817 (9 ms) [hash: 0xe748e5918b04f01dcea31893a597a15a31ceefcc61fa16110c713a6d8d982218; parent_hash: 0x69b1…f1c1; extrinsics (2): [0xc830…426e, 0xd3aa…cf92]]
2023-12-22 14:47:38+00:00 [//Ferdie (Consensus)] ✨ Imported #817 (0xe748…2218)    
2023-12-22 14:47:38+00:00 [//Alice (DomainId(0))] ✨ Imported #408 (0xc028…2c3d)    
2023-12-22 14:47:38+00:00 [//Alice (DomainId(0))] acknowledgement_sender_stream tag="Import block #817"
2023-12-22 14:47:38+00:00 [Ferdie] 🎁 Prepared block for proposing at 818 (5 ms) [hash: 0x56a39b0453bb1527ccd03a1b42f6dc36abb07aaed3ed1878b2bfe42a27c46cf9; parent_hash: 0xe748…2218; extrinsics (1): [0x8229…0d0f]]
2023-12-22 14:47:38+00:00 [//Ferdie (Consensus)] ✨ Imported #818 (0x56a3…6cf9)    
2023-12-22 14:47:38+00:00 [//Alice (DomainId(0))] acknowledgement_sender_stream tag="Import block #818"
2023-12-22 14:47:38+00:00 [//Alice (DomainId(0))] 📦 Claimed bundle at slot 819
2023-12-22 14:47:38+00:00 [//Alice (DomainId(0))] 🔖 Producing bundle at slot Slot(819)
2023-12-22 14:47:38+00:00 [//Alice (DomainId(0))] Submitted bundle from slot 819, extrinsics: 0    
2023-12-22 14:47:38+00:00 [//Alice (DomainId(0))] acknowledgement_sender_stream tag="New slot Slot(819)"
2023-12-22 14:47:38+00:00 [Ferdie] 🎁 Prepared block for proposing at 819 (9 ms) [hash: 0x3b846bba9d8ccabf1d4fd5598e7db8cec31eeec0c4a818a366a9d7230e0f2a59; parent_hash: 0x56a3…6cf9; extrinsics (2): [0x7ee6…3f26, 0xccb5…2a8d]]
2023-12-22 14:47:38+00:00 [//Ferdie (Consensus)] ✨ Imported #819 (0x3b84…2a59)    
2023-12-22 14:47:38+00:00 [//Alice (DomainId(0))] ✨ Imported #409 (0x40a0…b42e)    
2023-12-22 14:47:38+00:00 [//Alice (DomainId(0))] acknowledgement_sender_stream tag="Import block #819"
2023-12-22 14:47:38+00:00 [Ferdie] 🎁 Prepared block for proposing at 820 (5 ms) [hash: 0xb2d53f5cb48e54530e3a24fd0da8e32d528172c072459b4a5150dd309ea64e1f; parent_hash: 0x3b84…2a59; extrinsics (1): [0x7fc7…6c5f]]
2023-12-22 14:47:38+00:00 [//Ferdie (Consensus)] ✨ Imported #820 (0xb2d5…4e1f)    
2023-12-22 14:47:38+00:00 [//Alice (DomainId(0))] acknowledgement_sender_stream tag="Import block #820"
2023-12-22 14:47:38+00:00 [//Alice (DomainId(0))] 📦 Claimed bundle at slot 821
2023-12-22 14:47:38+00:00 [//Alice (DomainId(0))] 🔖 Producing bundle at slot Slot(821)
2023-12-22 14:47:38+00:00 [//Alice (DomainId(0))] Submitted bundle from slot 821, extrinsics: 0    
2023-12-22 14:47:38+00:00 [//Alice (DomainId(0))] acknowledgement_sender_stream tag="New slot Slot(821)"
2023-12-22 14:47:38+00:00 [Ferdie] 🎁 Prepared block for proposing at 821 (9 ms) [hash: 0x4c1114c1877409dec445588de0494575018dfda784d56bccdfc129f8b13be0ce; parent_hash: 0xb2d5…4e1f; extrinsics (2): [0xe6e7…c081, 0x47ef…e73f]]
2023-12-22 14:47:38+00:00 [//Ferdie (Consensus)] ✨ Imported #821 (0x4c11…e0ce)    
2023-12-22 14:47:38+00:00 [//Alice (DomainId(0))] ✨ Imported #410 (0x6277…5f43)    
2023-12-22 14:47:38+00:00 [//Alice (DomainId(0))] acknowledgement_sender_stream tag="Import block #821"
2023-12-22 14:47:38+00:00 [Ferdie] 🎁 Prepared block for proposing at 822 (5 ms) [hash: 0x27bc652f11dd9e7ad96c624e4dc67e0dec5b89cc4cc6115f3c83e5da4d5e12eb; parent_hash: 0x4c11…e0ce; extrinsics (1): [0xad7d…622d]]
2023-12-22 14:47:38+00:00 [//Ferdie (Consensus)] ✨ Imported #822 (0x27bc…12eb)    
2023-12-22 14:47:38+00:00 [//Alice (DomainId(0))] acknowledgement_sender_stream tag="Import block #822"
2023-12-22 14:47:38+00:00 [//Alice (DomainId(0))] 📦 Claimed bundle at slot 823
2023-12-22 14:47:38+00:00 [//Alice (DomainId(0))] 🔖 Producing bundle at slot Slot(823)
2023-12-22 14:47:38+00:00 [//Alice (DomainId(0))] Submitted bundle from slot 823, extrinsics: 0    
2023-12-22 14:47:38+00:00 [//Alice (DomainId(0))] acknowledgement_sender_stream tag="New slot Slot(823)"
2023-12-22 14:47:38+00:00 [Ferdie] 🎁 Prepared block for proposing at 823 (9 ms) [hash: 0x8c60df6debb3accecca3646ba35d24f0279ceaf064f77fed30ef88514a455924; parent_hash: 0x27bc…12eb; extrinsics (2): [0x143b…7ab6, 0xe014…c640]]
2023-12-22 14:47:38+00:00 [//Ferdie (Consensus)] ✨ Imported #823 (0x8c60…5924)    
2023-12-22 14:47:38+00:00 [//Alice (DomainId(0))] ✨ Imported #411 (0xea81…bd6e)    
2023-12-22 14:47:38+00:00 [//Alice (DomainId(0))] acknowledgement_sender_stream tag="Import block #823"
2023-12-22 14:47:38+00:00 [Ferdie] 🎁 Prepared block for proposing at 824 (5 ms) [hash: 0xaafdff85f4eff5eaa389e82925480c6832c58e6c22ac230a583103dd8b1d474b; parent_hash: 0x8c60…5924; extrinsics (1): [0x0282…5aa0]]
2023-12-22 14:47:39+00:00 [//Ferdie (Consensus)] ✨ Imported #824 (0xaafd…474b)    
2023-12-22 14:47:39+00:00 [//Alice (DomainId(0))] acknowledgement_sender_stream tag="Import block #824"
2023-12-22 14:47:39+00:00 [//Alice (DomainId(0))] 📦 Claimed bundle at slot 825
2023-12-22 14:47:39+00:00 [//Alice (DomainId(0))] 🔖 Producing bundle at slot Slot(825)
2023-12-22 14:47:39+00:00 [//Alice (DomainId(0))] Submitted bundle from slot 825, extrinsics: 0    
2023-12-22 14:47:39+00:00 [//Alice (DomainId(0))] acknowledgement_sender_stream tag="New slot Slot(825)"
2023-12-22 14:47:39+00:00 [Ferdie] 🎁 Prepared block for proposing at 825 (9 ms) [hash: 0x3296181936943f6443fae71f170c0203fca310f9ab23e9dcbb2f95d9a4747078; parent_hash: 0xaafd…474b; extrinsics (2): [0x0f1c…98d8, 0x75f5…7a28]]
2023-12-22 14:47:39+00:00 [//Ferdie (Consensus)] ✨ Imported #825 (0x3296…7078)    
2023-12-22 14:47:39+00:00 [//Alice (DomainId(0))] ✨ Imported #412 (0x9c54…d3ce)    
2023-12-22 14:47:39+00:00 [//Alice (DomainId(0))] acknowledgement_sender_stream tag="Import block #825"
2023-12-22 14:47:39+00:00 [Ferdie] 🎁 Prepared block for proposing at 826 (5 ms) [hash: 0x493c76c61889621a280082c7394a6c08d649b231e89280fdba93062cc97b24be; parent_hash: 0x3296…7078; extrinsics (1): [0x1e19…4461]]
2023-12-22 14:47:39+00:00 [//Ferdie (Consensus)] ✨ Imported #826 (0x493c…24be)    
2023-12-22 14:47:39+00:00 [//Alice (DomainId(0))] acknowledgement_sender_stream tag="Import block #826"
2023-12-22 14:47:39+00:00 [//Alice (DomainId(0))] 📦 Claimed bundle at slot 827
2023-12-22 14:47:39+00:00 [//Alice (DomainId(0))] 🔖 Producing bundle at slot Slot(827)
2023-12-22 14:47:39+00:00 [//Alice (DomainId(0))] Submitted bundle from slot 827, extrinsics: 0    
2023-12-22 14:47:39+00:00 [//Alice (DomainId(0))] acknowledgement_sender_stream tag="New slot Slot(827)"
2023-12-22 14:47:39+00:00 [Ferdie] 🎁 Prepared block for proposing at 827 (9 ms) [hash: 0x961d9d9bf123596dd1e3a423ceb4cfa29b25fb6f390b3db0ea1669d2f54c2ba5; parent_hash: 0x493c…24be; extrinsics (2): [0xdc46…2da2, 0x9d67…a87a]]
2023-12-22 14:47:39+00:00 [//Ferdie (Consensus)] ✨ Imported #827 (0x961d…2ba5)    
2023-12-22 14:47:39+00:00 [//Alice (DomainId(0))] ✨ Imported #413 (0xb482…554c)    
2023-12-22 14:47:39+00:00 [//Alice (DomainId(0))] acknowledgement_sender_stream tag="Import block #827"
2023-12-22 14:47:39+00:00 [Ferdie] 🎁 Prepared block for proposing at 828 (5 ms) [hash: 0x42cf2e7b91001b98f9e0268f73438cc178bbd4a3144f2ee0f85f54284df70cd1; parent_hash: 0x961d…2ba5; extrinsics (1): [0xfc3b…5a78]]
2023-12-22 14:47:39+00:00 [//Ferdie (Consensus)] ✨ Imported #828 (0x42cf…0cd1)    
2023-12-22 14:47:39+00:00 [//Alice (DomainId(0))] acknowledgement_sender_stream tag="Import block #828"
2023-12-22 14:47:39+00:00 [//Alice (DomainId(0))] 📦 Claimed bundle at slot 829
2023-12-22 14:47:39+00:00 [//Alice (DomainId(0))] 🔖 Producing bundle at slot Slot(829)
2023-12-22 14:47:39+00:00 [//Alice (DomainId(0))] Submitted bundle from slot 829, extrinsics: 0    
2023-12-22 14:47:39+00:00 [//Alice (DomainId(0))] acknowledgement_sender_stream tag="New slot Slot(829)"
2023-12-22 14:47:39+00:00 [Ferdie] 🎁 Prepared block for proposing at 829 (9 ms) [hash: 0x81025189a1d6f8851a19312e7ff84f3f564d54362167bec7b2db45c9f7e53969; parent_hash: 0x42cf…0cd1; extrinsics (2): [0x6396…6aa4, 0x3731…031c]]
2023-12-22 14:47:39+00:00 [//Ferdie (Consensus)] ✨ Imported #829 (0x8102…3969)    
2023-12-22 14:47:39+00:00 [//Alice (DomainId(0))] ✨ Imported #414 (0x3be3…c75f)    
2023-12-22 14:47:39+00:00 [//Alice (DomainId(0))] acknowledgement_sender_stream tag="Import block #829"
2023-12-22 14:47:39+00:00 [Ferdie] 🎁 Prepared block for proposing at 830 (5 ms) [hash: 0x64750333803390a277b04dfecb092f4da30f5181d61167025d51a50e5d59be24; parent_hash: 0x8102…3969; extrinsics (1): [0x31d1…2ddc]]
2023-12-22 14:47:39+00:00 [//Ferdie (Consensus)] ✨ Imported #830 (0x6475…be24)    
2023-12-22 14:47:39+00:00 [//Alice (DomainId(0))] acknowledgement_sender_stream tag="Import block #830"
2023-12-22 14:47:39+00:00 [//Alice (DomainId(0))] 📦 Claimed bundle at slot 831
2023-12-22 14:47:39+00:00 [//Alice (DomainId(0))] 🔖 Producing bundle at slot Slot(831)
2023-12-22 14:47:39+00:00 [//Alice (DomainId(0))] Submitted bundle from slot 831, extrinsics: 0    
2023-12-22 14:47:39+00:00 [//Alice (DomainId(0))] acknowledgement_sender_stream tag="New slot Slot(831)"
2023-12-22 14:47:39+00:00 [//Alice (DomainId(0))] 💤 Idle (0 peers), best: #414 (0x3be3…c75f), finalized #0 (0x7aea…1834), ⬇ 0 ⬆ 0    
2023-12-22 14:47:39+00:00 [Ferdie] 🎁 Prepared block for proposing at 831 (9 ms) [hash: 0x3d4b7dd4f9fa0fade96f27384979eee155e89763136cbbac2ee1117f5b8e260d; parent_hash: 0x6475…be24; extrinsics (2): [0xce41…6cd2, 0x78e4…7772]]
2023-12-22 14:47:39+00:00 [//Ferdie (Consensus)] ✨ Imported #831 (0x3d4b…260d)    
2023-12-22 14:47:40+00:00 [//Alice (DomainId(0))] ✨ Imported #415 (0xd7e4…f967)    
2023-12-22 14:47:40+00:00 [//Alice (DomainId(0))] Slow post domain block execution, took 300ms consensus_block_info=(0x3d4b7dd4f9fa0fade96f27384979eee155e89763136cbbac2ee1117f5b8e260d, 831) built_block_info=(0xd7e488996bc84963164b2cb381891cbcc8e6e07a264038db2150eff09789f967, 415)
2023-12-22 14:47:40+00:00 [//Alice (DomainId(0))] acknowledgement_sender_stream tag="Import block #831"
2023-12-22 14:47:40+00:00 [Ferdie] 🎁 Prepared block for proposing at 832 (5 ms) [hash: 0x0b4fb3089098e0e87942d3046d9d0041856c48a759f1b07117430ce9c3134322; parent_hash: 0x3d4b…260d; extrinsics (1): [0x4138…f0d1]]
2023-12-22 14:47:40+00:00 [//Ferdie (Consensus)] ✨ Imported #832 (0x0b4f…4322)    
2023-12-22 14:47:40+00:00 [//Alice (DomainId(0))] acknowledgement_sender_stream tag="Import block #832"
2023-12-22 14:47:40+00:00 [//Alice (DomainId(0))] 📦 Claimed bundle at slot 833
2023-12-22 14:47:40+00:00 [//Alice (DomainId(0))] 🔖 Producing bundle at slot Slot(833)
2023-12-22 14:47:40+00:00 [//Alice (DomainId(0))] Submitted bundle from slot 833, extrinsics: 0    
2023-12-22 14:47:40+00:00 [//Alice (DomainId(0))] acknowledgement_sender_stream tag="New slot Slot(833)"
2023-12-22 14:47:40+00:00 [Ferdie] 🎁 Prepared block for proposing at 833 (9 ms) [hash: 0x4c3003b1868545079a47986db4af095e7d151a21c0f629e3df2824adc324377c; parent_hash: 0x0b4f…4322; extrinsics (2): [0xf6f0…8b7b, 0x7fed…f5f0]]
2023-12-22 14:47:40+00:00 [//Ferdie (Consensus)] ✨ Imported #833 (0x4c30…377c)    
2023-12-22 14:47:40+00:00 [//Alice (DomainId(0))] ✨ Imported #416 (0xd7e4…e0ac)    
2023-12-22 14:47:40+00:00 [//Alice (DomainId(0))] acknowledgement_sender_stream tag="Import block #833"
2023-12-22 14:47:40+00:00 [Ferdie] 🎁 Prepared block for proposing at 834 (5 ms) [hash: 0x644ce886497986ca4ac22e029c40a5faf5beb8afa9b5451e3b3d24b6994f1b6c; parent_hash: 0x4c30…377c; extrinsics (1): [0xb0de…b0ee]]
2023-12-22 14:47:40+00:00 [//Ferdie (Consensus)] ✨ Imported #834 (0x644c…1b6c)    
2023-12-22 14:47:41+00:00 [//Alice (DomainId(0))] acknowledgement_sender_stream tag="Import block #834"
2023-12-22 14:47:41+00:00 [//Alice (DomainId(0))] 📦 Claimed bundle at slot 835
2023-12-22 14:47:41+00:00 [//Alice (DomainId(0))] 🔖 Producing bundle at slot Slot(835)
2023-12-22 14:47:41+00:00 [//Alice (DomainId(0))] Submitted bundle from slot 835, extrinsics: 0    
2023-12-22 14:47:41+00:00 [//Alice (DomainId(0))] acknowledgement_sender_stream tag="New slot Slot(835)"
2023-12-22 14:47:41+00:00 [Ferdie] 🎁 Prepared block for proposing at 835 (9 ms) [hash: 0x67b5b28dcd64c720b8780edaa19056af4574ad3bf8d84250191ca5b36fc33de6; parent_hash: 0x644c…1b6c; extrinsics (2): [0x46a8…fbc2, 0x6085…f461]]
2023-12-22 14:47:41+00:00 [//Ferdie (Consensus)] ✨ Imported #835 (0x67b5…3de6)    
2023-12-22 14:47:41+00:00 [//Alice (DomainId(0))] ✨ Imported #417 (0xd568…4dff)    
2023-12-22 14:47:41+00:00 [//Alice (DomainId(0))] acknowledgement_sender_stream tag="Import block #835"
2023-12-22 14:47:41+00:00 [Ferdie] 🎁 Prepared block for proposing at 836 (5 ms) [hash: 0x7d84f5feb268f9f5d38b8250006756d36384529ad691ec35bc8f28444db5096d; parent_hash: 0x67b5…3de6; extrinsics (1): [0x4b57…64bf]]
2023-12-22 14:47:41+00:00 [//Ferdie (Consensus)] ✨ Imported #836 (0x7d84…096d)    
2023-12-22 14:47:41+00:00 [//Alice (DomainId(0))] acknowledgement_sender_stream tag="Import block #836"
2023-12-22 14:47:41+00:00 [//Alice (DomainId(0))] 📦 Claimed bundle at slot 837
2023-12-22 14:47:41+00:00 [//Alice (DomainId(0))] 🔖 Producing bundle at slot Slot(837)
2023-12-22 14:47:41+00:00 [//Alice (DomainId(0))] Submitted bundle from slot 837, extrinsics: 0    
2023-12-22 14:47:41+00:00 [//Alice (DomainId(0))] acknowledgement_sender_stream tag="New slot Slot(837)"
2023-12-22 14:47:41+00:00 [Ferdie] 🎁 Prepared block for proposing at 837 (9 ms) [hash: 0x9ca74acea5612df2f1bc4aff37ee5dbd0ab5938fd95f6c80e33255b03ebffd29; parent_hash: 0x7d84…096d; extrinsics (2): [0xc0d2…6c69, 0xb005…43c4]]
2023-12-22 14:47:41+00:00 [//Ferdie (Consensus)] ✨ Imported #837 (0x9ca7…fd29)    
2023-12-22 14:47:41+00:00 [//Alice (DomainId(0))] ✨ Imported #418 (0x440e…ff96)    
2023-12-22 14:47:41+00:00 [//Alice (DomainId(0))] acknowledgement_sender_stream tag="Import block #837"
2023-12-22 14:47:41+00:00 [Ferdie] 🎁 Prepared block for proposing at 838 (5 ms) [hash: 0x37cc7102dc82778121af652adb05c7315d22f54a601f5b6493b31638998428f6; parent_hash: 0x9ca7…fd29; extrinsics (1): [0xdcff…c1ce]]
2023-12-22 14:47:41+00:00 [//Ferdie (Consensus)] ✨ Imported #838 (0x37cc…28f6)    
2023-12-22 14:47:41+00:00 [//Alice (DomainId(0))] acknowledgement_sender_stream tag="Import block #838"
2023-12-22 14:47:41+00:00 [//Alice (DomainId(0))] 📦 Claimed bundle at slot 839
2023-12-22 14:47:41+00:00 [//Alice (DomainId(0))] 🔖 Producing bundle at slot Slot(839)
2023-12-22 14:47:41+00:00 [//Alice (DomainId(0))] Submitted bundle from slot 839, extrinsics: 0    
2023-12-22 14:47:41+00:00 [//Alice (DomainId(0))] acknowledgement_sender_stream tag="New slot Slot(839)"
2023-12-22 14:47:41+00:00 [Ferdie] 🎁 Prepared block for proposing at 839 (9 ms) [hash: 0xeaa8f89ff775aa537d5e80aed2276e5fccfd50cc1e0ccf514940936fded6230e; parent_hash: 0x37cc…28f6; extrinsics (2): [0x5b0c…2ef5, 0xd82e…2870]]
2023-12-22 14:47:41+00:00 [//Ferdie (Consensus)] ✨ Imported #839 (0xeaa8…230e)    
2023-12-22 14:47:41+00:00 [//Alice (DomainId(0))] ✨ Imported #419 (0xde94…57e4)    
2023-12-22 14:47:41+00:00 [//Alice (DomainId(0))] acknowledgement_sender_stream tag="Import block #839"
2023-12-22 14:47:41+00:00 [Ferdie] 🎁 Prepared block for proposing at 840 (5 ms) [hash: 0xd2f667e3f2049f746f3e0953511e616b888851b4b20d8a09e44917e734a3ce7a; parent_hash: 0xeaa8…230e; extrinsics (1): [0x5671…37e1]]
2023-12-22 14:47:41+00:00 [//Ferdie (Consensus)] ✨ Imported #840 (0xd2f6…ce7a)    
2023-12-22 14:47:41+00:00 [//Alice (DomainId(0))] acknowledgement_sender_stream tag="Import block #840"
2023-12-22 14:47:41+00:00 [//Alice (DomainId(0))] 📦 Claimed bundle at slot 841
2023-12-22 14:47:41+00:00 [//Alice (DomainId(0))] 🔖 Producing bundle at slot Slot(841)
2023-12-22 14:47:41+00:00 [//Alice (DomainId(0))] Submitted bundle from slot 841, extrinsics: 0    
2023-12-22 14:47:41+00:00 [//Alice (DomainId(0))] acknowledgement_sender_stream tag="New slot Slot(841)"
2023-12-22 14:47:41+00:00 [Ferdie] 🎁 Prepared block for proposing at 841 (9 ms) [hash: 0xd97c62d3be6296a92b985d8d640db96fbbaa218eaf83656d3221dabc76d0c4b1; parent_hash: 0xd2f6…ce7a; extrinsics (2): [0x9791…dffc, 0x0b2a…6b56]]
2023-12-22 14:47:41+00:00 [//Ferdie (Consensus)] ✨ Imported #841 (0xd97c…c4b1)    
2023-12-22 14:47:41+00:00 [//Alice (DomainId(0))] ✨ Imported #420 (0x0104…90c1)    
2023-12-22 14:47:41+00:00 [//Alice (DomainId(0))] acknowledgement_sender_stream tag="Import block #841"
2023-12-22 14:47:41+00:00 [Ferdie] 🎁 Prepared block for proposing at 842 (5 ms) [hash: 0x494f49a55b70fce9bedefd61ae8198ef86526f2790f56532c0af476e51ed5900; parent_hash: 0xd97c…c4b1; extrinsics (1): [0x569a…bab2]]
2023-12-22 14:47:41+00:00 [//Ferdie (Consensus)] ✨ Imported #842 (0x494f…5900)    
2023-12-22 14:47:41+00:00 [//Alice (DomainId(0))] acknowledgement_sender_stream tag="Import block #842"
2023-12-22 14:47:41+00:00 [//Alice (DomainId(0))] 📦 Claimed bundle at slot 843
2023-12-22 14:47:41+00:00 [//Alice (DomainId(0))] 🔖 Producing bundle at slot Slot(843)
2023-12-22 14:47:41+00:00 [//Alice (DomainId(0))] Submitted bundle from slot 843, extrinsics: 0    
2023-12-22 14:47:41+00:00 [//Alice (DomainId(0))] acknowledgement_sender_stream tag="New slot Slot(843)"
2023-12-22 14:47:41+00:00 [Ferdie] 🎁 Prepared block for proposing at 843 (9 ms) [hash: 0xb9093edd56a79a6d535f8eac82c671a9b84ddf85c14a6a78158e574eee87aee7; parent_hash: 0x494f…5900; extrinsics (2): [0xdb5c…82ce, 0x937a…0228]]
2023-12-22 14:47:41+00:00 [//Ferdie (Consensus)] ✨ Imported #843 (0xb909…aee7)    
2023-12-22 14:47:41+00:00 [//Alice (DomainId(0))] ✨ Imported #421 (0x0a6b…f506)    
2023-12-22 14:47:41+00:00 [//Alice (DomainId(0))] acknowledgement_sender_stream tag="Import block #843"
2023-12-22 14:47:41+00:00 [Ferdie] 🎁 Prepared block for proposing at 844 (5 ms) [hash: 0x1544162b416728a6c7916fffaa138b7ea7bd5f486bc35132c068b6db9d7f7f94; parent_hash: 0xb909…aee7; extrinsics (1): [0x4c65…e788]]
2023-12-22 14:47:41+00:00 [//Ferdie (Consensus)] ✨ Imported #844 (0x1544…7f94)    
2023-12-22 14:47:41+00:00 [//Alice (DomainId(0))] acknowledgement_sender_stream tag="Import block #844"
2023-12-22 14:47:41+00:00 [//Alice (DomainId(0))] 📦 Claimed bundle at slot 845
2023-12-22 14:47:41+00:00 [//Alice (DomainId(0))] 🔖 Producing bundle at slot Slot(845)
2023-12-22 14:47:41+00:00 [//Alice (DomainId(0))] Submitted bundle from slot 845, extrinsics: 0    
2023-12-22 14:47:41+00:00 [//Alice (DomainId(0))] acknowledgement_sender_stream tag="New slot Slot(845)"
2023-12-22 14:47:41+00:00 [Ferdie] 🎁 Prepared block for proposing at 845 (9 ms) [hash: 0x6c899d6a8e3944bd9698d0029dd9c269b7f76eec6969e2097185507805c2390e; parent_hash: 0x1544…7f94; extrinsics (2): [0x2e1f…3294, 0xcad2…0242]]
2023-12-22 14:47:41+00:00 [//Ferdie (Consensus)] ✨ Imported #845 (0x6c89…390e)    
2023-12-22 14:47:41+00:00 [//Alice (DomainId(0))] ✨ Imported #422 (0x5305…3b80)    
2023-12-22 14:47:41+00:00 [//Alice (DomainId(0))] acknowledgement_sender_stream tag="Import block #845"
2023-12-22 14:47:41+00:00 [Ferdie] 🎁 Prepared block for proposing at 846 (5 ms) [hash: 0x8f44a37814e0bbd4099e23cb4133c9b47a50934d2209b7269a2f6a60adc1c3a0; parent_hash: 0x6c89…390e; extrinsics (1): [0x50aa…a65c]]
2023-12-22 14:47:41+00:00 [//Ferdie (Consensus)] ✨ Imported #846 (0x8f44…c3a0)    
2023-12-22 14:47:41+00:00 [//Alice (DomainId(0))] acknowledgement_sender_stream tag="Import block #846"
2023-12-22 14:47:41+00:00 [//Alice (DomainId(0))] 📦 Claimed bundle at slot 847
2023-12-22 14:47:41+00:00 [//Alice (DomainId(0))] 🔖 Producing bundle at slot Slot(847)
2023-12-22 14:47:41+00:00 [//Alice (DomainId(0))] Submitted bundle from slot 847, extrinsics: 0    
2023-12-22 14:47:41+00:00 [//Alice (DomainId(0))] acknowledgement_sender_stream tag="New slot Slot(847)"
2023-12-22 14:47:41+00:00 [Ferdie] 🎁 Prepared block for proposing at 847 (9 ms) [hash: 0xce3cc073fa192ce8b26535562c733771384aa00805c65c38446d0b5d16d8f1fe; parent_hash: 0x8f44…c3a0; extrinsics (2): [0x7704…0fef, 0x341b…e4d6]]
2023-12-22 14:47:41+00:00 [//Ferdie (Consensus)] ✨ Imported #847 (0xce3c…f1fe)    
2023-12-22 14:47:41+00:00 [//Alice (DomainId(0))] ✨ Imported #423 (0x80df…7e0a)    
2023-12-22 14:47:41+00:00 [//Alice (DomainId(0))] acknowledgement_sender_stream tag="Import block #847"
2023-12-22 14:47:41+00:00 [Ferdie] 🎁 Prepared block for proposing at 848 (5 ms) [hash: 0x79d31588ecaeed99f5c97b3675221f317bdb58a283eb1f9810f3563c72f5084a; parent_hash: 0xce3c…f1fe; extrinsics (1): [0x40cb…a57b]]
2023-12-22 14:47:41+00:00 [//Ferdie (Consensus)] ✨ Imported #848 (0x79d3…084a)    
2023-12-22 14:47:41+00:00 [//Alice (DomainId(0))] acknowledgement_sender_stream tag="Import block #848"
2023-12-22 14:47:41+00:00 [//Alice (DomainId(0))] 📦 Claimed bundle at slot 849
2023-12-22 14:47:41+00:00 [//Alice (DomainId(0))] 🔖 Producing bundle at slot Slot(849)
2023-12-22 14:47:41+00:00 [//Alice (DomainId(0))] Submitted bundle from slot 849, extrinsics: 0    
2023-12-22 14:47:41+00:00 [//Alice (DomainId(0))] acknowledgement_sender_stream tag="New slot Slot(849)"
2023-12-22 14:47:41+00:00 [Ferdie] 🎁 Prepared block for proposing at 849 (9 ms) [hash: 0x6d8191a66df64f58ae285fd21541a82f1383ed74c0634e13f3acc2df8b20a154; parent_hash: 0x79d3…084a; extrinsics (2): [0x9df9…a9a3, 0x946f…c629]]
2023-12-22 14:47:41+00:00 [//Ferdie (Consensus)] ✨ Imported #849 (0x6d81…a154)    
2023-12-22 14:47:41+00:00 [//Alice (DomainId(0))] ✨ Imported #424 (0xdb50…749c)    
2023-12-22 14:47:41+00:00 [//Alice (DomainId(0))] acknowledgement_sender_stream tag="Import block #849"
2023-12-22 14:47:41+00:00 [Ferdie] 🎁 Prepared block for proposing at 850 (5 ms) [hash: 0x2647745cb7b8a8862324e7712711d45877803ff06c1f6d3fd03174892295880f; parent_hash: 0x6d81…a154; extrinsics (1): [0xcb64…aa72]]
2023-12-22 14:47:41+00:00 [//Ferdie (Consensus)] ✨ Imported #850 (0x2647…880f)    
2023-12-22 14:47:41+00:00 [//Alice (DomainId(0))] acknowledgement_sender_stream tag="Import block #850"
2023-12-22 14:47:41+00:00 [//Alice (DomainId(0))] 📦 Claimed bundle at slot 851
2023-12-22 14:47:41+00:00 [//Alice (DomainId(0))] 🔖 Producing bundle at slot Slot(851)
2023-12-22 14:47:41+00:00 [//Alice (DomainId(0))] Submitted bundle from slot 851, extrinsics: 0    
2023-12-22 14:47:41+00:00 [//Alice (DomainId(0))] acknowledgement_sender_stream tag="New slot Slot(851)"
2023-12-22 14:47:41+00:00 [Ferdie] 🎁 Prepared block for proposing at 851 (9 ms) [hash: 0x3bee0429dc20d334642f29a1d6b02ada9749b5be3e8c29de988f439d3db5822e; parent_hash: 0x2647…880f; extrinsics (2): [0x8400…840a, 0x8c79…b919]]
2023-12-22 14:47:41+00:00 [//Ferdie (Consensus)] ✨ Imported #851 (0x3bee…822e)    
2023-12-22 14:47:41+00:00 [//Alice (DomainId(0))] ✨ Imported #425 (0x3fbc…bd15)    
2023-12-22 14:47:42+00:00 [//Alice (DomainId(0))] acknowledgement_sender_stream tag="Import block #851"
2023-12-22 14:47:42+00:00 [Ferdie] 🎁 Prepared block for proposing at 852 (5 ms) [hash: 0x4d22abf8bc59d4ad60224ccc02e07724e2865dd1ede0538786883764801a6f6e; parent_hash: 0x3bee…822e; extrinsics (1): [0xa639…960f]]
2023-12-22 14:47:42+00:00 [//Ferdie (Consensus)] ✨ Imported #852 (0x4d22…6f6e)    
2023-12-22 14:47:42+00:00 [//Alice (DomainId(0))] acknowledgement_sender_stream tag="Import block #852"
2023-12-22 14:47:42+00:00 [//Alice (DomainId(0))] 📦 Claimed bundle at slot 853
2023-12-22 14:47:42+00:00 [//Alice (DomainId(0))] 🔖 Producing bundle at slot Slot(853)
2023-12-22 14:47:42+00:00 [//Alice (DomainId(0))] Submitted bundle from slot 853, extrinsics: 0    
2023-12-22 14:47:42+00:00 [//Alice (DomainId(0))] acknowledgement_sender_stream tag="New slot Slot(853)"
2023-12-22 14:47:42+00:00 [Ferdie] 🎁 Prepared block for proposing at 853 (9 ms) [hash: 0x6d7348ff4e4853d5cfd9f409a7b87f726e5c9e47b296f71f2553c173c376e734; parent_hash: 0x4d22…6f6e; extrinsics (2): [0x6ac8…9147, 0x531a…83f3]]
2023-12-22 14:47:42+00:00 [//Ferdie (Consensus)] ✨ Imported #853 (0x6d73…e734)    
2023-12-22 14:47:42+00:00 [//Alice (DomainId(0))] ✨ Imported #426 (0x9be8…e665)    
2023-12-22 14:47:42+00:00 [//Alice (DomainId(0))] acknowledgement_sender_stream tag="Import block #853"
2023-12-22 14:47:42+00:00 [Ferdie] 🎁 Prepared block for proposing at 854 (5 ms) [hash: 0xcf2ef4fe65c4c137222c8f194c9d923da0ff42d1f9f4b6f7170bc1a9f7e7acdd; parent_hash: 0x6d73…e734; extrinsics (1): [0xeba7…74d6]]
2023-12-22 14:47:42+00:00 [//Ferdie (Consensus)] ✨ Imported #854 (0xcf2e…acdd)    
2023-12-22 14:47:42+00:00 [//Alice (DomainId(0))] acknowledgement_sender_stream tag="Import block #854"
2023-12-22 14:47:42+00:00 [//Alice (DomainId(0))] 📦 Claimed bundle at slot 855
2023-12-22 14:47:42+00:00 [//Alice (DomainId(0))] 🔖 Producing bundle at slot Slot(855)
2023-12-22 14:47:42+00:00 [//Alice (DomainId(0))] Submitted bundle from slot 855, extrinsics: 0    
2023-12-22 14:47:42+00:00 [//Alice (DomainId(0))] acknowledgement_sender_stream tag="New slot Slot(855)"
2023-12-22 14:47:42+00:00 [Ferdie] 🎁 Prepared block for proposing at 855 (10 ms) [hash: 0x38817e5a46d257d3eabbcfc3f92263e7c58878603fd75ff241f92e2271562ce4; parent_hash: 0xcf2e…acdd; extrinsics (2): [0x7c01…5c29, 0x369c…d2e6]]
2023-12-22 14:47:42+00:00 [//Ferdie (Consensus)] ✨ Imported #855 (0x3881…2ce4)    
2023-12-22 14:47:42+00:00 [//Alice (DomainId(0))] ✨ Imported #427 (0x01dd…6aae)    
2023-12-22 14:47:42+00:00 [//Alice (DomainId(0))] acknowledgement_sender_stream tag="Import block #855"
2023-12-22 14:47:42+00:00 [Ferdie] 🎁 Prepared block for proposing at 856 (5 ms) [hash: 0xc040d1c51019207eede96003b3891982cd19e1f657f13cb78bd40120ac4e8641; parent_hash: 0x3881…2ce4; extrinsics (1): [0x5438…036d]]
2023-12-22 14:47:42+00:00 [//Ferdie (Consensus)] ✨ Imported #856 (0xc040…8641)    
2023-12-22 14:47:42+00:00 [//Alice (DomainId(0))] acknowledgement_sender_stream tag="Import block #856"
2023-12-22 14:47:42+00:00 [//Alice (DomainId(0))] 📦 Claimed bundle at slot 857
2023-12-22 14:47:42+00:00 [//Alice (DomainId(0))] 🔖 Producing bundle at slot Slot(857)
2023-12-22 14:47:42+00:00 [//Alice (DomainId(0))] Submitted bundle from slot 857, extrinsics: 0    
2023-12-22 14:47:42+00:00 [//Alice (DomainId(0))] acknowledgement_sender_stream tag="New slot Slot(857)"
2023-12-22 14:47:42+00:00 [Ferdie] 🎁 Prepared block for proposing at 857 (9 ms) [hash: 0xd00bf2343f80de81152ec36684d5d4ac389ffa514aebc61f572ab55180485319; parent_hash: 0xc040…8641; extrinsics (2): [0xad73…6c48, 0x4312…551c]]
2023-12-22 14:47:42+00:00 [//Ferdie (Consensus)] ✨ Imported #857 (0xd00b…5319)    
2023-12-22 14:47:42+00:00 [//Alice (DomainId(0))] ✨ Imported #428 (0x6362…d451)    
2023-12-22 14:47:42+00:00 [//Alice (DomainId(0))] Slow post domain block execution, took 292ms consensus_block_info=(0xd00bf2343f80de81152ec36684d5d4ac389ffa514aebc61f572ab55180485319, 857) built_block_info=(0x6362977a67f6858fb1b04065c10ada1ca4bd9804a69cf2080f17d300797cd451, 428)
2023-12-22 14:47:42+00:00 [//Alice (DomainId(0))] acknowledgement_sender_stream tag="Import block #857"
2023-12-22 14:47:42+00:00 [Ferdie] 🎁 Prepared block for proposing at 858 (5 ms) [hash: 0xb34f58a6854014e9279daf00bcdf294785360588c08e176fc59c5c3fc3e19565; parent_hash: 0xd00b…5319; extrinsics (1): [0xd7f5…5354]]
2023-12-22 14:47:42+00:00 [//Ferdie (Consensus)] ✨ Imported #858 (0xb34f…9565)    
2023-12-22 14:47:42+00:00 [//Alice (DomainId(0))] acknowledgement_sender_stream tag="Import block #858"
2023-12-22 14:47:42+00:00 [//Alice (DomainId(0))] 📦 Claimed bundle at slot 859
2023-12-22 14:47:42+00:00 [//Alice (DomainId(0))] 🔖 Producing bundle at slot Slot(859)
2023-12-22 14:47:42+00:00 [//Alice (DomainId(0))] Submitted bundle from slot 859, extrinsics: 0    
2023-12-22 14:47:42+00:00 [//Alice (DomainId(0))] acknowledgement_sender_stream tag="New slot Slot(859)"
2023-12-22 14:47:42+00:00 [Ferdie] 🎁 Prepared block for proposing at 859 (9 ms) [hash: 0x97920a66aa6a53a1d0719aed527547ef68d2ece5942fa51e03b4e7a9a958ce19; parent_hash: 0xb34f…9565; extrinsics (2): [0x476b…fae7, 0x087d…f9a1]]
2023-12-22 14:47:42+00:00 [//Ferdie (Consensus)] ✨ Imported #859 (0x9792…ce19)    
2023-12-22 14:47:43+00:00 [//Alice (DomainId(0))] ✨ Imported #429 (0x2d74…5432)    
2023-12-22 14:47:43+00:00 [//Alice (DomainId(0))] acknowledgement_sender_stream tag="Import block #859"
2023-12-22 14:47:43+00:00 [Ferdie] 🎁 Prepared block for proposing at 860 (5 ms) [hash: 0x9e3681fd0d1ba916f62c74f7d080543b58d621b38e321aa6374486f2c6a328ac; parent_hash: 0x9792…ce19; extrinsics (1): [0x31c9…a400]]
2023-12-22 14:47:43+00:00 [//Ferdie (Consensus)] ✨ Imported #860 (0x9e36…28ac)    
2023-12-22 14:47:43+00:00 [//Alice (DomainId(0))] acknowledgement_sender_stream tag="Import block #860"
2023-12-22 14:47:43+00:00 [//Alice (DomainId(0))] 📦 Claimed bundle at slot 861
2023-12-22 14:47:43+00:00 [//Alice (DomainId(0))] 🔖 Producing bundle at slot Slot(861)
2023-12-22 14:47:43+00:00 [//Alice (DomainId(0))] Submitted bundle from slot 861, extrinsics: 0    
2023-12-22 14:47:43+00:00 [//Alice (DomainId(0))] acknowledgement_sender_stream tag="New slot Slot(861)"
2023-12-22 14:47:43+00:00 [Ferdie] 🎁 Prepared block for proposing at 861 (9 ms) [hash: 0x29ab0f0e3d3e1fb51f25ea778f15a6938174f213f84aba430dc0186949cfbe7a; parent_hash: 0x9e36…28ac; extrinsics (2): [0x030b…21ff, 0x7cea…743d]]
2023-12-22 14:47:43+00:00 [//Ferdie (Consensus)] ✨ Imported #861 (0x29ab…be7a)    
2023-12-22 14:47:43+00:00 [//Alice (DomainId(0))] ✨ Imported #430 (0x6afe…1c3b)    
2023-12-22 14:47:43+00:00 [//Alice (DomainId(0))] acknowledgement_sender_stream tag="Import block #861"
2023-12-22 14:47:43+00:00 [Ferdie] 🎁 Prepared block for proposing at 862 (5 ms) [hash: 0x535e0727d28d0d247af1d5801e3684de00c20a4a1597ed7f5dcbdb370004fcb1; parent_hash: 0x29ab…be7a; extrinsics (1): [0xc23e…d817]]
2023-12-22 14:47:43+00:00 [//Ferdie (Consensus)] ✨ Imported #862 (0x535e…fcb1)    
2023-12-22 14:47:43+00:00 [//Alice (DomainId(0))] acknowledgement_sender_stream tag="Import block #862"
2023-12-22 14:47:43+00:00 [//Alice (DomainId(0))] 📦 Claimed bundle at slot 863
2023-12-22 14:47:43+00:00 [//Alice (DomainId(0))] 🔖 Producing bundle at slot Slot(863)
2023-12-22 14:47:43+00:00 [//Alice (DomainId(0))] Submitted bundle from slot 863, extrinsics: 0    
2023-12-22 14:47:43+00:00 [//Alice (DomainId(0))] acknowledgement_sender_stream tag="New slot Slot(863)"
2023-12-22 14:47:43+00:00 [Ferdie] 🎁 Prepared block for proposing at 863 (9 ms) [hash: 0xa03850d01ea30e4d2e72867e6e4ff191541fa869f89fecba6890b1078f2ef1fb; parent_hash: 0x535e…fcb1; extrinsics (2): [0x17ed…5f14, 0x61d4…7777]]
2023-12-22 14:47:43+00:00 [//Ferdie (Consensus)] ✨ Imported #863 (0xa038…f1fb)    
2023-12-22 14:47:43+00:00 [//Alice (DomainId(0))] ✨ Imported #431 (0x1b5d…0dcb)    
2023-12-22 14:47:43+00:00 [//Alice (DomainId(0))] acknowledgement_sender_stream tag="Import block #863"
2023-12-22 14:47:43+00:00 [Ferdie] 🎁 Prepared block for proposing at 864 (5 ms) [hash: 0x57629d70bd71d017c05009e9b320ab9195a4888a46bfccb07db432b29785bc01; parent_hash: 0xa038…f1fb; extrinsics (1): [0x8150…0c41]]
2023-12-22 14:47:43+00:00 [//Ferdie (Consensus)] ✨ Imported #864 (0x5762…bc01)    
2023-12-22 14:47:43+00:00 [//Alice (DomainId(0))] acknowledgement_sender_stream tag="Import block #864"
2023-12-22 14:47:43+00:00 [//Alice (DomainId(0))] 📦 Claimed bundle at slot 865
2023-12-22 14:47:43+00:00 [//Alice (DomainId(0))] 🔖 Producing bundle at slot Slot(865)
2023-12-22 14:47:43+00:00 [//Alice (DomainId(0))] Submitted bundle from slot 865, extrinsics: 0    
2023-12-22 14:47:43+00:00 [//Alice (DomainId(0))] acknowledgement_sender_stream tag="New slot Slot(865)"
2023-12-22 14:47:43+00:00 [Ferdie] 🎁 Prepared block for proposing at 865 (10 ms) [hash: 0xf2acfb5024e5ee3e4538d18c48af7fda0573187ce166d37f476e19f243c05a35; parent_hash: 0x5762…bc01; extrinsics (2): [0xc29c…4f27, 0xed54…e3b5]]
2023-12-22 14:47:43+00:00 [//Ferdie (Consensus)] ✨ Imported #865 (0xf2ac…5a35)    
2023-12-22 14:47:43+00:00 [//Alice (DomainId(0))] ✨ Imported #432 (0xa001…a597)    
2023-12-22 14:47:43+00:00 [//Alice (DomainId(0))] acknowledgement_sender_stream tag="Import block #865"
2023-12-22 14:47:43+00:00 [Ferdie] 🎁 Prepared block for proposing at 866 (5 ms) [hash: 0xa89418d121c6019a5e198c4c42f7ad9bbe21bd66c5d0360ef4f0bdfed8c35427; parent_hash: 0xf2ac…5a35; extrinsics (1): [0xe12d…5e8e]]
2023-12-22 14:47:43+00:00 [//Ferdie (Consensus)] ✨ Imported #866 (0xa894…5427)    
2023-12-22 14:47:43+00:00 [//Alice (DomainId(0))] acknowledgement_sender_stream tag="Import block #866"
2023-12-22 14:47:43+00:00 [//Alice (DomainId(0))] 📦 Claimed bundle at slot 867
2023-12-22 14:47:43+00:00 [//Alice (DomainId(0))] 🔖 Producing bundle at slot Slot(867)
2023-12-22 14:47:43+00:00 [//Alice (DomainId(0))] Submitted bundle from slot 867, extrinsics: 0    
2023-12-22 14:47:43+00:00 [//Alice (DomainId(0))] acknowledgement_sender_stream tag="New slot Slot(867)"
2023-12-22 14:47:43+00:00 [Ferdie] 🎁 Prepared block for proposing at 867 (9 ms) [hash: 0xcb0fdb19b7816af055c03c0b6b0489bcaec040cda526a14bf8c5ccfc3146423b; parent_hash: 0xa894…5427; extrinsics (2): [0x7d6e…2331, 0xedcd…e215]]
2023-12-22 14:47:43+00:00 [//Ferdie (Consensus)] ✨ Imported #867 (0xcb0f…423b)    
2023-12-22 14:47:43+00:00 [//Alice (DomainId(0))] ✨ Imported #433 (0xf8b8…c2fa)    
2023-12-22 14:47:43+00:00 [//Alice (DomainId(0))] acknowledgement_sender_stream tag="Import block #867"
2023-12-22 14:47:43+00:00 [Ferdie] 🎁 Prepared block for proposing at 868 (5 ms) [hash: 0x1fe9b2fdf84292b7f74aa2261b88b86083570b174b38e0d55cc32d640b896289; parent_hash: 0xcb0f…423b; extrinsics (1): [0x0115…05d4]]
2023-12-22 14:47:43+00:00 [//Ferdie (Consensus)] ✨ Imported #868 (0x1fe9…6289)    
2023-12-22 14:47:43+00:00 [//Alice (DomainId(0))] acknowledgement_sender_stream tag="Import block #868"
2023-12-22 14:47:43+00:00 [//Alice (DomainId(0))] 📦 Claimed bundle at slot 869
2023-12-22 14:47:43+00:00 [//Alice (DomainId(0))] 🔖 Producing bundle at slot Slot(869)
2023-12-22 14:47:43+00:00 [//Alice (DomainId(0))] Submitted bundle from slot 869, extrinsics: 0    
2023-12-22 14:47:43+00:00 [//Alice (DomainId(0))] acknowledgement_sender_stream tag="New slot Slot(869)"
2023-12-22 14:47:43+00:00 [Ferdie] 🎁 Prepared block for proposing at 869 (9 ms) [hash: 0x3b2f9769de24b2df20efadd488a4888e1d3b74506fc0633b81ecc437072f924b; parent_hash: 0x1fe9…6289; extrinsics (2): [0xcacf…3967, 0x6634…4a40]]
2023-12-22 14:47:43+00:00 [//Ferdie (Consensus)] ✨ Imported #869 (0x3b2f…924b)    
2023-12-22 14:47:43+00:00 [//Alice (DomainId(0))] ✨ Imported #434 (0x5128…eb7d)    
2023-12-22 14:47:43+00:00 [//Alice (DomainId(0))] Slow domain block execution, took 209ms consensus_block_info=(0x3b2f9769de24b2df20efadd488a4888e1d3b74506fc0633b81ecc437072f924b, 869) built_block_info=(0x5128c7f1a14764d16388ebd6b5c6301663110aa74f841646bffbd63d82d4eb7d, 434) reference_block_execution_duration_ms=1
2023-12-22 14:47:43+00:00 [//Alice (DomainId(0))] acknowledgement_sender_stream tag="Import block #869"
2023-12-22 14:47:43+00:00 [Ferdie] 🎁 Prepared block for proposing at 870 (5 ms) [hash: 0x30ffdc330e1f8b8cff44dadd9be67703f87bff89ba977404f2a6ccd215f6f64e; parent_hash: 0x3b2f…924b; extrinsics (1): [0x0947…b1f3]]
2023-12-22 14:47:44+00:00 [//Ferdie (Consensus)] ✨ Imported #870 (0x30ff…f64e)    
2023-12-22 14:47:44+00:00 [//Alice (DomainId(0))] acknowledgement_sender_stream tag="Import block #870"
2023-12-22 14:47:44+00:00 [//Alice (DomainId(0))] 📦 Claimed bundle at slot 871
2023-12-22 14:47:44+00:00 [//Alice (DomainId(0))] 🔖 Producing bundle at slot Slot(871)
2023-12-22 14:47:44+00:00 [//Alice (DomainId(0))] Submitted bundle from slot 871, extrinsics: 0    
2023-12-22 14:47:44+00:00 [//Alice (DomainId(0))] acknowledgement_sender_stream tag="New slot Slot(871)"
2023-12-22 14:47:44+00:00 [Ferdie] 🎁 Prepared block for proposing at 871 (9 ms) [hash: 0xe49f2ab9fbe3cc5e0e342bb03972cf01baf2033453652e4ef09eed8ff4cd7fc2; parent_hash: 0x30ff…f64e; extrinsics (2): [0x3e33…eaf9, 0xbe41…5625]]
2023-12-22 14:47:44+00:00 [//Ferdie (Consensus)] ✨ Imported #871 (0xe49f…7fc2)    
2023-12-22 14:47:44+00:00 [//Alice (DomainId(0))] ✨ Imported #435 (0x7557…064b)    
2023-12-22 14:47:44+00:00 [//Alice (DomainId(0))] acknowledgement_sender_stream tag="Import block #871"
2023-12-22 14:47:44+00:00 [Ferdie] 🎁 Prepared block for proposing at 872 (5 ms) [hash: 0x30868b16188357c3945d46b93cf424fe90ae3c0b54fc6f00bba0054cdf23114e; parent_hash: 0xe49f…7fc2; extrinsics (1): [0xa684…adbc]]
2023-12-22 14:47:44+00:00 [//Ferdie (Consensus)] ✨ Imported #872 (0x3086…114e)    
2023-12-22 14:47:44+00:00 [//Alice (DomainId(0))] acknowledgement_sender_stream tag="Import block #872"
2023-12-22 14:47:44+00:00 [//Alice (DomainId(0))] 📦 Claimed bundle at slot 873
2023-12-22 14:47:44+00:00 [//Alice (DomainId(0))] 🔖 Producing bundle at slot Slot(873)
2023-12-22 14:47:44+00:00 [//Alice (DomainId(0))] Submitted bundle from slot 873, extrinsics: 0    
2023-12-22 14:47:44+00:00 [//Alice (DomainId(0))] acknowledgement_sender_stream tag="New slot Slot(873)"
2023-12-22 14:47:44+00:00 [Ferdie] 🎁 Prepared block for proposing at 873 (9 ms) [hash: 0x3d2d122f5268936960de7410602a39e5379db0c36dea3b01964e7ba29a3f376a; parent_hash: 0x3086…114e; extrinsics (2): [0x7540…dcb6, 0xca0f…2730]]
2023-12-22 14:47:44+00:00 [//Ferdie (Consensus)] ✨ Imported #873 (0x3d2d…376a)    
2023-12-22 14:47:44+00:00 [//Alice (DomainId(0))] ✨ Imported #436 (0xd017…1f97)    
2023-12-22 14:47:44+00:00 [//Alice (DomainId(0))] acknowledgement_sender_stream tag="Import block #873"
2023-12-22 14:47:44+00:00 [Ferdie] 🎁 Prepared block for proposing at 874 (5 ms) [hash: 0x5842632adfd80b3155427f03e30a29c35ac334ed96185fe0c006bcc102165ec1; parent_hash: 0x3d2d…376a; extrinsics (1): [0x4d96…d098]]
2023-12-22 14:47:44+00:00 [//Ferdie (Consensus)] ✨ Imported #874 (0x5842…5ec1)    
2023-12-22 14:47:44+00:00 [//Alice (DomainId(0))] acknowledgement_sender_stream tag="Import block #874"
2023-12-22 14:47:44+00:00 [//Alice (DomainId(0))] 📦 Claimed bundle at slot 875
2023-12-22 14:47:44+00:00 [//Alice (DomainId(0))] 🔖 Producing bundle at slot Slot(875)
2023-12-22 14:47:44+00:00 [//Alice (DomainId(0))] Submitted bundle from slot 875, extrinsics: 0    
2023-12-22 14:47:44+00:00 [//Alice (DomainId(0))] acknowledgement_sender_stream tag="New slot Slot(875)"
2023-12-22 14:47:44+00:00 [Ferdie] 🎁 Prepared block for proposing at 875 (9 ms) [hash: 0xe6ad1b0c221e917c11c927678fff34b536745f178bf993f9616f19e8d640bfe3; parent_hash: 0x5842…5ec1; extrinsics (2): [0x8734…032d, 0x561e…938f]]
2023-12-22 14:47:44+00:00 [//Ferdie (Consensus)] ✨ Imported #875 (0xe6ad…bfe3)    
2023-12-22 14:47:44+00:00 [//Alice (DomainId(0))] ✨ Imported #437 (0x8e30…6568)    
2023-12-22 14:47:44+00:00 [//Alice (DomainId(0))] acknowledgement_sender_stream tag="Import block #875"
2023-12-22 14:47:44+00:00 [Ferdie] 🎁 Prepared block for proposing at 876 (5 ms) [hash: 0x95bc994b349eadaf490518e5fcc1f97faa4e7c41c6ed7438af568d60cf2bf152; parent_hash: 0xe6ad…bfe3; extrinsics (1): [0x93db…3f04]]
2023-12-22 14:47:44+00:00 [//Ferdie (Consensus)] ✨ Imported #876 (0x95bc…f152)    
2023-12-22 14:47:44+00:00 [//Alice (DomainId(0))] acknowledgement_sender_stream tag="Import block #876"
2023-12-22 14:47:44+00:00 [//Alice (DomainId(0))] 📦 Claimed bundle at slot 877
2023-12-22 14:47:44+00:00 [//Alice (DomainId(0))] 🔖 Producing bundle at slot Slot(877)
2023-12-22 14:47:44+00:00 [//Alice (DomainId(0))] Submitted bundle from slot 877, extrinsics: 0    
2023-12-22 14:47:44+00:00 [//Alice (DomainId(0))] acknowledgement_sender_stream tag="New slot Slot(877)"
2023-12-22 14:47:44+00:00 [Ferdie] 🎁 Prepared block for proposing at 877 (9 ms) [hash: 0xc663953bf1cecb2fd55a521d4f2c6913ca66f67b112c893d49961cbfd4396444; parent_hash: 0x95bc…f152; extrinsics (2): [0xb53c…9f31, 0xcb5d…c466]]
2023-12-22 14:47:44+00:00 [//Ferdie (Consensus)] ✨ Imported #877 (0xc663…6444)    
2023-12-22 14:47:44+00:00 [//Alice (DomainId(0))] ✨ Imported #438 (0x49c6…6bd4)    
2023-12-22 14:47:44+00:00 [//Alice (DomainId(0))] acknowledgement_sender_stream tag="Import block #877"
2023-12-22 14:47:44+00:00 [Ferdie] 🎁 Prepared block for proposing at 878 (5 ms) [hash: 0x57bffa82aae8c72965c47f48e1043017c62f7ff4526904db92cf6f33f76ec9f7; parent_hash: 0xc663…6444; extrinsics (1): [0x420a…bfbc]]
2023-12-22 14:47:44+00:00 [//Ferdie (Consensus)] ✨ Imported #878 (0x57bf…c9f7)    
2023-12-22 14:47:44+00:00 [//Alice (DomainId(0))] acknowledgement_sender_stream tag="Import block #878"
2023-12-22 14:47:44+00:00 [//Alice (DomainId(0))] 📦 Claimed bundle at slot 879
2023-12-22 14:47:44+00:00 [//Alice (DomainId(0))] 🔖 Producing bundle at slot Slot(879)
2023-12-22 14:47:44+00:00 [//Alice (DomainId(0))] Submitted bundle from slot 879, extrinsics: 0    
2023-12-22 14:47:44+00:00 [//Alice (DomainId(0))] acknowledgement_sender_stream tag="New slot Slot(879)"
2023-12-22 14:47:44+00:00 [Ferdie] 🎁 Prepared block for proposing at 879 (9 ms) [hash: 0xc74272960052609605fa67e1a565fb56921141fc220b0dd8a17574e4b4717236; parent_hash: 0x57bf…c9f7; extrinsics (2): [0x77c0…ca49, 0x0f9d…50ad]]
2023-12-22 14:47:44+00:00 [//Ferdie (Consensus)] ✨ Imported #879 (0xc742…7236)    
2023-12-22 14:47:44+00:00 [//Alice (DomainId(0))] ✨ Imported #439 (0x0850…3c31)    
2023-12-22 14:47:44+00:00 [//Alice (DomainId(0))] acknowledgement_sender_stream tag="Import block #879"
2023-12-22 14:47:44+00:00 [Ferdie] 🎁 Prepared block for proposing at 880 (5 ms) [hash: 0x149b6e6cbe2858c6d40059d1f43f7889fa4f9dadf05ac737336f92a3f0d1e808; parent_hash: 0xc742…7236; extrinsics (1): [0xe3ac…cdeb]]
2023-12-22 14:47:44+00:00 [//Ferdie (Consensus)] ✨ Imported #880 (0x149b…e808)    
2023-12-22 14:47:44+00:00 [//Alice (DomainId(0))] acknowledgement_sender_stream tag="Import block #880"
2023-12-22 14:47:44+00:00 [//Alice (DomainId(0))] 📦 Claimed bundle at slot 881
2023-12-22 14:47:44+00:00 [//Alice (DomainId(0))] 🔖 Producing bundle at slot Slot(881)
2023-12-22 14:47:44+00:00 [//Alice (DomainId(0))] Submitted bundle from slot 881, extrinsics: 0    
2023-12-22 14:47:44+00:00 [//Alice (DomainId(0))] acknowledgement_sender_stream tag="New slot Slot(881)"
2023-12-22 14:47:44+00:00 [//Alice (DomainId(0))] 💤 Idle (0 peers), best: #439 (0x0850…3c31), finalized #0 (0x7aea…1834), ⬇ 0 ⬆ 0    
2023-12-22 14:47:44+00:00 [Ferdie] 🎁 Prepared block for proposing at 881 (9 ms) [hash: 0xf2b9854005aa77a812b8711f263ba3641bb6f6647d2b62fbee07ed59d7459491; parent_hash: 0x149b…e808; extrinsics (2): [0x62cb…9a8a, 0x4528…f074]]
2023-12-22 14:47:44+00:00 [//Ferdie (Consensus)] ✨ Imported #881 (0xf2b9…9491)    
2023-12-22 14:47:44+00:00 [//Alice (DomainId(0))] ✨ Imported #440 (0x2a21…5608)    
2023-12-22 14:47:45+00:00 [//Alice (DomainId(0))] acknowledgement_sender_stream tag="Import block #881"
2023-12-22 14:47:45+00:00 [Ferdie] 🎁 Prepared block for proposing at 882 (5 ms) [hash: 0x09828cc7631f5f77cd07fb17f5f5de2763d3c170bd6b7639e3f84bf05dd7d33a; parent_hash: 0xf2b9…9491; extrinsics (1): [0x202f…cbfd]]
2023-12-22 14:47:45+00:00 [//Ferdie (Consensus)] ✨ Imported #882 (0x0982…d33a)    
2023-12-22 14:47:45+00:00 [//Alice (DomainId(0))] acknowledgement_sender_stream tag="Import block #882"
2023-12-22 14:47:45+00:00 [//Alice (DomainId(0))] 📦 Claimed bundle at slot 883
2023-12-22 14:47:45+00:00 [//Alice (DomainId(0))] 🔖 Producing bundle at slot Slot(883)
2023-12-22 14:47:45+00:00 [//Alice (DomainId(0))] Submitted bundle from slot 883, extrinsics: 0    
2023-12-22 14:47:45+00:00 [//Alice (DomainId(0))] acknowledgement_sender_stream tag="New slot Slot(883)"
2023-12-22 14:47:45+00:00 [Ferdie] 🎁 Prepared block for proposing at 883 (9 ms) [hash: 0x864c98abc754bd81a8e1b973979721212877c16fd604e286ffe79a6dd0ceaf8d; parent_hash: 0x0982…d33a; extrinsics (2): [0x58e9…17bc, 0x128d…4de6]]
2023-12-22 14:47:45+00:00 [//Ferdie (Consensus)] ✨ Imported #883 (0x864c…af8d)    
2023-12-22 14:47:45+00:00 [//Alice (DomainId(0))] ✨ Imported #441 (0x13b2…16e0)    
2023-12-22 14:47:45+00:00 [//Alice (DomainId(0))] acknowledgement_sender_stream tag="Import block #883"
2023-12-22 14:47:45+00:00 [Ferdie] 🎁 Prepared block for proposing at 884 (5 ms) [hash: 0x1e6e6c9dbd8cf36ee3d9825305f140954a359fb0e86bfb7524bdef2e5afecbb9; parent_hash: 0x864c…af8d; extrinsics (1): [0xa2bd…dcb5]]
2023-12-22 14:47:45+00:00 [//Ferdie (Consensus)] ✨ Imported #884 (0x1e6e…cbb9)    
2023-12-22 14:47:45+00:00 [//Alice (DomainId(0))] acknowledgement_sender_stream tag="Import block #884"
2023-12-22 14:47:45+00:00 [//Alice (DomainId(0))] 📦 Claimed bundle at slot 885
2023-12-22 14:47:45+00:00 [//Alice (DomainId(0))] 🔖 Producing bundle at slot Slot(885)
2023-12-22 14:47:45+00:00 [//Alice (DomainId(0))] Submitted bundle from slot 885, extrinsics: 0    
2023-12-22 14:47:45+00:00 [//Alice (DomainId(0))] acknowledgement_sender_stream tag="New slot Slot(885)"
2023-12-22 14:47:45+00:00 [Ferdie] 🎁 Prepared block for proposing at 885 (9 ms) [hash: 0xc4d59ad4d2aa8b94d35c173dd748ef6dc85fa3c243e38726a9e16a18300af2ea; parent_hash: 0x1e6e…cbb9; extrinsics (2): [0x0d7e…b8b9, 0x27ed…bcb1]]
2023-12-22 14:47:45+00:00 [//Ferdie (Consensus)] ✨ Imported #885 (0xc4d5…f2ea)    
2023-12-22 14:47:45+00:00 [//Alice (DomainId(0))] ✨ Imported #442 (0xd8c9…9ee1)    
2023-12-22 14:47:45+00:00 [//Alice (DomainId(0))] acknowledgement_sender_stream tag="Import block #885"
2023-12-22 14:47:45+00:00 [Ferdie] 🎁 Prepared block for proposing at 886 (5 ms) [hash: 0x90085925ab77bbc50293a3b25ef7aa14498a28398619b6442ca41c3ee4926d06; parent_hash: 0xc4d5…f2ea; extrinsics (1): [0xaf1b…9198]]
2023-12-22 14:47:45+00:00 [//Ferdie (Consensus)] ✨ Imported #886 (0x9008…6d06)    
2023-12-22 14:47:45+00:00 [//Alice (DomainId(0))] acknowledgement_sender_stream tag="Import block #886"
2023-12-22 14:47:45+00:00 [//Alice (DomainId(0))] 📦 Claimed bundle at slot 887
2023-12-22 14:47:45+00:00 [//Alice (DomainId(0))] 🔖 Producing bundle at slot Slot(887)
2023-12-22 14:47:45+00:00 [//Alice (DomainId(0))] Submitted bundle from slot 887, extrinsics: 0    
2023-12-22 14:47:45+00:00 [//Alice (DomainId(0))] acknowledgement_sender_stream tag="New slot Slot(887)"
2023-12-22 14:47:45+00:00 [Ferdie] 🎁 Prepared block for proposing at 887 (9 ms) [hash: 0xc8aeb18fc8457e9717119fe7460de744e81c9c01115d0f2f23f33730dd9105a5; parent_hash: 0x9008…6d06; extrinsics (2): [0x3902…205f, 0x4276…15ec]]
2023-12-22 14:47:45+00:00 [//Ferdie (Consensus)] ✨ Imported #887 (0xc8ae…05a5)    
2023-12-22 14:47:45+00:00 [//Alice (DomainId(0))] ✨ Imported #443 (0x36a1…29ea)    
2023-12-22 14:47:45+00:00 [//Alice (DomainId(0))] acknowledgement_sender_stream tag="Import block #887"
2023-12-22 14:47:45+00:00 [Ferdie] 🎁 Prepared block for proposing at 888 (5 ms) [hash: 0x243b7faef902cc173566bbaa02d7241785f1697b7db52e30f498341aa7af0cff; parent_hash: 0xc8ae…05a5; extrinsics (1): [0xde53…0210]]
2023-12-22 14:47:45+00:00 [//Ferdie (Consensus)] ✨ Imported #888 (0x243b…0cff)    
2023-12-22 14:47:45+00:00 [//Alice (DomainId(0))] acknowledgement_sender_stream tag="Import block #888"
2023-12-22 14:47:45+00:00 [//Alice (DomainId(0))] 📦 Claimed bundle at slot 889
2023-12-22 14:47:45+00:00 [//Alice (DomainId(0))] 🔖 Producing bundle at slot Slot(889)
2023-12-22 14:47:45+00:00 [//Alice (DomainId(0))] Submitted bundle from slot 889, extrinsics: 0    
2023-12-22 14:47:45+00:00 [//Alice (DomainId(0))] acknowledgement_sender_stream tag="New slot Slot(889)"
2023-12-22 14:47:45+00:00 [Ferdie] 🎁 Prepared block for proposing at 889 (9 ms) [hash: 0xc9c2e51ee6aa45aab7634906f3bd1db71480fe9171011247d80c9f57c3590949; parent_hash: 0x243b…0cff; extrinsics (2): [0xb231…82dd, 0x810a…d759]]
2023-12-22 14:47:45+00:00 [//Ferdie (Consensus)] ✨ Imported #889 (0xc9c2…0949)    
2023-12-22 14:47:45+00:00 [//Alice (DomainId(0))] ✨ Imported #444 (0x0729…8c16)    
2023-12-22 14:47:45+00:00 [//Alice (DomainId(0))] acknowledgement_sender_stream tag="Import block #889"
2023-12-22 14:47:45+00:00 [Ferdie] 🎁 Prepared block for proposing at 890 (5 ms) [hash: 0x813698e7c0ac514f771f360eee79e2ae245a713d70e192887ad4afd67295d59a; parent_hash: 0xc9c2…0949; extrinsics (1): [0x0e58…daca]]
2023-12-22 14:47:45+00:00 [//Ferdie (Consensus)] ✨ Imported #890 (0x8136…d59a)    
2023-12-22 14:47:45+00:00 [//Alice (DomainId(0))] acknowledgement_sender_stream tag="Import block #890"
2023-12-22 14:47:45+00:00 [//Alice (DomainId(0))] 📦 Claimed bundle at slot 891
2023-12-22 14:47:45+00:00 [//Alice (DomainId(0))] 🔖 Producing bundle at slot Slot(891)
2023-12-22 14:47:45+00:00 [//Alice (DomainId(0))] Submitted bundle from slot 891, extrinsics: 0    
2023-12-22 14:47:45+00:00 [//Alice (DomainId(0))] acknowledgement_sender_stream tag="New slot Slot(891)"
2023-12-22 14:47:45+00:00 [Ferdie] 🎁 Prepared block for proposing at 891 (9 ms) [hash: 0xabbe11e6908f33ab225f053fc9510a4223f957105a3afbe24380e3d327fe9c4a; parent_hash: 0x8136…d59a; extrinsics (2): [0xe023…c972, 0x5f57…f2c6]]
2023-12-22 14:47:45+00:00 [//Ferdie (Consensus)] ✨ Imported #891 (0xabbe…9c4a)    
2023-12-22 14:47:45+00:00 [//Alice (DomainId(0))] ✨ Imported #445 (0x6b4e…debc)    
2023-12-22 14:47:45+00:00 [//Alice (DomainId(0))] acknowledgement_sender_stream tag="Import block #891"
2023-12-22 14:47:45+00:00 [Ferdie] 🎁 Prepared block for proposing at 892 (5 ms) [hash: 0x59fbda91e5310dac213bdf33ea2ddf5b1333bfe411974c9424d831d061eb9cad; parent_hash: 0xabbe…9c4a; extrinsics (1): [0x0d9a…eb73]]
2023-12-22 14:47:45+00:00 [//Ferdie (Consensus)] ✨ Imported #892 (0x59fb…9cad)    
2023-12-22 14:47:45+00:00 [//Alice (DomainId(0))] acknowledgement_sender_stream tag="Import block #892"
2023-12-22 14:47:45+00:00 [//Alice (DomainId(0))] 📦 Claimed bundle at slot 893
2023-12-22 14:47:45+00:00 [//Alice (DomainId(0))] 🔖 Producing bundle at slot Slot(893)
2023-12-22 14:47:45+00:00 [//Alice (DomainId(0))] Submitted bundle from slot 893, extrinsics: 0    
2023-12-22 14:47:45+00:00 [//Alice (DomainId(0))] acknowledgement_sender_stream tag="New slot Slot(893)"
2023-12-22 14:47:45+00:00 [Ferdie] 🎁 Prepared block for proposing at 893 (9 ms) [hash: 0xaa206d0acce1f2d105a7e53347dae05627d2fd034b18aba0eb6aee88deecd178; parent_hash: 0x59fb…9cad; extrinsics (2): [0xe5f0…8bbe, 0x2a00…b517]]
2023-12-22 14:47:45+00:00 [//Ferdie (Consensus)] ✨ Imported #893 (0xaa20…d178)    
2023-12-22 14:47:45+00:00 [//Alice (DomainId(0))] ✨ Imported #446 (0x18f5…a756)    
2023-12-22 14:47:45+00:00 [//Alice (DomainId(0))] acknowledgement_sender_stream tag="Import block #893"
2023-12-22 14:47:45+00:00 [Ferdie] 🎁 Prepared block for proposing at 894 (5 ms) [hash: 0x9634927d57ca51789a7e2425acfaf87ba494b1485e73d25663231355f9c60714; parent_hash: 0xaa20…d178; extrinsics (1): [0x969a…cfe9]]
2023-12-22 14:47:45+00:00 [//Ferdie (Consensus)] ✨ Imported #894 (0x9634…0714)    
2023-12-22 14:47:45+00:00 [//Alice (DomainId(0))] acknowledgement_sender_stream tag="Import block #894"
2023-12-22 14:47:46+00:00 [//Alice (DomainId(0))] 📦 Claimed bundle at slot 895
2023-12-22 14:47:46+00:00 [//Alice (DomainId(0))] 🔖 Producing bundle at slot Slot(895)
2023-12-22 14:47:46+00:00 [//Alice (DomainId(0))] Submitted bundle from slot 895, extrinsics: 0    
2023-12-22 14:47:46+00:00 [//Alice (DomainId(0))] acknowledgement_sender_stream tag="New slot Slot(895)"
2023-12-22 14:47:46+00:00 [Ferdie] 🎁 Prepared block for proposing at 895 (9 ms) [hash: 0x6899be1febe43d8856a0a00c301939424e46f3a07429953c979ebf16e9dd73ad; parent_hash: 0x9634…0714; extrinsics (2): [0xe007…92b7, 0x3f59…9d34]]
2023-12-22 14:47:46+00:00 [//Ferdie (Consensus)] ✨ Imported #895 (0x6899…73ad)    
2023-12-22 14:47:46+00:00 [//Alice (DomainId(0))] acknowledgement_sender_stream tag="Import block #895"
2023-12-22 14:47:46+00:00 [//Alice (DomainId(0))] ✨ Imported #447 (0xfcaf…df4f)    
2023-12-22 14:47:46+00:00 [Ferdie] 🎁 Prepared block for proposing at 896 (5 ms) [hash: 0xbba1043365e5b38f204d47d990e28f584d84e0ebec847479afdb0af987bc8306; parent_hash: 0x6899…73ad; extrinsics (1): [0x7533…e492]]
2023-12-22 14:47:46+00:00 [//Ferdie (Consensus)] ✨ Imported #896 (0xbba1…8306)    
2023-12-22 14:47:46+00:00 [//Alice (DomainId(0))] acknowledgement_sender_stream tag="Import block #896"
2023-12-22 14:47:46+00:00 [//Alice (DomainId(0))] 📦 Claimed bundle at slot 897
2023-12-22 14:47:46+00:00 [//Alice (DomainId(0))] 🔖 Producing bundle at slot Slot(897)
2023-12-22 14:47:46+00:00 [//Alice (DomainId(0))] Submitted bundle from slot 897, extrinsics: 0    
2023-12-22 14:47:46+00:00 [//Alice (DomainId(0))] acknowledgement_sender_stream tag="New slot Slot(897)"
2023-12-22 14:47:46+00:00 [Ferdie] 🎁 Prepared block for proposing at 897 (9 ms) [hash: 0x1c6048111da81fbe51c87f3e9ed65dff7e62a2f03b0198c45c4dccefe040b83e; parent_hash: 0xbba1…8306; extrinsics (2): [0xb863…a6b3, 0xcca0…340e]]
2023-12-22 14:47:46+00:00 [//Ferdie (Consensus)] ✨ Imported #897 (0x1c60…b83e)    
2023-12-22 14:47:46+00:00 [//Alice (DomainId(0))] ✨ Imported #448 (0x7490…d3c7)    
2023-12-22 14:47:46+00:00 [//Alice (DomainId(0))] acknowledgement_sender_stream tag="Import block #897"
2023-12-22 14:47:46+00:00 [Ferdie] 🎁 Prepared block for proposing at 898 (5 ms) [hash: 0x245b4e227fac929cd194d0d1816b9ea26198158a895e0007fa136bf3a6f4e94c; parent_hash: 0x1c60…b83e; extrinsics (1): [0xdca2…6579]]
2023-12-22 14:47:46+00:00 [//Ferdie (Consensus)] ✨ Imported #898 (0x245b…e94c)    
2023-12-22 14:47:46+00:00 [//Alice (DomainId(0))] acknowledgement_sender_stream tag="Import block #898"
2023-12-22 14:47:46+00:00 [//Alice (DomainId(0))] 📦 Claimed bundle at slot 899
2023-12-22 14:47:46+00:00 [//Alice (DomainId(0))] 🔖 Producing bundle at slot Slot(899)
2023-12-22 14:47:46+00:00 [//Alice (DomainId(0))] Submitted bundle from slot 899, extrinsics: 0    
2023-12-22 14:47:46+00:00 [//Alice (DomainId(0))] acknowledgement_sender_stream tag="New slot Slot(899)"
2023-12-22 14:47:46+00:00 [Ferdie] 🎁 Prepared block for proposing at 899 (9 ms) [hash: 0xd9f23f01f49b49637bcbd04e19a13f5ede7164db5e25b702b25fc5ca83512bcf; parent_hash: 0x245b…e94c; extrinsics (2): [0x7a67…59df, 0xab44…bcf3]]
2023-12-22 14:47:46+00:00 [//Ferdie (Consensus)] ✨ Imported #899 (0xd9f2…2bcf)    
2023-12-22 14:47:46+00:00 [//Alice (DomainId(0))] ✨ Imported #449 (0x58e8…a025)    
2023-12-22 14:47:46+00:00 [//Alice (DomainId(0))] acknowledgement_sender_stream tag="Import block #899"
2023-12-22 14:47:46+00:00 [Ferdie] 🎁 Prepared block for proposing at 900 (5 ms) [hash: 0xe60481d581d11924705cf25acf91e094b628ae00b62999d112590cb1aff1f2c5; parent_hash: 0xd9f2…2bcf; extrinsics (1): [0xe2b9…702b]]
2023-12-22 14:47:46+00:00 [//Ferdie (Consensus)] ✨ Imported #900 (0xe604…f2c5)    
2023-12-22 14:47:46+00:00 [//Alice (DomainId(0))] acknowledgement_sender_stream tag="Import block #900"
2023-12-22 14:47:46+00:00 [//Alice (DomainId(0))] 📦 Claimed bundle at slot 901
2023-12-22 14:47:46+00:00 [//Alice (DomainId(0))] 🔖 Producing bundle at slot Slot(901)
2023-12-22 14:47:46+00:00 [//Alice (DomainId(0))] Submitted bundle from slot 901, extrinsics: 0    
2023-12-22 14:47:46+00:00 [//Alice (DomainId(0))] acknowledgement_sender_stream tag="New slot Slot(901)"
2023-12-22 14:47:46+00:00 [Ferdie] 🎁 Prepared block for proposing at 901 (9 ms) [hash: 0x2e9b33edf2cfec08adf2d6367707e5f9c62281408284b84db9a7dcb9d21369ab; parent_hash: 0xe604…f2c5; extrinsics (2): [0xfa70…5584, 0xc182…c1f0]]
2023-12-22 14:47:46+00:00 [//Ferdie (Consensus)] ✨ Imported #901 (0x2e9b…69ab)    
2023-12-22 14:47:46+00:00 [//Alice (DomainId(0))] ✨ Imported #450 (0xe1ac…54f4)    
2023-12-22 14:47:46+00:00 [//Alice (DomainId(0))] acknowledgement_sender_stream tag="Import block #901"
2023-12-22 14:47:46+00:00 [Ferdie] 🎁 Prepared block for proposing at 902 (5 ms) [hash: 0xc5a41a50de92929265f17c52e72cd972fab0787f1221020e82a58642753a6988; parent_hash: 0x2e9b…69ab; extrinsics (1): [0x8cb0…a719]]
2023-12-22 14:47:46+00:00 [//Ferdie (Consensus)] ✨ Imported #902 (0xc5a4…6988)    
2023-12-22 14:47:46+00:00 [//Alice (DomainId(0))] acknowledgement_sender_stream tag="Import block #902"
2023-12-22 14:47:46+00:00 [//Alice (DomainId(0))] 📦 Claimed bundle at slot 903
2023-12-22 14:47:46+00:00 [//Alice (DomainId(0))] 🔖 Producing bundle at slot Slot(903)
2023-12-22 14:47:46+00:00 [//Alice (DomainId(0))] Submitted bundle from slot 903, extrinsics: 0    
2023-12-22 14:47:46+00:00 [//Alice (DomainId(0))] acknowledgement_sender_stream tag="New slot Slot(903)"
2023-12-22 14:47:46+00:00 [Ferdie] 🎁 Prepared block for proposing at 903 (9 ms) [hash: 0x375cfa66afd44d5edab7361489e3376f88d341508d315209d49f40bf2440a51d; parent_hash: 0xc5a4…6988; extrinsics (2): [0x807d…2c8c, 0xa1f9…dedf]]
2023-12-22 14:47:46+00:00 [//Ferdie (Consensus)] ✨ Imported #903 (0x375c…a51d)    
2023-12-22 14:47:46+00:00 [//Alice (DomainId(0))] ✨ Imported #451 (0xebb4…4cd8)    
2023-12-22 14:47:46+00:00 [//Alice (DomainId(0))] acknowledgement_sender_stream tag="Import block #903"
2023-12-22 14:47:46+00:00 [Ferdie] 🎁 Prepared block for proposing at 904 (5 ms) [hash: 0xe69f7e1b905b32e75a9425fec3ec0ffc1f6192afba1545088eabf282a5050c89; parent_hash: 0x375c…a51d; extrinsics (1): [0xb2e2…84f6]]
2023-12-22 14:47:46+00:00 [//Ferdie (Consensus)] ✨ Imported #904 (0xe69f…0c89)    
2023-12-22 14:47:46+00:00 [//Alice (DomainId(0))] acknowledgement_sender_stream tag="Import block #904"
2023-12-22 14:47:46+00:00 [//Alice (DomainId(0))] 📦 Claimed bundle at slot 905
2023-12-22 14:47:46+00:00 [//Alice (DomainId(0))] 🔖 Producing bundle at slot Slot(905)
2023-12-22 14:47:46+00:00 [//Alice (DomainId(0))] Submitted bundle from slot 905, extrinsics: 0    
2023-12-22 14:47:46+00:00 [//Alice (DomainId(0))] acknowledgement_sender_stream tag="New slot Slot(905)"
2023-12-22 14:47:46+00:00 [Ferdie] 🎁 Prepared block for proposing at 905 (10 ms) [hash: 0x4b346199d17207a42e44eb11092c05bf4e9742877a48cbfa399fdbfa89cbb26d; parent_hash: 0xe69f…0c89; extrinsics (2): [0x5d05…a664, 0x102f…8e0b]]
2023-12-22 14:47:46+00:00 [//Ferdie (Consensus)] ✨ Imported #905 (0x4b34…b26d)    
2023-12-22 14:47:46+00:00 [//Alice (DomainId(0))] ✨ Imported #452 (0xd002…8dfd)    
2023-12-22 14:47:46+00:00 [//Alice (DomainId(0))] acknowledgement_sender_stream tag="Import block #905"
2023-12-22 14:47:46+00:00 [Ferdie] 🎁 Prepared block for proposing at 906 (5 ms) [hash: 0xa6ddcc9f9d83608ed9f85abcab2ef51c6d6c8bf15f7eb88c75e23fef6133b467; parent_hash: 0x4b34…b26d; extrinsics (1): [0x7be8…f726]]
2023-12-22 14:47:46+00:00 [//Ferdie (Consensus)] ✨ Imported #906 (0xa6dd…b467)    
2023-12-22 14:47:46+00:00 [//Alice (DomainId(0))] acknowledgement_sender_stream tag="Import block #906"
2023-12-22 14:47:46+00:00 [//Alice (DomainId(0))] 📦 Claimed bundle at slot 907
2023-12-22 14:47:46+00:00 [//Alice (DomainId(0))] 🔖 Producing bundle at slot Slot(907)
2023-12-22 14:47:46+00:00 [//Alice (DomainId(0))] Submitted bundle from slot 907, extrinsics: 0    
2023-12-22 14:47:46+00:00 [//Alice (DomainId(0))] acknowledgement_sender_stream tag="New slot Slot(907)"
2023-12-22 14:47:46+00:00 [Ferdie] 🎁 Prepared block for proposing at 907 (9 ms) [hash: 0xd35f71464b0266a146386d91e3e8dfa32804609ad6dc6be01955f802284103de; parent_hash: 0xa6dd…b467; extrinsics (2): [0xbd4f…b3f7, 0x5e18…a1b4]]
2023-12-22 14:47:46+00:00 [//Ferdie (Consensus)] ✨ Imported #907 (0xd35f…03de)    
2023-12-22 14:47:46+00:00 [//Alice (DomainId(0))] ✨ Imported #453 (0xb98b…c486)    
2023-12-22 14:47:46+00:00 [//Alice (DomainId(0))] acknowledgement_sender_stream tag="Import block #907"
2023-12-22 14:47:46+00:00 [Ferdie] 🎁 Prepared block for proposing at 908 (5 ms) [hash: 0x0148e2b619dd40a6522efbe60a22dad05ce715c1bf500fbe26bada5d72dba8b6; parent_hash: 0xd35f…03de; extrinsics (1): [0x11d0…b116]]
2023-12-22 14:47:46+00:00 [//Ferdie (Consensus)] ✨ Imported #908 (0x0148…a8b6)    
2023-12-22 14:47:46+00:00 [//Alice (DomainId(0))] acknowledgement_sender_stream tag="Import block #908"
2023-12-22 14:47:46+00:00 [//Alice (DomainId(0))] 📦 Claimed bundle at slot 909
2023-12-22 14:47:46+00:00 [//Alice (DomainId(0))] 🔖 Producing bundle at slot Slot(909)
2023-12-22 14:47:46+00:00 [//Alice (DomainId(0))] Submitted bundle from slot 909, extrinsics: 0    
2023-12-22 14:47:46+00:00 [//Alice (DomainId(0))] acknowledgement_sender_stream tag="New slot Slot(909)"
2023-12-22 14:47:46+00:00 [Ferdie] 🎁 Prepared block for proposing at 909 (9 ms) [hash: 0xf4de84d08c920c1e0f47124d7e6295d5dbd65c5892397ef5aeccb0e153b76963; parent_hash: 0x0148…a8b6; extrinsics (2): [0x8cc2…8359, 0x0ab6…4d88]]
2023-12-22 14:47:46+00:00 [//Ferdie (Consensus)] ✨ Imported #909 (0xf4de…6963)    
2023-12-22 14:47:46+00:00 [//Alice (DomainId(0))] ✨ Imported #454 (0xdc78…0915)    
2023-12-22 14:47:46+00:00 [//Alice (DomainId(0))] acknowledgement_sender_stream tag="Import block #909"
2023-12-22 14:47:46+00:00 [Ferdie] 🎁 Prepared block for proposing at 910 (5 ms) [hash: 0x8b248d20eab300c4bc77ae7d95016d952dc3beac252d7b65ef5e83bcd7e70fc7; parent_hash: 0xf4de…6963; extrinsics (1): [0x4969…4fc8]]
2023-12-22 14:47:46+00:00 [//Ferdie (Consensus)] ✨ Imported #910 (0x8b24…0fc7)    
2023-12-22 14:47:46+00:00 [//Alice (DomainId(0))] acknowledgement_sender_stream tag="Import block #910"
2023-12-22 14:47:46+00:00 [//Alice (DomainId(0))] 📦 Claimed bundle at slot 911
2023-12-22 14:47:46+00:00 [//Alice (DomainId(0))] 🔖 Producing bundle at slot Slot(911)
2023-12-22 14:47:46+00:00 [//Alice (DomainId(0))] Submitted bundle from slot 911, extrinsics: 0    
2023-12-22 14:47:46+00:00 [//Alice (DomainId(0))] acknowledgement_sender_stream tag="New slot Slot(911)"
2023-12-22 14:47:46+00:00 [Ferdie] 🎁 Prepared block for proposing at 911 (9 ms) [hash: 0xdea729cbf2b8ae24158c3842e2a325f53f001575f2a5a76d8e53b8b9c3b08f72; parent_hash: 0x8b24…0fc7; extrinsics (2): [0x82b6…4959, 0x3ada…febc]]
2023-12-22 14:47:46+00:00 [//Ferdie (Consensus)] ✨ Imported #911 (0xdea7…8f72)    
2023-12-22 14:47:46+00:00 [//Alice (DomainId(0))] acknowledgement_sender_stream tag="Import block #911"
2023-12-22 14:47:46+00:00 [//Alice (DomainId(0))] ✨ Imported #455 (0x593d…faf5)    
2023-12-22 14:47:46+00:00 [Ferdie] 🎁 Prepared block for proposing at 912 (5 ms) [hash: 0x9980a828892d2c827425a68ea0be3b877983f2dc9daaec9b482f2d47e00ad096; parent_hash: 0xdea7…8f72; extrinsics (1): [0x4b85…3975]]
2023-12-22 14:47:46+00:00 [//Ferdie (Consensus)] ✨ Imported #912 (0x9980…d096)    
2023-12-22 14:47:47+00:00 [//Alice (DomainId(0))] acknowledgement_sender_stream tag="Import block #912"
2023-12-22 14:47:47+00:00 [//Alice (DomainId(0))] 📦 Claimed bundle at slot 913
2023-12-22 14:47:47+00:00 [//Alice (DomainId(0))] 🔖 Producing bundle at slot Slot(913)
2023-12-22 14:47:47+00:00 [//Alice (DomainId(0))] Submitted bundle from slot 913, extrinsics: 0    
2023-12-22 14:47:47+00:00 [//Alice (DomainId(0))] acknowledgement_sender_stream tag="New slot Slot(913)"
2023-12-22 14:47:47+00:00 [Ferdie] 🎁 Prepared block for proposing at 913 (9 ms) [hash: 0x457d1574fafd7afdeb533d7bab417c5182970653ba315104a4dcfa1efd21caaf; parent_hash: 0x9980…d096; extrinsics (2): [0xdc96…461d, 0x5f8a…24fd]]
2023-12-22 14:47:47+00:00 [//Ferdie (Consensus)] ✨ Imported #913 (0x457d…caaf)    
2023-12-22 14:47:47+00:00 [//Alice (DomainId(0))] ✨ Imported #456 (0x80cb…0dbf)    
2023-12-22 14:47:47+00:00 [//Alice (DomainId(0))] acknowledgement_sender_stream tag="Import block #913"
2023-12-22 14:47:47+00:00 [Ferdie] 🎁 Prepared block for proposing at 914 (5 ms) [hash: 0x07c0f0a85f15ed119f16ab7abc4e5f2ea50d5f4bcf331c7c8165705402d5aaea; parent_hash: 0x457d…caaf; extrinsics (1): [0x7625…82ec]]
2023-12-22 14:47:47+00:00 [//Ferdie (Consensus)] ✨ Imported #914 (0x07c0…aaea)    
2023-12-22 14:47:47+00:00 [//Alice (DomainId(0))] acknowledgement_sender_stream tag="Import block #914"
2023-12-22 14:47:47+00:00 [//Alice (DomainId(0))] 📦 Claimed bundle at slot 915
2023-12-22 14:47:47+00:00 [//Alice (DomainId(0))] 🔖 Producing bundle at slot Slot(915)
2023-12-22 14:47:47+00:00 [//Alice (DomainId(0))] Submitted bundle from slot 915, extrinsics: 0    
2023-12-22 14:47:47+00:00 [//Alice (DomainId(0))] acknowledgement_sender_stream tag="New slot Slot(915)"
2023-12-22 14:47:47+00:00 [Ferdie] 🎁 Prepared block for proposing at 915 (9 ms) [hash: 0xd1d31020b8d9bda214894ea41c8a5b4c7c0039ac34f18160503476852ab8408e; parent_hash: 0x07c0…aaea; extrinsics (2): [0x770f…3b40, 0x49e5…8a24]]
2023-12-22 14:47:47+00:00 [//Ferdie (Consensus)] ✨ Imported #915 (0xd1d3…408e)    
2023-12-22 14:47:47+00:00 [//Alice (DomainId(0))] ✨ Imported #457 (0x5061…c5cd)    
2023-12-22 14:47:47+00:00 [//Alice (DomainId(0))] acknowledgement_sender_stream tag="Import block #915"
2023-12-22 14:47:47+00:00 [Ferdie] 🎁 Prepared block for proposing at 916 (5 ms) [hash: 0x497ba6f251f3b8a21bd9e5d4a2de34555451af2d4919092546222d2d95f2e708; parent_hash: 0xd1d3…408e; extrinsics (1): [0xbfe4…8e2a]]
2023-12-22 14:47:47+00:00 [//Ferdie (Consensus)] ✨ Imported #916 (0x497b…e708)    
2023-12-22 14:47:47+00:00 [//Alice (DomainId(0))] acknowledgement_sender_stream tag="Import block #916"
2023-12-22 14:47:47+00:00 [//Alice (DomainId(0))] 📦 Claimed bundle at slot 917
2023-12-22 14:47:47+00:00 [//Alice (DomainId(0))] 🔖 Producing bundle at slot Slot(917)
2023-12-22 14:47:47+00:00 [//Alice (DomainId(0))] Submitted bundle from slot 917, extrinsics: 0    
2023-12-22 14:47:47+00:00 [//Alice (DomainId(0))] acknowledgement_sender_stream tag="New slot Slot(917)"
2023-12-22 14:47:47+00:00 [Ferdie] 🎁 Prepared block for proposing at 917 (9 ms) [hash: 0x8097db1fe6b1935c1bd07cfb23bdffed82e5ebb7cfc8c85ed2244292cb84cfab; parent_hash: 0x497b…e708; extrinsics (2): [0xe701…446d, 0xea4a…f6a9]]
2023-12-22 14:47:47+00:00 [//Ferdie (Consensus)] ✨ Imported #917 (0x8097…cfab)    
2023-12-22 14:47:47+00:00 [//Alice (DomainId(0))] acknowledgement_sender_stream tag="Import block #917"
2023-12-22 14:47:47+00:00 [Ferdie] 🎁 Prepared block for proposing at 918 (5 ms) [hash: 0xfe388cb54a8cce0f234dc04b832dd6a44b2333c1de1ee7e0505bd2b8bb29bc87; parent_hash: 0x8097…cfab; extrinsics (1): [0x9e8f…5104]]
2023-12-22 14:47:47+00:00 [//Alice (DomainId(0))] ✨ Imported #458 (0xdce4…20b2)    
2023-12-22 14:47:47+00:00 [//Ferdie (Consensus)] ✨ Imported #918 (0xfe38…bc87)    
2023-12-22 14:47:47+00:00 [//Alice (DomainId(0))] acknowledgement_sender_stream tag="Import block #918"
2023-12-22 14:47:47+00:00 [//Alice (DomainId(0))] 📦 Claimed bundle at slot 919
2023-12-22 14:47:47+00:00 [//Alice (DomainId(0))] 🔖 Producing bundle at slot Slot(919)
2023-12-22 14:47:47+00:00 [//Alice (DomainId(0))] Submitted bundle from slot 919, extrinsics: 0    
2023-12-22 14:47:47+00:00 [//Alice (DomainId(0))] acknowledgement_sender_stream tag="New slot Slot(919)"
2023-12-22 14:47:47+00:00 [Ferdie] 🎁 Prepared block for proposing at 919 (9 ms) [hash: 0x9cb370e13726243e8b3f97e5cb83f899f66aa47eacedef2084a8a8a264314071; parent_hash: 0xfe38…bc87; extrinsics (2): [0x42bb…86e2, 0xf85c…34ca]]
2023-12-22 14:47:47+00:00 [//Ferdie (Consensus)] ✨ Imported #919 (0x9cb3…4071)    
2023-12-22 14:47:47+00:00 [//Alice (DomainId(0))] ✨ Imported #459 (0x9dcf…a9f7)    
2023-12-22 14:47:47+00:00 [//Alice (DomainId(0))] acknowledgement_sender_stream tag="Import block #919"
2023-12-22 14:47:47+00:00 [Ferdie] 🎁 Prepared block for proposing at 920 (5 ms) [hash: 0xcb98c345fff7739c6441121f8b2af7a1ba9e591a574cfd4449b62e0096c31ae4; parent_hash: 0x9cb3…4071; extrinsics (1): [0x97ab…6751]]
2023-12-22 14:47:47+00:00 [//Ferdie (Consensus)] ✨ Imported #920 (0xcb98…1ae4)    
2023-12-22 14:47:47+00:00 [//Alice (DomainId(0))] acknowledgement_sender_stream tag="Import block #920"
2023-12-22 14:47:47+00:00 [//Alice (DomainId(0))] 📦 Claimed bundle at slot 921
2023-12-22 14:47:47+00:00 [//Alice (DomainId(0))] 🔖 Producing bundle at slot Slot(921)
2023-12-22 14:47:47+00:00 [//Alice (DomainId(0))] Submitted bundle from slot 921, extrinsics: 0    
2023-12-22 14:47:47+00:00 [//Alice (DomainId(0))] acknowledgement_sender_stream tag="New slot Slot(921)"
2023-12-22 14:47:47+00:00 [Ferdie] 🎁 Prepared block for proposing at 921 (9 ms) [hash: 0x96bde8b93f6a2f4f5bd2c0c2912ce12c3eac7a567d26a4aff7ca52537a86e73f; parent_hash: 0xcb98…1ae4; extrinsics (2): [0xcc8f…9032, 0x9b38…39f0]]
2023-12-22 14:47:47+00:00 [//Ferdie (Consensus)] ✨ Imported #921 (0x96bd…e73f)    
2023-12-22 14:47:47+00:00 [//Alice (DomainId(0))] ✨ Imported #460 (0xaf90…bed9)    
2023-12-22 14:47:47+00:00 [//Alice (DomainId(0))] acknowledgement_sender_stream tag="Import block #921"
2023-12-22 14:47:47+00:00 [Ferdie] 🎁 Prepared block for proposing at 922 (5 ms) [hash: 0x02276d605a76bd4ab4e83d57cf93212b3e537827a5eeb3510da815c141ed8677; parent_hash: 0x96bd…e73f; extrinsics (1): [0x0c16…d4c4]]
2023-12-22 14:47:47+00:00 [//Ferdie (Consensus)] ✨ Imported #922 (0x0227…8677)    
2023-12-22 14:47:47+00:00 [//Alice (DomainId(0))] acknowledgement_sender_stream tag="Import block #922"
2023-12-22 14:47:47+00:00 [//Alice (DomainId(0))] 📦 Claimed bundle at slot 923
2023-12-22 14:47:47+00:00 [//Alice (DomainId(0))] 🔖 Producing bundle at slot Slot(923)
2023-12-22 14:47:47+00:00 [//Alice (DomainId(0))] Submitted bundle from slot 923, extrinsics: 0    
2023-12-22 14:47:47+00:00 [//Alice (DomainId(0))] acknowledgement_sender_stream tag="New slot Slot(923)"
2023-12-22 14:47:47+00:00 [Ferdie] 🎁 Prepared block for proposing at 923 (9 ms) [hash: 0xf920c0384baf58b29c9b0c810a4b1ef7e7e51f3d245486250c20b606b1338ad4; parent_hash: 0x0227…8677; extrinsics (2): [0x72a6…f7ee, 0x030f…30a2]]
2023-12-22 14:47:47+00:00 [//Ferdie (Consensus)] ✨ Imported #923 (0xf920…8ad4)    
2023-12-22 14:47:47+00:00 [//Alice (DomainId(0))] acknowledgement_sender_stream tag="Import block #923"
2023-12-22 14:47:47+00:00 [Ferdie] 🎁 Prepared block for proposing at 924 (5 ms) [hash: 0x60ef30fcff46fa984608e4c1636a068a8d1bc045a35ac40aec80b17990401cad; parent_hash: 0xf920…8ad4; extrinsics (1): [0x3c6e…0eb4]]
2023-12-22 14:47:47+00:00 [//Alice (DomainId(0))] ✨ Imported #461 (0x203f…9499)    
2023-12-22 14:47:47+00:00 [//Ferdie (Consensus)] ✨ Imported #924 (0x60ef…1cad)    
2023-12-22 14:47:47+00:00 [//Alice (DomainId(0))] acknowledgement_sender_stream tag="Import block #924"
2023-12-22 14:47:47+00:00 [//Alice (DomainId(0))] 📦 Claimed bundle at slot 925
2023-12-22 14:47:47+00:00 [//Alice (DomainId(0))] 🔖 Producing bundle at slot Slot(925)
2023-12-22 14:47:47+00:00 [//Alice (DomainId(0))] Submitted bundle from slot 925, extrinsics: 0    
2023-12-22 14:47:47+00:00 [//Alice (DomainId(0))] acknowledgement_sender_stream tag="New slot Slot(925)"
2023-12-22 14:47:47+00:00 [Ferdie] 🎁 Prepared block for proposing at 925 (9 ms) [hash: 0x9a851a770bb09c97e59c4046c3a9c72c0cd0848025643f2e4db01206e284d7bd; parent_hash: 0x60ef…1cad; extrinsics (2): [0xe97e…51f9, 0x5077…c95d]]
2023-12-22 14:47:47+00:00 [//Ferdie (Consensus)] ✨ Imported #925 (0x9a85…d7bd)    
2023-12-22 14:47:47+00:00 [//Alice (DomainId(0))] ✨ Imported #462 (0x1f3d…b91b)    
2023-12-22 14:47:47+00:00 [//Alice (DomainId(0))] acknowledgement_sender_stream tag="Import block #925"
2023-12-22 14:47:47+00:00 [Ferdie] 🎁 Prepared block for proposing at 926 (5 ms) [hash: 0xdfcd64c3c310b74809a0f67ef7f12ef37e14919c12f112168502d77d0bc8890e; parent_hash: 0x9a85…d7bd; extrinsics (1): [0x6266…ba6d]]
2023-12-22 14:47:47+00:00 [//Ferdie (Consensus)] ✨ Imported #926 (0xdfcd…890e)    
2023-12-22 14:47:47+00:00 [//Alice (DomainId(0))] acknowledgement_sender_stream tag="Import block #926"
2023-12-22 14:47:47+00:00 [//Alice (DomainId(0))] 📦 Claimed bundle at slot 927
2023-12-22 14:47:48+00:00 [//Alice (DomainId(0))] 🔖 Producing bundle at slot Slot(927)
2023-12-22 14:47:48+00:00 [//Alice (DomainId(0))] Submitted bundle from slot 927, extrinsics: 0    
2023-12-22 14:47:48+00:00 [//Alice (DomainId(0))] acknowledgement_sender_stream tag="New slot Slot(927)"
2023-12-22 14:47:48+00:00 [Ferdie] 🎁 Prepared block for proposing at 927 (9 ms) [hash: 0xc7023d1a3ec71373e059bfc4a3254bbce627410518a123989fab26ab08f82cbf; parent_hash: 0xdfcd…890e; extrinsics (2): [0x2cd8…d1e4, 0x7740…0766]]
2023-12-22 14:47:48+00:00 [//Ferdie (Consensus)] ✨ Imported #927 (0xc702…2cbf)    
2023-12-22 14:47:48+00:00 [//Alice (DomainId(0))] ✨ Imported #463 (0x4fc2…f758)    
2023-12-22 14:47:48+00:00 [//Alice (DomainId(0))] acknowledgement_sender_stream tag="Import block #927"
2023-12-22 14:47:48+00:00 [Ferdie] 🎁 Prepared block for proposing at 928 (5 ms) [hash: 0x2c4f85eb49b46e467f4307fd7ac8311a2464d7fce6da909076abe708977d4c6d; parent_hash: 0xc702…2cbf; extrinsics (1): [0xf6a9…f5cb]]
2023-12-22 14:47:48+00:00 [//Ferdie (Consensus)] ✨ Imported #928 (0x2c4f…4c6d)    
2023-12-22 14:47:48+00:00 [//Alice (DomainId(0))] acknowledgement_sender_stream tag="Import block #928"
2023-12-22 14:47:48+00:00 [//Alice (DomainId(0))] 📦 Claimed bundle at slot 929
2023-12-22 14:47:48+00:00 [//Alice (DomainId(0))] 🔖 Producing bundle at slot Slot(929)
2023-12-22 14:47:48+00:00 [//Alice (DomainId(0))] Submitted bundle from slot 929, extrinsics: 0    
2023-12-22 14:47:48+00:00 [//Alice (DomainId(0))] acknowledgement_sender_stream tag="New slot Slot(929)"
2023-12-22 14:47:48+00:00 [Ferdie] 🎁 Prepared block for proposing at 929 (9 ms) [hash: 0x0beb3b3e35f4c385e8ea7b8d444383394f4068b855eeca3de499851458a67ab9; parent_hash: 0x2c4f…4c6d; extrinsics (2): [0x0e7b…0f1d, 0xfd53…7945]]
2023-12-22 14:47:48+00:00 [//Ferdie (Consensus)] ✨ Imported #929 (0x0beb…7ab9)    
2023-12-22 14:47:48+00:00 [//Alice (DomainId(0))] ✨ Imported #464 (0xe3c1…f09f)    
2023-12-22 14:47:48+00:00 [//Alice (DomainId(0))] acknowledgement_sender_stream tag="Import block #929"
2023-12-22 14:47:48+00:00 [Ferdie] 🎁 Prepared block for proposing at 930 (5 ms) [hash: 0x2860b929a363ce233cd92c842b9da37823fa66bbccde89d33ef2e3d1ffb2b1f0; parent_hash: 0x0beb…7ab9; extrinsics (1): [0x3912…7e65]]
2023-12-22 14:47:48+00:00 [//Ferdie (Consensus)] ✨ Imported #930 (0x2860…b1f0)    
2023-12-22 14:47:48+00:00 [//Alice (DomainId(0))] acknowledgement_sender_stream tag="Import block #930"
2023-12-22 14:47:48+00:00 [//Alice (DomainId(0))] 📦 Claimed bundle at slot 931
2023-12-22 14:47:48+00:00 [//Alice (DomainId(0))] 🔖 Producing bundle at slot Slot(931)
2023-12-22 14:47:48+00:00 [//Alice (DomainId(0))] Submitted bundle from slot 931, extrinsics: 0    
2023-12-22 14:47:48+00:00 [//Alice (DomainId(0))] acknowledgement_sender_stream tag="New slot Slot(931)"
2023-12-22 14:47:48+00:00 [Ferdie] 🎁 Prepared block for proposing at 931 (9 ms) [hash: 0x913a4380128f42b3ae4bb7b063dbf6a5d8bcd8ce1c7f955271cc7e1b42237e40; parent_hash: 0x2860…b1f0; extrinsics (2): [0x39bd…5d97, 0xf29d…9e15]]
2023-12-22 14:47:48+00:00 [//Ferdie (Consensus)] ✨ Imported #931 (0x913a…7e40)    
2023-12-22 14:47:48+00:00 [//Alice (DomainId(0))] ✨ Imported #465 (0x4d6c…c1f9)    
2023-12-22 14:47:48+00:00 [//Alice (DomainId(0))] acknowledgement_sender_stream tag="Import block #931"
2023-12-22 14:47:48+00:00 [Ferdie] 🎁 Prepared block for proposing at 932 (5 ms) [hash: 0x70aaf9b7234cbad7e014a9a63ffda0a11e7cf55605c13692b23621bbc7ee512d; parent_hash: 0x913a…7e40; extrinsics (1): [0x6dab…a245]]
2023-12-22 14:47:48+00:00 [//Ferdie (Consensus)] ✨ Imported #932 (0x70aa…512d)    
2023-12-22 14:47:48+00:00 [//Alice (DomainId(0))] acknowledgement_sender_stream tag="Import block #932"
2023-12-22 14:47:48+00:00 [//Alice (DomainId(0))] 📦 Claimed bundle at slot 933
2023-12-22 14:47:48+00:00 [//Alice (DomainId(0))] 🔖 Producing bundle at slot Slot(933)
2023-12-22 14:47:48+00:00 [//Alice (DomainId(0))] Submitted bundle from slot 933, extrinsics: 0    
2023-12-22 14:47:48+00:00 [//Alice (DomainId(0))] acknowledgement_sender_stream tag="New slot Slot(933)"
2023-12-22 14:47:48+00:00 [Ferdie] 🎁 Prepared block for proposing at 933 (9 ms) [hash: 0x37c4d2c594001f0ae326aacc94c6cfda6371df0434d1ba8c8041f285cda72a84; parent_hash: 0x70aa…512d; extrinsics (2): [0x49fa…6bf9, 0x2c5e…c76a]]
2023-12-22 14:47:48+00:00 [//Ferdie (Consensus)] ✨ Imported #933 (0x37c4…2a84)    
2023-12-22 14:47:48+00:00 [//Alice (DomainId(0))] ✨ Imported #466 (0x0e1c…3b86)    
2023-12-22 14:47:48+00:00 [//Alice (DomainId(0))] acknowledgement_sender_stream tag="Import block #933"
2023-12-22 14:47:48+00:00 [Ferdie] 🎁 Prepared block for proposing at 934 (5 ms) [hash: 0x55c3fcc59b57a360236fe88923f5e318bdc42b3432ebab1b84f377b055da36ff; parent_hash: 0x37c4…2a84; extrinsics (1): [0x4fd4…d08c]]
2023-12-22 14:47:48+00:00 [//Ferdie (Consensus)] ✨ Imported #934 (0x55c3…36ff)    
2023-12-22 14:47:48+00:00 [//Alice (DomainId(0))] acknowledgement_sender_stream tag="Import block #934"
2023-12-22 14:47:48+00:00 [//Alice (DomainId(0))] 📦 Claimed bundle at slot 935
2023-12-22 14:47:48+00:00 [//Alice (DomainId(0))] 🔖 Producing bundle at slot Slot(935)
2023-12-22 14:47:48+00:00 [//Alice (DomainId(0))] Submitted bundle from slot 935, extrinsics: 0    
2023-12-22 14:47:48+00:00 [//Alice (DomainId(0))] acknowledgement_sender_stream tag="New slot Slot(935)"
2023-12-22 14:47:48+00:00 [Ferdie] 🎁 Prepared block for proposing at 935 (9 ms) [hash: 0xeb458e35eea675c298d3e719b820af585042a04098d07c3d2626a9eb54555611; parent_hash: 0x55c3…36ff; extrinsics (2): [0x2c79…7851, 0xeaa1…4c47]]
2023-12-22 14:47:48+00:00 [//Ferdie (Consensus)] ✨ Imported #935 (0xeb45…5611)    
2023-12-22 14:47:48+00:00 [//Alice (DomainId(0))] ✨ Imported #467 (0xa3cd…a97a)    
2023-12-22 14:47:48+00:00 [//Alice (DomainId(0))] acknowledgement_sender_stream tag="Import block #935"
2023-12-22 14:47:48+00:00 [Ferdie] 🎁 Prepared block for proposing at 936 (5 ms) [hash: 0xf5449e996c5f600817c9ea2290f98e17ff2885de76312dc543b2a86abb27c3b9; parent_hash: 0xeb45…5611; extrinsics (1): [0xb3d9…4b99]]
2023-12-22 14:47:48+00:00 [//Ferdie (Consensus)] ✨ Imported #936 (0xf544…c3b9)    
2023-12-22 14:47:48+00:00 [//Alice (DomainId(0))] acknowledgement_sender_stream tag="Import block #936"
2023-12-22 14:47:48+00:00 [//Alice (DomainId(0))] 📦 Claimed bundle at slot 937
2023-12-22 14:47:48+00:00 [//Alice (DomainId(0))] 🔖 Producing bundle at slot Slot(937)
2023-12-22 14:47:48+00:00 [//Alice (DomainId(0))] Submitted bundle from slot 937, extrinsics: 0    
2023-12-22 14:47:48+00:00 [//Alice (DomainId(0))] acknowledgement_sender_stream tag="New slot Slot(937)"
2023-12-22 14:47:48+00:00 [Ferdie] 🎁 Prepared block for proposing at 937 (9 ms) [hash: 0xae61c76d9f9260fbda6793a269f23c4d8094322e67b876d48b80da62a54f2612; parent_hash: 0xf544…c3b9; extrinsics (2): [0x0607…7aaa, 0x23dd…80c9]]
2023-12-22 14:47:48+00:00 [//Ferdie (Consensus)] ✨ Imported #937 (0xae61…2612)    
2023-12-22 14:47:48+00:00 [//Alice (DomainId(0))] ✨ Imported #468 (0x1585…853e)    
2023-12-22 14:47:48+00:00 [//Alice (DomainId(0))] acknowledgement_sender_stream tag="Import block #937"
2023-12-22 14:47:48+00:00 [Ferdie] 🎁 Prepared block for proposing at 938 (5 ms) [hash: 0xde9a32c3cfc9bf73ee3932da0760259559cb948f7fc7641c026e049903445afe; parent_hash: 0xae61…2612; extrinsics (1): [0x4e51…1030]]
2023-12-22 14:47:48+00:00 [//Ferdie (Consensus)] ✨ Imported #938 (0xde9a…5afe)    
2023-12-22 14:47:48+00:00 [//Alice (DomainId(0))] acknowledgement_sender_stream tag="Import block #938"
2023-12-22 14:47:48+00:00 [//Alice (DomainId(0))] 📦 Claimed bundle at slot 939
2023-12-22 14:47:48+00:00 [//Alice (DomainId(0))] 🔖 Producing bundle at slot Slot(939)
2023-12-22 14:47:48+00:00 [//Alice (DomainId(0))] Submitted bundle from slot 939, extrinsics: 0    
2023-12-22 14:47:48+00:00 [//Alice (DomainId(0))] acknowledgement_sender_stream tag="New slot Slot(939)"
2023-12-22 14:47:48+00:00 [Ferdie] 🎁 Prepared block for proposing at 939 (9 ms) [hash: 0xf6327de90215ded028ff80046e56b964bad7979cd9fd4d9a68d1be904bcdf34b; parent_hash: 0xde9a…5afe; extrinsics (2): [0x6ab9…857a, 0xd20f…7fd2]]
2023-12-22 14:47:48+00:00 [//Ferdie (Consensus)] ✨ Imported #939 (0xf632…f34b)    
2023-12-22 14:47:48+00:00 [//Alice (DomainId(0))] ✨ Imported #469 (0x9d9d…4788)    
2023-12-22 14:47:48+00:00 [//Alice (DomainId(0))] acknowledgement_sender_stream tag="Import block #939"
2023-12-22 14:47:48+00:00 [Ferdie] 🎁 Prepared block for proposing at 940 (5 ms) [hash: 0x4c123ab30ef02375034b196f5d1110777beb8cd56c4185d5efdf59c360f20986; parent_hash: 0xf632…f34b; extrinsics (1): [0x3631…3d3f]]
2023-12-22 14:47:48+00:00 [//Ferdie (Consensus)] ✨ Imported #940 (0x4c12…0986)    
2023-12-22 14:47:48+00:00 [//Alice (DomainId(0))] acknowledgement_sender_stream tag="Import block #940"
2023-12-22 14:47:48+00:00 [//Alice (DomainId(0))] 📦 Claimed bundle at slot 941
2023-12-22 14:47:48+00:00 [//Alice (DomainId(0))] 🔖 Producing bundle at slot Slot(941)
2023-12-22 14:47:48+00:00 [//Alice (DomainId(0))] Submitted bundle from slot 941, extrinsics: 0    
2023-12-22 14:47:48+00:00 [//Alice (DomainId(0))] acknowledgement_sender_stream tag="New slot Slot(941)"
2023-12-22 14:47:48+00:00 [Ferdie] 🎁 Prepared block for proposing at 941 (9 ms) [hash: 0x5b95cbff208352502103fe4f206fd8bc50273bc5cd7d3a98c5210e13ccc9aca4; parent_hash: 0x4c12…0986; extrinsics (2): [0x71ee…8ed5, 0xce4a…cd1c]]
2023-12-22 14:47:48+00:00 [//Ferdie (Consensus)] ✨ Imported #941 (0x5b95…aca4)    
2023-12-22 14:47:48+00:00 [//Alice (DomainId(0))] ✨ Imported #470 (0x5fe3…f2ab)    
2023-12-22 14:47:48+00:00 [//Alice (DomainId(0))] acknowledgement_sender_stream tag="Import block #941"
2023-12-22 14:47:48+00:00 [Ferdie] 🎁 Prepared block for proposing at 942 (5 ms) [hash: 0x50fec03a45c3f540030fd87894d0cfffa01595ccc8412d603e06095fbb410bc3; parent_hash: 0x5b95…aca4; extrinsics (1): [0x3adb…154d]]
2023-12-22 14:47:48+00:00 [//Ferdie (Consensus)] ✨ Imported #942 (0x50fe…0bc3)    
2023-12-22 14:47:48+00:00 [//Alice (DomainId(0))] acknowledgement_sender_stream tag="Import block #942"
2023-12-22 14:47:48+00:00 [//Alice (DomainId(0))] 📦 Claimed bundle at slot 943
2023-12-22 14:47:48+00:00 [//Alice (DomainId(0))] 🔖 Producing bundle at slot Slot(943)
2023-12-22 14:47:48+00:00 [//Alice (DomainId(0))] Submitted bundle from slot 943, extrinsics: 0    
2023-12-22 14:47:48+00:00 [//Alice (DomainId(0))] acknowledgement_sender_stream tag="New slot Slot(943)"
2023-12-22 14:47:48+00:00 [Ferdie] 🎁 Prepared block for proposing at 943 (9 ms) [hash: 0x014925d3e6be7be6c84214b3bdb6d802ae20ea45456cc53ac7ad0a86639c576f; parent_hash: 0x50fe…0bc3; extrinsics (2): [0x7680…719d, 0x688c…899f]]
2023-12-22 14:47:48+00:00 [//Ferdie (Consensus)] ✨ Imported #943 (0x0149…576f)    
2023-12-22 14:47:48+00:00 [//Alice (DomainId(0))] ✨ Imported #471 (0xcc20…079c)    
2023-12-22 14:47:48+00:00 [//Alice (DomainId(0))] acknowledgement_sender_stream tag="Import block #943"
2023-12-22 14:47:48+00:00 [Ferdie] 🎁 Prepared block for proposing at 944 (5 ms) [hash: 0x952157dae105d7bd3266f51cab48fedd091c1a4236d8256a94781f2ec70bf3c6; parent_hash: 0x0149…576f; extrinsics (1): [0x4d70…bc8f]]
2023-12-22 14:47:48+00:00 [//Ferdie (Consensus)] ✨ Imported #944 (0x9521…f3c6)    
2023-12-22 14:47:48+00:00 [//Alice (DomainId(0))] acknowledgement_sender_stream tag="Import block #944"
2023-12-22 14:47:48+00:00 [//Alice (DomainId(0))] 📦 Claimed bundle at slot 945
2023-12-22 14:47:48+00:00 [//Alice (DomainId(0))] 🔖 Producing bundle at slot Slot(945)
2023-12-22 14:47:48+00:00 [//Alice (DomainId(0))] Submitted bundle from slot 945, extrinsics: 0    
2023-12-22 14:47:48+00:00 [//Alice (DomainId(0))] acknowledgement_sender_stream tag="New slot Slot(945)"
2023-12-22 14:47:48+00:00 [Ferdie] 🎁 Prepared block for proposing at 945 (9 ms) [hash: 0x6482fe2d2d3ac51fe36ef3e1e719ac519ea4161472d84ab07f4beb1498a0206a; parent_hash: 0x9521…f3c6; extrinsics (2): [0x75e1…e8f6, 0x453b…8ad0]]
2023-12-22 14:47:48+00:00 [//Ferdie (Consensus)] ✨ Imported #945 (0x6482…206a)    
2023-12-22 14:47:48+00:00 [//Alice (DomainId(0))] ✨ Imported #472 (0x2ca0…ad2c)    
2023-12-22 14:47:48+00:00 [//Alice (DomainId(0))] acknowledgement_sender_stream tag="Import block #945"
2023-12-22 14:47:48+00:00 [Ferdie] 🎁 Prepared block for proposing at 946 (5 ms) [hash: 0xbaa5872ae6f2444a0e5cd22b1639164de023767bf3f81262444436b7efe428d6; parent_hash: 0x6482…206a; extrinsics (1): [0x1da1…af9c]]
2023-12-22 14:47:48+00:00 [//Ferdie (Consensus)] ✨ Imported #946 (0xbaa5…28d6)    
2023-12-22 14:47:48+00:00 [//Alice (DomainId(0))] acknowledgement_sender_stream tag="Import block #946"
2023-12-22 14:47:48+00:00 [//Alice (DomainId(0))] 📦 Claimed bundle at slot 947
2023-12-22 14:47:48+00:00 [//Alice (DomainId(0))] 🔖 Producing bundle at slot Slot(947)
2023-12-22 14:47:48+00:00 [//Alice (DomainId(0))] Submitted bundle from slot 947, extrinsics: 0    
2023-12-22 14:47:48+00:00 [//Alice (DomainId(0))] acknowledgement_sender_stream tag="New slot Slot(947)"
2023-12-22 14:47:48+00:00 [Ferdie] 🎁 Prepared block for proposing at 947 (9 ms) [hash: 0x837466e35093fdec8410287098bbe26b5fde8636b4c1cc9f252cadc6b89401de; parent_hash: 0xbaa5…28d6; extrinsics (2): [0xccbb…de27, 0x615e…f83b]]
2023-12-22 14:47:48+00:00 [//Ferdie (Consensus)] ✨ Imported #947 (0x8374…01de)    
2023-12-22 14:47:48+00:00 [//Alice (DomainId(0))] ✨ Imported #473 (0xed21…76e9)    
2023-12-22 14:47:48+00:00 [//Alice (DomainId(0))] acknowledgement_sender_stream tag="Import block #947"
2023-12-22 14:47:48+00:00 [Ferdie] 🎁 Prepared block for proposing at 948 (5 ms) [hash: 0xa2b1a5e72935da48f7735f4861cdf57a2ea74ffa4e19f5c61b8c095347d72208; parent_hash: 0x8374…01de; extrinsics (1): [0xf35c…7fe6]]
2023-12-22 14:47:48+00:00 [//Ferdie (Consensus)] ✨ Imported #948 (0xa2b1…2208)    
2023-12-22 14:47:48+00:00 [//Alice (DomainId(0))] acknowledgement_sender_stream tag="Import block #948"
2023-12-22 14:47:48+00:00 [//Alice (DomainId(0))] 📦 Claimed bundle at slot 949
2023-12-22 14:47:49+00:00 [//Alice (DomainId(0))] 🔖 Producing bundle at slot Slot(949)
2023-12-22 14:47:49+00:00 [//Alice (DomainId(0))] Submitted bundle from slot 949, extrinsics: 0    
2023-12-22 14:47:49+00:00 [//Alice (DomainId(0))] acknowledgement_sender_stream tag="New slot Slot(949)"
2023-12-22 14:47:49+00:00 [Ferdie] 🎁 Prepared block for proposing at 949 (9 ms) [hash: 0xad5a5164ab561ca822b37bd77b963810941419e3808095c7c3d867f2da27f6ea; parent_hash: 0xa2b1…2208; extrinsics (2): [0xbfb9…2ddc, 0x8f9f…46bb]]
2023-12-22 14:47:49+00:00 [//Ferdie (Consensus)] ✨ Imported #949 (0xad5a…f6ea)    
2023-12-22 14:47:49+00:00 [//Alice (DomainId(0))] ✨ Imported #474 (0xe999…1d28)    
2023-12-22 14:47:49+00:00 [//Alice (DomainId(0))] acknowledgement_sender_stream tag="Import block #949"
2023-12-22 14:47:49+00:00 [Ferdie] 🎁 Prepared block for proposing at 950 (5 ms) [hash: 0x5eb47a0351b0c33aa73d94e676428750b177dcade690e6f116896a626b34dc9e; parent_hash: 0xad5a…f6ea; extrinsics (1): [0xa3ef…4f2a]]
2023-12-22 14:47:49+00:00 [//Ferdie (Consensus)] ✨ Imported #950 (0x5eb4…dc9e)    
2023-12-22 14:47:49+00:00 [//Alice (DomainId(0))] acknowledgement_sender_stream tag="Import block #950"
2023-12-22 14:47:49+00:00 [//Alice (DomainId(0))] 📦 Claimed bundle at slot 951
2023-12-22 14:47:49+00:00 [//Alice (DomainId(0))] 🔖 Producing bundle at slot Slot(951)
2023-12-22 14:47:49+00:00 [//Alice (DomainId(0))] Submitted bundle from slot 951, extrinsics: 0    
2023-12-22 14:47:49+00:00 [//Alice (DomainId(0))] acknowledgement_sender_stream tag="New slot Slot(951)"
2023-12-22 14:47:49+00:00 [Ferdie] 🎁 Prepared block for proposing at 951 (9 ms) [hash: 0xd1d081a75b0a9a0a133a0ded681dc49481af9e4f55e54ff037744e2f7164b7eb; parent_hash: 0x5eb4…dc9e; extrinsics (2): [0x85b3…faee, 0xeaaf…19db]]
2023-12-22 14:47:49+00:00 [//Ferdie (Consensus)] ✨ Imported #951 (0xd1d0…b7eb)    
2023-12-22 14:47:49+00:00 [//Alice (DomainId(0))] ✨ Imported #475 (0xf17a…e179)    
2023-12-22 14:47:49+00:00 [//Alice (DomainId(0))] acknowledgement_sender_stream tag="Import block #951"
2023-12-22 14:47:49+00:00 [Ferdie] 🎁 Prepared block for proposing at 952 (5 ms) [hash: 0x87e7ac8cc50785e659762b386b2ffdb79a4dad0aed5944b3a7a8381273109d35; parent_hash: 0xd1d0…b7eb; extrinsics (1): [0xbf40…6f93]]
2023-12-22 14:47:49+00:00 [//Ferdie (Consensus)] ✨ Imported #952 (0x87e7…9d35)    
2023-12-22 14:47:49+00:00 [//Alice (DomainId(0))] acknowledgement_sender_stream tag="Import block #952"
2023-12-22 14:47:49+00:00 [//Alice (DomainId(0))] 📦 Claimed bundle at slot 953
2023-12-22 14:47:49+00:00 [//Alice (DomainId(0))] 🔖 Producing bundle at slot Slot(953)
2023-12-22 14:47:49+00:00 [//Alice (DomainId(0))] Submitted bundle from slot 953, extrinsics: 0    
2023-12-22 14:47:49+00:00 [//Alice (DomainId(0))] acknowledgement_sender_stream tag="New slot Slot(953)"
2023-12-22 14:47:49+00:00 [Ferdie] 🎁 Prepared block for proposing at 953 (9 ms) [hash: 0x1f3107470224ce531a6fc1dd40b14b86196ed01bba6206a1379d0e1ebd4f6112; parent_hash: 0x87e7…9d35; extrinsics (2): [0xa736…5bea, 0x1745…b44c]]
2023-12-22 14:47:49+00:00 [//Ferdie (Consensus)] ✨ Imported #953 (0x1f31…6112)    
2023-12-22 14:47:49+00:00 [//Alice (DomainId(0))] ✨ Imported #476 (0xc09d…a232)    
2023-12-22 14:47:49+00:00 [//Alice (DomainId(0))] acknowledgement_sender_stream tag="Import block #953"
2023-12-22 14:47:49+00:00 [Ferdie] 🎁 Prepared block for proposing at 954 (5 ms) [hash: 0x1d620eb6d478b1251218a5a44b9aa22f14c799d4d1151e7c23ffd75a434a2dc9; parent_hash: 0x1f31…6112; extrinsics (1): [0xbf6d…6fe8]]
2023-12-22 14:47:49+00:00 [//Ferdie (Consensus)] ✨ Imported #954 (0x1d62…2dc9)    
2023-12-22 14:47:49+00:00 [//Alice (DomainId(0))] acknowledgement_sender_stream tag="Import block #954"
2023-12-22 14:47:49+00:00 [//Alice (DomainId(0))] 📦 Claimed bundle at slot 955
2023-12-22 14:47:49+00:00 [//Alice (DomainId(0))] 🔖 Producing bundle at slot Slot(955)
2023-12-22 14:47:49+00:00 [//Alice (DomainId(0))] Submitted bundle from slot 955, extrinsics: 0    
2023-12-22 14:47:49+00:00 [//Alice (DomainId(0))] acknowledgement_sender_stream tag="New slot Slot(955)"
2023-12-22 14:47:49+00:00 [Ferdie] 🎁 Prepared block for proposing at 955 (9 ms) [hash: 0xda14648ef340c9c0f8cd4e17586d9775da821750cfa66230ea487b557e83e07f; parent_hash: 0x1d62…2dc9; extrinsics (2): [0x9180…6623, 0x54ce…007d]]
2023-12-22 14:47:49+00:00 [//Ferdie (Consensus)] ✨ Imported #955 (0xda14…e07f)    
2023-12-22 14:47:49+00:00 [//Alice (DomainId(0))] ✨ Imported #477 (0x7d39…31dd)    
2023-12-22 14:47:49+00:00 [//Alice (DomainId(0))] acknowledgement_sender_stream tag="Import block #955"
2023-12-22 14:47:49+00:00 [Ferdie] 🎁 Prepared block for proposing at 956 (5 ms) [hash: 0x9c3bff80241af7bf4b6507dded8b974c9c277cceaf565f3d6eaf396ca1733c0f; parent_hash: 0xda14…e07f; extrinsics (1): [0xe419…0b39]]
2023-12-22 14:47:49+00:00 [//Ferdie (Consensus)] ✨ Imported #956 (0x9c3b…3c0f)    
2023-12-22 14:47:49+00:00 [//Alice (DomainId(0))] acknowledgement_sender_stream tag="Import block #956"
2023-12-22 14:47:49+00:00 [//Alice (DomainId(0))] 📦 Claimed bundle at slot 957
2023-12-22 14:47:49+00:00 [//Alice (DomainId(0))] 🔖 Producing bundle at slot Slot(957)
2023-12-22 14:47:49+00:00 [//Alice (DomainId(0))] Submitted bundle from slot 957, extrinsics: 0    
2023-12-22 14:47:49+00:00 [//Alice (DomainId(0))] acknowledgement_sender_stream tag="New slot Slot(957)"
2023-12-22 14:47:49+00:00 [Ferdie] 🎁 Prepared block for proposing at 957 (9 ms) [hash: 0xe960d4183366384256691305549a827b24ed2723b6932eb5a1009cdd92e6e6ec; parent_hash: 0x9c3b…3c0f; extrinsics (2): [0x08ba…9456, 0x895d…504d]]
2023-12-22 14:47:49+00:00 [//Ferdie (Consensus)] ✨ Imported #957 (0xe960…e6ec)    
2023-12-22 14:47:49+00:00 [//Alice (DomainId(0))] ✨ Imported #478 (0xf2d8…aa62)    
2023-12-22 14:47:49+00:00 [//Alice (DomainId(0))] acknowledgement_sender_stream tag="Import block #957"
2023-12-22 14:47:49+00:00 [Ferdie] 🎁 Prepared block for proposing at 958 (5 ms) [hash: 0x206096c8d371944fd1f96bae156e9dcb60407434587b0842191dd69a97741262; parent_hash: 0xe960…e6ec; extrinsics (1): [0x1ac7…ba2f]]
2023-12-22 14:47:49+00:00 [//Ferdie (Consensus)] ✨ Imported #958 (0x2060…1262)    
2023-12-22 14:47:49+00:00 [//Alice (DomainId(0))] acknowledgement_sender_stream tag="Import block #958"
2023-12-22 14:47:49+00:00 [//Alice (DomainId(0))] 📦 Claimed bundle at slot 959
2023-12-22 14:47:49+00:00 [//Alice (DomainId(0))] 🔖 Producing bundle at slot Slot(959)
2023-12-22 14:47:49+00:00 [//Alice (DomainId(0))] Submitted bundle from slot 959, extrinsics: 0    
2023-12-22 14:47:49+00:00 [//Alice (DomainId(0))] acknowledgement_sender_stream tag="New slot Slot(959)"
2023-12-22 14:47:49+00:00 [Ferdie] 🎁 Prepared block for proposing at 959 (9 ms) [hash: 0xcfa2864c78248ff6fcdfb31dec9cadb015980909a4ce4bb9d0224d55de46abc4; parent_hash: 0x2060…1262; extrinsics (2): [0xad19…578f, 0xa314…188a]]
2023-12-22 14:47:49+00:00 [//Ferdie (Consensus)] ✨ Imported #959 (0xcfa2…abc4)    
2023-12-22 14:47:49+00:00 [//Alice (DomainId(0))] ✨ Imported #479 (0x7f0c…7a6e)    
2023-12-22 14:47:49+00:00 [//Alice (DomainId(0))] acknowledgement_sender_stream tag="Import block #959"
2023-12-22 14:47:49+00:00 [Ferdie] 🎁 Prepared block for proposing at 960 (5 ms) [hash: 0xf971e986e2f5431206d4c13198bd314536246b4408da5a53c78e12b60c6e080c; parent_hash: 0xcfa2…abc4; extrinsics (1): [0x6f86…8628]]
2023-12-22 14:47:49+00:00 [//Ferdie (Consensus)] ✨ Imported #960 (0xf971…080c)    
2023-12-22 14:47:49+00:00 [//Alice (DomainId(0))] acknowledgement_sender_stream tag="Import block #960"
2023-12-22 14:47:49+00:00 [//Alice (DomainId(0))] 📦 Claimed bundle at slot 961
2023-12-22 14:47:49+00:00 [//Alice (DomainId(0))] 🔖 Producing bundle at slot Slot(961)
2023-12-22 14:47:49+00:00 [//Alice (DomainId(0))] Submitted bundle from slot 961, extrinsics: 0    
2023-12-22 14:47:49+00:00 [//Alice (DomainId(0))] acknowledgement_sender_stream tag="New slot Slot(961)"
2023-12-22 14:47:49+00:00 [Ferdie] 🎁 Prepared block for proposing at 961 (9 ms) [hash: 0x9714c8aef0aa0d72d0d8612c4a831626f27a9a69d922fa651b18926ea7cb7072; parent_hash: 0xf971…080c; extrinsics (2): [0xf3f2…7b90, 0xfd65…2b5b]]
2023-12-22 14:47:49+00:00 [//Ferdie (Consensus)] ✨ Imported #961 (0x9714…7072)    
2023-12-22 14:47:49+00:00 [//Alice (DomainId(0))] ✨ Imported #480 (0x8439…2441)    
2023-12-22 14:47:49+00:00 [//Alice (DomainId(0))] acknowledgement_sender_stream tag="Import block #961"
2023-12-22 14:47:49+00:00 [Ferdie] 🎁 Prepared block for proposing at 962 (5 ms) [hash: 0xd26d923680bdcb9985f37e33feab42da06e3ac35839098da7172f8215932194c; parent_hash: 0x9714…7072; extrinsics (1): [0xd19e…6558]]
2023-12-22 14:47:49+00:00 [//Ferdie (Consensus)] ✨ Imported #962 (0xd26d…194c)    
2023-12-22 14:47:49+00:00 [//Alice (DomainId(0))] acknowledgement_sender_stream tag="Import block #962"
2023-12-22 14:47:49+00:00 [//Alice (DomainId(0))] 📦 Claimed bundle at slot 963
2023-12-22 14:47:49+00:00 [//Alice (DomainId(0))] 🔖 Producing bundle at slot Slot(963)
2023-12-22 14:47:49+00:00 [//Alice (DomainId(0))] Submitted bundle from slot 963, extrinsics: 0    
2023-12-22 14:47:49+00:00 [//Alice (DomainId(0))] acknowledgement_sender_stream tag="New slot Slot(963)"
2023-12-22 14:47:49+00:00 [Ferdie] 🎁 Prepared block for proposing at 963 (8 ms) [hash: 0xa7bd8ad95ed06551b85f6459f21d928658125ac433832e52fcbf601013f2e745; parent_hash: 0xd26d…194c; extrinsics (2): [0xc97d…9c66, 0x2d53…f5ac]]
2023-12-22 14:47:49+00:00 [//Ferdie (Consensus)] ✨ Imported #963 (0xa7bd…e745)    
2023-12-22 14:47:49+00:00 [//Alice (DomainId(0))] ✨ Imported #481 (0xd565…48c7)    
2023-12-22 14:47:49+00:00 [//Alice (DomainId(0))] acknowledgement_sender_stream tag="Import block #963"
2023-12-22 14:47:49+00:00 [Ferdie] 🎁 Prepared block for proposing at 964 (5 ms) [hash: 0x09d60e2c64bd0f7384bd9c89ac81a30b51457afc1d02e64758102f6a9f9adfcb; parent_hash: 0xa7bd…e745; extrinsics (1): [0x2d67…f817]]
2023-12-22 14:47:49+00:00 [//Ferdie (Consensus)] ✨ Imported #964 (0x09d6…dfcb)    
2023-12-22 14:47:49+00:00 [//Alice (DomainId(0))] acknowledgement_sender_stream tag="Import block #964"
2023-12-22 14:47:49+00:00 [//Alice (DomainId(0))] 📦 Claimed bundle at slot 965
2023-12-22 14:47:49+00:00 [//Alice (DomainId(0))] 🔖 Producing bundle at slot Slot(965)
2023-12-22 14:47:49+00:00 [//Alice (DomainId(0))] Submitted bundle from slot 965, extrinsics: 0    
2023-12-22 14:47:49+00:00 [//Alice (DomainId(0))] acknowledgement_sender_stream tag="New slot Slot(965)"
2023-12-22 14:47:49+00:00 [Ferdie] 🎁 Prepared block for proposing at 965 (9 ms) [hash: 0xbc54708f9658cd1aa9b7753f72797e70056b258990e29237920893c39d627d7d; parent_hash: 0x09d6…dfcb; extrinsics (2): [0xac6f…54fe, 0xc3f8…c824]]
2023-12-22 14:47:49+00:00 [//Ferdie (Consensus)] ✨ Imported #965 (0xbc54…7d7d)    
2023-12-22 14:47:49+00:00 [//Alice (DomainId(0))] ✨ Imported #482 (0x2714…b54a)    
2023-12-22 14:47:49+00:00 [//Alice (DomainId(0))] acknowledgement_sender_stream tag="Import block #965"
2023-12-22 14:47:49+00:00 [Ferdie] 🎁 Prepared block for proposing at 966 (5 ms) [hash: 0x7ffe34e15b1913688c2175da9164405eecd068461b4846f928cc42cb6167360b; parent_hash: 0xbc54…7d7d; extrinsics (1): [0x785e…f99d]]
2023-12-22 14:47:49+00:00 [//Ferdie (Consensus)] ✨ Imported #966 (0x7ffe…360b)    
2023-12-22 14:47:49+00:00 [//Alice (DomainId(0))] acknowledgement_sender_stream tag="Import block #966"
2023-12-22 14:47:49+00:00 [//Alice (DomainId(0))] 📦 Claimed bundle at slot 967
2023-12-22 14:47:49+00:00 [//Alice (DomainId(0))] 🔖 Producing bundle at slot Slot(967)
2023-12-22 14:47:49+00:00 [//Alice (DomainId(0))] Submitted bundle from slot 967, extrinsics: 0    
2023-12-22 14:47:49+00:00 [//Alice (DomainId(0))] acknowledgement_sender_stream tag="New slot Slot(967)"
2023-12-22 14:47:49+00:00 [Ferdie] 🎁 Prepared block for proposing at 967 (9 ms) [hash: 0x12153c265805a972a45ed4c2891861be453f8b0bef343419d39038c44709b9fe; parent_hash: 0x7ffe…360b; extrinsics (2): [0x7b12…0672, 0x07fa…1b78]]
2023-12-22 14:47:49+00:00 [//Ferdie (Consensus)] ✨ Imported #967 (0x1215…b9fe)    
2023-12-22 14:47:49+00:00 [//Alice (DomainId(0))] ✨ Imported #483 (0x333c…22bc)    
2023-12-22 14:47:49+00:00 [//Alice (DomainId(0))] acknowledgement_sender_stream tag="Import block #967"
2023-12-22 14:47:49+00:00 [Ferdie] 🎁 Prepared block for proposing at 968 (6 ms) [hash: 0xe34db127d4c008e2df36c39e30273380013491df26b503118806bcd962fa27d6; parent_hash: 0x1215…b9fe; extrinsics (1): [0x3a29…b5d0]]
2023-12-22 14:47:49+00:00 [//Ferdie (Consensus)] ✨ Imported #968 (0xe34d…27d6)    
2023-12-22 14:47:49+00:00 [//Alice (DomainId(0))] acknowledgement_sender_stream tag="Import block #968"
2023-12-22 14:47:49+00:00 [//Alice (DomainId(0))] 📦 Claimed bundle at slot 969
2023-12-22 14:47:49+00:00 [//Alice (DomainId(0))] 🔖 Producing bundle at slot Slot(969)
2023-12-22 14:47:49+00:00 [//Alice (DomainId(0))] Submitted bundle from slot 969, extrinsics: 0    
2023-12-22 14:47:49+00:00 [//Alice (DomainId(0))] acknowledgement_sender_stream tag="New slot Slot(969)"
2023-12-22 14:47:49+00:00 [Ferdie] 🎁 Prepared block for proposing at 969 (9 ms) [hash: 0x448d09d092eef28cbbc3edd52643421fec4ff67215600bf8189b4695f923d34e; parent_hash: 0xe34d…27d6; extrinsics (2): [0x54be…158b, 0xccd1…2585]]
2023-12-22 14:47:49+00:00 [//Ferdie (Consensus)] ✨ Imported #969 (0x448d…d34e)    
2023-12-22 14:47:49+00:00 [//Alice (DomainId(0))] ✨ Imported #484 (0x47a8…345e)    
2023-12-22 14:47:49+00:00 [//Alice (DomainId(0))] acknowledgement_sender_stream tag="Import block #969"
2023-12-22 14:47:49+00:00 [Ferdie] 🎁 Prepared block for proposing at 970 (5 ms) [hash: 0x4ce581234ed654fbbbceef06f4d8bc64305a056cc17b92b6abfb0ef17a556223; parent_hash: 0x448d…d34e; extrinsics (1): [0xf667…cf57]]
2023-12-22 14:47:49+00:00 [//Ferdie (Consensus)] ✨ Imported #970 (0x4ce5…6223)    
2023-12-22 14:47:49+00:00 [//Alice (DomainId(0))] acknowledgement_sender_stream tag="Import block #970"
2023-12-22 14:47:49+00:00 [//Alice (DomainId(0))] 📦 Claimed bundle at slot 971
2023-12-22 14:47:49+00:00 [//Alice (DomainId(0))] 🔖 Producing bundle at slot Slot(971)
2023-12-22 14:47:49+00:00 [//Alice (DomainId(0))] Submitted bundle from slot 971, extrinsics: 0    
2023-12-22 14:47:49+00:00 [//Alice (DomainId(0))] acknowledgement_sender_stream tag="New slot Slot(971)"
2023-12-22 14:47:49+00:00 [Ferdie] 🎁 Prepared block for proposing at 971 (9 ms) [hash: 0x2e14567eca901467d51fd0d47a0aeb194572d9761c3fb7f2e2cfd55d0b00e026; parent_hash: 0x4ce5…6223; extrinsics (2): [0x3a0a…322d, 0x6cc7…881f]]
2023-12-22 14:47:49+00:00 [//Ferdie (Consensus)] ✨ Imported #971 (0x2e14…e026)    
2023-12-22 14:47:49+00:00 [//Alice (DomainId(0))] ✨ Imported #485 (0x98c6…9dd0)    
2023-12-22 14:47:49+00:00 [//Alice (DomainId(0))] acknowledgement_sender_stream tag="Import block #971"
2023-12-22 14:47:49+00:00 [Ferdie] 🎁 Prepared block for proposing at 972 (6 ms) [hash: 0x6c3eae351290f4e3cae71d71789f97c80d10aa5a800dde99e2c93458d8da564f; parent_hash: 0x2e14…e026; extrinsics (1): [0x137d…2f54]]
2023-12-22 14:47:49+00:00 [//Ferdie (Consensus)] ✨ Imported #972 (0x6c3e…564f)    
2023-12-22 14:47:49+00:00 [//Alice (DomainId(0))] acknowledgement_sender_stream tag="Import block #972"
2023-12-22 14:47:49+00:00 [//Alice (DomainId(0))] 📦 Claimed bundle at slot 973
2023-12-22 14:47:49+00:00 [//Alice (DomainId(0))] 🔖 Producing bundle at slot Slot(973)
2023-12-22 14:47:49+00:00 [//Alice (DomainId(0))] Submitted bundle from slot 973, extrinsics: 0    
2023-12-22 14:47:49+00:00 [//Alice (DomainId(0))] acknowledgement_sender_stream tag="New slot Slot(973)"
2023-12-22 14:47:49+00:00 [//Alice (DomainId(0))] 💤 Idle (0 peers), best: #485 (0x98c6…9dd0), finalized #0 (0x7aea…1834), ⬇ 0 ⬆ 0    
2023-12-22 14:47:49+00:00 [Ferdie] 🎁 Prepared block for proposing at 973 (9 ms) [hash: 0x88197e2ea4353911aa11d06741cd9abcdf06c6dac6cf7f2f0416c5fdb581bf2f; parent_hash: 0x6c3e…564f; extrinsics (2): [0x88d1…3b57, 0x851e…af22]]
2023-12-22 14:47:49+00:00 [//Ferdie (Consensus)] ✨ Imported #973 (0x8819…bf2f)    
2023-12-22 14:47:50+00:00 [//Alice (DomainId(0))] ✨ Imported #486 (0x7ba4…6716)    
2023-12-22 14:47:50+00:00 [//Alice (DomainId(0))] acknowledgement_sender_stream tag="Import block #973"
2023-12-22 14:47:50+00:00 [Ferdie] 🎁 Prepared block for proposing at 974 (6 ms) [hash: 0x686d4af2cafff53f7fa34226730a27cc207443c9f96db3f7ad7e95bff2a7a121; parent_hash: 0x8819…bf2f; extrinsics (1): [0x3b1b…78db]]
2023-12-22 14:47:50+00:00 [//Ferdie (Consensus)] ✨ Imported #974 (0x686d…a121)    
2023-12-22 14:47:50+00:00 [//Alice (DomainId(0))] acknowledgement_sender_stream tag="Import block #974"
2023-12-22 14:47:50+00:00 [//Alice (DomainId(0))] 📦 Claimed bundle at slot 975
2023-12-22 14:47:50+00:00 [//Alice (DomainId(0))] 🔖 Producing bundle at slot Slot(975)
2023-12-22 14:47:50+00:00 [//Alice (DomainId(0))] Submitted bundle from slot 975, extrinsics: 0    
2023-12-22 14:47:50+00:00 [//Alice (DomainId(0))] acknowledgement_sender_stream tag="New slot Slot(975)"
2023-12-22 14:47:50+00:00 [Ferdie] 🎁 Prepared block for proposing at 975 (9 ms) [hash: 0xc04e98963492d6c5b28418594f3c4ac371ace972ee30853c09c7f2863f86a1d6; parent_hash: 0x686d…a121; extrinsics (2): [0x07a5…78c9, 0x5416…966c]]
2023-12-22 14:47:50+00:00 [//Ferdie (Consensus)] ✨ Imported #975 (0xc04e…a1d6)    
2023-12-22 14:47:50+00:00 [//Alice (DomainId(0))] ✨ Imported #487 (0x132f…7e0b)    
2023-12-22 14:47:50+00:00 [//Alice (DomainId(0))] acknowledgement_sender_stream tag="Import block #975"
2023-12-22 14:47:50+00:00 [Ferdie] 🎁 Prepared block for proposing at 976 (5 ms) [hash: 0x6abd4a3f1867c7f37d3fdacfb1eebee24ff61402fadf1adb68ed85056a266a6d; parent_hash: 0xc04e…a1d6; extrinsics (1): [0x016e…046f]]
2023-12-22 14:47:50+00:00 [//Ferdie (Consensus)] ✨ Imported #976 (0x6abd…6a6d)    
2023-12-22 14:47:50+00:00 [//Alice (DomainId(0))] acknowledgement_sender_stream tag="Import block #976"
2023-12-22 14:47:50+00:00 [//Alice (DomainId(0))] 📦 Claimed bundle at slot 977
2023-12-22 14:47:50+00:00 [//Alice (DomainId(0))] 🔖 Producing bundle at slot Slot(977)
2023-12-22 14:47:50+00:00 [//Alice (DomainId(0))] Submitted bundle from slot 977, extrinsics: 0    
2023-12-22 14:47:50+00:00 [//Alice (DomainId(0))] acknowledgement_sender_stream tag="New slot Slot(977)"
2023-12-22 14:47:50+00:00 [Ferdie] 🎁 Prepared block for proposing at 977 (9 ms) [hash: 0x8f03fbb1ae0d6302dd888f58773b4af3355d8613ae181f73825b54697dec9750; parent_hash: 0x6abd…6a6d; extrinsics (2): [0x125e…67a8, 0x5919…c3e9]]
2023-12-22 14:47:50+00:00 [//Ferdie (Consensus)] ✨ Imported #977 (0x8f03…9750)    
2023-12-22 14:47:50+00:00 [//Alice (DomainId(0))] ✨ Imported #488 (0xc203…cfeb)    
2023-12-22 14:47:50+00:00 [//Alice (DomainId(0))] acknowledgement_sender_stream tag="Import block #977"
2023-12-22 14:47:50+00:00 [Ferdie] 🎁 Prepared block for proposing at 978 (5 ms) [hash: 0x2ff05c57c50881bdf332d029cbaced1354462ef96900b42401ea8578badcacae; parent_hash: 0x8f03…9750; extrinsics (1): [0xee63…cfa5]]
2023-12-22 14:47:50+00:00 [//Ferdie (Consensus)] ✨ Imported #978 (0x2ff0…acae)    
2023-12-22 14:47:50+00:00 [//Alice (DomainId(0))] acknowledgement_sender_stream tag="Import block #978"
2023-12-22 14:47:50+00:00 [//Alice (DomainId(0))] 📦 Claimed bundle at slot 979
2023-12-22 14:47:50+00:00 [//Alice (DomainId(0))] 🔖 Producing bundle at slot Slot(979)
2023-12-22 14:47:50+00:00 [//Alice (DomainId(0))] Submitted bundle from slot 979, extrinsics: 0    
2023-12-22 14:47:50+00:00 [//Alice (DomainId(0))] acknowledgement_sender_stream tag="New slot Slot(979)"
2023-12-22 14:47:50+00:00 [Ferdie] 🎁 Prepared block for proposing at 979 (9 ms) [hash: 0xf110519da8bbb45a9a482fa0b9376026e3974e0f5aaf3a85731d82eb7645d620; parent_hash: 0x2ff0…acae; extrinsics (2): [0xa1f2…247c, 0xd10f…5a9a]]
2023-12-22 14:47:50+00:00 [//Ferdie (Consensus)] ✨ Imported #979 (0xf110…d620)    
2023-12-22 14:47:50+00:00 [//Alice (DomainId(0))] ✨ Imported #489 (0x32a8…63e7)    
2023-12-22 14:47:50+00:00 [//Alice (DomainId(0))] acknowledgement_sender_stream tag="Import block #979"
2023-12-22 14:47:50+00:00 [Ferdie] 🎁 Prepared block for proposing at 980 (5 ms) [hash: 0xcf438112e571761005ecfc273d13b18b95b0e20ee03ac5009d1ad2b4474fc7ff; parent_hash: 0xf110…d620; extrinsics (1): [0xef4b…d3a1]]
2023-12-22 14:47:50+00:00 [//Ferdie (Consensus)] ✨ Imported #980 (0xcf43…c7ff)    
2023-12-22 14:47:50+00:00 [//Alice (DomainId(0))] acknowledgement_sender_stream tag="Import block #980"
2023-12-22 14:47:50+00:00 [//Alice (DomainId(0))] 📦 Claimed bundle at slot 981
2023-12-22 14:47:50+00:00 [//Alice (DomainId(0))] 🔖 Producing bundle at slot Slot(981)
2023-12-22 14:47:50+00:00 [//Alice (DomainId(0))] Submitted bundle from slot 981, extrinsics: 0    
2023-12-22 14:47:50+00:00 [//Alice (DomainId(0))] acknowledgement_sender_stream tag="New slot Slot(981)"
2023-12-22 14:47:50+00:00 [Ferdie] 🎁 Prepared block for proposing at 981 (9 ms) [hash: 0x3573c64aaec6ee68dfd459ad341fd5bd059754ce6d18ebbe061d3d685fc20209; parent_hash: 0xcf43…c7ff; extrinsics (2): [0xf217…e148, 0xeab4…a6ad]]
2023-12-22 14:47:50+00:00 [//Ferdie (Consensus)] ✨ Imported #981 (0x3573…0209)    
2023-12-22 14:47:50+00:00 [//Alice (DomainId(0))] ✨ Imported #490 (0xe409…d2a2)    
2023-12-22 14:47:50+00:00 [//Alice (DomainId(0))] acknowledgement_sender_stream tag="Import block #981"
2023-12-22 14:47:50+00:00 [Ferdie] 🎁 Prepared block for proposing at 982 (5 ms) [hash: 0x71531d4a8fabb9d81cd049778de359bf16c22f15bcc7eebfb10d18307e7f9367; parent_hash: 0x3573…0209; extrinsics (1): [0xd621…9701]]
2023-12-22 14:47:50+00:00 [//Ferdie (Consensus)] ✨ Imported #982 (0x7153…9367)    
2023-12-22 14:47:50+00:00 [//Alice (DomainId(0))] acknowledgement_sender_stream tag="Import block #982"
2023-12-22 14:47:50+00:00 [//Alice (DomainId(0))] 📦 Claimed bundle at slot 983
2023-12-22 14:47:50+00:00 [//Alice (DomainId(0))] 🔖 Producing bundle at slot Slot(983)
2023-12-22 14:47:50+00:00 [//Alice (DomainId(0))] Submitted bundle from slot 983, extrinsics: 0    
2023-12-22 14:47:50+00:00 [//Alice (DomainId(0))] acknowledgement_sender_stream tag="New slot Slot(983)"
2023-12-22 14:47:50+00:00 [Ferdie] 🎁 Prepared block for proposing at 983 (9 ms) [hash: 0x230c3532cb3673918045dd5a852581c9249c98974cc861ba5ca6fd6f4c88a8fb; parent_hash: 0x7153…9367; extrinsics (2): [0x5f8e…70bb, 0xa900…495c]]
2023-12-22 14:47:50+00:00 [//Ferdie (Consensus)] ✨ Imported #983 (0x230c…a8fb)    
2023-12-22 14:47:50+00:00 [//Alice (DomainId(0))] ✨ Imported #491 (0x8280…5ac7)    
2023-12-22 14:47:50+00:00 [//Alice (DomainId(0))] acknowledgement_sender_stream tag="Import block #983"
2023-12-22 14:47:50+00:00 [Ferdie] 🎁 Prepared block for proposing at 984 (5 ms) [hash: 0xf94b1030969ba0a643d7575486f70fd44f584f5bab66e62705f7abe332fab37f; parent_hash: 0x230c…a8fb; extrinsics (1): [0xdbfa…86fa]]
2023-12-22 14:47:50+00:00 [//Ferdie (Consensus)] ✨ Imported #984 (0xf94b…b37f)    
2023-12-22 14:47:50+00:00 [//Alice (DomainId(0))] acknowledgement_sender_stream tag="Import block #984"
2023-12-22 14:47:50+00:00 [//Alice (DomainId(0))] 📦 Claimed bundle at slot 985
2023-12-22 14:47:50+00:00 [//Alice (DomainId(0))] 🔖 Producing bundle at slot Slot(985)
2023-12-22 14:47:50+00:00 [//Alice (DomainId(0))] Submitted bundle from slot 985, extrinsics: 0    
2023-12-22 14:47:50+00:00 [//Alice (DomainId(0))] acknowledgement_sender_stream tag="New slot Slot(985)"
2023-12-22 14:47:50+00:00 [Ferdie] 🎁 Prepared block for proposing at 985 (10 ms) [hash: 0xe831e8ecf9667772dec200c637f533d1b6afcfc37d83a1af6e6936850e3bc875; parent_hash: 0xf94b…b37f; extrinsics (2): [0xbc1d…3cf7, 0x5416…c714]]
2023-12-22 14:47:50+00:00 [//Ferdie (Consensus)] ✨ Imported #985 (0xe831…c875)    
2023-12-22 14:47:50+00:00 [//Alice (DomainId(0))] ✨ Imported #492 (0x4c2c…5fa6)    
2023-12-22 14:47:50+00:00 [//Alice (DomainId(0))] acknowledgement_sender_stream tag="Import block #985"
2023-12-22 14:47:50+00:00 [Ferdie] 🎁 Prepared block for proposing at 986 (5 ms) [hash: 0x636b20ed6c74c041d0858fda81573f0f1f814fb04ad06c738293a916e4cf647b; parent_hash: 0xe831…c875; extrinsics (1): [0x150d…02be]]
2023-12-22 14:47:50+00:00 [//Ferdie (Consensus)] ✨ Imported #986 (0x636b…647b)    
2023-12-22 14:47:50+00:00 [//Alice (DomainId(0))] acknowledgement_sender_stream tag="Import block #986"
2023-12-22 14:47:50+00:00 [//Alice (DomainId(0))] 📦 Claimed bundle at slot 987
2023-12-22 14:47:50+00:00 [//Alice (DomainId(0))] 🔖 Producing bundle at slot Slot(987)
2023-12-22 14:47:50+00:00 [//Alice (DomainId(0))] Submitted bundle from slot 987, extrinsics: 0    
2023-12-22 14:47:50+00:00 [//Alice (DomainId(0))] acknowledgement_sender_stream tag="New slot Slot(987)"
2023-12-22 14:47:50+00:00 [Ferdie] 🎁 Prepared block for proposing at 987 (9 ms) [hash: 0xa06575dd06687b12c973c366c6e255f82346805982cd52fb9fc1f21c185d93ad; parent_hash: 0x636b…647b; extrinsics (2): [0x2340…8daa, 0xc717…6999]]
2023-12-22 14:47:50+00:00 [//Ferdie (Consensus)] ✨ Imported #987 (0xa065…93ad)    
2023-12-22 14:47:50+00:00 [//Alice (DomainId(0))] ✨ Imported #493 (0x29e4…934a)    
2023-12-22 14:47:50+00:00 [//Alice (DomainId(0))] acknowledgement_sender_stream tag="Import block #987"
2023-12-22 14:47:50+00:00 [Ferdie] 🎁 Prepared block for proposing at 988 (5 ms) [hash: 0xe967c330197a472b8595c274308dfd505d1f97b316d7e575699e7d761a532723; parent_hash: 0xa065…93ad; extrinsics (1): [0x3ce4…96ca]]
2023-12-22 14:47:50+00:00 [//Ferdie (Consensus)] ✨ Imported #988 (0xe967…2723)    
2023-12-22 14:47:50+00:00 [//Alice (DomainId(0))] acknowledgement_sender_stream tag="Import block #988"
2023-12-22 14:47:50+00:00 [//Alice (DomainId(0))] 📦 Claimed bundle at slot 989
2023-12-22 14:47:50+00:00 [//Alice (DomainId(0))] 🔖 Producing bundle at slot Slot(989)
2023-12-22 14:47:50+00:00 [//Alice (DomainId(0))] Submitted bundle from slot 989, extrinsics: 0    
2023-12-22 14:47:50+00:00 [//Alice (DomainId(0))] acknowledgement_sender_stream tag="New slot Slot(989)"
2023-12-22 14:47:50+00:00 [Ferdie] 🎁 Prepared block for proposing at 989 (9 ms) [hash: 0x921171e96b30a3fb9ea5bf053386704c7492b6d83fd36b95657d42777ff4e2e1; parent_hash: 0xe967…2723; extrinsics (2): [0xf244…eae9, 0xdc4c…b869]]
2023-12-22 14:47:50+00:00 [//Ferdie (Consensus)] ✨ Imported #989 (0x9211…e2e1)    
2023-12-22 14:47:50+00:00 [//Alice (DomainId(0))] ✨ Imported #494 (0xd989…96ae)    
2023-12-22 14:47:50+00:00 [//Alice (DomainId(0))] acknowledgement_sender_stream tag="Import block #989"
2023-12-22 14:47:50+00:00 [Ferdie] 🎁 Prepared block for proposing at 990 (5 ms) [hash: 0x41547c24722b8222bf9d17f381591482a3f1c30bcb3535674ac8330198588105; parent_hash: 0x9211…e2e1; extrinsics (1): [0x9f8c…35b6]]
2023-12-22 14:47:50+00:00 [//Ferdie (Consensus)] ✨ Imported #990 (0x4154…8105)    
2023-12-22 14:47:50+00:00 [//Alice (DomainId(0))] acknowledgement_sender_stream tag="Import block #990"
2023-12-22 14:47:50+00:00 [//Alice (DomainId(0))] 📦 Claimed bundle at slot 991
2023-12-22 14:47:50+00:00 [//Alice (DomainId(0))] 🔖 Producing bundle at slot Slot(991)
2023-12-22 14:47:50+00:00 [//Alice (DomainId(0))] Submitted bundle from slot 991, extrinsics: 0    
2023-12-22 14:47:50+00:00 [//Alice (DomainId(0))] acknowledgement_sender_stream tag="New slot Slot(991)"
2023-12-22 14:47:50+00:00 [Ferdie] 🎁 Prepared block for proposing at 991 (9 ms) [hash: 0x85fdee224c922ee15faf51f7c198f3e4acc9c5badeab49642532c8d15444fae1; parent_hash: 0x4154…8105; extrinsics (2): [0x29d0…2430, 0xaeea…c0ee]]
2023-12-22 14:47:50+00:00 [//Ferdie (Consensus)] ✨ Imported #991 (0x85fd…fae1)    
2023-12-22 14:47:50+00:00 [//Alice (DomainId(0))] ✨ Imported #495 (0x1559…f05e)    
2023-12-22 14:47:50+00:00 [//Alice (DomainId(0))] acknowledgement_sender_stream tag="Import block #991"
2023-12-22 14:47:50+00:00 [Ferdie] 🎁 Prepared block for proposing at 992 (5 ms) [hash: 0x52ad24a61477a0dcca2232189b1bef94a4ade9b23367201b5439ab9172a13778; parent_hash: 0x85fd…fae1; extrinsics (1): [0x5907…0b42]]
2023-12-22 14:47:50+00:00 [//Ferdie (Consensus)] ✨ Imported #992 (0x52ad…3778)    
2023-12-22 14:47:50+00:00 [//Alice (DomainId(0))] acknowledgement_sender_stream tag="Import block #992"
2023-12-22 14:47:50+00:00 [//Alice (DomainId(0))] 📦 Claimed bundle at slot 993
2023-12-22 14:47:50+00:00 [//Alice (DomainId(0))] 🔖 Producing bundle at slot Slot(993)
2023-12-22 14:47:50+00:00 [//Alice (DomainId(0))] Submitted bundle from slot 993, extrinsics: 0    
2023-12-22 14:47:50+00:00 [//Alice (DomainId(0))] acknowledgement_sender_stream tag="New slot Slot(993)"
2023-12-22 14:47:50+00:00 [Ferdie] 🎁 Prepared block for proposing at 993 (9 ms) [hash: 0x4229b893f6474b645202acfe4057b18031eb7b4cbd1ed2c79231c0d6ba1493b6; parent_hash: 0x52ad…3778; extrinsics (2): [0xe231…bcca, 0xd10e…cc8d]]
2023-12-22 14:47:50+00:00 [//Ferdie (Consensus)] ✨ Imported #993 (0x4229…93b6)    
2023-12-22 14:47:50+00:00 [//Alice (DomainId(0))] ✨ Imported #496 (0x4562…8a82)    
2023-12-22 14:47:50+00:00 [//Alice (DomainId(0))] acknowledgement_sender_stream tag="Import block #993"
2023-12-22 14:47:50+00:00 [Ferdie] 🎁 Prepared block for proposing at 994 (5 ms) [hash: 0x51cddb4c3b9472567130914b81790e73bfa18ef0c4b90fdcb4a21c19351d820f; parent_hash: 0x4229…93b6; extrinsics (1): [0x9a00…b4d8]]
2023-12-22 14:47:50+00:00 [//Ferdie (Consensus)] ✨ Imported #994 (0x51cd…820f)    
2023-12-22 14:47:50+00:00 [//Alice (DomainId(0))] acknowledgement_sender_stream tag="Import block #994"
2023-12-22 14:47:50+00:00 [//Alice (DomainId(0))] 📦 Claimed bundle at slot 995
2023-12-22 14:47:50+00:00 [//Alice (DomainId(0))] 🔖 Producing bundle at slot Slot(995)
2023-12-22 14:47:50+00:00 [//Alice (DomainId(0))] Submitted bundle from slot 995, extrinsics: 0    
2023-12-22 14:47:50+00:00 [//Alice (DomainId(0))] acknowledgement_sender_stream tag="New slot Slot(995)"
2023-12-22 14:47:50+00:00 [Ferdie] 🎁 Prepared block for proposing at 995 (9 ms) [hash: 0xde35d67ae8a337a26c5e8ed73d8c2a0365d0398f24ed42206348cb773f53489e; parent_hash: 0x51cd…820f; extrinsics (2): [0xb171…3abd, 0x1b32…7505]]
2023-12-22 14:47:50+00:00 [//Ferdie (Consensus)] ✨ Imported #995 (0xde35…489e)    
2023-12-22 14:47:50+00:00 [//Alice (DomainId(0))] ✨ Imported #497 (0x21f6…fa7c)    
2023-12-22 14:47:50+00:00 [//Alice (DomainId(0))] acknowledgement_sender_stream tag="Import block #995"
2023-12-22 14:47:50+00:00 [Ferdie] 🎁 Prepared block for proposing at 996 (5 ms) [hash: 0x7ce783c3e2ff7c182b5e77891eedf1297b4eabf27410d87efd55825a766dc0a7; parent_hash: 0xde35…489e; extrinsics (1): [0xbfe9…9917]]
2023-12-22 14:47:50+00:00 [//Ferdie (Consensus)] ✨ Imported #996 (0x7ce7…c0a7)    
thread 'tests::test_domain_block_production' panicked at domains\client\domain-operator\src\tests.rs:219:5:
assertion `left == right` failed
  left: 499
 right: 500
note: run with `RUST_BACKTRACE=1` environment variable to display a backtrace
2023-12-22 14:47:50+00:00 [//Alice (DomainId(0))] acknowledgement_sender_stream tag="Import block #996"
2023-12-22 14:47:50+00:00 [//Alice (DomainId(0))] 📦 Claimed bundle at slot 997
2023-12-22 14:47:50+00:00 [//Alice (DomainId(0))] 🔖 Producing bundle at slot Slot(997)
2023-12-22 14:47:50+00:00 [//Alice (DomainId(0))] Submitted bundle from slot 997, extrinsics: 0    
2023-12-22 14:47:50+00:00 [//Alice (DomainId(0))] acknowledgement_sender_stream tag="New slot Slot(997)"
2023-12-22 14:47:50+00:00 [Ferdie] 🎁 Prepared block for proposing at 997 (9 ms) [hash: 0xe6b5682e12f9f014db0c9a35c82c90969a0f7f2357e0a281dbfa64f3c3db6875; parent_hash: 0x7ce7…c0a7; extrinsics (2): [0xeac7…817c, 0xdea8…2602]]
2023-12-22 14:47:50+00:00 [//Ferdie (Consensus)] ✨ Imported #997 (0xe6b5…6875)    
2023-12-22 14:47:50+00:00 [//Alice (DomainId(0))] ✨ Imported #498 (0x2af0…1289)    
2023-12-22 14:47:50+00:00 [//Alice (DomainId(0))] acknowledgement_sender_stream tag="Import block #997"
2023-12-22 14:47:50+00:00 [Ferdie] 🎁 Prepared block for proposing at 998 (5 ms) [hash: 0x241c41114cd6d2854f82994318bdf5e570b7a02fcf29406b207e61c28c3d0f27; parent_hash: 0xe6b5…6875; extrinsics (1): [0x7bed…4256]]
2023-12-22 14:47:50+00:00 [//Ferdie (Consensus)] ✨ Imported #998 (0x241c…0f27)    
2023-12-22 14:47:50+00:00 [//Alice (DomainId(0))] acknowledgement_sender_stream tag="Import block #998"
2023-12-22 14:47:50+00:00 [//Alice (DomainId(0))] 📦 Claimed bundle at slot 999
2023-12-22 14:47:50+00:00 [//Alice (DomainId(0))] 🔖 Producing bundle at slot Slot(999)
2023-12-22 14:47:50+00:00 [//Alice (DomainId(0))] Submitted bundle from slot 999, extrinsics: 0    
2023-12-22 14:47:50+00:00 [//Alice (DomainId(0))] acknowledgement_sender_stream tag="New slot Slot(999)"
2023-12-22 14:47:50+00:00 [Ferdie] 🎁 Prepared block for proposing at 999 (9 ms) [hash: 0xfa0ec09dfaa4be1c1c607d9706162b74f03f271455a13ca39a67d9000c655ba9; parent_hash: 0x241c…0f27; extrinsics (2): [0x84dd…b3b1, 0x6241…956a]]
2023-12-22 14:47:50+00:00 [//Ferdie (Consensus)] ✨ Imported #999 (0xfa0e…5ba9)    
2023-12-22 14:47:50+00:00 [//Alice (DomainId(0))] ✨ Imported #499 (0xf43c…17a0)    
2023-12-22 14:47:50+00:00 [//Alice (DomainId(0))] acknowledgement_sender_stream tag="Import block #999"
2023-12-22 14:47:50+00:00 [Ferdie] 🎁 Prepared block for proposing at 1000 (5 ms) [hash: 0x3d7847bb02a04e398f1ec1c945c61bcec996418b211a7d5e71963235bfcf1721; parent_hash: 0xfa0e…5ba9; extrinsics (1): [0xca14…5ba5]]
2023-12-22 14:47:50+00:00 [//Ferdie (Consensus)] ✨ Imported #1000 (0x3d78…1721)    
2023-12-22 14:47:50+00:00 [//Alice (DomainId(0))] acknowledgement_sender_stream tag="Import block #1000"

   Canceling due to test failure: 3 tests still running
        PASS [   1.043s] pallet-subspace tests::enabling_block_rewards_works
        PASS [   1.039s] pallet-subspace tests::genesis_slot_is_correct
        PASS [   1.059s] pallet-subspace tests::report_equivocation_current_session_works
        PASS [   1.161s] pallet-subspace tests::report_equivocation_invalid_equivocation_proof
------------
     Summary [ 186.461s] 172/283 tests run: 171 passed, 1 failed, 11 skipped
        FAIL [ 135.878s] domain-client-operator tests::test_domain_block_production
error: test run failed
Error: The process 'C:\Users\runneradmin\.cargo\bin\cargo.exe' failed with exit code 100